Error: NetworkManager is not running.
Error: NetworkManager is not running.
Error: NetworkManager is not running.
Error: NetworkManager is not running.
Error: NetworkManager is not running.
Error: NetworkManager is not running.
Error: NetworkManager is not running.
Error: NetworkManager is not running.
Waiting for Wi-Fi to be available...
Wi-Fi connection established
Waiting for Wi-Fi to be available...
Wi-Fi connection established
Waiting for Wi-Fi to be available...
Wi-Fi connection established
Waiting for Wi-Fi to be available...
Wi-Fi connection established
Table on remote Database already exists, no action taken.
Error: NetworkManager is not running.
Error: NetworkManager is not running.
Error: NetworkManager is not running.
Error: NetworkManager is not running.
Error: NetworkManager is not running.
Error: NetworkManager is not running.
Error: NetworkManager is not running.
Error: NetworkManager is not running.
Error: NetworkManager is not running.
Error: NetworkManager is not running.
Waiting for Wi-Fi to be available...
Wi-Fi connection established
Waiting for Wi-Fi to be available...
Wi-Fi connection established
Waiting for Wi-Fi to be available...
Wi-Fi connection established
Waiting for Wi-Fi to be available...
Wi-Fi connection established
Table on remote Database already exists, no action taken.
Error: NetworkManager is not running.
Error: NetworkManager is not running.
data >>>> LocalDatabase
data >>>> LocalDatabase
data >>>> LocalDatabase
data >>>> LocalDatabase
data >>>> LocalDatabase
data >>>> LocalDatabase
data >>>> LocalDatabase
data >>>> LocalDatabase
data >>>> LocalDatabase
data >>>> LocalDatabase
data >>>> LocalDatabase
data >>>> LocalDatabase
data >>>> LocalDatabase
data >>>> LocalDatabase
data >>>> LocalDatabase
data >>>> LocalDatabase
data >>>> LocalDatabase
data >>>> LocalDatabase
data >>>> LocalDatabase
data >>>> LocalDatabase
data >>>> LocalDatabase
data >>>> LocalDatabase
 Connect with ATOM LITE ESP32 Via UART have a proplem
 Connect with ATOM LITE ESP32 Via UART have a proplem
 Connect with ATOM LITE ESP32 Via UART have a proplem
 Connect with ATOM LITE ESP32 Via UART have a proplem
 Connect with ATOM LITE ESP32 Via UART have a proplem
 Connect with ATOM LITE ESP32 Via UART have a proplem
data >>>> LocalDatabase
data >>>> LocalDatabase
data >>>> LocalDatabase
data >>>> LocalDatabase
data >>>> LocalDatabase
data >>>> LocalDatabase
data >>>> LocalDatabase
data >>>> LocalDatabase
data >>>> LocalDatabase
data >>>> LocalDatabase
data >>>> LocalDatabase
data >>>> LocalDatabase
data >>>> LocalDatabase
data >>>> LocalDatabase
data >>>> LocalDatabase
data >>>> LocalDatabase
data >>>> LocalDatabase
data >>>> LocalDatabase
data >>>> LocalDatabase
data >>>> LocalDatabase
data >>>> LocalDatabase
data >>>> LocalDatabase
data >>>> LocalDatabase
data >>>> LocalDatabase
data >>>> LocalDatabase
data >>>> LocalDatabase
data >>>> LocalDatabase
data >>>> LocalDatabase
data >>>> LocalDatabase
data >>>> LocalDatabase
data >>>> LocalDatabase
data >>>> LocalDatabase
data >>>> LocalDatabase
data >>>> LocalDatabase
data >>>> LocalDatabase
data >>>> LocalDatabase
data >>>> LocalDatabase
data >>>> LocalDatabase
data >>>> LocalDatabase
data >>>> LocalDatabase
data >>>> LocalDatabase
data >>>> LocalDatabase
data >>>> LocalDatabase
data >>>> LocalDatabase
data >>>> LocalDatabase
data >>>> LocalDatabase
data >>>> LocalDatabase
data >>>> LocalDatabase
data >>>> LocalDatabase
data >>>> LocalDatabase
data >>>> LocalDatabase
data >>>> LocalDatabase
data >>>> LocalDatabase
data >>>> LocalDatabase
data >>>> LocalDatabase
data >>>> LocalDatabase
data >>>> LocalDatabase
data >>>> LocalDatabase
data >>>> LocalDatabase
data >>>> LocalDatabase
data >>>> LocalDatabase
data >>>> LocalDatabase
data >>>> LocalDatabase
data >>>> LocalDatabase
data >>>> LocalDatabase
data >>>> LocalDatabase
data >>>> LocalDatabase
data >>>> LocalDatabase
data >>>> LocalDatabase
data >>>> LocalDatabase
data >>>> LocalDatabase
data >>>> LocalDatabase
data >>>> LocalDatabase
data >>>> LocalDatabase
data >>>> LocalDatabase
data >>>> LocalDatabase
data >>>> LocalDatabase
data >>>> LocalDatabase
data >>>> LocalDatabase
data >>>> LocalDatabase
data >>>> LocalDatabase
data >>>> LocalDatabase
data >>>> LocalDatabase
data >>>> LocalDatabase
data >>>> LocalDatabase
data >>>> LocalDatabase
data >>>> LocalDatabase
data >>>> LocalDatabase
data >>>> LocalDatabase
data >>>> LocalDatabase
data >>>> LocalDatabase
data >>>> LocalDatabase
data >>>> LocalDatabase
data >>>> LocalDatabase
data >>>> LocalDatabase
data >>>> LocalDatabase
data >>>> LocalDatabase
data >>>> LocalDatabase
data >>>> LocalDatabase
data >>>> LocalDatabase
data >>>> LocalDatabase
data >>>> LocalDatabase
data >>>> LocalDatabase
data >>>> LocalDatabase
data >>>> LocalDatabase
data >>>> LocalDatabase
data >>>> LocalDatabase
data >>>> LocalDatabase
data >>>> LocalDatabase
data >>>> LocalDatabase
data >>>> LocalDatabase
data >>>> LocalDatabase
data >>>> LocalDatabase
data >>>> LocalDatabase
data >>>> LocalDatabase
data >>>> LocalDatabase
data >>>> LocalDatabase
data >>>> LocalDatabase
data >>>> LocalDatabase
data >>>> LocalDatabase
data >>>> LocalDatabase
data >>>> LocalDatabase
data >>>> LocalDatabase
data >>>> LocalDatabase
data >>>> LocalDatabase
data >>>> LocalDatabase
data >>>> LocalDatabase
data >>>> LocalDatabase
data >>>> LocalDatabase
data >>>> LocalDatabase
data >>>> LocalDatabase
data >>>> LocalDatabase
data >>>> LocalDatabase
data >>>> LocalDatabase
data >>>> LocalDatabase
 Connect with ATOM LITE ESP32 Via UART have a proplem
data >>>> LocalDatabase
data >>>> LocalDatabase
data >>>> LocalDatabase
data >>>> LocalDatabase
data >>>> LocalDatabase
data >>>> LocalDatabase
data >>>> LocalDatabase
data >>>> LocalDatabase
data >>>> LocalDatabase
data >>>> LocalDatabase
data >>>> LocalDatabase
data >>>> LocalDatabase
data >>>> LocalDatabase
data >>>> LocalDatabase
data >>>> LocalDatabase
 Connect with ATOM LITE ESP32 Via UART have a proplem
 Connect with ATOM LITE ESP32 Via UART have a proplem
 Connect with ATOM LITE ESP32 Via UART have a proplem
 Connect with ATOM LITE ESP32 Via UART have a proplem
 Connect with ATOM LITE ESP32 Via UART have a proplem
data >>>> LocalDatabase
data >>>> LocalDatabase
data >>>> LocalDatabase
data >>>> LocalDatabase
data >>>> LocalDatabase
data >>>> LocalDatabase
data >>>> LocalDatabase
data >>>> LocalDatabase
data >>>> LocalDatabase
data >>>> LocalDatabase
data >>>> LocalDatabase
data >>>> LocalDatabase
data >>>> LocalDatabase
data >>>> LocalDatabase
data >>>> LocalDatabase
data >>>> LocalDatabase
data >>>> LocalDatabase
data >>>> LocalDatabase
data >>>> LocalDatabase
data >>>> LocalDatabase
data >>>> LocalDatabase
data >>>> LocalDatabase
data >>>> LocalDatabase
data >>>> LocalDatabase
data >>>> LocalDatabase
data >>>> LocalDatabase
data >>>> LocalDatabase
data >>>> LocalDatabase
data >>>> LocalDatabase
data >>>> LocalDatabase
data >>>> LocalDatabase
data >>>> LocalDatabase
data >>>> LocalDatabase
data >>>> LocalDatabase
data >>>> LocalDatabase
data >>>> LocalDatabase
data >>>> LocalDatabase
data >>>> LocalDatabase
data >>>> LocalDatabase
data >>>> LocalDatabase
data >>>> LocalDatabase
data >>>> LocalDatabase
data >>>> LocalDatabase
data >>>> LocalDatabase
 Connect with ATOM LITE ESP32 Via UART have a proplem
 Connect with ATOM LITE ESP32 Via UART have a proplem
data >>>> LocalDatabase
data >>>> LocalDatabase
data >>>> LocalDatabase
data >>>> LocalDatabase
 Connect with ATOM LITE ESP32 Via UART have a proplem
data >>>> LocalDatabase
data >>>> LocalDatabase
data >>>> LocalDatabase
data >>>> LocalDatabase
data >>>> LocalDatabase
data >>>> LocalDatabase
data >>>> LocalDatabase
data >>>> LocalDatabase
data >>>> LocalDatabase
data >>>> LocalDatabase
data >>>> LocalDatabase
data >>>> LocalDatabase
data >>>> LocalDatabase
data >>>> LocalDatabase
data >>>> LocalDatabase
data >>>> LocalDatabase
data >>>> LocalDatabase
data >>>> LocalDatabase
data >>>> LocalDatabase
data >>>> LocalDatabase
data >>>> LocalDatabase
data >>>> LocalDatabase
data >>>> LocalDatabase
data >>>> LocalDatabase
data >>>> LocalDatabase
data >>>> LocalDatabase
data >>>> LocalDatabase
data >>>> LocalDatabase
data >>>> LocalDatabase
data >>>> LocalDatabase
data >>>> LocalDatabase
data >>>> LocalDatabase
data >>>> LocalDatabase
data >>>> LocalDatabase
data >>>> LocalDatabase
data >>>> LocalDatabase
data >>>> LocalDatabase
data >>>> LocalDatabase
data >>>> LocalDatabase
data >>>> LocalDatabase
data >>>> LocalDatabase
data >>>> LocalDatabase
data >>>> LocalDatabase
data >>>> LocalDatabase
data >>>> LocalDatabase
data >>>> LocalDatabase
data >>>> LocalDatabase
data >>>> LocalDatabase
data >>>> LocalDatabase
data >>>> LocalDatabase
data >>>> LocalDatabase
data >>>> LocalDatabase
data >>>> LocalDatabase
data >>>> LocalDatabase
data >>>> LocalDatabase
data >>>> LocalDatabase
data >>>> LocalDatabase
data >>>> LocalDatabase
data >>>> LocalDatabase
data >>>> LocalDatabase
data >>>> LocalDatabase
data >>>> LocalDatabase
data >>>> LocalDatabase
data >>>> LocalDatabase
data >>>> LocalDatabase
data >>>> LocalDatabase
data >>>> LocalDatabase
data >>>> LocalDatabase
data >>>> LocalDatabase
data >>>> LocalDatabase
data >>>> LocalDatabase
data >>>> LocalDatabase
data >>>> LocalDatabase
data >>>> LocalDatabase
data >>>> LocalDatabase
data >>>> LocalDatabase
data >>>> LocalDatabase
data >>>> LocalDatabase
data >>>> LocalDatabase
data >>>> LocalDatabase
data >>>> LocalDatabase
data >>>> LocalDatabase
data >>>> LocalDatabase
data >>>> LocalDatabase
data >>>> LocalDatabase
data >>>> LocalDatabase
data >>>> LocalDatabase
data >>>> LocalDatabaseError: NetworkManager is not running.
Error: NetworkManager is not running.
Error: NetworkManager is not running.
Error: NetworkManager is not running.
Error: NetworkManager is not running.
Error: NetworkManager is not running.
Error: NetworkManager is not running.
Error: NetworkManager is not running.
Error: NetworkManager is not running.

data >>>> LocalDatabase
data >>>> LocalDatabase
data >>>> LocalDatabase
 Connect with ATOM LITE ESP32 Via UART have a proplem
data >>>> LocalDatabase
data >>>> LocalDatabase
data >>>> LocalDatabase
data >>>> LocalDatabase
data >>>> LocalDatabase
data >>>> LocalDatabase
data >>>> LocalDatabase
data >>>> LocalDatabase
data >>>> LocalDatabase
data >>>> LocalDatabase
data >>>> LocalDatabase
data >>>> LocalDatabase
data >>>> LocalDatabase
data >>>> LocalDatabase
data >>>> LocalDatabase
data >>>> LocalDatabase
data >>>> LocalDatabase
data >>>> LocalDatabase
data >>>> LocalDatabase
data >>>> LocalDatabase
data >>>> LocalDatabase
data >>>> LocalDatabase
data >>>> LocalDatabase
data >>>> LocalDatabase
data >>>> LocalDatabase
data >>>> LocalDatabase
data >>>> LocalDatabase
data >>>> LocalDatabase
data >>>> LocalDatabase
data >>>> LocalDatabase
data >>>> LocalDatabase
data >>>> LocalDatabase
data >>>> LocalDatabase
data >>>> LocalDatabase
data >>>> LocalDatabase
data >>>> LocalDatabase
data >>>> LocalDatabase
data >>>> LocalDatabase
data >>>> LocalDatabase
data >>>> LocalDatabase
data >>>> LocalDatabase
data >>>> LocalDatabase
data >>>> LocalDatabase
data >>>> LocalDatabase
data >>>> LocalDatabase
data >>>> LocalDatabase
data >>>> LocalDatabase
data >>>> LocalDatabase
data >>>> LocalDatabase
data >>>> LocalDatabase
data >>>> LocalDatabase
data >>>> LocalDatabase
data >>>> LocalDatabase
data >>>> LocalDatabase
data >>>> LocalDatabase
data >>>> LocalDatabase
data >>>> LocalDatabase
data >>>> LocalDatabase
data >>>> LocalDatabase
data >>>> LocalDatabase
data >>>> LocalDatabase
data >>>> LocalDatabase
data >>>> LocalDatabase
data >>>> LocalDatabase
data >>>> LocalDatabase
data >>>> LocalDatabase
data >>>> LocalDatabase
data >>>> LocalDatabase
data >>>> LocalDatabase
data >>>> LocalDatabase
data >>>> LocalDatabase
data >>>> LocalDatabase
data >>>> LocalDatabase
data >>>> LocalDatabase
data >>>> LocalDatabase
data >>>> LocalDatabase
data >>>> LocalDatabase
data >>>> LocalDatabase
data >>>> LocalDatabase
data >>>> LocalDatabase
data >>>> LocalDatabase
data >>>> LocalDatabase
 Connect with ATOM LITE ESP32 Via UART have a proplem
data >>>> LocalDatabase
 Connect with ATOM LITE ESP32 Via UART have a proplem
data >>>> LocalDatabase
data >>>> LocalDatabase
data >>>> LocalDatabase
data >>>> LocalDatabase
data >>>> LocalDatabase
data >>>> LocalDatabase
data >>>> LocalDatabase
data >>>> LocalDatabase
data >>>> LocalDatabase
data >>>> LocalDatabase
data >>>> LocalDatabase
data >>>> LocalDatabase
data >>>> LocalDatabase
 Connect with ATOM LITE ESP32 Via UART have a proplem
data >>>> LocalDatabase
data >>>> LocalDatabase
data >>>> LocalDatabase
 Connect with ATOM LITE ESP32 Via UART have a proplem
data >>>> LocalDatabase
data >>>> LocalDatabase
data >>>> LocalDatabase
data >>>> LocalDatabase
data >>>> LocalDatabase
data >>>> LocalDatabase
data >>>> LocalDatabase
data >>>> LocalDatabase
data >>>> LocalDatabase
data >>>> LocalDatabase
data >>>> LocalDatabase
data >>>> LocalDatabase
data >>>> LocalDatabase
data >>>> LocalDatabase
data >>>> LocalDatabase
data >>>> LocalDatabase
data >>>> LocalDatabase
data >>>> LocalDatabase
data >>>> LocalDatabase
data >>>> LocalDatabase
data >>>> LocalDatabase
data >>>> LocalDatabase
data >>>> LocalDatabase
data >>>> LocalDatabase
data >>>> LocalDatabase
data >>>> LocalDatabase
data >>>> LocalDatabase
data >>>> LocalDatabase
data >>>> LocalDatabase
data >>>> LocalDatabase
data >>>> LocalDatabase
data >>>> LocalDatabase
data >>>> LocalDatabase
data >>>> LocalDatabase
data >>>> LocalDatabase
data >>>> LocalDatabase
data >>>> LocalDatabase
data >>>> LocalDatabase
data >>>> LocalDatabase
data >>>> LocalDatabase
data >>>> LocalDatabase
data >>>> LocalDatabase
data >>>> LocalDatabase
data >>>> LocalDatabase
data >>>> LocalDatabase
data >>>> LocalDatabase
data >>>> LocalDatabase
data >>>> LocalDatabase
data >>>> LocalDatabase
data >>>> LocalDatabase
data >>>> LocalDatabase
data >>>> LocalDatabase
data >>>> LocalDatabase
 Connect with ATOM LITE ESP32 Via UART have a proplem
data >>>> LocalDatabase
data >>>> LocalDatabase
data >>>> LocalDatabase
data >>>> LocalDatabase
data >>>> LocalDatabase
data >>>> LocalDatabase
data >>>> LocalDatabase
data >>>> LocalDatabase
data >>>> LocalDatabase
data >>>> LocalDatabase
data >>>> LocalDatabase
data >>>> LocalDatabase
data >>>> LocalDatabase
data >>>> LocalDatabase
data >>>> LocalDatabase
data >>>> LocalDatabase
data >>>> LocalDatabase
data >>>> LocalDatabase
data >>>> LocalDatabase
data >>>> LocalDatabase
data >>>> LocalDatabase
data >>>> LocalDatabase
data >>>> LocalDatabase
data >>>> LocalDatabase
data >>>> LocalDatabase
data >>>> LocalDatabase
data >>>> LocalDatabase
data >>>> LocalDatabase
data >>>> LocalDatabase
data >>>> LocalDatabase
data >>>> LocalDatabase
data >>>> LocalDatabase
data >>>> LocalDatabase
data >>>> LocalDatabase
data >>>> LocalDatabase
data >>>> LocalDatabase
data >>>> LocalDatabase
data >>>> LocalDatabase
data >>>> LocalDatabase
data >>>> LocalDatabase
data >>>> LocalDatabase
data >>>> LocalDatabase
data >>>> LocalDatabase
data >>>> LocalDatabase
data >>>> LocalDatabase
data >>>> LocalDatabase
data >>>> LocalDatabase
data >>>> LocalDatabase
data >>>> LocalDatabase
data >>>> LocalDatabase
data >>>> LocalDatabase
data >>>> LocalDatabase
data >>>> LocalDatabase
data >>>> LocalDatabase
data >>>> LocalDatabase
data >>>> LocalDatabase
data >>>> LocalDatabase
data >>>> LocalDatabase
data >>>> LocalDatabase
data >>>> LocalDatabase
data >>>> LocalDatabase
data >>>> LocalDatabase
data >>>> LocalDatabase
data >>>> LocalDatabase
data >>>> LocalDatabase
data >>>> LocalDatabase
data >>>> LocalDatabase
data >>>> LocalDatabase
data >>>> LocalDatabase
data >>>> LocalDatabase
data >>>> LocalDatabase
data >>>> LocalDatabase
data >>>> LocalDatabase
data >>>> LocalDatabase
data >>>> LocalDatabase
data >>>> LocalDatabase
data >>>> LocalDatabase
data >>>> LocalDatabase
data >>>> LocalDatabase
data >>>> LocalDatabase
data >>>> LocalDatabase
data >>>> LocalDatabase
data >>>> LocalDatabase
data >>>> LocalDatabase
data >>>> LocalDatabase
data >>>> LocalDatabase
data >>>> LocalDatabase
 Connect with ATOM LITE ESP32 Via UART have a proplem
data >>>> LocalDatabase
data >>>> LocalDatabase
data >>>> LocalDatabase
data >>>> LocalDatabase
data >>>> LocalDatabase
data >>>> LocalDatabase
data >>>> LocalDatabase
data >>>> LocalDatabase
data >>>> LocalDatabase
data >>>> LocalDatabase
data >>>> LocalDatabase
data >>>> LocalDatabase
data >>>> LocalDatabase
data >>>> LocalDatabase
data >>>> LocalDatabase
data >>>> LocalDatabase
data >>>> LocalDatabase
data >>>> LocalDatabase
data >>>> LocalDatabase
data >>>> LocalDatabase
data >>>> LocalDatabase
data >>>> LocalDatabase
data >>>> LocalDatabase
data >>>> LocalDatabase
data >>>> LocalDatabase
data >>>> LocalDatabase
data >>>> LocalDatabase
data >>>> LocalDatabase
data >>>> LocalDatabase
data >>>> LocalDatabase
data >>>> LocalDatabase
data >>>> LocalDatabase
data >>>> LocalDatabase
data >>>> LocalDatabase
data >>>> LocalDatabase
data >>>> LocalDatabase
data >>>> LocalDatabase
data >>>> LocalDatabase
data >>>> LocalDatabase
data >>>> LocalDatabase
data >>>> LocalDatabase
data >>>> LocalDatabase
data >>>> LocalDatabase
data >>>> LocalDatabase
data >>>> LocalDatabase
data >>>> LocalDatabase
data >>>> LocalDatabase
data >>>> LocalDatabase
data >>>> LocalDatabase
data >>>> LocalDatabase
data >>>> LocalDatabase
data >>>> LocalDatabase
data >>>> LocalDatabase
data >>>> LocalDatabase
data >>>> LocalDatabase
data >>>> LocalDatabase
data >>>> LocalDatabase
data >>>> LocalDatabase
data >>>> LocalDatabase
data >>>> LocalDatabase
data >>>> LocalDatabase
data >>>> LocalDatabase
data >>>> LocalDatabase
data >>>> LocalDatabase
data >>>> LocalDatabase
data >>>> LocalDatabase
data >>>> LocalDatabase
data >>>> LocalDatabase
data >>>> LocalDatabase
data >>>> LocalDatabase
data >>>> LocalDatabase
data >>>> LocalDatabase
data >>>> LocalDatabase
data >>>> LocalDatabase
data >>>> LocalDatabase
data >>>> LocalDatabase
data >>>> LocalDatabase
data >>>> LocalDatabase
data >>>> LocalDatabase
data >>>> LocalDatabase
data >>>> LocalDatabase
data >>>> LocalDatabase
data >>>> LocalDatabase
data >>>> LocalDatabaseError: NetworkManager is not running.
Error: NetworkManager is not running.

data >>>> LocalDatabase
data >>>> LocalDatabase
data >>>> LocalDatabase
data >>>> LocalDatabase
data >>>> LocalDatabase
data >>>> LocalDatabase
data >>>> LocalDatabase
data >>>> LocalDatabase
data >>>> LocalDatabase
data >>>> LocalDatabase
data >>>> LocalDatabase
data >>>> LocalDatabase
data >>>> LocalDatabase
data >>>> LocalDatabase
data >>>> LocalDatabase
data >>>> LocalDatabase
data >>>> LocalDatabase
data >>>> LocalDatabase
data >>>> LocalDatabase
data >>>> LocalDatabase
data >>>> LocalDatabase
data >>>> LocalDatabase
data >>>> LocalDatabase
data >>>> LocalDatabase
data >>>> LocalDatabase
data >>>> LocalDatabase
data >>>> LocalDatabase
data >>>> LocalDatabase
data >>>> LocalDatabase
data >>>> LocalDatabase
data >>>> LocalDatabase
data >>>> LocalDatabase
data >>>> LocalDatabase
data >>>> LocalDatabase
data >>>> LocalDatabase
data >>>> LocalDatabase
data >>>> LocalDatabase
data >>>> LocalDatabase
data >>>> LocalDatabase
data >>>> LocalDatabase
data >>>> LocalDatabase
data >>>> LocalDatabase
data >>>> LocalDatabase
data >>>> LocalDatabase
data >>>> LocalDatabase
data >>>> LocalDatabase
data >>>> LocalDatabase
data >>>> LocalDatabase
data >>>> LocalDatabase
data >>>> LocalDatabase
data >>>> LocalDatabase
data >>>> LocalDatabase
data >>>> LocalDatabase
data >>>> LocalDatabase
data >>>> LocalDatabase
data >>>> LocalDatabase
data >>>> LocalDatabase
data >>>> LocalDatabase
data >>>> LocalDatabase
data >>>> LocalDatabase
data >>>> LocalDatabase
data >>>> LocalDatabase
data >>>> LocalDatabase
data >>>> LocalDatabase
data >>>> LocalDatabase
data >>>> LocalDatabase
data >>>> LocalDatabase
data >>>> LocalDatabase
data >>>> LocalDatabase
data >>>> LocalDatabase
data >>>> LocalDatabase
data >>>> LocalDatabase
data >>>> LocalDatabase
data >>>> LocalDatabase
data >>>> LocalDatabase
data >>>> LocalDatabase
data >>>> LocalDatabase
data >>>> LocalDatabase
data >>>> LocalDatabase
data >>>> LocalDatabase
data >>>> LocalDatabase
data >>>> LocalDatabase
data >>>> LocalDatabase
data >>>> LocalDatabase
data >>>> LocalDatabase
data >>>> LocalDatabase
data >>>> LocalDatabase
data >>>> LocalDatabase
data >>>> LocalDatabase
data >>>> LocalDatabase
data >>>> LocalDatabase
data >>>> LocalDatabase
data >>>> LocalDatabase
data >>>> LocalDatabase
data >>>> LocalDatabase
data >>>> LocalDatabase
data >>>> LocalDatabase
data >>>> LocalDatabase
data >>>> LocalDatabase
data >>>> LocalDatabase
data >>>> LocalDatabase
data >>>> LocalDatabase
data >>>> LocalDatabase
data >>>> LocalDatabase
data >>>> LocalDatabase
data >>>> LocalDatabase
data >>>> LocalDatabase
data >>>> LocalDatabase
data >>>> LocalDatabase
 Connect with ATOM LITE ESP32 Via UART have a proplem
data >>>> LocalDatabase
data >>>> LocalDatabase
data >>>> LocalDatabase
data >>>> LocalDatabase
data >>>> LocalDatabase
data >>>> LocalDatabase
data >>>> LocalDatabase
data >>>> LocalDatabase
data >>>> LocalDatabase
data >>>> LocalDatabase
data >>>> LocalDatabase
data >>>> LocalDatabase
data >>>> LocalDatabase
data >>>> LocalDatabase
data >>>> LocalDatabase
data >>>> LocalDatabase
data >>>> LocalDatabase
data >>>> LocalDatabase
data >>>> LocalDatabase
data >>>> LocalDatabase
data >>>> LocalDatabase
data >>>> LocalDatabase
data >>>> LocalDatabase
data >>>> LocalDatabase
data >>>> LocalDatabase
data >>>> LocalDatabase
data >>>> LocalDatabase
data >>>> LocalDatabase
data >>>> LocalDatabase
data >>>> LocalDatabase
data >>>> LocalDatabase
data >>>> LocalDatabase
data >>>> LocalDatabase
data >>>> LocalDatabase
data >>>> LocalDatabase
data >>>> LocalDatabase
data >>>> LocalDatabase
data >>>> LocalDatabase
data >>>> LocalDatabase
data >>>> LocalDatabase
data >>>> LocalDatabase
data >>>> LocalDatabase
data >>>> LocalDatabase
data >>>> LocalDatabase
data >>>> LocalDatabase
data >>>> LocalDatabase
data >>>> LocalDatabase
data >>>> LocalDatabase
data >>>> LocalDatabase
data >>>> LocalDatabase
data >>>> LocalDatabase
data >>>> LocalDatabase
data >>>> LocalDatabase
data >>>> LocalDatabase
data >>>> LocalDatabase
data >>>> LocalDatabase
data >>>> LocalDatabase
data >>>> LocalDatabase
data >>>> LocalDatabase
data >>>> LocalDatabase
data >>>> LocalDatabase
data >>>> LocalDatabase
data >>>> LocalDatabase
data >>>> LocalDatabase
data >>>> LocalDatabase
data >>>> LocalDatabase
data >>>> LocalDatabase
data >>>> LocalDatabase
data >>>> LocalDatabase
data >>>> LocalDatabase
data >>>> LocalDatabase
data >>>> LocalDatabase
data >>>> LocalDatabase
data >>>> LocalDatabase
data >>>> LocalDatabase
data >>>> LocalDatabase
data >>>> LocalDatabase
data >>>> LocalDatabase
data >>>> LocalDatabase
data >>>> LocalDatabase
data >>>> LocalDatabase
data >>>> LocalDatabase
data >>>> LocalDatabase
data >>>> LocalDatabase
data >>>> LocalDatabase
data >>>> LocalDatabase
data >>>> LocalDatabase
data >>>> LocalDatabase
data >>>> LocalDatabase
data >>>> LocalDatabase
data >>>> LocalDatabase
data >>>> LocalDatabase
data >>>> LocalDatabase
data >>>> LocalDatabase
data >>>> LocalDatabase
data >>>> LocalDatabase
data >>>> LocalDatabase
data >>>> LocalDatabase
data >>>> LocalDatabase
data >>>> LocalDatabase
data >>>> LocalDatabase
data >>>> LocalDatabase
 Connect with ATOM LITE ESP32 Via UART have a proplem
data >>>> LocalDatabase
data >>>> LocalDatabase
data >>>> LocalDatabase
data >>>> LocalDatabase
data >>>> LocalDatabase
data >>>> LocalDatabase
data >>>> LocalDatabase
data >>>> LocalDatabase
data >>>> LocalDatabase
data >>>> LocalDatabase
data >>>> LocalDatabase
data >>>> LocalDatabase
data >>>> LocalDatabase
data >>>> LocalDatabase
data >>>> LocalDatabase
data >>>> LocalDatabase
data >>>> LocalDatabase
data >>>> LocalDatabase
data >>>> LocalDatabase
data >>>> LocalDatabase
data >>>> LocalDatabase
data >>>> LocalDatabase
data >>>> LocalDatabase
data >>>> LocalDatabase
data >>>> LocalDatabase
data >>>> LocalDatabase
data >>>> LocalDatabase
data >>>> LocalDatabase
data >>>> LocalDatabase
data >>>> LocalDatabase
data >>>> LocalDatabase
data >>>> LocalDatabase
data >>>> LocalDatabase
data >>>> LocalDatabase
data >>>> LocalDatabase
data >>>> LocalDatabase
data >>>> LocalDatabase
data >>>> LocalDatabase
data >>>> LocalDatabase
data >>>> LocalDatabase
data >>>> LocalDatabase
data >>>> LocalDatabase
data >>>> LocalDatabase
data >>>> LocalDatabase
data >>>> LocalDatabase
data >>>> LocalDatabase
data >>>> LocalDatabase
data >>>> LocalDatabase
data >>>> LocalDatabase
data >>>> LocalDatabase
data >>>> LocalDatabase
data >>>> LocalDatabase
data >>>> LocalDatabase
data >>>> LocalDatabase
data >>>> LocalDatabase
data >>>> LocalDatabase
data >>>> LocalDatabase
data >>>> LocalDatabase
data >>>> LocalDatabase
data >>>> LocalDatabase
data >>>> LocalDatabase
data >>>> LocalDatabase
data >>>> LocalDatabase
data >>>> LocalDatabase
data >>>> LocalDatabase
data >>>> LocalDatabase
data >>>> LocalDatabase
data >>>> LocalDatabase
data >>>> LocalDatabase
data >>>> LocalDatabase
data >>>> LocalDatabase
data >>>> LocalDatabase
data >>>> LocalDatabase
data >>>> LocalDatabase
data >>>> LocalDatabase
data >>>> LocalDatabase
data >>>> LocalDatabase
data >>>> LocalDatabase
data >>>> LocalDatabase
data >>>> LocalDatabase
data >>>> LocalDatabase
data >>>> LocalDatabase
data >>>> LocalDatabase
data >>>> LocalDatabase
data >>>> LocalDatabase
data >>>> LocalDatabase
data >>>> LocalDatabase
data >>>> LocalDatabase
data >>>> LocalDatabase
data >>>> LocalDatabase
data >>>> LocalDatabase
data >>>> LocalDatabase
data >>>> LocalDatabase
data >>>> LocalDatabase
data >>>> LocalDatabase
data >>>> LocalDatabase
data >>>> LocalDatabase
data >>>> LocalDatabase
data >>>> LocalDatabase
data >>>> LocalDatabase
data >>>> LocalDatabase
data >>>> LocalDatabase
data >>>> LocalDatabase
data >>>> LocalDatabase
data >>>> LocalDatabase
data >>>> LocalDatabase
 Connect with ATOM LITE ESP32 Via UART have a proplem
data >>>> LocalDatabase
 Connect with ATOM LITE ESP32 Via UART have a proplem
data >>>> LocalDatabase
data >>>> LocalDatabase
data >>>> LocalDatabase
data >>>> LocalDatabase
data >>>> LocalDatabase
data >>>> LocalDatabase
data >>>> LocalDatabase
data >>>> LocalDatabase
data >>>> LocalDatabase
data >>>> LocalDatabase
data >>>> LocalDatabase
data >>>> LocalDatabase
data >>>> LocalDatabase
data >>>> LocalDatabase
data >>>> LocalDatabaseError: NetworkManager is not running.
Error: NetworkManager is not running.
Error: NetworkManager is not running.
Error: NetworkManager is not running.

data >>>> LocalDatabase
data >>>> LocalDatabase
data >>>> LocalDatabase
data >>>> LocalDatabase
data >>>> LocalDatabase
data >>>> LocalDatabase
data >>>> LocalDatabase
data >>>> LocalDatabase
data >>>> LocalDatabase
data >>>> LocalDatabase
data >>>> LocalDatabase
data >>>> LocalDatabase
data >>>> LocalDatabase
data >>>> LocalDatabase
data >>>> LocalDatabase
data >>>> LocalDatabase
data >>>> LocalDatabase
data >>>> LocalDatabase
data >>>> LocalDatabase
data >>>> LocalDatabase
 Connect with ATOM LITE ESP32 Via UART have a proplem
data >>>> LocalDatabase
 Connect with ATOM LITE ESP32 Via UART have a proplem
data >>>> LocalDatabase
data >>>> LocalDatabase
data >>>> LocalDatabase
 Connect with ATOM LITE ESP32 Via UART have a proplem
data >>>> LocalDatabase
data >>>> LocalDatabase
data >>>> LocalDatabase
data >>>> LocalDatabase
data >>>> LocalDatabase
data >>>> LocalDatabase
data >>>> LocalDatabase
data >>>> LocalDatabase
data >>>> LocalDatabase
data >>>> LocalDatabase
data >>>> LocalDatabase
data >>>> LocalDatabase
data >>>> LocalDatabase
data >>>> LocalDatabase
data >>>> LocalDatabase
data >>>> LocalDatabase
data >>>> LocalDatabase
data >>>> LocalDatabase
data >>>> LocalDatabase
data >>>> LocalDatabase
data >>>> LocalDatabase
data >>>> LocalDatabase
data >>>> LocalDatabase
data >>>> LocalDatabase
data >>>> LocalDatabase
data >>>> LocalDatabase
data >>>> LocalDatabase
 Connect with ATOM LITE ESP32 Via UART have a proplem
data >>>> LocalDatabase
data >>>> LocalDatabase
data >>>> LocalDatabase
data >>>> LocalDatabase
data >>>> LocalDatabase
data >>>> LocalDatabase
data >>>> LocalDatabase
data >>>> LocalDatabase
data >>>> LocalDatabase
data >>>> LocalDatabase
data >>>> LocalDatabase
data >>>> LocalDatabase
data >>>> LocalDatabase
data >>>> LocalDatabase
data >>>> LocalDatabase
data >>>> LocalDatabase
data >>>> LocalDatabase
data >>>> LocalDatabase
data >>>> LocalDatabase
data >>>> LocalDatabase
data >>>> LocalDatabase
data >>>> LocalDatabase
data >>>> LocalDatabase
data >>>> LocalDatabase
data >>>> LocalDatabase
data >>>> LocalDatabase
data >>>> LocalDatabase
data >>>> LocalDatabase
data >>>> LocalDatabase
data >>>> LocalDatabase
data >>>> LocalDatabase
data >>>> LocalDatabase
data >>>> LocalDatabase
data >>>> LocalDatabase
data >>>> LocalDatabase
data >>>> LocalDatabase
data >>>> LocalDatabase
data >>>> LocalDatabase
data >>>> LocalDatabase
data >>>> LocalDatabase
data >>>> LocalDatabase
data >>>> LocalDatabase
data >>>> LocalDatabase
data >>>> LocalDatabase
data >>>> LocalDatabase
data >>>> LocalDatabase
data >>>> LocalDatabase
data >>>> LocalDatabase
data >>>> LocalDatabase
data >>>> LocalDatabase
data >>>> LocalDatabase
data >>>> LocalDatabase
data >>>> LocalDatabase
data >>>> LocalDatabase
data >>>> LocalDatabase
data >>>> LocalDatabase
data >>>> LocalDatabase
data >>>> LocalDatabase
data >>>> LocalDatabase
data >>>> LocalDatabase
data >>>> LocalDatabase
data >>>> LocalDatabase
data >>>> LocalDatabase
data >>>> LocalDatabase
data >>>> LocalDatabase
data >>>> LocalDatabase
data >>>> LocalDatabase
data >>>> LocalDatabase
data >>>> LocalDatabase
data >>>> LocalDatabase
data >>>> LocalDatabase
data >>>> LocalDatabase
data >>>> LocalDatabase
 Connect with ATOM LITE ESP32 Via UART have a proplem
data >>>> LocalDatabase
data >>>> LocalDatabase
data >>>> LocalDatabase
data >>>> LocalDatabase
data >>>> LocalDatabase
data >>>> LocalDatabase
data >>>> LocalDatabase
data >>>> LocalDatabase
data >>>> LocalDatabase
data >>>> LocalDatabase
data >>>> LocalDatabase
data >>>> LocalDatabase
data >>>> LocalDatabase
data >>>> LocalDatabase
data >>>> LocalDatabase
data >>>> LocalDatabase
 Connect with ATOM LITE ESP32 Via UART have a proplem
data >>>> LocalDatabase
data >>>> LocalDatabase
data >>>> LocalDatabase
data >>>> LocalDatabase
 Connect with ATOM LITE ESP32 Via UART have a proplem
data >>>> LocalDatabase
data >>>> LocalDatabase
data >>>> LocalDatabase
data >>>> LocalDatabase
data >>>> LocalDatabase
data >>>> LocalDatabase
data >>>> LocalDatabase
data >>>> LocalDatabase
data >>>> LocalDatabase
data >>>> LocalDatabase
data >>>> LocalDatabase
data >>>> LocalDatabase
data >>>> LocalDatabase
data >>>> LocalDatabase
data >>>> LocalDatabase
data >>>> LocalDatabase
data >>>> LocalDatabase
data >>>> LocalDatabase
data >>>> LocalDatabase
data >>>> LocalDatabase
data >>>> LocalDatabase
data >>>> LocalDatabase
data >>>> LocalDatabase
data >>>> LocalDatabase
data >>>> LocalDatabase
data >>>> LocalDatabase
data >>>> LocalDatabase
data >>>> LocalDatabase
data >>>> LocalDatabase
data >>>> LocalDatabase
data >>>> LocalDatabase
data >>>> LocalDatabase
data >>>> LocalDatabase
data >>>> LocalDatabase
data >>>> LocalDatabase
data >>>> LocalDatabase
data >>>> LocalDatabase
data >>>> LocalDatabase
data >>>> LocalDatabase
data >>>> LocalDatabase
data >>>> LocalDatabase
data >>>> LocalDatabase
data >>>> LocalDatabase
data >>>> LocalDatabase
data >>>> LocalDatabase
data >>>> LocalDatabase
data >>>> LocalDatabase
data >>>> LocalDatabase
data >>>> LocalDatabase
data >>>> LocalDatabase
data >>>> LocalDatabase
data >>>> LocalDatabase
data >>>> LocalDatabase
data >>>> LocalDatabase
data >>>> LocalDatabase
data >>>> LocalDatabase
data >>>> LocalDatabase
 Connect with ATOM LITE ESP32 Via UART have a proplem
data >>>> LocalDatabase
data >>>> LocalDatabase
data >>>> LocalDatabase
data >>>> LocalDatabase
data >>>> LocalDatabase
data >>>> LocalDatabase
data >>>> LocalDatabase
data >>>> LocalDatabase
data >>>> LocalDatabase
data >>>> LocalDatabase
data >>>> LocalDatabase
data >>>> LocalDatabase
data >>>> LocalDatabase
data >>>> LocalDatabase
data >>>> LocalDatabase
data >>>> LocalDatabase
data >>>> LocalDatabase
data >>>> LocalDatabase
data >>>> LocalDatabase
data >>>> LocalDatabase
data >>>> LocalDatabase
data >>>> LocalDatabase
data >>>> LocalDatabase
data >>>> LocalDatabase
data >>>> LocalDatabase
data >>>> LocalDatabase
data >>>> LocalDatabase
data >>>> LocalDatabase
data >>>> LocalDatabase
data >>>> LocalDatabase
data >>>> LocalDatabase
data >>>> LocalDatabase
data >>>> LocalDatabase
data >>>> LocalDatabase
data >>>> LocalDatabase
data >>>> LocalDatabase
data >>>> LocalDatabase
data >>>> LocalDatabase
data >>>> LocalDatabase
data >>>> LocalDatabase
data >>>> LocalDatabase
data >>>> LocalDatabase
data >>>> LocalDatabase
data >>>> LocalDatabase
data >>>> LocalDatabase
data >>>> LocalDatabase
data >>>> LocalDatabase
data >>>> LocalDatabase
data >>>> LocalDatabase
data >>>> LocalDatabase
data >>>> LocalDatabase
data >>>> LocalDatabase
data >>>> LocalDatabase
data >>>> LocalDatabase
data >>>> LocalDatabase
data >>>> LocalDatabase
data >>>> LocalDatabase
data >>>> LocalDatabase
data >>>> LocalDatabase
data >>>> LocalDatabase
data >>>> LocalDatabase
data >>>> LocalDatabase
 Connect with ATOM LITE ESP32 Via UART have a proplem
data >>>> LocalDatabase
data >>>> LocalDatabase
data >>>> LocalDatabase
data >>>> LocalDatabase
data >>>> LocalDatabase
data >>>> LocalDatabase
data >>>> LocalDatabase
data >>>> LocalDatabase
data >>>> LocalDatabase
data >>>> LocalDatabase
data >>>> LocalDatabase
data >>>> LocalDatabase
data >>>> LocalDatabase
data >>>> LocalDatabase
data >>>> LocalDatabase
data >>>> LocalDatabase
data >>>> LocalDatabase
data >>>> LocalDatabase
data >>>> LocalDatabase
data >>>> LocalDatabase
data >>>> LocalDatabase
data >>>> LocalDatabase
data >>>> LocalDatabase
data >>>> LocalDatabase
data >>>> LocalDatabase
data >>>> LocalDatabase
data >>>> LocalDatabase
data >>>> LocalDatabase
data >>>> LocalDatabase
data >>>> LocalDatabase
data >>>> LocalDatabase
data >>>> LocalDatabase
data >>>> LocalDatabase
data >>>> LocalDatabase
data >>>> LocalDatabase
data >>>> LocalDatabase
data >>>> LocalDatabase
data >>>> LocalDatabase
data >>>> LocalDatabase
 Connect with ATOM LITE ESP32 Via UART have a proplem
data >>>> LocalDatabase
data >>>> LocalDatabase
data >>>> LocalDatabase
data >>>> LocalDatabase
data >>>> LocalDatabase
data >>>> LocalDatabase
data >>>> LocalDatabase
data >>>> LocalDatabase
data >>>> LocalDatabase
data >>>> LocalDatabase
data >>>> LocalDatabase
data >>>> LocalDatabase
data >>>> LocalDatabase
data >>>> LocalDatabase
data >>>> LocalDatabase
data >>>> LocalDatabase
data >>>> LocalDatabaseError: NetworkManager is not running.
Error: NetworkManager is not running.
Error: NetworkManager is not running.

data >>>> LocalDatabase
data >>>> LocalDatabase
data >>>> LocalDatabase
data >>>> LocalDatabase
data >>>> LocalDatabase
data >>>> LocalDatabase
data >>>> LocalDatabase
data >>>> LocalDatabase
data >>>> LocalDatabase
data >>>> LocalDatabase
data >>>> LocalDatabase
data >>>> LocalDatabase
data >>>> LocalDatabase
data >>>> LocalDatabase
data >>>> LocalDatabase
data >>>> LocalDatabase
data >>>> LocalDatabase
data >>>> LocalDatabase
data >>>> LocalDatabase
data >>>> LocalDatabase
data >>>> LocalDatabase
data >>>> LocalDatabase
data >>>> LocalDatabase
data >>>> LocalDatabase
data >>>> LocalDatabase
data >>>> LocalDatabase
data >>>> LocalDatabase
data >>>> LocalDatabase
data >>>> LocalDatabase
data >>>> LocalDatabase
data >>>> LocalDatabase
data >>>> LocalDatabase
data >>>> LocalDatabase
data >>>> LocalDatabase
data >>>> LocalDatabase
data >>>> LocalDatabase
data >>>> LocalDatabase
data >>>> LocalDatabase
data >>>> LocalDatabase
data >>>> LocalDatabase
data >>>> LocalDatabase
data >>>> LocalDatabase
data >>>> LocalDatabase
data >>>> LocalDatabase
data >>>> LocalDatabase
data >>>> LocalDatabase
data >>>> LocalDatabase
data >>>> LocalDatabase
data >>>> LocalDatabase
data >>>> LocalDatabase
data >>>> LocalDatabase
data >>>> LocalDatabase
data >>>> LocalDatabase
data >>>> LocalDatabase
data >>>> LocalDatabase
data >>>> LocalDatabase
data >>>> LocalDatabase
data >>>> LocalDatabase
data >>>> LocalDatabase
data >>>> LocalDatabase
data >>>> LocalDatabase
data >>>> LocalDatabase
data >>>> LocalDatabase
data >>>> LocalDatabase
data >>>> LocalDatabase
data >>>> LocalDatabase
data >>>> LocalDatabase
data >>>> LocalDatabase
data >>>> LocalDatabase
data >>>> LocalDatabase
data >>>> LocalDatabase
data >>>> LocalDatabase
data >>>> LocalDatabase
data >>>> LocalDatabase
data >>>> LocalDatabase
data >>>> LocalDatabase
data >>>> LocalDatabase
data >>>> LocalDatabase
data >>>> LocalDatabase
data >>>> LocalDatabase
data >>>> LocalDatabase
data >>>> LocalDatabase
data >>>> LocalDatabase
data >>>> LocalDatabase
data >>>> LocalDatabase
data >>>> LocalDatabase
data >>>> LocalDatabase
data >>>> LocalDatabase
data >>>> LocalDatabase
data >>>> LocalDatabase
data >>>> LocalDatabase
data >>>> LocalDatabase
data >>>> LocalDatabase
data >>>> LocalDatabase
data >>>> LocalDatabase
data >>>> LocalDatabase
data >>>> LocalDatabase
data >>>> LocalDatabase
data >>>> LocalDatabase
data >>>> LocalDatabase
data >>>> LocalDatabase
data >>>> LocalDatabase
data >>>> LocalDatabase
data >>>> LocalDatabase
data >>>> LocalDatabase
data >>>> LocalDatabase
data >>>> LocalDatabase
data >>>> LocalDatabase
data >>>> LocalDatabase
data >>>> LocalDatabase
data >>>> LocalDatabase
data >>>> LocalDatabase
data >>>> LocalDatabase
data >>>> LocalDatabase
data >>>> LocalDatabase
data >>>> LocalDatabase
data >>>> LocalDatabase
data >>>> LocalDatabase
data >>>> LocalDatabase
data >>>> LocalDatabase
data >>>> LocalDatabase
data >>>> LocalDatabase
data >>>> LocalDatabase
data >>>> LocalDatabase
data >>>> LocalDatabase
data >>>> LocalDatabase
data >>>> LocalDatabase
data >>>> LocalDatabase
data >>>> LocalDatabase
data >>>> LocalDatabase
data >>>> LocalDatabase
data >>>> LocalDatabase
data >>>> LocalDatabase
data >>>> LocalDatabase
data >>>> LocalDatabase
data >>>> LocalDatabase
data >>>> LocalDatabase
data >>>> LocalDatabase
data >>>> LocalDatabase
data >>>> LocalDatabase
data >>>> LocalDatabase
data >>>> LocalDatabase
data >>>> LocalDatabase
data >>>> LocalDatabase
data >>>> LocalDatabase
data >>>> LocalDatabase
data >>>> LocalDatabase
data >>>> LocalDatabase
data >>>> LocalDatabase
data >>>> LocalDatabase
data >>>> LocalDatabase
data >>>> LocalDatabase
data >>>> LocalDatabase
data >>>> LocalDatabase
data >>>> LocalDatabase
data >>>> LocalDatabase
data >>>> LocalDatabase
data >>>> LocalDatabase
data >>>> LocalDatabase
data >>>> LocalDatabase
data >>>> LocalDatabase
data >>>> LocalDatabase
data >>>> LocalDatabase
data >>>> LocalDatabase
data >>>> LocalDatabase
data >>>> LocalDatabase
data >>>> LocalDatabase
data >>>> LocalDatabase
data >>>> LocalDatabase
data >>>> LocalDatabase
data >>>> LocalDatabase
data >>>> LocalDatabase
data >>>> LocalDatabase
data >>>> LocalDatabase
data >>>> LocalDatabase
data >>>> LocalDatabase
data >>>> LocalDatabase
data >>>> LocalDatabase
data >>>> LocalDatabase
data >>>> LocalDatabase
data >>>> LocalDatabase
data >>>> LocalDatabase
data >>>> LocalDatabase
data >>>> LocalDatabase
data >>>> LocalDatabase
data >>>> LocalDatabase
data >>>> LocalDatabase
data >>>> LocalDatabase
data >>>> LocalDatabase
data >>>> LocalDatabase
data >>>> LocalDatabase
data >>>> LocalDatabase
data >>>> LocalDatabase
data >>>> LocalDatabase
data >>>> LocalDatabase
data >>>> LocalDatabase
data >>>> LocalDatabase
data >>>> LocalDatabase
data >>>> LocalDatabase
data >>>> LocalDatabase
data >>>> LocalDatabase
data >>>> LocalDatabase
data >>>> LocalDatabase
data >>>> LocalDatabase
data >>>> LocalDatabase
data >>>> LocalDatabase
data >>>> LocalDatabase
data >>>> LocalDatabase
data >>>> LocalDatabase
data >>>> LocalDatabase
data >>>> LocalDatabase
data >>>> LocalDatabase
data >>>> LocalDatabase
data >>>> LocalDatabase
data >>>> LocalDatabase
data >>>> LocalDatabase
data >>>> LocalDatabase
data >>>> LocalDatabase
data >>>> LocalDatabase
data >>>> LocalDatabase
data >>>> LocalDatabase
data >>>> LocalDatabase
data >>>> LocalDatabase
data >>>> LocalDatabase
data >>>> LocalDatabase
data >>>> LocalDatabase
data >>>> LocalDatabase
data >>>> LocalDatabase
data >>>> LocalDatabase
data >>>> LocalDatabase
data >>>> LocalDatabase
data >>>> LocalDatabase
data >>>> LocalDatabase
data >>>> LocalDatabase
data >>>> LocalDatabase
data >>>> LocalDatabase
data >>>> LocalDatabase
data >>>> LocalDatabase
data >>>> LocalDatabase
data >>>> LocalDatabase
data >>>> LocalDatabase
data >>>> LocalDatabase
data >>>> LocalDatabase
data >>>> LocalDatabase
data >>>> LocalDatabase
data >>>> LocalDatabase
data >>>> LocalDatabase
data >>>> LocalDatabase
data >>>> LocalDatabase
data >>>> LocalDatabase
data >>>> LocalDatabase
data >>>> LocalDatabase
data >>>> LocalDatabase
data >>>> LocalDatabase
data >>>> LocalDatabase
data >>>> LocalDatabase
data >>>> LocalDatabase
data >>>> LocalDatabase
data >>>> LocalDatabase
data >>>> LocalDatabase
data >>>> LocalDatabase
data >>>> LocalDatabase
data >>>> LocalDatabase
data >>>> LocalDatabase
data >>>> LocalDatabase
data >>>> LocalDatabase
data >>>> LocalDatabase
data >>>> LocalDatabase
data >>>> LocalDatabase
data >>>> LocalDatabase
data >>>> LocalDatabase
data >>>> LocalDatabase
data >>>> LocalDatabase
data >>>> LocalDatabase
data >>>> LocalDatabase
data >>>> LocalDatabase
data >>>> LocalDatabase
data >>>> LocalDatabase
data >>>> LocalDatabase
data >>>> LocalDatabase
data >>>> LocalDatabase
data >>>> LocalDatabase
data >>>> LocalDatabase
data >>>> LocalDatabase
data >>>> LocalDatabase
data >>>> LocalDatabase
data >>>> LocalDatabase
data >>>> LocalDatabase
data >>>> LocalDatabase
data >>>> LocalDatabase
data >>>> LocalDatabase
data >>>> LocalDatabase
data >>>> LocalDatabase
data >>>> LocalDatabase
data >>>> LocalDatabase
data >>>> LocalDatabase
data >>>> LocalDatabase
data >>>> LocalDatabase
data >>>> LocalDatabase
data >>>> LocalDatabase
data >>>> LocalDatabase
data >>>> LocalDatabase
data >>>> LocalDatabase
data >>>> LocalDatabase
data >>>> LocalDatabase
data >>>> LocalDatabase
data >>>> LocalDatabase
data >>>> LocalDatabase
data >>>> LocalDatabase
data >>>> LocalDatabase
data >>>> LocalDatabase
data >>>> LocalDatabase
data >>>> LocalDatabase
data >>>> LocalDatabase
data >>>> LocalDatabase
data >>>> LocalDatabase
data >>>> LocalDatabase
data >>>> LocalDatabase
data >>>> LocalDatabase
data >>>> LocalDatabase
data >>>> LocalDatabase
data >>>> LocalDatabase
data >>>> LocalDatabase
data >>>> LocalDatabase
data >>>> LocalDatabase
data >>>> LocalDatabase
data >>>> LocalDatabase
data >>>> LocalDatabase
data >>>> LocalDatabase
data >>>> LocalDatabase
data >>>> LocalDatabase
data >>>> LocalDatabase
data >>>> LocalDatabase
data >>>> LocalDatabase
data >>>> LocalDatabase
data >>>> LocalDatabase
data >>>> LocalDatabase
data >>>> LocalDatabase
data >>>> LocalDatabase
data >>>> LocalDatabase
data >>>> LocalDatabase
data >>>> LocalDatabaseError: NetworkManager is not running.
Error: NetworkManager is not running.
Error: NetworkManager is not running.
Error: NetworkManager is not running.
Error: NetworkManager is not running.
Error: NetworkManager is not running.
Error: NetworkManager is not running.

data >>>> LocalDatabase
data >>>> LocalDatabase
data >>>> LocalDatabase
data >>>> LocalDatabase
data >>>> LocalDatabase
data >>>> LocalDatabase
data >>>> LocalDatabase
data >>>> LocalDatabase
data >>>> LocalDatabase
data >>>> LocalDatabase
data >>>> LocalDatabase
data >>>> LocalDatabase
data >>>> LocalDatabase
data >>>> LocalDatabase
data >>>> LocalDatabase
data >>>> LocalDatabase
data >>>> LocalDatabase
data >>>> LocalDatabase
data >>>> LocalDatabase
data >>>> LocalDatabase
 Connect with ATOM LITE ESP32 Via UART have a proplem
data >>>> LocalDatabase
 Connect with ATOM LITE ESP32 Via UART have a proplem
data >>>> LocalDatabase
data >>>> LocalDatabase
data >>>> LocalDatabase
data >>>> LocalDatabase
data >>>> LocalDatabase
data >>>> LocalDatabase
data >>>> LocalDatabase
data >>>> LocalDatabase
data >>>> LocalDatabase
data >>>> LocalDatabase
data >>>> LocalDatabase
data >>>> LocalDatabase
data >>>> LocalDatabase
data >>>> LocalDatabase
data >>>> LocalDatabase
data >>>> LocalDatabase
data >>>> LocalDatabase
data >>>> LocalDatabase
data >>>> LocalDatabase
data >>>> LocalDatabase
data >>>> LocalDatabase
data >>>> LocalDatabase
data >>>> LocalDatabase
data >>>> LocalDatabase
data >>>> LocalDatabase
data >>>> LocalDatabase
data >>>> LocalDatabase
data >>>> LocalDatabase
data >>>> LocalDatabase
data >>>> LocalDatabase
data >>>> LocalDatabase
data >>>> LocalDatabase
data >>>> LocalDatabase
data >>>> LocalDatabase
data >>>> LocalDatabase
data >>>> LocalDatabase
data >>>> LocalDatabase
data >>>> LocalDatabase
data >>>> LocalDatabase
data >>>> LocalDatabase
data >>>> LocalDatabase
data >>>> LocalDatabase
data >>>> LocalDatabase
data >>>> LocalDatabase
data >>>> LocalDatabase
data >>>> LocalDatabase
data >>>> LocalDatabase
data >>>> LocalDatabase
data >>>> LocalDatabase
data >>>> LocalDatabase
data >>>> LocalDatabase
data >>>> LocalDatabase
data >>>> LocalDatabase
data >>>> LocalDatabase
data >>>> LocalDatabase
data >>>> LocalDatabase
data >>>> LocalDatabase
data >>>> LocalDatabase
data >>>> LocalDatabase
data >>>> LocalDatabase
data >>>> LocalDatabase
data >>>> LocalDatabase
data >>>> LocalDatabase
data >>>> LocalDatabase
data >>>> LocalDatabase
data >>>> LocalDatabase
data >>>> LocalDatabase
data >>>> LocalDatabase
data >>>> LocalDatabase
data >>>> LocalDatabase
data >>>> LocalDatabase
data >>>> LocalDatabase
data >>>> LocalDatabase
data >>>> LocalDatabase
data >>>> LocalDatabase
data >>>> LocalDatabase
data >>>> LocalDatabase
data >>>> LocalDatabase
data >>>> LocalDatabase
data >>>> LocalDatabase
data >>>> LocalDatabase
data >>>> LocalDatabase
data >>>> LocalDatabase
data >>>> LocalDatabase
data >>>> LocalDatabase
data >>>> LocalDatabase
data >>>> LocalDatabase
data >>>> LocalDatabase
data >>>> LocalDatabase
data >>>> LocalDatabase
data >>>> LocalDatabase
data >>>> LocalDatabase
data >>>> LocalDatabase
data >>>> LocalDatabase
data >>>> LocalDatabase
data >>>> LocalDatabase
data >>>> LocalDatabase
data >>>> LocalDatabase
data >>>> LocalDatabase
data >>>> LocalDatabase
data >>>> LocalDatabase
data >>>> LocalDatabase
data >>>> LocalDatabase
data >>>> LocalDatabase
data >>>> LocalDatabase
data >>>> LocalDatabase
data >>>> LocalDatabase
data >>>> LocalDatabase
data >>>> LocalDatabase
data >>>> LocalDatabase
data >>>> LocalDatabase
data >>>> LocalDatabase
data >>>> LocalDatabase
data >>>> LocalDatabase
data >>>> LocalDatabase
data >>>> LocalDatabase
data >>>> LocalDatabase
data >>>> LocalDatabase
data >>>> LocalDatabase
data >>>> LocalDatabase
data >>>> LocalDatabase
data >>>> LocalDatabase
data >>>> LocalDatabase
data >>>> LocalDatabase
data >>>> LocalDatabase
data >>>> LocalDatabase
data >>>> LocalDatabase
data >>>> LocalDatabase
data >>>> LocalDatabase
data >>>> LocalDatabase
data >>>> LocalDatabase
data >>>> LocalDatabase
data >>>> LocalDatabase
data >>>> LocalDatabase
data >>>> LocalDatabase
data >>>> LocalDatabase
data >>>> LocalDatabase
data >>>> LocalDatabase
data >>>> LocalDatabase
data >>>> LocalDatabase
data >>>> LocalDatabase
data >>>> LocalDatabase
data >>>> LocalDatabase
data >>>> LocalDatabase
data >>>> LocalDatabase
data >>>> LocalDatabase
data >>>> LocalDatabase
data >>>> LocalDatabase
data >>>> LocalDatabase
data >>>> LocalDatabase
data >>>> LocalDatabase
data >>>> LocalDatabase
data >>>> LocalDatabase
data >>>> LocalDatabase
data >>>> LocalDatabase
data >>>> LocalDatabase
data >>>> LocalDatabase
data >>>> LocalDatabase
data >>>> LocalDatabase
 Connect with ATOM LITE ESP32 Via UART have a proplem
data >>>> LocalDatabase
data >>>> LocalDatabase
data >>>> LocalDatabase
data >>>> LocalDatabase
data >>>> LocalDatabase
data >>>> LocalDatabase
data >>>> LocalDatabase
data >>>> LocalDatabase
data >>>> LocalDatabase
data >>>> LocalDatabase
data >>>> LocalDatabase
data >>>> LocalDatabase
data >>>> LocalDatabase
data >>>> LocalDatabase
data >>>> LocalDatabase
data >>>> LocalDatabase
data >>>> LocalDatabase
data >>>> LocalDatabase
data >>>> LocalDatabase
data >>>> LocalDatabase
data >>>> LocalDatabase
data >>>> LocalDatabase
data >>>> LocalDatabase
data >>>> LocalDatabase
data >>>> LocalDatabase
data >>>> LocalDatabase
data >>>> LocalDatabase
data >>>> LocalDatabase
data >>>> LocalDatabase
data >>>> LocalDatabase
data >>>> LocalDatabase
data >>>> LocalDatabase
data >>>> LocalDatabase
data >>>> LocalDatabase
data >>>> LocalDatabase
data >>>> LocalDatabase
data >>>> LocalDatabase
data >>>> LocalDatabase
data >>>> LocalDatabase
data >>>> LocalDatabase
data >>>> LocalDatabase
data >>>> LocalDatabase
data >>>> LocalDatabase
data >>>> LocalDatabase
data >>>> LocalDatabase
data >>>> LocalDatabase
data >>>> LocalDatabase
data >>>> LocalDatabase
data >>>> LocalDatabase
data >>>> LocalDatabase
data >>>> LocalDatabase
data >>>> LocalDatabase
data >>>> LocalDatabase
data >>>> LocalDatabase
data >>>> LocalDatabase
data >>>> LocalDatabase
data >>>> LocalDatabase
data >>>> LocalDatabase
data >>>> LocalDatabase
data >>>> LocalDatabase
data >>>> LocalDatabase
data >>>> LocalDatabase
data >>>> LocalDatabase
data >>>> LocalDatabase
data >>>> LocalDatabase
data >>>> LocalDatabase
data >>>> LocalDatabase
data >>>> LocalDatabase
data >>>> LocalDatabase
data >>>> LocalDatabase
data >>>> LocalDatabase
data >>>> LocalDatabase
data >>>> LocalDatabase
data >>>> LocalDatabase
data >>>> LocalDatabase
data >>>> LocalDatabase
data >>>> LocalDatabase
data >>>> LocalDatabase
data >>>> LocalDatabase
data >>>> LocalDatabase
data >>>> LocalDatabase
data >>>> LocalDatabase
data >>>> LocalDatabase
data >>>> LocalDatabase
data >>>> LocalDatabase
data >>>> LocalDatabase
data >>>> LocalDatabase
data >>>> LocalDatabase
data >>>> LocalDatabase
data >>>> LocalDatabase
data >>>> LocalDatabase
data >>>> LocalDatabase
data >>>> LocalDatabase
data >>>> LocalDatabase
data >>>> LocalDatabase
data >>>> LocalDatabase
data >>>> LocalDatabase
data >>>> LocalDatabase
data >>>> LocalDatabase
data >>>> LocalDatabase
data >>>> LocalDatabase
data >>>> LocalDatabase
data >>>> LocalDatabase
data >>>> LocalDatabase
data >>>> LocalDatabase
data >>>> LocalDatabase
data >>>> LocalDatabase
data >>>> LocalDatabase
data >>>> LocalDatabase
data >>>> LocalDatabase
data >>>> LocalDatabase
data >>>> LocalDatabase
data >>>> LocalDatabase
data >>>> LocalDatabase
data >>>> LocalDatabase
data >>>> LocalDatabase
data >>>> LocalDatabase
data >>>> LocalDatabase
data >>>> LocalDatabase
data >>>> LocalDatabase
data >>>> LocalDatabase
data >>>> LocalDatabase
data >>>> LocalDatabase
data >>>> LocalDatabase
data >>>> LocalDatabase
data >>>> LocalDatabase
data >>>> LocalDatabase
data >>>> LocalDatabase
data >>>> LocalDatabase
data >>>> LocalDatabase
data >>>> LocalDatabase
data >>>> LocalDatabase
data >>>> LocalDatabase
data >>>> LocalDatabase
data >>>> LocalDatabase
data >>>> LocalDatabase
data >>>> LocalDatabase
data >>>> LocalDatabase
data >>>> LocalDatabase
data >>>> LocalDatabase
data >>>> LocalDatabase
data >>>> LocalDatabase
data >>>> LocalDatabase
data >>>> LocalDatabase
data >>>> LocalDatabase
data >>>> LocalDatabase
data >>>> LocalDatabase
data >>>> LocalDatabase
data >>>> LocalDatabase
data >>>> LocalDatabase
data >>>> LocalDatabase
data >>>> LocalDatabase
data >>>> LocalDatabase
data >>>> LocalDatabase
 Connect with ATOM LITE ESP32 Via UART have a proplemError: NetworkManager is not running.
Error: NetworkManager is not running.
Error: NetworkManager is not running.
Error: NetworkManager is not running.

data >>>> LocalDatabase
data >>>> LocalDatabase
data >>>> LocalDatabase
data >>>> LocalDatabase
data >>>> LocalDatabase
data >>>> LocalDatabase
data >>>> LocalDatabase
data >>>> LocalDatabase
data >>>> LocalDatabase
data >>>> LocalDatabase
data >>>> LocalDatabase
data >>>> LocalDatabase
data >>>> LocalDatabase
data >>>> LocalDatabase
data >>>> LocalDatabase
data >>>> LocalDatabase
data >>>> LocalDatabase
data >>>> LocalDatabase
data >>>> LocalDatabase
data >>>> LocalDatabase
data >>>> LocalDatabase
data >>>> LocalDatabase
data >>>> LocalDatabase
data >>>> LocalDatabase
data >>>> LocalDatabase
data >>>> LocalDatabase
data >>>> LocalDatabase
data >>>> LocalDatabase
data >>>> LocalDatabase
data >>>> LocalDatabase
data >>>> LocalDatabase
data >>>> LocalDatabase
data >>>> LocalDatabase
data >>>> LocalDatabase
data >>>> LocalDatabase
data >>>> LocalDatabase
data >>>> LocalDatabase
data >>>> LocalDatabase
data >>>> LocalDatabase
data >>>> LocalDatabase
data >>>> LocalDatabase
data >>>> LocalDatabase
data >>>> LocalDatabase
data >>>> LocalDatabase
data >>>> LocalDatabase
data >>>> LocalDatabase
data >>>> LocalDatabase
data >>>> LocalDatabase
data >>>> LocalDatabase
data >>>> LocalDatabase
data >>>> LocalDatabase
data >>>> LocalDatabase
data >>>> LocalDatabase
data >>>> LocalDatabase
data >>>> LocalDatabase
data >>>> LocalDatabase
data >>>> LocalDatabase
data >>>> LocalDatabase
data >>>> LocalDatabase
data >>>> LocalDatabase
data >>>> LocalDatabase
data >>>> LocalDatabase
data >>>> LocalDatabase
data >>>> LocalDatabase
data >>>> LocalDatabase
 Connect with ATOM LITE ESP32 Via UART have a proplem
data >>>> LocalDatabase
data >>>> LocalDatabase
data >>>> LocalDatabase
data >>>> LocalDatabase
data >>>> LocalDatabase
data >>>> LocalDatabase
data >>>> LocalDatabase
data >>>> LocalDatabase
data >>>> LocalDatabase
data >>>> LocalDatabase
data >>>> LocalDatabase
data >>>> LocalDatabase
data >>>> LocalDatabase
data >>>> LocalDatabase
data >>>> LocalDatabase
data >>>> LocalDatabase
data >>>> LocalDatabase
data >>>> LocalDatabase
data >>>> LocalDatabase
data >>>> LocalDatabase
data >>>> LocalDatabase
data >>>> LocalDatabase
data >>>> LocalDatabase
data >>>> LocalDatabase
data >>>> LocalDatabase
data >>>> LocalDatabase
data >>>> LocalDatabase
data >>>> LocalDatabase
data >>>> LocalDatabase
data >>>> LocalDatabase
data >>>> LocalDatabase
data >>>> LocalDatabase
data >>>> LocalDatabase
data >>>> LocalDatabase
data >>>> LocalDatabase
data >>>> LocalDatabase
data >>>> LocalDatabase
data >>>> LocalDatabase
data >>>> LocalDatabase
data >>>> LocalDatabase
data >>>> LocalDatabase
data >>>> LocalDatabase
data >>>> LocalDatabase
data >>>> LocalDatabase
data >>>> LocalDatabase
data >>>> LocalDatabase
data >>>> LocalDatabase
data >>>> LocalDatabase
data >>>> LocalDatabase
data >>>> LocalDatabase
data >>>> LocalDatabase
data >>>> LocalDatabase
data >>>> LocalDatabase
data >>>> LocalDatabase
data >>>> LocalDatabase
data >>>> LocalDatabase
data >>>> LocalDatabase
data >>>> LocalDatabase
data >>>> LocalDatabase
data >>>> LocalDatabase
data >>>> LocalDatabase
data >>>> LocalDatabase
data >>>> LocalDatabase
data >>>> LocalDatabase
 Connect with ATOM LITE ESP32 Via UART have a proplem
data >>>> LocalDatabase
data >>>> LocalDatabase
data >>>> LocalDatabase
data >>>> LocalDatabase
data >>>> LocalDatabase
data >>>> LocalDatabase
data >>>> LocalDatabase
data >>>> LocalDatabase
data >>>> LocalDatabase
 Connect with ATOM LITE ESP32 Via UART have a proplem
data >>>> LocalDatabase
data >>>> LocalDatabase
data >>>> LocalDatabase
data >>>> LocalDatabase
data >>>> LocalDatabase
data >>>> LocalDatabase
data >>>> LocalDatabase
data >>>> LocalDatabase
data >>>> LocalDatabase
data >>>> LocalDatabase
data >>>> LocalDatabase
data >>>> LocalDatabase
data >>>> LocalDatabase
data >>>> LocalDatabase
data >>>> LocalDatabase
data >>>> LocalDatabase
data >>>> LocalDatabase
data >>>> LocalDatabase
data >>>> LocalDatabase
data >>>> LocalDatabase
 Connect with ATOM LITE ESP32 Via UART have a proplem
data >>>> LocalDatabase
 Connect with ATOM LITE ESP32 Via UART have a proplem
data >>>> LocalDatabase
data >>>> LocalDatabase
data >>>> LocalDatabase
data >>>> LocalDatabase
 Connect with ATOM LITE ESP32 Via UART have a proplem
data >>>> LocalDatabase
data >>>> LocalDatabase
data >>>> LocalDatabase
data >>>> LocalDatabase
data >>>> LocalDatabase
data >>>> LocalDatabase
data >>>> LocalDatabase
data >>>> LocalDatabase
data >>>> LocalDatabase
data >>>> LocalDatabase
data >>>> LocalDatabase
data >>>> LocalDatabase
data >>>> LocalDatabase
data >>>> LocalDatabase
data >>>> LocalDatabase
data >>>> LocalDatabase
data >>>> LocalDatabase
data >>>> LocalDatabase
data >>>> LocalDatabase
data >>>> LocalDatabase
data >>>> LocalDatabase
data >>>> LocalDatabase
 Connect with ATOM LITE ESP32 Via UART have a proplem
data >>>> LocalDatabase
data >>>> LocalDatabase
data >>>> LocalDatabase
data >>>> LocalDatabase
 Connect with ATOM LITE ESP32 Via UART have a proplem
data >>>> LocalDatabase
data >>>> LocalDatabase
data >>>> LocalDatabase
data >>>> LocalDatabase
data >>>> LocalDatabase
data >>>> LocalDatabase
data >>>> LocalDatabase
data >>>> LocalDatabase
data >>>> LocalDatabase
data >>>> LocalDatabase
data >>>> LocalDatabase
data >>>> LocalDatabase
data >>>> LocalDatabase
data >>>> LocalDatabase
data >>>> LocalDatabase
data >>>> LocalDatabase
data >>>> LocalDatabase
data >>>> LocalDatabase
data >>>> LocalDatabase
 Connect with ATOM LITE ESP32 Via UART have a proplem
data >>>> LocalDatabase
data >>>> LocalDatabase
data >>>> LocalDatabase
data >>>> LocalDatabase
data >>>> LocalDatabase
data >>>> LocalDatabase
data >>>> LocalDatabase
data >>>> LocalDatabase
data >>>> LocalDatabase
data >>>> LocalDatabase
data >>>> LocalDatabase
data >>>> LocalDatabase
data >>>> LocalDatabase
data >>>> LocalDatabase
data >>>> LocalDatabase
data >>>> LocalDatabase
data >>>> LocalDatabase
data >>>> LocalDatabase
data >>>> LocalDatabase
data >>>> LocalDatabase
data >>>> LocalDatabase
data >>>> LocalDatabase
data >>>> LocalDatabase
data >>>> LocalDatabase
data >>>> LocalDatabase
data >>>> LocalDatabase
data >>>> LocalDatabase
data >>>> LocalDatabase
data >>>> LocalDatabase
data >>>> LocalDatabase
data >>>> LocalDatabase
data >>>> LocalDatabase
data >>>> LocalDatabase
data >>>> LocalDatabase
data >>>> LocalDatabase
data >>>> LocalDatabase
data >>>> LocalDatabase
data >>>> LocalDatabase
data >>>> LocalDatabase
data >>>> LocalDatabase
data >>>> LocalDatabase
data >>>> LocalDatabase
data >>>> LocalDatabase
data >>>> LocalDatabase
data >>>> LocalDatabase
data >>>> LocalDatabase
data >>>> LocalDatabase
data >>>> LocalDatabase
data >>>> LocalDatabase
data >>>> LocalDatabase
data >>>> LocalDatabase
data >>>> LocalDatabase
data >>>> LocalDatabase
data >>>> LocalDatabase
data >>>> LocalDatabase
data >>>> LocalDatabase
data >>>> LocalDatabase
data >>>> LocalDatabase
data >>>> LocalDatabase
 Connect with ATOM LITE ESP32 Via UART have a proplem
data >>>> LocalDatabase
data >>>> LocalDatabase
data >>>> LocalDatabase
data >>>> LocalDatabase
data >>>> LocalDatabase
 Connect with ATOM LITE ESP32 Via UART have a proplem
data >>>> LocalDatabase
 Connect with ATOM LITE ESP32 Via UART have a proplem
data >>>> LocalDatabase
data >>>> LocalDatabase
data >>>> LocalDatabase
data >>>> LocalDatabase
data >>>> LocalDatabase
data >>>> LocalDatabase
data >>>> LocalDatabase
data >>>> LocalDatabase
data >>>> LocalDatabase
data >>>> LocalDatabase
data >>>> LocalDatabase
data >>>> LocalDatabase
data >>>> LocalDatabase
data >>>> LocalDatabase
data >>>> LocalDatabase
data >>>> LocalDatabase
data >>>> LocalDatabase
data >>>> LocalDatabase
data >>>> LocalDatabase
data >>>> LocalDatabase
data >>>> LocalDatabase
 Connect with ATOM LITE ESP32 Via UART have a proplem
data >>>> LocalDatabase
data >>>> LocalDatabase
data >>>> LocalDatabase
data >>>> LocalDatabase
data >>>> LocalDatabase
data >>>> LocalDatabase
data >>>> LocalDatabase
data >>>> LocalDatabase
 Connect with ATOM LITE ESP32 Via UART have a proplem
data >>>> LocalDatabase
 Connect with ATOM LITE ESP32 Via UART have a proplem
data >>>> LocalDatabase
 Connect with ATOM LITE ESP32 Via UART have a proplem
 Connect with ATOM LITE ESP32 Via UART have a proplemError: NetworkManager is not running.
Error: NetworkManager is not running.

data >>>> LocalDatabase
data >>>> LocalDatabase
data >>>> LocalDatabase
data >>>> LocalDatabase
data >>>> LocalDatabase
data >>>> LocalDatabase
data >>>> LocalDatabase
data >>>> LocalDatabase
data >>>> LocalDatabase
data >>>> LocalDatabase
data >>>> LocalDatabase
data >>>> LocalDatabase
data >>>> LocalDatabase
data >>>> LocalDatabase
data >>>> LocalDatabase
 Connect with ATOM LITE ESP32 Via UART have a proplem
data >>>> LocalDatabase
data >>>> LocalDatabase
data >>>> LocalDatabase
data >>>> LocalDatabase
data >>>> LocalDatabase
data >>>> LocalDatabase
data >>>> LocalDatabase
data >>>> LocalDatabase
data >>>> LocalDatabase
data >>>> LocalDatabase
data >>>> LocalDatabase
data >>>> LocalDatabase
data >>>> LocalDatabase
data >>>> LocalDatabase
data >>>> LocalDatabase
data >>>> LocalDatabase
data >>>> LocalDatabase
data >>>> LocalDatabase
data >>>> LocalDatabase
data >>>> LocalDatabase
data >>>> LocalDatabase
data >>>> LocalDatabase
data >>>> LocalDatabase
data >>>> LocalDatabase
data >>>> LocalDatabase
data >>>> LocalDatabase
data >>>> LocalDatabase
data >>>> LocalDatabase
data >>>> LocalDatabase
data >>>> LocalDatabase
data >>>> LocalDatabase
data >>>> LocalDatabase
data >>>> LocalDatabase
data >>>> LocalDatabase
data >>>> LocalDatabase
data >>>> LocalDatabase
data >>>> LocalDatabase
data >>>> LocalDatabase
data >>>> LocalDatabase
data >>>> LocalDatabase
data >>>> LocalDatabase
data >>>> LocalDatabase
data >>>> LocalDatabase
data >>>> LocalDatabase
data >>>> LocalDatabase
data >>>> LocalDatabase
data >>>> LocalDatabase
 Connect with ATOM LITE ESP32 Via UART have a proplem
data >>>> LocalDatabase
data >>>> LocalDatabase
data >>>> LocalDatabase
data >>>> LocalDatabase
data >>>> LocalDatabase
data >>>> LocalDatabase
data >>>> LocalDatabase
data >>>> LocalDatabase
data >>>> LocalDatabase
data >>>> LocalDatabase
data >>>> LocalDatabase
data >>>> LocalDatabase
data >>>> LocalDatabase
data >>>> LocalDatabase
data >>>> LocalDatabase
 Connect with ATOM LITE ESP32 Via UART have a proplem
 Connect with ATOM LITE ESP32 Via UART have a proplem
data >>>> LocalDatabase
 Connect with ATOM LITE ESP32 Via UART have a proplem
data >>>> LocalDatabase
data >>>> LocalDatabase
data >>>> LocalDatabase
data >>>> LocalDatabase
data >>>> LocalDatabase
data >>>> LocalDatabase
data >>>> LocalDatabase
data >>>> LocalDatabase
data >>>> LocalDatabase
data >>>> LocalDatabase
data >>>> LocalDatabase
data >>>> LocalDatabase
data >>>> LocalDatabase
data >>>> LocalDatabase
data >>>> LocalDatabase
data >>>> LocalDatabase
data >>>> LocalDatabase
data >>>> LocalDatabase
data >>>> LocalDatabase
data >>>> LocalDatabase
data >>>> LocalDatabase
data >>>> LocalDatabase
data >>>> LocalDatabase
data >>>> LocalDatabase
 Connect with ATOM LITE ESP32 Via UART have a proplem
data >>>> LocalDatabase
 Connect with ATOM LITE ESP32 Via UART have a proplem
data >>>> LocalDatabase
data >>>> LocalDatabase
data >>>> LocalDatabase
data >>>> LocalDatabase
data >>>> LocalDatabase
data >>>> LocalDatabase
data >>>> LocalDatabase
data >>>> LocalDatabase
data >>>> LocalDatabase
data >>>> LocalDatabase
data >>>> LocalDatabase
data >>>> LocalDatabase
data >>>> LocalDatabase
 Connect with ATOM LITE ESP32 Via UART have a proplem
data >>>> LocalDatabase
data >>>> LocalDatabase
data >>>> LocalDatabase
data >>>> LocalDatabase
data >>>> LocalDatabase
data >>>> LocalDatabase
data >>>> LocalDatabase
data >>>> LocalDatabase
data >>>> LocalDatabase
data >>>> LocalDatabase
data >>>> LocalDatabase
data >>>> LocalDatabase
data >>>> LocalDatabase
data >>>> LocalDatabase
data >>>> LocalDatabase
data >>>> LocalDatabase
 Connect with ATOM LITE ESP32 Via UART have a proplem
data >>>> LocalDatabase
data >>>> LocalDatabase
data >>>> LocalDatabase
data >>>> LocalDatabase
data >>>> LocalDatabase
data >>>> LocalDatabase
data >>>> LocalDatabase
data >>>> LocalDatabase
data >>>> LocalDatabase
data >>>> LocalDatabase
data >>>> LocalDatabase
data >>>> LocalDatabase
data >>>> LocalDatabase
data >>>> LocalDatabase
data >>>> LocalDatabase
data >>>> LocalDatabase
data >>>> LocalDatabase
data >>>> LocalDatabase
data >>>> LocalDatabase
data >>>> LocalDatabase
data >>>> LocalDatabase
data >>>> LocalDatabase
data >>>> LocalDatabase
data >>>> LocalDatabase
data >>>> LocalDatabase
data >>>> LocalDatabase
data >>>> LocalDatabase
data >>>> LocalDatabase
data >>>> LocalDatabase
data >>>> LocalDatabase
data >>>> LocalDatabase
data >>>> LocalDatabase
data >>>> LocalDatabase
data >>>> LocalDatabase
data >>>> LocalDatabase
data >>>> LocalDatabase
data >>>> LocalDatabase
data >>>> LocalDatabase
data >>>> LocalDatabase
data >>>> LocalDatabase
data >>>> LocalDatabase
data >>>> LocalDatabase
data >>>> LocalDatabase
data >>>> LocalDatabase
data >>>> LocalDatabase
data >>>> LocalDatabase
data >>>> LocalDatabase
data >>>> LocalDatabase
data >>>> LocalDatabase
data >>>> LocalDatabase
data >>>> LocalDatabase
data >>>> LocalDatabase
data >>>> LocalDatabase
data >>>> LocalDatabase
data >>>> LocalDatabase
data >>>> LocalDatabase
data >>>> LocalDatabase
data >>>> LocalDatabase
data >>>> LocalDatabase
data >>>> LocalDatabase
data >>>> LocalDatabase
data >>>> LocalDatabase
data >>>> LocalDatabase
data >>>> LocalDatabase
data >>>> LocalDatabase
data >>>> LocalDatabase
data >>>> LocalDatabase
data >>>> LocalDatabase
data >>>> LocalDatabase
data >>>> LocalDatabase
data >>>> LocalDatabase
data >>>> LocalDatabase
data >>>> LocalDatabase
data >>>> LocalDatabase
data >>>> LocalDatabase
data >>>> LocalDatabase
data >>>> LocalDatabase
data >>>> LocalDatabase
data >>>> LocalDatabase
data >>>> LocalDatabase
data >>>> LocalDatabase
data >>>> LocalDatabase
data >>>> LocalDatabase
data >>>> LocalDatabase
data >>>> LocalDatabase
data >>>> LocalDatabase
data >>>> LocalDatabase
data >>>> LocalDatabase
data >>>> LocalDatabase
data >>>> LocalDatabase
data >>>> LocalDatabase
data >>>> LocalDatabase
data >>>> LocalDatabase
data >>>> LocalDatabase
data >>>> LocalDatabase
data >>>> LocalDatabase
data >>>> LocalDatabase
data >>>> LocalDatabase
data >>>> LocalDatabase
data >>>> LocalDatabase
data >>>> LocalDatabase
data >>>> LocalDatabase
data >>>> LocalDatabase
data >>>> LocalDatabase
data >>>> LocalDatabase
data >>>> LocalDatabase
data >>>> LocalDatabase
data >>>> LocalDatabase
data >>>> LocalDatabase
data >>>> LocalDatabase
data >>>> LocalDatabase
 Connect with ATOM LITE ESP32 Via UART have a proplem
data >>>> LocalDatabase
data >>>> LocalDatabase
data >>>> LocalDatabase
data >>>> LocalDatabase
data >>>> LocalDatabase
data >>>> LocalDatabase
data >>>> LocalDatabase
data >>>> LocalDatabase
data >>>> LocalDatabase
data >>>> LocalDatabase
data >>>> LocalDatabase
data >>>> LocalDatabase
data >>>> LocalDatabase
data >>>> LocalDatabase
data >>>> LocalDatabase
data >>>> LocalDatabase
data >>>> LocalDatabase
data >>>> LocalDatabase
data >>>> LocalDatabase
data >>>> LocalDatabase
data >>>> LocalDatabase
data >>>> LocalDatabase
data >>>> LocalDatabase
data >>>> LocalDatabase
data >>>> LocalDatabase
data >>>> LocalDatabase
data >>>> LocalDatabase
data >>>> LocalDatabase
data >>>> LocalDatabase
data >>>> LocalDatabase
data >>>> LocalDatabase
data >>>> LocalDatabase
data >>>> LocalDatabase
data >>>> LocalDatabase
data >>>> LocalDatabase
data >>>> LocalDatabase
data >>>> LocalDatabase
data >>>> LocalDatabase
data >>>> LocalDatabase
data >>>> LocalDatabase
data >>>> LocalDatabase
data >>>> LocalDatabase
data >>>> LocalDatabase
data >>>> LocalDatabase
data >>>> LocalDatabase
data >>>> LocalDatabase
data >>>> LocalDatabase
data >>>> LocalDatabase
data >>>> LocalDatabase
data >>>> LocalDatabase
data >>>> LocalDatabase
data >>>> LocalDatabase
data >>>> LocalDatabase
data >>>> LocalDatabase
data >>>> LocalDatabase
data >>>> LocalDatabase
data >>>> LocalDatabase
data >>>> LocalDatabase
data >>>> LocalDatabase
data >>>> LocalDatabase
data >>>> LocalDatabase
data >>>> LocalDatabase
data >>>> LocalDatabase
data >>>> LocalDatabase
data >>>> LocalDatabase
data >>>> LocalDatabase
data >>>> LocalDatabase
data >>>> LocalDatabase
data >>>> LocalDatabase
data >>>> LocalDatabase
data >>>> LocalDatabase
data >>>> LocalDatabase
data >>>> LocalDatabase
data >>>> LocalDatabase
data >>>> LocalDatabase
data >>>> LocalDatabaseError: NetworkManager is not running.
Error: NetworkManager is not running.
Error: NetworkManager is not running.
Error: NetworkManager is not running.

data >>>> LocalDatabase
data >>>> LocalDatabase
data >>>> LocalDatabase
data >>>> LocalDatabase
data >>>> LocalDatabase
data >>>> LocalDatabase
data >>>> LocalDatabase
data >>>> LocalDatabase
data >>>> LocalDatabase
data >>>> LocalDatabase
data >>>> LocalDatabase
data >>>> LocalDatabase
data >>>> LocalDatabase
data >>>> LocalDatabase
data >>>> LocalDatabase
data >>>> LocalDatabase
data >>>> LocalDatabase
data >>>> LocalDatabase
data >>>> LocalDatabase
data >>>> LocalDatabase
data >>>> LocalDatabase
data >>>> LocalDatabase
data >>>> LocalDatabase
data >>>> LocalDatabase
data >>>> LocalDatabase
data >>>> LocalDatabase
data >>>> LocalDatabase
data >>>> LocalDatabase
data >>>> LocalDatabase
data >>>> LocalDatabase
data >>>> LocalDatabase
data >>>> LocalDatabase
data >>>> LocalDatabase
data >>>> LocalDatabase
data >>>> LocalDatabase
data >>>> LocalDatabase
data >>>> LocalDatabase
data >>>> LocalDatabase
data >>>> LocalDatabase
data >>>> LocalDatabase
data >>>> LocalDatabase
data >>>> LocalDatabase
data >>>> LocalDatabase
data >>>> LocalDatabase
data >>>> LocalDatabase
data >>>> LocalDatabase
data >>>> LocalDatabase
data >>>> LocalDatabase
data >>>> LocalDatabase
data >>>> LocalDatabase
data >>>> LocalDatabase
data >>>> LocalDatabase
data >>>> LocalDatabase
data >>>> LocalDatabase
data >>>> LocalDatabase
data >>>> LocalDatabase
data >>>> LocalDatabase
data >>>> LocalDatabase
data >>>> LocalDatabase
data >>>> LocalDatabase
data >>>> LocalDatabase
data >>>> LocalDatabase
data >>>> LocalDatabase
data >>>> LocalDatabase
data >>>> LocalDatabase
data >>>> LocalDatabase
data >>>> LocalDatabase
data >>>> LocalDatabase
data >>>> LocalDatabase
data >>>> LocalDatabase
data >>>> LocalDatabase
data >>>> LocalDatabase
data >>>> LocalDatabase
data >>>> LocalDatabase
data >>>> LocalDatabase
data >>>> LocalDatabase
data >>>> LocalDatabase
data >>>> LocalDatabase
data >>>> LocalDatabase
data >>>> LocalDatabase
data >>>> LocalDatabase
data >>>> LocalDatabase
data >>>> LocalDatabase
data >>>> LocalDatabase
data >>>> LocalDatabase
data >>>> LocalDatabase
data >>>> LocalDatabase
data >>>> LocalDatabase
data >>>> LocalDatabase
data >>>> LocalDatabase
data >>>> LocalDatabase
data >>>> LocalDatabase
data >>>> LocalDatabase
data >>>> LocalDatabase
data >>>> LocalDatabase
data >>>> LocalDatabase
data >>>> LocalDatabase
data >>>> LocalDatabase
data >>>> LocalDatabase
data >>>> LocalDatabase
 Connect with ATOM LITE ESP32 Via UART have a proplem
data >>>> LocalDatabase
data >>>> LocalDatabase
data >>>> LocalDatabase
data >>>> LocalDatabase
data >>>> LocalDatabase
data >>>> LocalDatabase
data >>>> LocalDatabase
data >>>> LocalDatabase
data >>>> LocalDatabase
data >>>> LocalDatabase
data >>>> LocalDatabase
data >>>> LocalDatabase
data >>>> LocalDatabase
data >>>> LocalDatabase
data >>>> LocalDatabase
data >>>> LocalDatabase
data >>>> LocalDatabase
data >>>> LocalDatabase
data >>>> LocalDatabase
data >>>> LocalDatabase
data >>>> LocalDatabase
data >>>> LocalDatabase
data >>>> LocalDatabase
data >>>> LocalDatabase
data >>>> LocalDatabase
data >>>> LocalDatabase
data >>>> LocalDatabase
data >>>> LocalDatabase
data >>>> LocalDatabase
data >>>> LocalDatabase
data >>>> LocalDatabase
data >>>> LocalDatabase
data >>>> LocalDatabase
data >>>> LocalDatabase
data >>>> LocalDatabase
data >>>> LocalDatabase
data >>>> LocalDatabase
data >>>> LocalDatabase
data >>>> LocalDatabase
data >>>> LocalDatabase
data >>>> LocalDatabase
data >>>> LocalDatabase
data >>>> LocalDatabase
data >>>> LocalDatabase
 Connect with ATOM LITE ESP32 Via UART have a proplem
data >>>> LocalDatabase
data >>>> LocalDatabase
data >>>> LocalDatabase
data >>>> LocalDatabase
data >>>> LocalDatabase
data >>>> LocalDatabase
data >>>> LocalDatabase
data >>>> LocalDatabase
data >>>> LocalDatabase
data >>>> LocalDatabase
data >>>> LocalDatabase
data >>>> LocalDatabase
data >>>> LocalDatabase
data >>>> LocalDatabase
data >>>> LocalDatabase
data >>>> LocalDatabase
data >>>> LocalDatabase
data >>>> LocalDatabase
data >>>> LocalDatabase
data >>>> LocalDatabase
data >>>> LocalDatabase
data >>>> LocalDatabase
data >>>> LocalDatabase
data >>>> LocalDatabase
data >>>> LocalDatabase
data >>>> LocalDatabase
data >>>> LocalDatabase
data >>>> LocalDatabase
data >>>> LocalDatabase
data >>>> LocalDatabase
data >>>> LocalDatabase
data >>>> LocalDatabase
data >>>> LocalDatabase
data >>>> LocalDatabase
data >>>> LocalDatabase
 Connect with ATOM LITE ESP32 Via UART have a proplem
data >>>> LocalDatabase
data >>>> LocalDatabase
data >>>> LocalDatabase
data >>>> LocalDatabase
data >>>> LocalDatabase
data >>>> LocalDatabase
data >>>> LocalDatabase
data >>>> LocalDatabase
data >>>> LocalDatabase
data >>>> LocalDatabase
data >>>> LocalDatabase
data >>>> LocalDatabase
data >>>> LocalDatabase
data >>>> LocalDatabase
data >>>> LocalDatabase
data >>>> LocalDatabase
data >>>> LocalDatabase
data >>>> LocalDatabase
data >>>> LocalDatabase
data >>>> LocalDatabase
data >>>> LocalDatabase
data >>>> LocalDatabase
data >>>> LocalDatabase
data >>>> LocalDatabase
data >>>> LocalDatabase
data >>>> LocalDatabase
data >>>> LocalDatabase
data >>>> LocalDatabase
data >>>> LocalDatabase
data >>>> LocalDatabase
data >>>> LocalDatabase
data >>>> LocalDatabase
data >>>> LocalDatabase
data >>>> LocalDatabase
data >>>> LocalDatabase
data >>>> LocalDatabase
data >>>> LocalDatabase
data >>>> LocalDatabase
data >>>> LocalDatabase
data >>>> LocalDatabase
data >>>> LocalDatabase
data >>>> LocalDatabase
data >>>> LocalDatabase
data >>>> LocalDatabase
data >>>> LocalDatabase
data >>>> LocalDatabase
data >>>> LocalDatabase
data >>>> LocalDatabase
data >>>> LocalDatabase
data >>>> LocalDatabase
data >>>> LocalDatabase
data >>>> LocalDatabase
data >>>> LocalDatabase
data >>>> LocalDatabase
data >>>> LocalDatabase
data >>>> LocalDatabase
data >>>> LocalDatabase
data >>>> LocalDatabase
data >>>> LocalDatabase
data >>>> LocalDatabase
data >>>> LocalDatabase
data >>>> LocalDatabase
data >>>> LocalDatabase
data >>>> LocalDatabase
data >>>> LocalDatabase
data >>>> LocalDatabase
data >>>> LocalDatabase
data >>>> LocalDatabase
data >>>> LocalDatabase
data >>>> LocalDatabase
data >>>> LocalDatabase
data >>>> LocalDatabase
data >>>> LocalDatabase
data >>>> LocalDatabase
data >>>> LocalDatabase
data >>>> LocalDatabase
data >>>> LocalDatabase
data >>>> LocalDatabase
data >>>> LocalDatabase
 Connect with ATOM LITE ESP32 Via UART have a proplem
data >>>> LocalDatabase
 Connect with ATOM LITE ESP32 Via UART have a proplem
data >>>> LocalDatabase
data >>>> LocalDatabase
data >>>> LocalDatabase
data >>>> LocalDatabase
data >>>> LocalDatabase
data >>>> LocalDatabase
data >>>> LocalDatabase
data >>>> LocalDatabase
data >>>> LocalDatabase
data >>>> LocalDatabase
data >>>> LocalDatabase
data >>>> LocalDatabase
data >>>> LocalDatabase
data >>>> LocalDatabase
data >>>> LocalDatabase
data >>>> LocalDatabase
data >>>> LocalDatabase
data >>>> LocalDatabase
data >>>> LocalDatabase
data >>>> LocalDatabase
data >>>> LocalDatabase
data >>>> LocalDatabase
data >>>> LocalDatabase
data >>>> LocalDatabase
data >>>> LocalDatabase
data >>>> LocalDatabase
data >>>> LocalDatabase
data >>>> LocalDatabase
data >>>> LocalDatabase
data >>>> LocalDatabase
data >>>> LocalDatabase
data >>>> LocalDatabase
 Connect with ATOM LITE ESP32 Via UART have a proplem
data >>>> LocalDatabase
data >>>> LocalDatabase
data >>>> LocalDatabase
data >>>> LocalDatabase
data >>>> LocalDatabase
data >>>> LocalDatabase
data >>>> LocalDatabase
data >>>> LocalDatabase
data >>>> LocalDatabase
data >>>> LocalDatabase
data >>>> LocalDatabase
data >>>> LocalDatabase
data >>>> LocalDatabase
data >>>> LocalDatabase
data >>>> LocalDatabase
data >>>> LocalDatabase
data >>>> LocalDatabase
data >>>> LocalDatabase
data >>>> LocalDatabase
data >>>> LocalDatabase
data >>>> LocalDatabase
data >>>> LocalDatabase
data >>>> LocalDatabase
data >>>> LocalDatabase
 Connect with ATOM LITE ESP32 Via UART have a proplem
data >>>> LocalDatabase
data >>>> LocalDatabase
data >>>> LocalDatabase
data >>>> LocalDatabase
data >>>> LocalDatabase
data >>>> LocalDatabase
data >>>> LocalDatabase
data >>>> LocalDatabase
data >>>> LocalDatabase
data >>>> LocalDatabase
data >>>> LocalDatabaseError: NetworkManager is not running.
Error: NetworkManager is not running.
Error: NetworkManager is not running.

data >>>> LocalDatabase
data >>>> LocalDatabase
data >>>> LocalDatabase
data >>>> LocalDatabase
data >>>> LocalDatabase
data >>>> LocalDatabase
data >>>> LocalDatabase
data >>>> LocalDatabase
data >>>> LocalDatabase
data >>>> LocalDatabase
data >>>> LocalDatabase
data >>>> LocalDatabase
data >>>> LocalDatabase
data >>>> LocalDatabase
data >>>> LocalDatabase
data >>>> LocalDatabase
data >>>> LocalDatabase
data >>>> LocalDatabase
data >>>> LocalDatabase
data >>>> LocalDatabase
data >>>> LocalDatabase
data >>>> LocalDatabase
data >>>> LocalDatabase
data >>>> LocalDatabase
data >>>> LocalDatabase
data >>>> LocalDatabase
data >>>> LocalDatabase
data >>>> LocalDatabase
data >>>> LocalDatabase
data >>>> LocalDatabase
data >>>> LocalDatabase
data >>>> LocalDatabase
data >>>> LocalDatabase
data >>>> LocalDatabase
data >>>> LocalDatabase
data >>>> LocalDatabase
data >>>> LocalDatabase
data >>>> LocalDatabase
data >>>> LocalDatabase
data >>>> LocalDatabase
data >>>> LocalDatabase
data >>>> LocalDatabase
data >>>> LocalDatabase
data >>>> LocalDatabase
data >>>> LocalDatabase
data >>>> LocalDatabase
data >>>> LocalDatabase
data >>>> LocalDatabase
data >>>> LocalDatabase
data >>>> LocalDatabase
data >>>> LocalDatabase
data >>>> LocalDatabase
data >>>> LocalDatabase
data >>>> LocalDatabase
data >>>> LocalDatabase
data >>>> LocalDatabase
data >>>> LocalDatabase
data >>>> LocalDatabase
data >>>> LocalDatabase
data >>>> LocalDatabase
data >>>> LocalDatabase
data >>>> LocalDatabase
data >>>> LocalDatabase
data >>>> LocalDatabase
data >>>> LocalDatabase
data >>>> LocalDatabase
data >>>> LocalDatabase
data >>>> LocalDatabase
data >>>> LocalDatabase
data >>>> LocalDatabase
data >>>> LocalDatabase
data >>>> LocalDatabase
data >>>> LocalDatabase
data >>>> LocalDatabase
data >>>> LocalDatabase
data >>>> LocalDatabase
data >>>> LocalDatabase
data >>>> LocalDatabase
data >>>> LocalDatabase
data >>>> LocalDatabase
data >>>> LocalDatabase
data >>>> LocalDatabase
data >>>> LocalDatabase
data >>>> LocalDatabase
data >>>> LocalDatabase
data >>>> LocalDatabase
data >>>> LocalDatabase
data >>>> LocalDatabase
data >>>> LocalDatabase
data >>>> LocalDatabase
data >>>> LocalDatabase
data >>>> LocalDatabase
data >>>> LocalDatabase
data >>>> LocalDatabase
data >>>> LocalDatabase
data >>>> LocalDatabase
data >>>> LocalDatabase
data >>>> LocalDatabase
data >>>> LocalDatabase
data >>>> LocalDatabase
data >>>> LocalDatabase
data >>>> LocalDatabase
data >>>> LocalDatabase
data >>>> LocalDatabase
data >>>> LocalDatabase
data >>>> LocalDatabase
data >>>> LocalDatabase
data >>>> LocalDatabase
data >>>> LocalDatabase
data >>>> LocalDatabase
data >>>> LocalDatabase
data >>>> LocalDatabase
data >>>> LocalDatabase
data >>>> LocalDatabase
data >>>> LocalDatabase
data >>>> LocalDatabase
data >>>> LocalDatabase
data >>>> LocalDatabase
data >>>> LocalDatabase
data >>>> LocalDatabase
data >>>> LocalDatabase
data >>>> LocalDatabase
data >>>> LocalDatabase
data >>>> LocalDatabase
data >>>> LocalDatabase
data >>>> LocalDatabase
data >>>> LocalDatabase
data >>>> LocalDatabase
data >>>> LocalDatabase
data >>>> LocalDatabase
data >>>> LocalDatabase
data >>>> LocalDatabase
data >>>> LocalDatabase
data >>>> LocalDatabase
data >>>> LocalDatabase
data >>>> LocalDatabase
data >>>> LocalDatabase
data >>>> LocalDatabase
data >>>> LocalDatabase
data >>>> LocalDatabase
data >>>> LocalDatabase
data >>>> LocalDatabase
data >>>> LocalDatabase
data >>>> LocalDatabase
data >>>> LocalDatabase
data >>>> LocalDatabase
data >>>> LocalDatabase
data >>>> LocalDatabase
data >>>> LocalDatabase
data >>>> LocalDatabase
data >>>> LocalDatabase
data >>>> LocalDatabase
data >>>> LocalDatabase
data >>>> LocalDatabase
data >>>> LocalDatabase
data >>>> LocalDatabase
data >>>> LocalDatabase
data >>>> LocalDatabase
data >>>> LocalDatabase
data >>>> LocalDatabase
data >>>> LocalDatabase
data >>>> LocalDatabase
data >>>> LocalDatabase
data >>>> LocalDatabase
data >>>> LocalDatabase
data >>>> LocalDatabase
data >>>> LocalDatabase
data >>>> LocalDatabase
data >>>> LocalDatabase
data >>>> LocalDatabase
data >>>> LocalDatabase
data >>>> LocalDatabase
data >>>> LocalDatabase
data >>>> LocalDatabase
data >>>> LocalDatabase
data >>>> LocalDatabase
data >>>> LocalDatabase
data >>>> LocalDatabase
data >>>> LocalDatabase
data >>>> LocalDatabase
data >>>> LocalDatabase
data >>>> LocalDatabase
data >>>> LocalDatabase
data >>>> LocalDatabase
data >>>> LocalDatabase
data >>>> LocalDatabase
data >>>> LocalDatabase
data >>>> LocalDatabase
data >>>> LocalDatabase
data >>>> LocalDatabase
 Connect with ATOM LITE ESP32 Via UART have a proplem
data >>>> LocalDatabase
data >>>> LocalDatabase
data >>>> LocalDatabase
data >>>> LocalDatabase
data >>>> LocalDatabase
data >>>> LocalDatabase
data >>>> LocalDatabase
data >>>> LocalDatabase
data >>>> LocalDatabase
data >>>> LocalDatabase
data >>>> LocalDatabase
data >>>> LocalDatabase
data >>>> LocalDatabase
data >>>> LocalDatabase
data >>>> LocalDatabase
data >>>> LocalDatabase
data >>>> LocalDatabase
data >>>> LocalDatabase
data >>>> LocalDatabase
data >>>> LocalDatabase
data >>>> LocalDatabase
data >>>> LocalDatabase
data >>>> LocalDatabase
data >>>> LocalDatabase
data >>>> LocalDatabase
data >>>> LocalDatabase
data >>>> LocalDatabase
data >>>> LocalDatabase
data >>>> LocalDatabase
data >>>> LocalDatabase
data >>>> LocalDatabase
data >>>> LocalDatabase
data >>>> LocalDatabase
data >>>> LocalDatabase
data >>>> LocalDatabase
data >>>> LocalDatabase
data >>>> LocalDatabase
data >>>> LocalDatabase
data >>>> LocalDatabase
data >>>> LocalDatabase
data >>>> LocalDatabase
data >>>> LocalDatabase
data >>>> LocalDatabase
data >>>> LocalDatabase
data >>>> LocalDatabase
data >>>> LocalDatabase
data >>>> LocalDatabase
data >>>> LocalDatabase
data >>>> LocalDatabase
data >>>> LocalDatabase
data >>>> LocalDatabase
data >>>> LocalDatabase
data >>>> LocalDatabase
data >>>> LocalDatabase
data >>>> LocalDatabase
data >>>> LocalDatabase
data >>>> LocalDatabase
data >>>> LocalDatabase
data >>>> LocalDatabase
data >>>> LocalDatabase
data >>>> LocalDatabase
data >>>> LocalDatabase
data >>>> LocalDatabase
data >>>> LocalDatabase
data >>>> LocalDatabase
data >>>> LocalDatabase
data >>>> LocalDatabase
data >>>> LocalDatabase
data >>>> LocalDatabase
data >>>> LocalDatabase
data >>>> LocalDatabase
data >>>> LocalDatabase
data >>>> LocalDatabase
data >>>> LocalDatabase
data >>>> LocalDatabase
data >>>> LocalDatabase
data >>>> LocalDatabase
data >>>> LocalDatabase
data >>>> LocalDatabase
data >>>> LocalDatabase
data >>>> LocalDatabase
data >>>> LocalDatabase
data >>>> LocalDatabase
data >>>> LocalDatabase
data >>>> LocalDatabase
data >>>> LocalDatabase
data >>>> LocalDatabase
data >>>> LocalDatabase
data >>>> LocalDatabase
data >>>> LocalDatabase
data >>>> LocalDatabase
data >>>> LocalDatabase
data >>>> LocalDatabase
data >>>> LocalDatabase
data >>>> LocalDatabase
data >>>> LocalDatabase
data >>>> LocalDatabase
data >>>> LocalDatabase
data >>>> LocalDatabase
data >>>> LocalDatabase
data >>>> LocalDatabase
data >>>> LocalDatabase
data >>>> LocalDatabase
data >>>> LocalDatabase
data >>>> LocalDatabase
data >>>> LocalDatabase
data >>>> LocalDatabase
data >>>> LocalDatabase
data >>>> LocalDatabase
data >>>> LocalDatabase
data >>>> LocalDatabase
data >>>> LocalDatabase
data >>>> LocalDatabase
data >>>> LocalDatabase
data >>>> LocalDatabase
data >>>> LocalDatabase
data >>>> LocalDatabase
data >>>> LocalDatabase
data >>>> LocalDatabase
data >>>> LocalDatabase
data >>>> LocalDatabase
data >>>> LocalDatabase
data >>>> LocalDatabase
data >>>> LocalDatabase
data >>>> LocalDatabase
data >>>> LocalDatabase
data >>>> LocalDatabase
data >>>> LocalDatabase
data >>>> LocalDatabase
data >>>> LocalDatabase
data >>>> LocalDatabase
data >>>> LocalDatabase
data >>>> LocalDatabase
data >>>> LocalDatabase
data >>>> LocalDatabase
data >>>> LocalDatabase
data >>>> LocalDatabase
data >>>> LocalDatabase
data >>>> LocalDatabase
data >>>> LocalDatabase
 Connect with ATOM LITE ESP32 Via UART have a proplem
data >>>> LocalDatabase
data >>>> LocalDatabase
data >>>> LocalDatabase
data >>>> LocalDatabase
data >>>> LocalDatabase
data >>>> LocalDatabase
data >>>> LocalDatabaseError: NetworkManager is not running.
Error: NetworkManager is not running.
Error: NetworkManager is not running.
Error: NetworkManager is not running.

data >>>> LocalDatabase
data >>>> LocalDatabase
data >>>> LocalDatabase
data >>>> LocalDatabase
 Connect with ATOM LITE ESP32 Via UART have a proplem
data >>>> LocalDatabase
data >>>> LocalDatabase
data >>>> LocalDatabase
data >>>> LocalDatabase
data >>>> LocalDatabase
data >>>> LocalDatabase
data >>>> LocalDatabase
data >>>> LocalDatabase
data >>>> LocalDatabase
data >>>> LocalDatabase
data >>>> LocalDatabase
data >>>> LocalDatabase
data >>>> LocalDatabase
data >>>> LocalDatabase
data >>>> LocalDatabase
data >>>> LocalDatabase
data >>>> LocalDatabase
data >>>> LocalDatabase
data >>>> LocalDatabase
data >>>> LocalDatabase
data >>>> LocalDatabase
data >>>> LocalDatabase
data >>>> LocalDatabase
data >>>> LocalDatabase
data >>>> LocalDatabase
data >>>> LocalDatabase
data >>>> LocalDatabase
data >>>> LocalDatabase
data >>>> LocalDatabase
data >>>> LocalDatabase
data >>>> LocalDatabase
data >>>> LocalDatabase
data >>>> LocalDatabase
data >>>> LocalDatabase
data >>>> LocalDatabase
data >>>> LocalDatabase
data >>>> LocalDatabase
data >>>> LocalDatabase
data >>>> LocalDatabase
data >>>> LocalDatabase
data >>>> LocalDatabase
data >>>> LocalDatabase
data >>>> LocalDatabase
data >>>> LocalDatabase
data >>>> LocalDatabase
data >>>> LocalDatabase
data >>>> LocalDatabase
data >>>> LocalDatabase
data >>>> LocalDatabase
data >>>> LocalDatabase
data >>>> LocalDatabase
data >>>> LocalDatabase
data >>>> LocalDatabase
data >>>> LocalDatabase
data >>>> LocalDatabase
data >>>> LocalDatabase
data >>>> LocalDatabase
data >>>> LocalDatabase
data >>>> LocalDatabase
data >>>> LocalDatabase
data >>>> LocalDatabase
data >>>> LocalDatabase
 Connect with ATOM LITE ESP32 Via UART have a proplem
data >>>> LocalDatabase
data >>>> LocalDatabase
data >>>> LocalDatabase
data >>>> LocalDatabase
data >>>> LocalDatabase
data >>>> LocalDatabase
data >>>> LocalDatabase
data >>>> LocalDatabase
data >>>> LocalDatabase
data >>>> LocalDatabase
data >>>> LocalDatabase
data >>>> LocalDatabase
data >>>> LocalDatabase
data >>>> LocalDatabase
data >>>> LocalDatabase
data >>>> LocalDatabase
data >>>> LocalDatabase
data >>>> LocalDatabase
data >>>> LocalDatabase
data >>>> LocalDatabase
data >>>> LocalDatabase
data >>>> LocalDatabase
data >>>> LocalDatabase
data >>>> LocalDatabase
data >>>> LocalDatabase
data >>>> LocalDatabase
data >>>> LocalDatabase
data >>>> LocalDatabase
data >>>> LocalDatabase
data >>>> LocalDatabase
data >>>> LocalDatabase
data >>>> LocalDatabase
data >>>> LocalDatabase
data >>>> LocalDatabase
data >>>> LocalDatabase
 Connect with ATOM LITE ESP32 Via UART have a proplem
data >>>> LocalDatabase
data >>>> LocalDatabase
data >>>> LocalDatabase
data >>>> LocalDatabase
data >>>> LocalDatabase
data >>>> LocalDatabase
data >>>> LocalDatabase
data >>>> LocalDatabase
data >>>> LocalDatabase
data >>>> LocalDatabase
data >>>> LocalDatabase
data >>>> LocalDatabase
data >>>> LocalDatabase
data >>>> LocalDatabase
data >>>> LocalDatabase
data >>>> LocalDatabase
data >>>> LocalDatabase
data >>>> LocalDatabase
data >>>> LocalDatabase
data >>>> LocalDatabase
data >>>> LocalDatabase
data >>>> LocalDatabase
data >>>> LocalDatabase
data >>>> LocalDatabase
data >>>> LocalDatabase
data >>>> LocalDatabase
data >>>> LocalDatabase
data >>>> LocalDatabase
data >>>> LocalDatabase
data >>>> LocalDatabase
data >>>> LocalDatabase
data >>>> LocalDatabase
data >>>> LocalDatabase
data >>>> LocalDatabase
data >>>> LocalDatabase
data >>>> LocalDatabase
 Connect with ATOM LITE ESP32 Via UART have a proplem
data >>>> LocalDatabase
data >>>> LocalDatabase
data >>>> LocalDatabase
data >>>> LocalDatabase
data >>>> LocalDatabase
data >>>> LocalDatabase
data >>>> LocalDatabase
data >>>> LocalDatabase
data >>>> LocalDatabase
data >>>> LocalDatabase
data >>>> LocalDatabase
data >>>> LocalDatabase
data >>>> LocalDatabase
data >>>> LocalDatabase
data >>>> LocalDatabase
data >>>> LocalDatabase
data >>>> LocalDatabase
data >>>> LocalDatabase
data >>>> LocalDatabase
data >>>> LocalDatabase
data >>>> LocalDatabase
data >>>> LocalDatabase
data >>>> LocalDatabase
data >>>> LocalDatabase
data >>>> LocalDatabase
data >>>> LocalDatabase
data >>>> LocalDatabase
data >>>> LocalDatabase
data >>>> LocalDatabase
data >>>> LocalDatabase
data >>>> LocalDatabase
data >>>> LocalDatabase
data >>>> LocalDatabase
data >>>> LocalDatabase
data >>>> LocalDatabase
data >>>> LocalDatabase
data >>>> LocalDatabase
data >>>> LocalDatabase
data >>>> LocalDatabase
data >>>> LocalDatabase
data >>>> LocalDatabase
data >>>> LocalDatabase
data >>>> LocalDatabase
data >>>> LocalDatabase
data >>>> LocalDatabase
data >>>> LocalDatabase
data >>>> LocalDatabase
data >>>> LocalDatabase
data >>>> LocalDatabase
data >>>> LocalDatabase
 Connect with ATOM LITE ESP32 Via UART have a proplem
data >>>> LocalDatabase
data >>>> LocalDatabase
data >>>> LocalDatabase
data >>>> LocalDatabase
data >>>> LocalDatabase
data >>>> LocalDatabase
data >>>> LocalDatabase
data >>>> LocalDatabase
data >>>> LocalDatabase
data >>>> LocalDatabase
data >>>> LocalDatabase
data >>>> LocalDatabase
data >>>> LocalDatabase
data >>>> LocalDatabase
data >>>> LocalDatabase
data >>>> LocalDatabase
data >>>> LocalDatabase
data >>>> LocalDatabase
data >>>> LocalDatabase
data >>>> LocalDatabase
data >>>> LocalDatabase
data >>>> LocalDatabase
data >>>> LocalDatabase
data >>>> LocalDatabase
data >>>> LocalDatabase
data >>>> LocalDatabase
data >>>> LocalDatabase
data >>>> LocalDatabase
data >>>> LocalDatabase
data >>>> LocalDatabase
data >>>> LocalDatabase
data >>>> LocalDatabase
data >>>> LocalDatabase
data >>>> LocalDatabase
data >>>> LocalDatabase
data >>>> LocalDatabase
data >>>> LocalDatabase
data >>>> LocalDatabase
data >>>> LocalDatabase
data >>>> LocalDatabase
data >>>> LocalDatabase
data >>>> LocalDatabase
data >>>> LocalDatabase
data >>>> LocalDatabase
data >>>> LocalDatabase
data >>>> LocalDatabase
data >>>> LocalDatabase
data >>>> LocalDatabase
data >>>> LocalDatabase
data >>>> LocalDatabase
data >>>> LocalDatabase
data >>>> LocalDatabase
data >>>> LocalDatabase
data >>>> LocalDatabase
data >>>> LocalDatabase
data >>>> LocalDatabase
data >>>> LocalDatabase
data >>>> LocalDatabase
data >>>> LocalDatabase
data >>>> LocalDatabase
data >>>> LocalDatabase
 Connect with ATOM LITE ESP32 Via UART have a proplem
data >>>> LocalDatabase
data >>>> LocalDatabase
data >>>> LocalDatabase
data >>>> LocalDatabase
data >>>> LocalDatabase
data >>>> LocalDatabase
data >>>> LocalDatabase
data >>>> LocalDatabase
data >>>> LocalDatabase
data >>>> LocalDatabase
data >>>> LocalDatabase
data >>>> LocalDatabase
data >>>> LocalDatabase
data >>>> LocalDatabase
data >>>> LocalDatabase
data >>>> LocalDatabase
data >>>> LocalDatabase
data >>>> LocalDatabase
data >>>> LocalDatabase
data >>>> LocalDatabase
data >>>> LocalDatabase
data >>>> LocalDatabase
data >>>> LocalDatabase
data >>>> LocalDatabase
 Connect with ATOM LITE ESP32 Via UART have a proplem
data >>>> LocalDatabase
data >>>> LocalDatabase
data >>>> LocalDatabase
data >>>> LocalDatabase
data >>>> LocalDatabase
data >>>> LocalDatabase
data >>>> LocalDatabase
data >>>> LocalDatabase
data >>>> LocalDatabase
data >>>> LocalDatabase
data >>>> LocalDatabase
data >>>> LocalDatabase
data >>>> LocalDatabase
data >>>> LocalDatabase
data >>>> LocalDatabase
data >>>> LocalDatabase
data >>>> LocalDatabase
data >>>> LocalDatabase
data >>>> LocalDatabase
data >>>> LocalDatabase
data >>>> LocalDatabase
data >>>> LocalDatabase
data >>>> LocalDatabase
data >>>> LocalDatabase
data >>>> LocalDatabase
data >>>> LocalDatabase
data >>>> LocalDatabase
data >>>> LocalDatabase
data >>>> LocalDatabase
data >>>> LocalDatabase
data >>>> LocalDatabase
data >>>> LocalDatabase
data >>>> LocalDatabase
data >>>> LocalDatabase
data >>>> LocalDatabase
data >>>> LocalDatabase
data >>>> LocalDatabase
data >>>> LocalDatabase
data >>>> LocalDatabase
data >>>> LocalDatabase
data >>>> LocalDatabase
data >>>> LocalDatabase
data >>>> LocalDatabase
data >>>> LocalDatabase
data >>>> LocalDatabase
data >>>> LocalDatabase
data >>>> LocalDatabase
data >>>> LocalDatabase
data >>>> LocalDatabase
data >>>> LocalDatabase
data >>>> LocalDatabase
data >>>> LocalDatabase
data >>>> LocalDatabase
data >>>> LocalDatabaseError: NetworkManager is not running.
Error: NetworkManager is not running.
Error: NetworkManager is not running.

data >>>> LocalDatabase
data >>>> LocalDatabase
data >>>> LocalDatabase
data >>>> LocalDatabase
data >>>> LocalDatabase
data >>>> LocalDatabase
data >>>> LocalDatabase
data >>>> LocalDatabase
data >>>> LocalDatabase
data >>>> LocalDatabase
data >>>> LocalDatabase
data >>>> LocalDatabase
data >>>> LocalDatabase
data >>>> LocalDatabase
data >>>> LocalDatabase
data >>>> LocalDatabase
data >>>> LocalDatabase
data >>>> LocalDatabase
data >>>> LocalDatabase
data >>>> LocalDatabase
data >>>> LocalDatabase
data >>>> LocalDatabase
data >>>> LocalDatabase
data >>>> LocalDatabase
data >>>> LocalDatabase
data >>>> LocalDatabase
data >>>> LocalDatabase
data >>>> LocalDatabase
data >>>> LocalDatabase
data >>>> LocalDatabase
 Connect with ATOM LITE ESP32 Via UART have a proplem
data >>>> LocalDatabase
data >>>> LocalDatabase
data >>>> LocalDatabase
data >>>> LocalDatabase
data >>>> LocalDatabase
data >>>> LocalDatabase
data >>>> LocalDatabase
data >>>> LocalDatabase
data >>>> LocalDatabase
data >>>> LocalDatabase
data >>>> LocalDatabase
data >>>> LocalDatabase
 Connect with ATOM LITE ESP32 Via UART have a proplem
data >>>> LocalDatabase
data >>>> LocalDatabase
data >>>> LocalDatabase
data >>>> LocalDatabase
data >>>> LocalDatabase
data >>>> LocalDatabase
data >>>> LocalDatabase
data >>>> LocalDatabase
data >>>> LocalDatabase
data >>>> LocalDatabase
data >>>> LocalDatabase
data >>>> LocalDatabase
data >>>> LocalDatabase
data >>>> LocalDatabase
data >>>> LocalDatabase
data >>>> LocalDatabase
data >>>> LocalDatabase
data >>>> LocalDatabase
data >>>> LocalDatabase
data >>>> LocalDatabase
data >>>> LocalDatabase
data >>>> LocalDatabase
data >>>> LocalDatabase
data >>>> LocalDatabase
data >>>> LocalDatabase
data >>>> LocalDatabase
data >>>> LocalDatabase
data >>>> LocalDatabase
data >>>> LocalDatabase
data >>>> LocalDatabase
data >>>> LocalDatabase
data >>>> LocalDatabase
data >>>> LocalDatabase
data >>>> LocalDatabase
data >>>> LocalDatabase
data >>>> LocalDatabase
data >>>> LocalDatabase
data >>>> LocalDatabase
data >>>> LocalDatabase
data >>>> LocalDatabase
data >>>> LocalDatabase
data >>>> LocalDatabase
data >>>> LocalDatabase
data >>>> LocalDatabase
data >>>> LocalDatabase
data >>>> LocalDatabase
data >>>> LocalDatabase
data >>>> LocalDatabase
data >>>> LocalDatabase
data >>>> LocalDatabase
data >>>> LocalDatabase
data >>>> LocalDatabase
data >>>> LocalDatabase
data >>>> LocalDatabase
data >>>> LocalDatabase
data >>>> LocalDatabase
data >>>> LocalDatabase
data >>>> LocalDatabase
data >>>> LocalDatabase
data >>>> LocalDatabase
data >>>> LocalDatabase
data >>>> LocalDatabase
data >>>> LocalDatabase
data >>>> LocalDatabase
data >>>> LocalDatabase
data >>>> LocalDatabase
data >>>> LocalDatabase
data >>>> LocalDatabase
data >>>> LocalDatabase
data >>>> LocalDatabase
data >>>> LocalDatabase
data >>>> LocalDatabase
data >>>> LocalDatabase
data >>>> LocalDatabase
data >>>> LocalDatabase
 Connect with ATOM LITE ESP32 Via UART have a proplem
data >>>> LocalDatabase
data >>>> LocalDatabase
data >>>> LocalDatabase
data >>>> LocalDatabase
data >>>> LocalDatabase
data >>>> LocalDatabase
data >>>> LocalDatabase
data >>>> LocalDatabase
data >>>> LocalDatabase
data >>>> LocalDatabase
data >>>> LocalDatabase
data >>>> LocalDatabase
data >>>> LocalDatabase
data >>>> LocalDatabase
data >>>> LocalDatabase
data >>>> LocalDatabase
data >>>> LocalDatabase
data >>>> LocalDatabase
data >>>> LocalDatabase
data >>>> LocalDatabase
data >>>> LocalDatabase
data >>>> LocalDatabase
data >>>> LocalDatabase
data >>>> LocalDatabase
data >>>> LocalDatabase
data >>>> LocalDatabase
data >>>> LocalDatabase
data >>>> LocalDatabase
data >>>> LocalDatabase
data >>>> LocalDatabase
data >>>> LocalDatabase
data >>>> LocalDatabase
data >>>> LocalDatabase
data >>>> LocalDatabase
data >>>> LocalDatabase
data >>>> LocalDatabase
data >>>> LocalDatabase
data >>>> LocalDatabase
data >>>> LocalDatabase
data >>>> LocalDatabase
data >>>> LocalDatabase
data >>>> LocalDatabase
data >>>> LocalDatabase
data >>>> LocalDatabase
data >>>> LocalDatabase
data >>>> LocalDatabase
data >>>> LocalDatabase
data >>>> LocalDatabase
data >>>> LocalDatabase
data >>>> LocalDatabase
data >>>> LocalDatabase
data >>>> LocalDatabase
data >>>> LocalDatabase
data >>>> LocalDatabase
data >>>> LocalDatabase
data >>>> LocalDatabase
data >>>> LocalDatabase
data >>>> LocalDatabase
data >>>> LocalDatabase
data >>>> LocalDatabase
 Connect with ATOM LITE ESP32 Via UART have a proplem
data >>>> LocalDatabase
data >>>> LocalDatabase
 Connect with ATOM LITE ESP32 Via UART have a proplem
data >>>> LocalDatabase
data >>>> LocalDatabase
data >>>> LocalDatabase
data >>>> LocalDatabase
data >>>> LocalDatabase
data >>>> LocalDatabase
data >>>> LocalDatabase
data >>>> LocalDatabase
data >>>> LocalDatabase
data >>>> LocalDatabase
data >>>> LocalDatabase
data >>>> LocalDatabase
data >>>> LocalDatabase
data >>>> LocalDatabase
data >>>> LocalDatabase
data >>>> LocalDatabase
 Connect with ATOM LITE ESP32 Via UART have a proplem
data >>>> LocalDatabase
data >>>> LocalDatabase
data >>>> LocalDatabase
data >>>> LocalDatabase
data >>>> LocalDatabase
data >>>> LocalDatabase
data >>>> LocalDatabase
data >>>> LocalDatabase
data >>>> LocalDatabase
data >>>> LocalDatabase
data >>>> LocalDatabase
data >>>> LocalDatabase
data >>>> LocalDatabase
data >>>> LocalDatabase
data >>>> LocalDatabase
data >>>> LocalDatabase
data >>>> LocalDatabase
data >>>> LocalDatabase
data >>>> LocalDatabase
data >>>> LocalDatabase
data >>>> LocalDatabase
data >>>> LocalDatabase
data >>>> LocalDatabase
data >>>> LocalDatabase
data >>>> LocalDatabase
data >>>> LocalDatabase
 Connect with ATOM LITE ESP32 Via UART have a proplem
data >>>> LocalDatabase
data >>>> LocalDatabase
data >>>> LocalDatabase
data >>>> LocalDatabase
data >>>> LocalDatabase
data >>>> LocalDatabase
data >>>> LocalDatabase
data >>>> LocalDatabase
data >>>> LocalDatabase
data >>>> LocalDatabase
data >>>> LocalDatabase
data >>>> LocalDatabase
data >>>> LocalDatabase
data >>>> LocalDatabase
data >>>> LocalDatabase
data >>>> LocalDatabase
data >>>> LocalDatabase
data >>>> LocalDatabase
data >>>> LocalDatabase
data >>>> LocalDatabase
data >>>> LocalDatabase
data >>>> LocalDatabase
data >>>> LocalDatabase
data >>>> LocalDatabase
data >>>> LocalDatabase
data >>>> LocalDatabase
data >>>> LocalDatabase
data >>>> LocalDatabase
data >>>> LocalDatabase
data >>>> LocalDatabase
data >>>> LocalDatabase
data >>>> LocalDatabase
data >>>> LocalDatabase
data >>>> LocalDatabase
data >>>> LocalDatabase
data >>>> LocalDatabase
data >>>> LocalDatabase
data >>>> LocalDatabase
data >>>> LocalDatabase
data >>>> LocalDatabase
data >>>> LocalDatabase
data >>>> LocalDatabase
data >>>> LocalDatabase
data >>>> LocalDatabase
data >>>> LocalDatabase
data >>>> LocalDatabase
data >>>> LocalDatabase
data >>>> LocalDatabase
data >>>> LocalDatabase
data >>>> LocalDatabase
data >>>> LocalDatabase
data >>>> LocalDatabase
data >>>> LocalDatabase
data >>>> LocalDatabase
data >>>> LocalDatabase
data >>>> LocalDatabase
data >>>> LocalDatabase
data >>>> LocalDatabase
data >>>> LocalDatabase
data >>>> LocalDatabase
data >>>> LocalDatabase
data >>>> LocalDatabase
data >>>> LocalDatabase
data >>>> LocalDatabase
data >>>> LocalDatabase
data >>>> LocalDatabase
data >>>> LocalDatabase
data >>>> LocalDatabase
data >>>> LocalDatabase
data >>>> LocalDatabase
data >>>> LocalDatabase
data >>>> LocalDatabase
data >>>> LocalDatabase
data >>>> LocalDatabase
data >>>> LocalDatabase
data >>>> LocalDatabase
data >>>> LocalDatabase
data >>>> LocalDatabase
data >>>> LocalDatabase
data >>>> LocalDatabase
data >>>> LocalDatabase
data >>>> LocalDatabase
data >>>> LocalDatabase
data >>>> LocalDatabase
data >>>> LocalDatabase
data >>>> LocalDatabase
data >>>> LocalDatabase
data >>>> LocalDatabase
data >>>> LocalDatabase
data >>>> LocalDatabase
data >>>> LocalDatabase
data >>>> LocalDatabase
data >>>> LocalDatabase
data >>>> LocalDatabase
 Connect with ATOM LITE ESP32 Via UART have a proplem
data >>>> LocalDatabase
data >>>> LocalDatabase
data >>>> LocalDatabase
data >>>> LocalDatabase
data >>>> LocalDatabase
data >>>> LocalDatabase
data >>>> LocalDatabase
data >>>> LocalDatabase
data >>>> LocalDatabaseError: NetworkManager is not running.

data >>>> LocalDatabase
data >>>> LocalDatabase
data >>>> LocalDatabase
data >>>> LocalDatabase
data >>>> LocalDatabase
data >>>> LocalDatabase
data >>>> LocalDatabase
data >>>> LocalDatabase
data >>>> LocalDatabase
data >>>> LocalDatabase
data >>>> LocalDatabase
data >>>> LocalDatabase
data >>>> LocalDatabase
data >>>> LocalDatabase
data >>>> LocalDatabase
data >>>> LocalDatabase
data >>>> LocalDatabase
data >>>> LocalDatabase
data >>>> LocalDatabase
data >>>> LocalDatabase
data >>>> LocalDatabase
data >>>> LocalDatabase
data >>>> LocalDatabase
data >>>> LocalDatabase
data >>>> LocalDatabase
 Connect with ATOM LITE ESP32 Via UART have a proplem
data >>>> LocalDatabase
data >>>> LocalDatabase
data >>>> LocalDatabase
data >>>> LocalDatabase
data >>>> LocalDatabase
data >>>> LocalDatabase
data >>>> LocalDatabase
data >>>> LocalDatabase
data >>>> LocalDatabase
data >>>> LocalDatabase
data >>>> LocalDatabase
data >>>> LocalDatabase
data >>>> LocalDatabase
data >>>> LocalDatabase
data >>>> LocalDatabase
data >>>> LocalDatabase
data >>>> LocalDatabase
data >>>> LocalDatabase
data >>>> LocalDatabase
data >>>> LocalDatabase
data >>>> LocalDatabase
data >>>> LocalDatabase
data >>>> LocalDatabase
data >>>> LocalDatabase
data >>>> LocalDatabase
data >>>> LocalDatabase
data >>>> LocalDatabase
data >>>> LocalDatabase
data >>>> LocalDatabase
data >>>> LocalDatabase
data >>>> LocalDatabase
data >>>> LocalDatabase
data >>>> LocalDatabase
data >>>> LocalDatabase
 Connect with ATOM LITE ESP32 Via UART have a proplem
 Connect with ATOM LITE ESP32 Via UART have a proplem
data >>>> LocalDatabase
 Connect with ATOM LITE ESP32 Via UART have a proplem
data >>>> LocalDatabase
data >>>> LocalDatabase
data >>>> LocalDatabase
data >>>> LocalDatabase
data >>>> LocalDatabase
data >>>> LocalDatabase
data >>>> LocalDatabase
data >>>> LocalDatabase
data >>>> LocalDatabase
data >>>> LocalDatabase
data >>>> LocalDatabase
data >>>> LocalDatabase
data >>>> LocalDatabase
data >>>> LocalDatabase
data >>>> LocalDatabase
 Connect with ATOM LITE ESP32 Via UART have a proplem
data >>>> LocalDatabase
data >>>> LocalDatabase
data >>>> LocalDatabase
data >>>> LocalDatabase
 Connect with ATOM LITE ESP32 Via UART have a proplem
data >>>> LocalDatabase
data >>>> LocalDatabase
data >>>> LocalDatabase
data >>>> LocalDatabase
data >>>> LocalDatabase
data >>>> LocalDatabase
data >>>> LocalDatabase
data >>>> LocalDatabase
data >>>> LocalDatabase
data >>>> LocalDatabase
data >>>> LocalDatabase
 Connect with ATOM LITE ESP32 Via UART have a proplem
data >>>> LocalDatabase
data >>>> LocalDatabase
data >>>> LocalDatabase
data >>>> LocalDatabase
data >>>> LocalDatabase
data >>>> LocalDatabase
data >>>> LocalDatabase
data >>>> LocalDatabase
data >>>> LocalDatabase
data >>>> LocalDatabase
data >>>> LocalDatabase
data >>>> LocalDatabase
data >>>> LocalDatabase
data >>>> LocalDatabase
data >>>> LocalDatabase
data >>>> LocalDatabase
data >>>> LocalDatabase
 Connect with ATOM LITE ESP32 Via UART have a proplem
data >>>> LocalDatabase
data >>>> LocalDatabase
data >>>> LocalDatabase
 Connect with ATOM LITE ESP32 Via UART have a proplem
data >>>> LocalDatabase
data >>>> LocalDatabase
 Connect with ATOM LITE ESP32 Via UART have a proplem
data >>>> LocalDatabase
data >>>> LocalDatabase
 Connect with ATOM LITE ESP32 Via UART have a proplem
data >>>> LocalDatabase
data >>>> LocalDatabase
 Connect with ATOM LITE ESP32 Via UART have a proplem
data >>>> LocalDatabase
data >>>> LocalDatabase
data >>>> LocalDatabase
 Connect with ATOM LITE ESP32 Via UART have a proplem
data >>>> LocalDatabase
data >>>> LocalDatabase
 Connect with ATOM LITE ESP32 Via UART have a proplem
data >>>> LocalDatabase
data >>>> LocalDatabase
data >>>> LocalDatabase
data >>>> LocalDatabase
 Connect with ATOM LITE ESP32 Via UART have a proplem
data >>>> LocalDatabase
data >>>> LocalDatabase
data >>>> LocalDatabase
data >>>> LocalDatabase
data >>>> LocalDatabase
data >>>> LocalDatabase
data >>>> LocalDatabase
data >>>> LocalDatabase
data >>>> LocalDatabase
data >>>> LocalDatabase
data >>>> LocalDatabase
data >>>> LocalDatabase
data >>>> LocalDatabase
data >>>> LocalDatabase
data >>>> LocalDatabase
 Connect with ATOM LITE ESP32 Via UART have a proplem
data >>>> LocalDatabase
data >>>> LocalDatabase
data >>>> LocalDatabase
data >>>> LocalDatabase
data >>>> LocalDatabase
data >>>> LocalDatabase
data >>>> LocalDatabase
data >>>> LocalDatabase
data >>>> LocalDatabase
data >>>> LocalDatabase
data >>>> LocalDatabase
data >>>> LocalDatabase
data >>>> LocalDatabase
data >>>> LocalDatabase
data >>>> LocalDatabase
data >>>> LocalDatabase
data >>>> LocalDatabase
data >>>> LocalDatabase
data >>>> LocalDatabase
data >>>> LocalDatabase
data >>>> LocalDatabase
data >>>> LocalDatabase
data >>>> LocalDatabase
 Connect with ATOM LITE ESP32 Via UART have a proplem
data >>>> LocalDatabase
data >>>> LocalDatabase
data >>>> LocalDatabase
data >>>> LocalDatabase
data >>>> LocalDatabase
data >>>> LocalDatabase
data >>>> LocalDatabase
data >>>> LocalDatabase
data >>>> LocalDatabase
data >>>> LocalDatabase
data >>>> LocalDatabase
data >>>> LocalDatabase
data >>>> LocalDatabase
data >>>> LocalDatabase
data >>>> LocalDatabase
data >>>> LocalDatabase
data >>>> LocalDatabase
data >>>> LocalDatabase
data >>>> LocalDatabase
data >>>> LocalDatabase
data >>>> LocalDatabase
data >>>> LocalDatabase
data >>>> LocalDatabase
data >>>> LocalDatabase
data >>>> LocalDatabase
data >>>> LocalDatabase
data >>>> LocalDatabase
data >>>> LocalDatabase
data >>>> LocalDatabase
data >>>> LocalDatabase
data >>>> LocalDatabase
data >>>> LocalDatabase
data >>>> LocalDatabase
data >>>> LocalDatabase
data >>>> LocalDatabase
data >>>> LocalDatabase
data >>>> LocalDatabase
data >>>> LocalDatabase
data >>>> LocalDatabase
data >>>> LocalDatabase
data >>>> LocalDatabase
data >>>> LocalDatabase
data >>>> LocalDatabase
data >>>> LocalDatabase
data >>>> LocalDatabase
data >>>> LocalDatabase
data >>>> LocalDatabase
data >>>> LocalDatabase
data >>>> LocalDatabase
data >>>> LocalDatabase
data >>>> LocalDatabase
data >>>> LocalDatabase
data >>>> LocalDatabase
data >>>> LocalDatabase
data >>>> LocalDatabase
data >>>> LocalDatabase
data >>>> LocalDatabase
data >>>> LocalDatabase
data >>>> LocalDatabase
data >>>> LocalDatabase
data >>>> LocalDatabase
data >>>> LocalDatabase
 Connect with ATOM LITE ESP32 Via UART have a proplem
data >>>> LocalDatabase
data >>>> LocalDatabase
data >>>> LocalDatabase
data >>>> LocalDatabase
data >>>> LocalDatabase
data >>>> LocalDatabase
data >>>> LocalDatabase
data >>>> LocalDatabase
data >>>> LocalDatabase
data >>>> LocalDatabase
data >>>> LocalDatabase
 Connect with ATOM LITE ESP32 Via UART have a proplem
data >>>> LocalDatabase
data >>>> LocalDatabase
data >>>> LocalDatabase
 Connect with ATOM LITE ESP32 Via UART have a proplem
data >>>> LocalDatabase
data >>>> LocalDatabase
 Connect with ATOM LITE ESP32 Via UART have a proplem
data >>>> LocalDatabase
data >>>> LocalDatabase
data >>>> LocalDatabase
data >>>> LocalDatabase
data >>>> LocalDatabase
data >>>> LocalDatabase
data >>>> LocalDatabase
data >>>> LocalDatabase
data >>>> LocalDatabase
data >>>> LocalDatabase
data >>>> LocalDatabase
data >>>> LocalDatabase
data >>>> LocalDatabase
data >>>> LocalDatabase
data >>>> LocalDatabase
data >>>> LocalDatabase
 Connect with ATOM LITE ESP32 Via UART have a proplem
data >>>> LocalDatabase
data >>>> LocalDatabase
data >>>> LocalDatabase
data >>>> LocalDatabase
 Connect with ATOM LITE ESP32 Via UART have a proplem
data >>>> LocalDatabase
data >>>> LocalDatabase
data >>>> LocalDatabase
data >>>> LocalDatabase
data >>>> LocalDatabase
data >>>> LocalDatabase
data >>>> LocalDatabase
 Connect with ATOM LITE ESP32 Via UART have a proplem
data >>>> LocalDatabase
data >>>> LocalDatabase
data >>>> LocalDatabase
data >>>> LocalDatabase
data >>>> LocalDatabase
data >>>> LocalDatabase
data >>>> LocalDatabase
data >>>> LocalDatabase
 Connect with ATOM LITE ESP32 Via UART have a proplem
data >>>> LocalDatabase
data >>>> LocalDatabase
data >>>> LocalDatabase
data >>>> LocalDatabase
data >>>> LocalDatabase
data >>>> LocalDatabase
data >>>> LocalDatabase
data >>>> LocalDatabase
data >>>> LocalDatabase
data >>>> LocalDatabaseError: NetworkManager is not running.
Error: NetworkManager is not running.
Error: NetworkManager is not running.
Error: NetworkManager is not running.

data >>>> LocalDatabase
data >>>> LocalDatabase
data >>>> LocalDatabase
data >>>> LocalDatabase
data >>>> LocalDatabase
data >>>> LocalDatabase
data >>>> LocalDatabase
data >>>> LocalDatabase
data >>>> LocalDatabase
data >>>> LocalDatabase
data >>>> LocalDatabase
data >>>> LocalDatabase
data >>>> LocalDatabase
data >>>> LocalDatabase
data >>>> LocalDatabase
data >>>> LocalDatabase
data >>>> LocalDatabase
data >>>> LocalDatabase
data >>>> LocalDatabase
data >>>> LocalDatabase
data >>>> LocalDatabase
data >>>> LocalDatabase
data >>>> LocalDatabase
data >>>> LocalDatabase
 Connect with ATOM LITE ESP32 Via UART have a proplem
data >>>> LocalDatabase
data >>>> LocalDatabase
data >>>> LocalDatabase
data >>>> LocalDatabase
data >>>> LocalDatabase
data >>>> LocalDatabase
data >>>> LocalDatabase
data >>>> LocalDatabase
data >>>> LocalDatabase
data >>>> LocalDatabase
 Connect with ATOM LITE ESP32 Via UART have a proplem
data >>>> LocalDatabase
data >>>> LocalDatabase
data >>>> LocalDatabase
data >>>> LocalDatabase
data >>>> LocalDatabase
data >>>> LocalDatabase
data >>>> LocalDatabase
data >>>> LocalDatabase
data >>>> LocalDatabase
data >>>> LocalDatabase
 Connect with ATOM LITE ESP32 Via UART have a proplem
data >>>> LocalDatabase
data >>>> LocalDatabase
data >>>> LocalDatabase
data >>>> LocalDatabase
data >>>> LocalDatabase
data >>>> LocalDatabase
data >>>> LocalDatabase
data >>>> LocalDatabase
data >>>> LocalDatabase
data >>>> LocalDatabase
data >>>> LocalDatabase
data >>>> LocalDatabase
data >>>> LocalDatabase
data >>>> LocalDatabase
data >>>> LocalDatabase
data >>>> LocalDatabase
data >>>> LocalDatabase
data >>>> LocalDatabase
data >>>> LocalDatabase
data >>>> LocalDatabase
data >>>> LocalDatabase
data >>>> LocalDatabase
data >>>> LocalDatabase
data >>>> LocalDatabase
data >>>> LocalDatabase
data >>>> LocalDatabase
data >>>> LocalDatabase
data >>>> LocalDatabase
data >>>> LocalDatabase
data >>>> LocalDatabase
data >>>> LocalDatabase
data >>>> LocalDatabase
data >>>> LocalDatabase
data >>>> LocalDatabase
data >>>> LocalDatabase
data >>>> LocalDatabase
data >>>> LocalDatabase
data >>>> LocalDatabase
data >>>> LocalDatabase
data >>>> LocalDatabase
data >>>> LocalDatabase
data >>>> LocalDatabase
data >>>> LocalDatabase
data >>>> LocalDatabase
data >>>> LocalDatabase
data >>>> LocalDatabase
data >>>> LocalDatabase
data >>>> LocalDatabase
data >>>> LocalDatabase
data >>>> LocalDatabase
data >>>> LocalDatabase
data >>>> LocalDatabase
data >>>> LocalDatabase
data >>>> LocalDatabase
data >>>> LocalDatabase
data >>>> LocalDatabase
data >>>> LocalDatabase
data >>>> LocalDatabase
data >>>> LocalDatabase
data >>>> LocalDatabase
data >>>> LocalDatabase
data >>>> LocalDatabase
data >>>> LocalDatabase
data >>>> LocalDatabase
data >>>> LocalDatabase
data >>>> LocalDatabase
data >>>> LocalDatabase
data >>>> LocalDatabase
data >>>> LocalDatabase
data >>>> LocalDatabase
data >>>> LocalDatabase
data >>>> LocalDatabase
data >>>> LocalDatabase
data >>>> LocalDatabase
data >>>> LocalDatabase
data >>>> LocalDatabase
data >>>> LocalDatabase
data >>>> LocalDatabase
data >>>> LocalDatabase
data >>>> LocalDatabase
data >>>> LocalDatabase
data >>>> LocalDatabase
data >>>> LocalDatabase
data >>>> LocalDatabase
data >>>> LocalDatabase
data >>>> LocalDatabase
data >>>> LocalDatabase
data >>>> LocalDatabase
data >>>> LocalDatabase
data >>>> LocalDatabase
data >>>> LocalDatabase
data >>>> LocalDatabase
data >>>> LocalDatabase
data >>>> LocalDatabase
data >>>> LocalDatabase
data >>>> LocalDatabase
data >>>> LocalDatabase
data >>>> LocalDatabase
data >>>> LocalDatabase
data >>>> LocalDatabase
data >>>> LocalDatabase
data >>>> LocalDatabase
data >>>> LocalDatabase
data >>>> LocalDatabase
data >>>> LocalDatabase
data >>>> LocalDatabase
data >>>> LocalDatabase
data >>>> LocalDatabase
data >>>> LocalDatabase
data >>>> LocalDatabase
data >>>> LocalDatabase
data >>>> LocalDatabase
data >>>> LocalDatabase
data >>>> LocalDatabase
data >>>> LocalDatabase
data >>>> LocalDatabase
data >>>> LocalDatabase
data >>>> LocalDatabase
data >>>> LocalDatabase
data >>>> LocalDatabase
data >>>> LocalDatabase
data >>>> LocalDatabase
data >>>> LocalDatabase
data >>>> LocalDatabase
data >>>> LocalDatabase
data >>>> LocalDatabase
data >>>> LocalDatabase
data >>>> LocalDatabase
data >>>> LocalDatabase
data >>>> LocalDatabase
data >>>> LocalDatabase
data >>>> LocalDatabase
data >>>> LocalDatabase
data >>>> LocalDatabase
data >>>> LocalDatabase
data >>>> LocalDatabase
data >>>> LocalDatabase
data >>>> LocalDatabase
data >>>> LocalDatabase
data >>>> LocalDatabase
data >>>> LocalDatabase
data >>>> LocalDatabase
data >>>> LocalDatabase
data >>>> LocalDatabase
data >>>> LocalDatabase
data >>>> LocalDatabase
data >>>> LocalDatabase
data >>>> LocalDatabase
data >>>> LocalDatabase
data >>>> LocalDatabase
data >>>> LocalDatabase
data >>>> LocalDatabase
data >>>> LocalDatabase
data >>>> LocalDatabase
data >>>> LocalDatabase
data >>>> LocalDatabase
data >>>> LocalDatabase
data >>>> LocalDatabase
data >>>> LocalDatabase
data >>>> LocalDatabase
data >>>> LocalDatabase
data >>>> LocalDatabase
data >>>> LocalDatabase
data >>>> LocalDatabase
data >>>> LocalDatabase
data >>>> LocalDatabase
data >>>> LocalDatabase
data >>>> LocalDatabase
data >>>> LocalDatabase
data >>>> LocalDatabase
data >>>> LocalDatabase
data >>>> LocalDatabase
data >>>> LocalDatabase
data >>>> LocalDatabase
data >>>> LocalDatabase
 Connect with ATOM LITE ESP32 Via UART have a proplem
data >>>> LocalDatabase
data >>>> LocalDatabase
data >>>> LocalDatabase
data >>>> LocalDatabase
data >>>> LocalDatabase
data >>>> LocalDatabase
data >>>> LocalDatabase
data >>>> LocalDatabase
data >>>> LocalDatabase
data >>>> LocalDatabase
data >>>> LocalDatabase
data >>>> LocalDatabase
data >>>> LocalDatabase
data >>>> LocalDatabase
data >>>> LocalDatabase
data >>>> LocalDatabase
data >>>> LocalDatabase
data >>>> LocalDatabase
data >>>> LocalDatabase
data >>>> LocalDatabase
data >>>> LocalDatabase
data >>>> LocalDatabase
data >>>> LocalDatabase
data >>>> LocalDatabase
data >>>> LocalDatabase
data >>>> LocalDatabase
data >>>> LocalDatabase
data >>>> LocalDatabase
data >>>> LocalDatabase
data >>>> LocalDatabase
data >>>> LocalDatabase
data >>>> LocalDatabase
data >>>> LocalDatabase
data >>>> LocalDatabase
data >>>> LocalDatabase
 Connect with ATOM LITE ESP32 Via UART have a proplem
data >>>> LocalDatabase
data >>>> LocalDatabase
data >>>> LocalDatabase
data >>>> LocalDatabase
data >>>> LocalDatabase
data >>>> LocalDatabase
data >>>> LocalDatabase
data >>>> LocalDatabase
data >>>> LocalDatabase
data >>>> LocalDatabase
data >>>> LocalDatabase
data >>>> LocalDatabase
data >>>> LocalDatabase
data >>>> LocalDatabase
data >>>> LocalDatabase
data >>>> LocalDatabase
data >>>> LocalDatabase
data >>>> LocalDatabase
data >>>> LocalDatabase
data >>>> LocalDatabase
data >>>> LocalDatabase
data >>>> LocalDatabase
data >>>> LocalDatabase
data >>>> LocalDatabase
data >>>> LocalDatabase
data >>>> LocalDatabase
data >>>> LocalDatabase
data >>>> LocalDatabase
data >>>> LocalDatabase
data >>>> LocalDatabase
data >>>> LocalDatabase
data >>>> LocalDatabase
data >>>> LocalDatabase
data >>>> LocalDatabase
data >>>> LocalDatabase
data >>>> LocalDatabase
data >>>> LocalDatabase
data >>>> LocalDatabase
data >>>> LocalDatabase
data >>>> LocalDatabase
data >>>> LocalDatabase
data >>>> LocalDatabase
data >>>> LocalDatabase
data >>>> LocalDatabase
data >>>> LocalDatabase
data >>>> LocalDatabase
data >>>> LocalDatabase
data >>>> LocalDatabase
data >>>> LocalDatabase
data >>>> LocalDatabase
data >>>> LocalDatabase
data >>>> LocalDatabase
data >>>> LocalDatabase
data >>>> LocalDatabase
data >>>> LocalDatabase
data >>>> LocalDatabase
data >>>> LocalDatabase
data >>>> LocalDatabase
data >>>> LocalDatabase
data >>>> LocalDatabase
data >>>> LocalDatabase
data >>>> LocalDatabase
data >>>> LocalDatabase
data >>>> LocalDatabase
data >>>> LocalDatabase
data >>>> LocalDatabase
data >>>> LocalDatabase
data >>>> LocalDatabase
data >>>> LocalDatabase
data >>>> LocalDatabase
data >>>> LocalDatabase
data >>>> LocalDatabase
data >>>> LocalDatabase
data >>>> LocalDatabase
data >>>> LocalDatabase
data >>>> LocalDatabase
data >>>> LocalDatabaseError: NetworkManager is not running.
Error: NetworkManager is not running.
Error: NetworkManager is not running.

data >>>> LocalDatabase
data >>>> LocalDatabase
data >>>> LocalDatabase
data >>>> LocalDatabase
data >>>> LocalDatabase
data >>>> LocalDatabase
data >>>> LocalDatabase
data >>>> LocalDatabase
data >>>> LocalDatabase
data >>>> LocalDatabase
data >>>> LocalDatabase
data >>>> LocalDatabase
data >>>> LocalDatabase
data >>>> LocalDatabase
data >>>> LocalDatabase
data >>>> LocalDatabase
data >>>> LocalDatabase
data >>>> LocalDatabase
data >>>> LocalDatabase
data >>>> LocalDatabase
data >>>> LocalDatabase
data >>>> LocalDatabase
data >>>> LocalDatabase
data >>>> LocalDatabase
data >>>> LocalDatabase
data >>>> LocalDatabase
data >>>> LocalDatabase
data >>>> LocalDatabase
data >>>> LocalDatabase
data >>>> LocalDatabase
data >>>> LocalDatabase
data >>>> LocalDatabase
data >>>> LocalDatabase
data >>>> LocalDatabase
data >>>> LocalDatabase
data >>>> LocalDatabase
data >>>> LocalDatabase
data >>>> LocalDatabase
data >>>> LocalDatabase
data >>>> LocalDatabase
data >>>> LocalDatabase
data >>>> LocalDatabase
data >>>> LocalDatabase
data >>>> LocalDatabase
data >>>> LocalDatabase
data >>>> LocalDatabase
data >>>> LocalDatabase
data >>>> LocalDatabase
data >>>> LocalDatabase
 Connect with ATOM LITE ESP32 Via UART have a proplem
data >>>> LocalDatabase
data >>>> LocalDatabase
data >>>> LocalDatabase
data >>>> LocalDatabase
data >>>> LocalDatabase
data >>>> LocalDatabase
data >>>> LocalDatabase
data >>>> LocalDatabase
data >>>> LocalDatabase
 Connect with ATOM LITE ESP32 Via UART have a proplem
data >>>> LocalDatabase
data >>>> LocalDatabase
data >>>> LocalDatabase
data >>>> LocalDatabase
data >>>> LocalDatabase
data >>>> LocalDatabase
data >>>> LocalDatabase
data >>>> LocalDatabase
data >>>> LocalDatabase
data >>>> LocalDatabase
data >>>> LocalDatabase
data >>>> LocalDatabase
data >>>> LocalDatabase
data >>>> LocalDatabase
data >>>> LocalDatabase
data >>>> LocalDatabase
data >>>> LocalDatabase
data >>>> LocalDatabase
data >>>> LocalDatabase
data >>>> LocalDatabase
data >>>> LocalDatabase
data >>>> LocalDatabase
data >>>> LocalDatabase
data >>>> LocalDatabase
data >>>> LocalDatabase
data >>>> LocalDatabase
data >>>> LocalDatabase
data >>>> LocalDatabase
 Connect with ATOM LITE ESP32 Via UART have a proplem
data >>>> LocalDatabase
data >>>> LocalDatabase
data >>>> LocalDatabase
data >>>> LocalDatabase
data >>>> LocalDatabase
data >>>> LocalDatabase
data >>>> LocalDatabase
data >>>> LocalDatabase
data >>>> LocalDatabase
data >>>> LocalDatabase
data >>>> LocalDatabase
 Connect with ATOM LITE ESP32 Via UART have a proplem
data >>>> LocalDatabase
data >>>> LocalDatabase
data >>>> LocalDatabase
data >>>> LocalDatabase
data >>>> LocalDatabase
data >>>> LocalDatabase
data >>>> LocalDatabase
data >>>> LocalDatabase
 Connect with ATOM LITE ESP32 Via UART have a proplem
data >>>> LocalDatabase
data >>>> LocalDatabase
data >>>> LocalDatabase
data >>>> LocalDatabase
data >>>> LocalDatabase
data >>>> LocalDatabase
data >>>> LocalDatabase
data >>>> LocalDatabase
data >>>> LocalDatabase
data >>>> LocalDatabase
data >>>> LocalDatabase
data >>>> LocalDatabase
data >>>> LocalDatabase
data >>>> LocalDatabase
data >>>> LocalDatabase
data >>>> LocalDatabase
data >>>> LocalDatabase
data >>>> LocalDatabase
data >>>> LocalDatabase
data >>>> LocalDatabase
data >>>> LocalDatabase
data >>>> LocalDatabase
 Connect with ATOM LITE ESP32 Via UART have a proplem
data >>>> LocalDatabase
data >>>> LocalDatabase
data >>>> LocalDatabase
data >>>> LocalDatabase
data >>>> LocalDatabase
data >>>> LocalDatabase
data >>>> LocalDatabase
data >>>> LocalDatabase
data >>>> LocalDatabase
data >>>> LocalDatabase
data >>>> LocalDatabase
data >>>> LocalDatabase
data >>>> LocalDatabase
data >>>> LocalDatabase
data >>>> LocalDatabase
data >>>> LocalDatabase
data >>>> LocalDatabase
data >>>> LocalDatabase
data >>>> LocalDatabase
data >>>> LocalDatabase
data >>>> LocalDatabase
data >>>> LocalDatabase
data >>>> LocalDatabase
data >>>> LocalDatabase
data >>>> LocalDatabase
data >>>> LocalDatabase
data >>>> LocalDatabase
data >>>> LocalDatabase
data >>>> LocalDatabase
data >>>> LocalDatabase
data >>>> LocalDatabase
data >>>> LocalDatabase
data >>>> LocalDatabase
data >>>> LocalDatabase
data >>>> LocalDatabase
data >>>> LocalDatabase
data >>>> LocalDatabase
data >>>> LocalDatabase
data >>>> LocalDatabase
data >>>> LocalDatabase
data >>>> LocalDatabase
data >>>> LocalDatabase
data >>>> LocalDatabase
data >>>> LocalDatabase
data >>>> LocalDatabase
data >>>> LocalDatabase
data >>>> LocalDatabase
data >>>> LocalDatabase
data >>>> LocalDatabase
data >>>> LocalDatabase
data >>>> LocalDatabase
data >>>> LocalDatabase
data >>>> LocalDatabase
data >>>> LocalDatabase
data >>>> LocalDatabase
data >>>> LocalDatabase
data >>>> LocalDatabase
data >>>> LocalDatabase
 Connect with ATOM LITE ESP32 Via UART have a proplem
data >>>> LocalDatabase
data >>>> LocalDatabase
data >>>> LocalDatabase
data >>>> LocalDatabase
data >>>> LocalDatabase
data >>>> LocalDatabase
data >>>> LocalDatabase
data >>>> LocalDatabase
data >>>> LocalDatabase
data >>>> LocalDatabase
data >>>> LocalDatabase
data >>>> LocalDatabase
 Connect with ATOM LITE ESP32 Via UART have a proplem
 Connect with ATOM LITE ESP32 Via UART have a proplem
data >>>> LocalDatabase
 Connect with ATOM LITE ESP32 Via UART have a proplem
data >>>> LocalDatabase
data >>>> LocalDatabase
data >>>> LocalDatabase
data >>>> LocalDatabase
data >>>> LocalDatabase
data >>>> LocalDatabase
data >>>> LocalDatabase
data >>>> LocalDatabase
data >>>> LocalDatabase
data >>>> LocalDatabase
data >>>> LocalDatabase
data >>>> LocalDatabase
data >>>> LocalDatabase
data >>>> LocalDatabase
data >>>> LocalDatabase
data >>>> LocalDatabase
data >>>> LocalDatabase
data >>>> LocalDatabase
data >>>> LocalDatabase
data >>>> LocalDatabase
data >>>> LocalDatabase
data >>>> LocalDatabase
data >>>> LocalDatabase
data >>>> LocalDatabase
data >>>> LocalDatabase
data >>>> LocalDatabase
data >>>> LocalDatabase
data >>>> LocalDatabase
data >>>> LocalDatabase
data >>>> LocalDatabase
data >>>> LocalDatabase
data >>>> LocalDatabase
data >>>> LocalDatabase
data >>>> LocalDatabase
data >>>> LocalDatabase
data >>>> LocalDatabase
data >>>> LocalDatabase
data >>>> LocalDatabase
data >>>> LocalDatabase
data >>>> LocalDatabase
data >>>> LocalDatabase
data >>>> LocalDatabase
data >>>> LocalDatabase
data >>>> LocalDatabase
data >>>> LocalDatabase
data >>>> LocalDatabase
data >>>> LocalDatabase
data >>>> LocalDatabase
data >>>> LocalDatabase
data >>>> LocalDatabase
data >>>> LocalDatabase
data >>>> LocalDatabase
data >>>> LocalDatabase
data >>>> LocalDatabase
data >>>> LocalDatabase
data >>>> LocalDatabase
data >>>> LocalDatabase
data >>>> LocalDatabase
data >>>> LocalDatabase
data >>>> LocalDatabase
data >>>> LocalDatabase
data >>>> LocalDatabase
data >>>> LocalDatabase
data >>>> LocalDatabase
data >>>> LocalDatabase
data >>>> LocalDatabase
data >>>> LocalDatabase
data >>>> LocalDatabase
data >>>> LocalDatabase
data >>>> LocalDatabase
data >>>> LocalDatabase
data >>>> LocalDatabase
data >>>> LocalDatabase
data >>>> LocalDatabase
data >>>> LocalDatabase
data >>>> LocalDatabase
data >>>> LocalDatabase
data >>>> LocalDatabase
data >>>> LocalDatabase
data >>>> LocalDatabase
data >>>> LocalDatabase
data >>>> LocalDatabase
data >>>> LocalDatabase
data >>>> LocalDatabase
data >>>> LocalDatabase
data >>>> LocalDatabase
data >>>> LocalDatabase
data >>>> LocalDatabase
data >>>> LocalDatabase
data >>>> LocalDatabase
data >>>> LocalDatabase
data >>>> LocalDatabase
data >>>> LocalDatabase
data >>>> LocalDatabase
data >>>> LocalDatabase
data >>>> LocalDatabase
data >>>> LocalDatabase
data >>>> LocalDatabase
data >>>> LocalDatabase
data >>>> LocalDatabase
data >>>> LocalDatabase
data >>>> LocalDatabase
data >>>> LocalDatabase
data >>>> LocalDatabase
data >>>> LocalDatabase
 Connect with ATOM LITE ESP32 Via UART have a proplem
data >>>> LocalDatabase
data >>>> LocalDatabase
data >>>> LocalDatabase
data >>>> LocalDatabase
data >>>> LocalDatabase
data >>>> LocalDatabase
data >>>> LocalDatabase
data >>>> LocalDatabase
data >>>> LocalDatabase
data >>>> LocalDatabase
data >>>> LocalDatabase
data >>>> LocalDatabase
data >>>> LocalDatabase
data >>>> LocalDatabaseError: NetworkManager is not running.
Error: NetworkManager is not running.
Error: NetworkManager is not running.
Error: NetworkManager is not running.
Error: NetworkManager is not running.
Error: NetworkManager is not running.
Error: NetworkManager is not running.

data >>>> LocalDatabase
data >>>> LocalDatabase
data >>>> LocalDatabase
data >>>> LocalDatabase
data >>>> LocalDatabase
 Connect with ATOM LITE ESP32 Via UART have a proplem
data >>>> LocalDatabase
 Connect with ATOM LITE ESP32 Via UART have a proplem
data >>>> LocalDatabase
data >>>> LocalDatabase
data >>>> LocalDatabase
data >>>> LocalDatabase
data >>>> LocalDatabase
data >>>> LocalDatabase
data >>>> LocalDatabase
data >>>> LocalDatabase
data >>>> LocalDatabase
data >>>> LocalDatabase
data >>>> LocalDatabase
data >>>> LocalDatabase
data >>>> LocalDatabase
data >>>> LocalDatabase
data >>>> LocalDatabase
data >>>> LocalDatabase
data >>>> LocalDatabase
data >>>> LocalDatabase
data >>>> LocalDatabase
data >>>> LocalDatabase
data >>>> LocalDatabase
data >>>> LocalDatabase
data >>>> LocalDatabase
data >>>> LocalDatabase
data >>>> LocalDatabase
data >>>> LocalDatabase
data >>>> LocalDatabase
data >>>> LocalDatabase
data >>>> LocalDatabase
data >>>> LocalDatabase
data >>>> LocalDatabase
data >>>> LocalDatabase
data >>>> LocalDatabase
data >>>> LocalDatabase
data >>>> LocalDatabase
data >>>> LocalDatabase
data >>>> LocalDatabase
data >>>> LocalDatabase
data >>>> LocalDatabase
data >>>> LocalDatabase
data >>>> LocalDatabase
data >>>> LocalDatabase
data >>>> LocalDatabase
data >>>> LocalDatabase
data >>>> LocalDatabase
data >>>> LocalDatabase
data >>>> LocalDatabase
data >>>> LocalDatabase
data >>>> LocalDatabase
data >>>> LocalDatabase
data >>>> LocalDatabase
data >>>> LocalDatabase
data >>>> LocalDatabase
data >>>> LocalDatabase
data >>>> LocalDatabase
data >>>> LocalDatabase
data >>>> LocalDatabase
data >>>> LocalDatabase
data >>>> LocalDatabase
data >>>> LocalDatabase
data >>>> LocalDatabase
data >>>> LocalDatabase
data >>>> LocalDatabase
data >>>> LocalDatabase
data >>>> LocalDatabase
data >>>> LocalDatabase
data >>>> LocalDatabase
data >>>> LocalDatabase
data >>>> LocalDatabase
data >>>> LocalDatabase
data >>>> LocalDatabase
data >>>> LocalDatabase
data >>>> LocalDatabase
data >>>> LocalDatabase
data >>>> LocalDatabase
data >>>> LocalDatabase
data >>>> LocalDatabase
data >>>> LocalDatabase
data >>>> LocalDatabase
data >>>> LocalDatabase
data >>>> LocalDatabase
data >>>> LocalDatabase
data >>>> LocalDatabase
data >>>> LocalDatabase
data >>>> LocalDatabase
data >>>> LocalDatabase
data >>>> LocalDatabase
data >>>> LocalDatabase
data >>>> LocalDatabase
data >>>> LocalDatabase
data >>>> LocalDatabase
data >>>> LocalDatabase
data >>>> LocalDatabase
data >>>> LocalDatabase
data >>>> LocalDatabase
data >>>> LocalDatabase
data >>>> LocalDatabase
data >>>> LocalDatabase
data >>>> LocalDatabase
data >>>> LocalDatabase
data >>>> LocalDatabase
data >>>> LocalDatabase
data >>>> LocalDatabase
data >>>> LocalDatabase
data >>>> LocalDatabase
data >>>> LocalDatabase
data >>>> LocalDatabase
data >>>> LocalDatabase
data >>>> LocalDatabase
data >>>> LocalDatabase
data >>>> LocalDatabase
data >>>> LocalDatabase
data >>>> LocalDatabase
data >>>> LocalDatabase
data >>>> LocalDatabase
data >>>> LocalDatabase
data >>>> LocalDatabase
data >>>> LocalDatabase
data >>>> LocalDatabase
data >>>> LocalDatabase
data >>>> LocalDatabase
data >>>> LocalDatabase
data >>>> LocalDatabase
data >>>> LocalDatabase
data >>>> LocalDatabase
data >>>> LocalDatabase
data >>>> LocalDatabase
data >>>> LocalDatabase
data >>>> LocalDatabase
data >>>> LocalDatabase
data >>>> LocalDatabase
data >>>> LocalDatabase
data >>>> LocalDatabase
data >>>> LocalDatabase
data >>>> LocalDatabase
data >>>> LocalDatabase
data >>>> LocalDatabase
data >>>> LocalDatabase
data >>>> LocalDatabase
data >>>> LocalDatabase
data >>>> LocalDatabase
data >>>> LocalDatabase
data >>>> LocalDatabase
data >>>> LocalDatabase
data >>>> LocalDatabase
data >>>> LocalDatabase
data >>>> LocalDatabase
data >>>> LocalDatabase
data >>>> LocalDatabase
data >>>> LocalDatabase
data >>>> LocalDatabase
data >>>> LocalDatabase
data >>>> LocalDatabase
data >>>> LocalDatabase
data >>>> LocalDatabase
data >>>> LocalDatabase
data >>>> LocalDatabase
data >>>> LocalDatabase
data >>>> LocalDatabase
data >>>> LocalDatabase
data >>>> LocalDatabase
data >>>> LocalDatabase
data >>>> LocalDatabase
data >>>> LocalDatabase
data >>>> LocalDatabase
data >>>> LocalDatabase
data >>>> LocalDatabase
data >>>> LocalDatabase
data >>>> LocalDatabase
data >>>> LocalDatabase
data >>>> LocalDatabase
data >>>> LocalDatabase
data >>>> LocalDatabase
data >>>> LocalDatabase
data >>>> LocalDatabase
data >>>> LocalDatabase
data >>>> LocalDatabase
data >>>> LocalDatabase
data >>>> LocalDatabase
data >>>> LocalDatabase
data >>>> LocalDatabase
data >>>> LocalDatabase
data >>>> LocalDatabase
data >>>> LocalDatabase
data >>>> LocalDatabase
data >>>> LocalDatabase
data >>>> LocalDatabase
data >>>> LocalDatabase
data >>>> LocalDatabase
data >>>> LocalDatabase
data >>>> LocalDatabase
data >>>> LocalDatabase
data >>>> LocalDatabase
data >>>> LocalDatabase
data >>>> LocalDatabase
data >>>> LocalDatabase
data >>>> LocalDatabase
data >>>> LocalDatabase
data >>>> LocalDatabase
data >>>> LocalDatabase
data >>>> LocalDatabase
data >>>> LocalDatabase
data >>>> LocalDatabase
data >>>> LocalDatabase
data >>>> LocalDatabase
data >>>> LocalDatabase
data >>>> LocalDatabase
data >>>> LocalDatabase
data >>>> LocalDatabase
data >>>> LocalDatabase
data >>>> LocalDatabase
data >>>> LocalDatabase
data >>>> LocalDatabase
data >>>> LocalDatabase
data >>>> LocalDatabase
data >>>> LocalDatabase
data >>>> LocalDatabase
data >>>> LocalDatabase
data >>>> LocalDatabase
data >>>> LocalDatabase
data >>>> LocalDatabase
data >>>> LocalDatabase
data >>>> LocalDatabase
data >>>> LocalDatabase
data >>>> LocalDatabase
data >>>> LocalDatabase
data >>>> LocalDatabase
data >>>> LocalDatabase
data >>>> LocalDatabase
data >>>> LocalDatabase
data >>>> LocalDatabase
data >>>> LocalDatabase
data >>>> LocalDatabase
data >>>> LocalDatabase
data >>>> LocalDatabase
data >>>> LocalDatabase
data >>>> LocalDatabase
data >>>> LocalDatabase
data >>>> LocalDatabase
data >>>> LocalDatabase
data >>>> LocalDatabase
data >>>> LocalDatabase
data >>>> LocalDatabase
data >>>> LocalDatabase
data >>>> LocalDatabase
data >>>> LocalDatabase
data >>>> LocalDatabase
data >>>> LocalDatabase
data >>>> LocalDatabase
data >>>> LocalDatabase
data >>>> LocalDatabase
data >>>> LocalDatabase
data >>>> LocalDatabase
data >>>> LocalDatabase
data >>>> LocalDatabase
data >>>> LocalDatabase
data >>>> LocalDatabase
data >>>> LocalDatabase
data >>>> LocalDatabase
data >>>> LocalDatabase
data >>>> LocalDatabase
data >>>> LocalDatabase
data >>>> LocalDatabase
data >>>> LocalDatabase
data >>>> LocalDatabase
data >>>> LocalDatabase
 Connect with ATOM LITE ESP32 Via UART have a proplem
data >>>> LocalDatabase
data >>>> LocalDatabase
data >>>> LocalDatabase
data >>>> LocalDatabase
data >>>> LocalDatabase
data >>>> LocalDatabase
data >>>> LocalDatabase
data >>>> LocalDatabase
data >>>> LocalDatabase
data >>>> LocalDatabase
data >>>> LocalDatabase
data >>>> LocalDatabase
 Connect with ATOM LITE ESP32 Via UART have a proplem
data >>>> LocalDatabase
 Connect with ATOM LITE ESP32 Via UART have a proplem
data >>>> LocalDatabase
data >>>> LocalDatabase
data >>>> LocalDatabase
data >>>> LocalDatabase
data >>>> LocalDatabase
data >>>> LocalDatabase
data >>>> LocalDatabase
data >>>> LocalDatabase
data >>>> LocalDatabase
data >>>> LocalDatabase
data >>>> LocalDatabase
data >>>> LocalDatabase
data >>>> LocalDatabase
data >>>> LocalDatabase
data >>>> LocalDatabase
data >>>> LocalDatabase
data >>>> LocalDatabase
data >>>> LocalDatabase
data >>>> LocalDatabase
data >>>> LocalDatabase
data >>>> LocalDatabase
data >>>> LocalDatabase
data >>>> LocalDatabase
data >>>> LocalDatabase
data >>>> LocalDatabase
data >>>> LocalDatabase
data >>>> LocalDatabase
data >>>> LocalDatabase
data >>>> LocalDatabase
data >>>> LocalDatabase
data >>>> LocalDatabase
data >>>> LocalDatabase
data >>>> LocalDatabase
data >>>> LocalDatabase
data >>>> LocalDatabase
data >>>> LocalDatabase
data >>>> LocalDatabase
data >>>> LocalDatabase
 Connect with ATOM LITE ESP32 Via UART have a proplem
data >>>> LocalDatabase
data >>>> LocalDatabase
data >>>> LocalDatabase
data >>>> LocalDatabase
data >>>> LocalDatabaseError: NetworkManager is not running.
Error: NetworkManager is not running.
Error: NetworkManager is not running.
Error: NetworkManager is not running.

data >>>> LocalDatabase
data >>>> LocalDatabase
data >>>> LocalDatabase
data >>>> LocalDatabase
data >>>> LocalDatabase
data >>>> LocalDatabase
data >>>> LocalDatabase
data >>>> LocalDatabase
data >>>> LocalDatabase
data >>>> LocalDatabase
data >>>> LocalDatabase
data >>>> LocalDatabase
data >>>> LocalDatabase
data >>>> LocalDatabase
data >>>> LocalDatabase
data >>>> LocalDatabase
data >>>> LocalDatabase
data >>>> LocalDatabase
data >>>> LocalDatabase
data >>>> LocalDatabase
data >>>> LocalDatabase
data >>>> LocalDatabase
data >>>> LocalDatabase
data >>>> LocalDatabase
data >>>> LocalDatabase
data >>>> LocalDatabase
data >>>> LocalDatabase
data >>>> LocalDatabase
data >>>> LocalDatabase
data >>>> LocalDatabase
data >>>> LocalDatabase
data >>>> LocalDatabase
data >>>> LocalDatabase
data >>>> LocalDatabase
data >>>> LocalDatabase
data >>>> LocalDatabase
data >>>> LocalDatabase
data >>>> LocalDatabase
data >>>> LocalDatabase
data >>>> LocalDatabase
data >>>> LocalDatabase
data >>>> LocalDatabase
data >>>> LocalDatabase
data >>>> LocalDatabase
data >>>> LocalDatabase
data >>>> LocalDatabase
data >>>> LocalDatabase
data >>>> LocalDatabase
data >>>> LocalDatabase
data >>>> LocalDatabase
data >>>> LocalDatabase
data >>>> LocalDatabase
data >>>> LocalDatabase
data >>>> LocalDatabase
data >>>> LocalDatabase
data >>>> LocalDatabase
data >>>> LocalDatabase
data >>>> LocalDatabase
data >>>> LocalDatabase
data >>>> LocalDatabase
data >>>> LocalDatabase
data >>>> LocalDatabase
data >>>> LocalDatabase
data >>>> LocalDatabase
data >>>> LocalDatabase
data >>>> LocalDatabase
 Connect with ATOM LITE ESP32 Via UART have a proplem
data >>>> LocalDatabase
data >>>> LocalDatabase
data >>>> LocalDatabase
data >>>> LocalDatabase
data >>>> LocalDatabase
data >>>> LocalDatabase
data >>>> LocalDatabase
data >>>> LocalDatabase
data >>>> LocalDatabase
data >>>> LocalDatabase
data >>>> LocalDatabase
data >>>> LocalDatabase
data >>>> LocalDatabase
data >>>> LocalDatabase
data >>>> LocalDatabase
data >>>> LocalDatabase
data >>>> LocalDatabase
data >>>> LocalDatabase
data >>>> LocalDatabase
data >>>> LocalDatabase
data >>>> LocalDatabase
data >>>> LocalDatabase
 Connect with ATOM LITE ESP32 Via UART have a proplem
data >>>> LocalDatabase
data >>>> LocalDatabase
data >>>> LocalDatabase
data >>>> LocalDatabase
data >>>> LocalDatabase
data >>>> LocalDatabase
 Connect with ATOM LITE ESP32 Via UART have a proplem
data >>>> LocalDatabase
 Connect with ATOM LITE ESP32 Via UART have a proplem
data >>>> LocalDatabase
data >>>> LocalDatabase
data >>>> LocalDatabase
data >>>> LocalDatabase
data >>>> LocalDatabase
data >>>> LocalDatabase
data >>>> LocalDatabase
data >>>> LocalDatabase
data >>>> LocalDatabase
data >>>> LocalDatabase
data >>>> LocalDatabase
data >>>> LocalDatabase
data >>>> LocalDatabase
data >>>> LocalDatabase
data >>>> LocalDatabase
data >>>> LocalDatabase
data >>>> LocalDatabase
data >>>> LocalDatabase
data >>>> LocalDatabase
data >>>> LocalDatabase
data >>>> LocalDatabase
data >>>> LocalDatabase
data >>>> LocalDatabase
data >>>> LocalDatabase
data >>>> LocalDatabase
data >>>> LocalDatabase
data >>>> LocalDatabase
data >>>> LocalDatabase
data >>>> LocalDatabase
data >>>> LocalDatabase
data >>>> LocalDatabase
data >>>> LocalDatabase
data >>>> LocalDatabase
data >>>> LocalDatabase
data >>>> LocalDatabase
data >>>> LocalDatabase
data >>>> LocalDatabase
data >>>> LocalDatabase
data >>>> LocalDatabase
data >>>> LocalDatabase
data >>>> LocalDatabase
data >>>> LocalDatabase
data >>>> LocalDatabase
 Connect with ATOM LITE ESP32 Via UART have a proplem
data >>>> LocalDatabase
data >>>> LocalDatabase
data >>>> LocalDatabase
data >>>> LocalDatabase
data >>>> LocalDatabase
data >>>> LocalDatabase
data >>>> LocalDatabase
data >>>> LocalDatabase
data >>>> LocalDatabase
data >>>> LocalDatabase
 Connect with ATOM LITE ESP32 Via UART have a proplem
data >>>> LocalDatabase
data >>>> LocalDatabase
data >>>> LocalDatabase
data >>>> LocalDatabase
data >>>> LocalDatabase
data >>>> LocalDatabase
data >>>> LocalDatabase
data >>>> LocalDatabase
data >>>> LocalDatabase
data >>>> LocalDatabase
data >>>> LocalDatabase
data >>>> LocalDatabase
data >>>> LocalDatabase
data >>>> LocalDatabase
data >>>> LocalDatabase
data >>>> LocalDatabase
data >>>> LocalDatabase
data >>>> LocalDatabase
data >>>> LocalDatabase
data >>>> LocalDatabase
data >>>> LocalDatabase
data >>>> LocalDatabase
data >>>> LocalDatabase
data >>>> LocalDatabase
data >>>> LocalDatabase
data >>>> LocalDatabase
data >>>> LocalDatabase
data >>>> LocalDatabase
data >>>> LocalDatabase
data >>>> LocalDatabase
data >>>> LocalDatabase
data >>>> LocalDatabase
data >>>> LocalDatabase
data >>>> LocalDatabase
data >>>> LocalDatabase
data >>>> LocalDatabase
data >>>> LocalDatabase
data >>>> LocalDatabase
data >>>> LocalDatabase
data >>>> LocalDatabase
data >>>> LocalDatabase
data >>>> LocalDatabase
data >>>> LocalDatabase
data >>>> LocalDatabase
data >>>> LocalDatabase
data >>>> LocalDatabase
data >>>> LocalDatabase
data >>>> LocalDatabase
data >>>> LocalDatabase
data >>>> LocalDatabase
data >>>> LocalDatabase
 Connect with ATOM LITE ESP32 Via UART have a proplem
data >>>> LocalDatabase
data >>>> LocalDatabase
data >>>> LocalDatabase
data >>>> LocalDatabase
data >>>> LocalDatabase
data >>>> LocalDatabase
data >>>> LocalDatabase
data >>>> LocalDatabase
data >>>> LocalDatabase
data >>>> LocalDatabase
data >>>> LocalDatabase
data >>>> LocalDatabase
data >>>> LocalDatabase
data >>>> LocalDatabase
data >>>> LocalDatabase
data >>>> LocalDatabase
data >>>> LocalDatabase
data >>>> LocalDatabase
data >>>> LocalDatabase
data >>>> LocalDatabase
data >>>> LocalDatabase
 Connect with ATOM LITE ESP32 Via UART have a proplem
data >>>> LocalDatabase
data >>>> LocalDatabase
data >>>> LocalDatabase
data >>>> LocalDatabase
data >>>> LocalDatabase
data >>>> LocalDatabase
data >>>> LocalDatabase
data >>>> LocalDatabase
data >>>> LocalDatabase
data >>>> LocalDatabase
data >>>> LocalDatabase
data >>>> LocalDatabase
data >>>> LocalDatabase
data >>>> LocalDatabase
data >>>> LocalDatabase
data >>>> LocalDatabase
data >>>> LocalDatabase
data >>>> LocalDatabase
data >>>> LocalDatabase
data >>>> LocalDatabase
data >>>> LocalDatabase
data >>>> LocalDatabase
data >>>> LocalDatabase
data >>>> LocalDatabase
data >>>> LocalDatabase
data >>>> LocalDatabase
data >>>> LocalDatabase
data >>>> LocalDatabase
data >>>> LocalDatabase
data >>>> LocalDatabase
data >>>> LocalDatabase
data >>>> LocalDatabase
data >>>> LocalDatabase
data >>>> LocalDatabase
data >>>> LocalDatabase
data >>>> LocalDatabase
data >>>> LocalDatabase
data >>>> LocalDatabase
data >>>> LocalDatabase
data >>>> LocalDatabase
data >>>> LocalDatabase
 Connect with ATOM LITE ESP32 Via UART have a proplem
data >>>> LocalDatabase
data >>>> LocalDatabase
data >>>> LocalDatabase
data >>>> LocalDatabase
data >>>> LocalDatabase
data >>>> LocalDatabase
data >>>> LocalDatabase
data >>>> LocalDatabase
data >>>> LocalDatabase
data >>>> LocalDatabase
data >>>> LocalDatabase
data >>>> LocalDatabase
data >>>> LocalDatabase
data >>>> LocalDatabase
data >>>> LocalDatabase
data >>>> LocalDatabase
data >>>> LocalDatabase
data >>>> LocalDatabase
data >>>> LocalDatabase
data >>>> LocalDatabase
 Connect with ATOM LITE ESP32 Via UART have a proplem
data >>>> LocalDatabase
data >>>> LocalDatabase
data >>>> LocalDatabase
data >>>> LocalDatabase
data >>>> LocalDatabase
data >>>> LocalDatabase
data >>>> LocalDatabase
data >>>> LocalDatabase
data >>>> LocalDatabase
data >>>> LocalDatabase
data >>>> LocalDatabase
data >>>> LocalDatabase
data >>>> LocalDatabase
data >>>> LocalDatabase
data >>>> LocalDatabase
data >>>> LocalDatabase
data >>>> LocalDatabase
data >>>> LocalDatabase
data >>>> LocalDatabase
data >>>> LocalDatabase
data >>>> LocalDatabase
data >>>> LocalDatabase
data >>>> LocalDatabase
data >>>> LocalDatabase
data >>>> LocalDatabase
data >>>> LocalDatabase
data >>>> LocalDatabase
data >>>> LocalDatabase
data >>>> LocalDatabase
data >>>> LocalDatabase
data >>>> LocalDatabase
data >>>> LocalDatabase
data >>>> LocalDatabase
data >>>> LocalDatabase
data >>>> LocalDatabase
data >>>> LocalDatabase
 Connect with ATOM LITE ESP32 Via UART have a proplemError: NetworkManager is not running.
Error: NetworkManager is not running.
Error: NetworkManager is not running.
Error: NetworkManager is not running.

data >>>> LocalDatabase
data >>>> LocalDatabase
data >>>> LocalDatabase
data >>>> LocalDatabase
data >>>> LocalDatabase
data >>>> LocalDatabase
data >>>> LocalDatabase
data >>>> LocalDatabase
data >>>> LocalDatabase
data >>>> LocalDatabase
data >>>> LocalDatabase
data >>>> LocalDatabase
data >>>> LocalDatabase
data >>>> LocalDatabase
data >>>> LocalDatabase
data >>>> LocalDatabase
data >>>> LocalDatabase
data >>>> LocalDatabase
data >>>> LocalDatabase
data >>>> LocalDatabase
data >>>> LocalDatabase
data >>>> LocalDatabase
data >>>> LocalDatabase
data >>>> LocalDatabase
data >>>> LocalDatabase
data >>>> LocalDatabase
data >>>> LocalDatabase
data >>>> LocalDatabase
data >>>> LocalDatabase
data >>>> LocalDatabase
data >>>> LocalDatabase
data >>>> LocalDatabase
data >>>> LocalDatabase
data >>>> LocalDatabase
data >>>> LocalDatabase
data >>>> LocalDatabase
data >>>> LocalDatabase
data >>>> LocalDatabase
data >>>> LocalDatabase
data >>>> LocalDatabase
data >>>> LocalDatabase
data >>>> LocalDatabase
data >>>> LocalDatabase
data >>>> LocalDatabase
data >>>> LocalDatabase
data >>>> LocalDatabase
data >>>> LocalDatabase
data >>>> LocalDatabase
data >>>> LocalDatabase
data >>>> LocalDatabase
data >>>> LocalDatabase
data >>>> LocalDatabase
data >>>> LocalDatabase
data >>>> LocalDatabase
data >>>> LocalDatabase
data >>>> LocalDatabase
data >>>> LocalDatabase
data >>>> LocalDatabase
data >>>> LocalDatabase
data >>>> LocalDatabase
data >>>> LocalDatabase
data >>>> LocalDatabase
 Connect with ATOM LITE ESP32 Via UART have a proplem
data >>>> LocalDatabase
data >>>> LocalDatabase
data >>>> LocalDatabase
data >>>> LocalDatabase
data >>>> LocalDatabase
data >>>> LocalDatabase
data >>>> LocalDatabase
data >>>> LocalDatabase
data >>>> LocalDatabase
data >>>> LocalDatabase
data >>>> LocalDatabase
data >>>> LocalDatabase
data >>>> LocalDatabase
data >>>> LocalDatabase
data >>>> LocalDatabase
data >>>> LocalDatabase
data >>>> LocalDatabase
data >>>> LocalDatabase
data >>>> LocalDatabase
data >>>> LocalDatabase
data >>>> LocalDatabase
data >>>> LocalDatabase
data >>>> LocalDatabase
data >>>> LocalDatabase
data >>>> LocalDatabase
data >>>> LocalDatabase
data >>>> LocalDatabase
data >>>> LocalDatabase
data >>>> LocalDatabase
data >>>> LocalDatabase
data >>>> LocalDatabase
data >>>> LocalDatabase
data >>>> LocalDatabase
data >>>> LocalDatabase
data >>>> LocalDatabase
data >>>> LocalDatabase
data >>>> LocalDatabase
data >>>> LocalDatabase
data >>>> LocalDatabase
data >>>> LocalDatabase
data >>>> LocalDatabase
data >>>> LocalDatabase
data >>>> LocalDatabase
data >>>> LocalDatabase
data >>>> LocalDatabase
data >>>> LocalDatabase
data >>>> LocalDatabase
data >>>> LocalDatabase
data >>>> LocalDatabase
data >>>> LocalDatabase
data >>>> LocalDatabase
data >>>> LocalDatabase
data >>>> LocalDatabase
data >>>> LocalDatabase
data >>>> LocalDatabase
data >>>> LocalDatabase
data >>>> LocalDatabase
data >>>> LocalDatabase
data >>>> LocalDatabase
data >>>> LocalDatabase
 Connect with ATOM LITE ESP32 Via UART have a proplem
data >>>> LocalDatabase
 Connect with ATOM LITE ESP32 Via UART have a proplem
data >>>> LocalDatabase
data >>>> LocalDatabase
data >>>> LocalDatabase
data >>>> LocalDatabase
data >>>> LocalDatabase
data >>>> LocalDatabase
data >>>> LocalDatabase
data >>>> LocalDatabase
data >>>> LocalDatabase
data >>>> LocalDatabase
data >>>> LocalDatabase
data >>>> LocalDatabase
data >>>> LocalDatabase
data >>>> LocalDatabase
data >>>> LocalDatabase
data >>>> LocalDatabase
data >>>> LocalDatabase
data >>>> LocalDatabase
data >>>> LocalDatabase
data >>>> LocalDatabase
data >>>> LocalDatabase
data >>>> LocalDatabase
data >>>> LocalDatabase
data >>>> LocalDatabase
data >>>> LocalDatabase
data >>>> LocalDatabase
data >>>> LocalDatabase
data >>>> LocalDatabase
data >>>> LocalDatabase
data >>>> LocalDatabase
data >>>> LocalDatabase
data >>>> LocalDatabase
data >>>> LocalDatabase
data >>>> LocalDatabase
data >>>> LocalDatabase
data >>>> LocalDatabase
data >>>> LocalDatabase
data >>>> LocalDatabase
data >>>> LocalDatabase
data >>>> LocalDatabase
data >>>> LocalDatabase
data >>>> LocalDatabase
data >>>> LocalDatabase
data >>>> LocalDatabase
data >>>> LocalDatabase
data >>>> LocalDatabase
data >>>> LocalDatabase
data >>>> LocalDatabase
data >>>> LocalDatabase
data >>>> LocalDatabase
data >>>> LocalDatabase
data >>>> LocalDatabase
data >>>> LocalDatabase
data >>>> LocalDatabase
data >>>> LocalDatabase
data >>>> LocalDatabase
data >>>> LocalDatabase
data >>>> LocalDatabase
data >>>> LocalDatabase
data >>>> LocalDatabase
data >>>> LocalDatabase
data >>>> LocalDatabase
data >>>> LocalDatabase
data >>>> LocalDatabase
data >>>> LocalDatabase
data >>>> LocalDatabase
data >>>> LocalDatabase
data >>>> LocalDatabase
data >>>> LocalDatabase
data >>>> LocalDatabase
data >>>> LocalDatabase
data >>>> LocalDatabase
data >>>> LocalDatabase
data >>>> LocalDatabase
data >>>> LocalDatabase
data >>>> LocalDatabase
data >>>> LocalDatabase
data >>>> LocalDatabase
data >>>> LocalDatabase
 Connect with ATOM LITE ESP32 Via UART have a proplem
data >>>> LocalDatabase
data >>>> LocalDatabase
data >>>> LocalDatabase
data >>>> LocalDatabase
data >>>> LocalDatabase
data >>>> LocalDatabase
data >>>> LocalDatabase
data >>>> LocalDatabase
data >>>> LocalDatabase
data >>>> LocalDatabase
data >>>> LocalDatabase
data >>>> LocalDatabase
data >>>> LocalDatabase
data >>>> LocalDatabase
data >>>> LocalDatabase
data >>>> LocalDatabase
data >>>> LocalDatabase
data >>>> LocalDatabase
data >>>> LocalDatabase
data >>>> LocalDatabase
data >>>> LocalDatabase
data >>>> LocalDatabase
data >>>> LocalDatabase
data >>>> LocalDatabase
data >>>> LocalDatabase
data >>>> LocalDatabase
data >>>> LocalDatabase
data >>>> LocalDatabase
data >>>> LocalDatabase
data >>>> LocalDatabase
data >>>> LocalDatabase
data >>>> LocalDatabase
data >>>> LocalDatabase
data >>>> LocalDatabase
data >>>> LocalDatabase
data >>>> LocalDatabase
data >>>> LocalDatabase
data >>>> LocalDatabase
 Connect with ATOM LITE ESP32 Via UART have a proplem
data >>>> LocalDatabase
data >>>> LocalDatabase
data >>>> LocalDatabase
data >>>> LocalDatabase
data >>>> LocalDatabase
data >>>> LocalDatabase
data >>>> LocalDatabase
data >>>> LocalDatabase
data >>>> LocalDatabase
data >>>> LocalDatabase
data >>>> LocalDatabase
data >>>> LocalDatabase
data >>>> LocalDatabase
data >>>> LocalDatabase
data >>>> LocalDatabase
data >>>> LocalDatabase
data >>>> LocalDatabase
data >>>> LocalDatabase
data >>>> LocalDatabase
data >>>> LocalDatabase
data >>>> LocalDatabase
data >>>> LocalDatabase
data >>>> LocalDatabase
data >>>> LocalDatabase
data >>>> LocalDatabase
data >>>> LocalDatabase
data >>>> LocalDatabase
data >>>> LocalDatabase
data >>>> LocalDatabase
data >>>> LocalDatabase
data >>>> LocalDatabase
data >>>> LocalDatabase
data >>>> LocalDatabase
data >>>> LocalDatabase
data >>>> LocalDatabase
data >>>> LocalDatabase
data >>>> LocalDatabase
data >>>> LocalDatabase
data >>>> LocalDatabase
data >>>> LocalDatabase
data >>>> LocalDatabase
data >>>> LocalDatabase
data >>>> LocalDatabase
data >>>> LocalDatabase
 Connect with ATOM LITE ESP32 Via UART have a proplem
data >>>> LocalDatabase
data >>>> LocalDatabase
data >>>> LocalDatabase
data >>>> LocalDatabase
data >>>> LocalDatabase
data >>>> LocalDatabase
data >>>> LocalDatabase
data >>>> LocalDatabase
data >>>> LocalDatabase
data >>>> LocalDatabase
data >>>> LocalDatabase
data >>>> LocalDatabase
data >>>> LocalDatabase
data >>>> LocalDatabase
data >>>> LocalDatabase
data >>>> LocalDatabase
data >>>> LocalDatabase
data >>>> LocalDatabase
data >>>> LocalDatabase
 Connect with ATOM LITE ESP32 Via UART have a proplem
data >>>> LocalDatabase
data >>>> LocalDatabase
data >>>> LocalDatabase
data >>>> LocalDatabase
data >>>> LocalDatabase
data >>>> LocalDatabase
data >>>> LocalDatabase
data >>>> LocalDatabase
data >>>> LocalDatabase
data >>>> LocalDatabase
data >>>> LocalDatabase
data >>>> LocalDatabase
data >>>> LocalDatabase
data >>>> LocalDatabase
data >>>> LocalDatabase
data >>>> LocalDatabase
data >>>> LocalDatabase
data >>>> LocalDatabase
data >>>> LocalDatabase
data >>>> LocalDatabase
data >>>> LocalDatabase
data >>>> LocalDatabase
data >>>> LocalDatabaseError: NetworkManager is not running.

data >>>> LocalDatabase
data >>>> LocalDatabase
data >>>> LocalDatabase
data >>>> LocalDatabase
data >>>> LocalDatabase
data >>>> LocalDatabase
data >>>> LocalDatabase
data >>>> LocalDatabase
data >>>> LocalDatabase
data >>>> LocalDatabase
data >>>> LocalDatabase
data >>>> LocalDatabase
data >>>> LocalDatabase
data >>>> LocalDatabase
data >>>> LocalDatabase
data >>>> LocalDatabase
data >>>> LocalDatabase
data >>>> LocalDatabase
data >>>> LocalDatabase
data >>>> LocalDatabase
data >>>> LocalDatabase
data >>>> LocalDatabase
data >>>> LocalDatabase
data >>>> LocalDatabase
data >>>> LocalDatabase
data >>>> LocalDatabase
data >>>> LocalDatabase
data >>>> LocalDatabase
data >>>> LocalDatabase
data >>>> LocalDatabase
data >>>> LocalDatabase
data >>>> LocalDatabase
data >>>> LocalDatabase
data >>>> LocalDatabase
data >>>> LocalDatabase
data >>>> LocalDatabase
data >>>> LocalDatabase
data >>>> LocalDatabase
data >>>> LocalDatabase
data >>>> LocalDatabase
data >>>> LocalDatabase
data >>>> LocalDatabase
data >>>> LocalDatabase
data >>>> LocalDatabase
data >>>> LocalDatabase
data >>>> LocalDatabase
data >>>> LocalDatabase
data >>>> LocalDatabase
data >>>> LocalDatabase
data >>>> LocalDatabase
data >>>> LocalDatabase
data >>>> LocalDatabase
data >>>> LocalDatabase
data >>>> LocalDatabase
data >>>> LocalDatabase
data >>>> LocalDatabase
data >>>> LocalDatabase
data >>>> LocalDatabase
data >>>> LocalDatabase
data >>>> LocalDatabase
data >>>> LocalDatabase
data >>>> LocalDatabase
data >>>> LocalDatabase
data >>>> LocalDatabase
data >>>> LocalDatabase
data >>>> LocalDatabase
data >>>> LocalDatabase
data >>>> LocalDatabase
data >>>> LocalDatabase
data >>>> LocalDatabase
data >>>> LocalDatabase
data >>>> LocalDatabase
data >>>> LocalDatabase
data >>>> LocalDatabase
 Connect with ATOM LITE ESP32 Via UART have a proplem
data >>>> LocalDatabase
data >>>> LocalDatabase
data >>>> LocalDatabase
data >>>> LocalDatabase
data >>>> LocalDatabase
data >>>> LocalDatabase
data >>>> LocalDatabase
data >>>> LocalDatabase
data >>>> LocalDatabase
data >>>> LocalDatabase
 Connect with ATOM LITE ESP32 Via UART have a proplem
data >>>> LocalDatabase
 Connect with ATOM LITE ESP32 Via UART have a proplem
data >>>> LocalDatabase
data >>>> LocalDatabase
data >>>> LocalDatabase
data >>>> LocalDatabase
data >>>> LocalDatabase
data >>>> LocalDatabase
data >>>> LocalDatabase
data >>>> LocalDatabase
data >>>> LocalDatabase
data >>>> LocalDatabase
data >>>> LocalDatabase
data >>>> LocalDatabase
data >>>> LocalDatabase
data >>>> LocalDatabase
data >>>> LocalDatabase
data >>>> LocalDatabase
data >>>> LocalDatabase
data >>>> LocalDatabase
data >>>> LocalDatabase
data >>>> LocalDatabase
data >>>> LocalDatabase
data >>>> LocalDatabase
data >>>> LocalDatabase
data >>>> LocalDatabase
 Connect with ATOM LITE ESP32 Via UART have a proplem
data >>>> LocalDatabase
data >>>> LocalDatabase
data >>>> LocalDatabase
data >>>> LocalDatabase
data >>>> LocalDatabase
data >>>> LocalDatabase
data >>>> LocalDatabase
data >>>> LocalDatabase
data >>>> LocalDatabase
data >>>> LocalDatabase
 Connect with ATOM LITE ESP32 Via UART have a proplem
data >>>> LocalDatabase
data >>>> LocalDatabase
data >>>> LocalDatabase
data >>>> LocalDatabase
data >>>> LocalDatabase
data >>>> LocalDatabase
data >>>> LocalDatabase
data >>>> LocalDatabase
data >>>> LocalDatabase
data >>>> LocalDatabase
data >>>> LocalDatabase
data >>>> LocalDatabase
data >>>> LocalDatabase
data >>>> LocalDatabase
data >>>> LocalDatabase
data >>>> LocalDatabase
data >>>> LocalDatabase
 Connect with ATOM LITE ESP32 Via UART have a proplem
data >>>> LocalDatabase
data >>>> LocalDatabase
data >>>> LocalDatabase
data >>>> LocalDatabase
data >>>> LocalDatabase
data >>>> LocalDatabase
data >>>> LocalDatabase
data >>>> LocalDatabase
data >>>> LocalDatabase
data >>>> LocalDatabase
data >>>> LocalDatabase
data >>>> LocalDatabase
data >>>> LocalDatabase
data >>>> LocalDatabase
data >>>> LocalDatabase
data >>>> LocalDatabase
data >>>> LocalDatabase
 Connect with ATOM LITE ESP32 Via UART have a proplem
data >>>> LocalDatabase
data >>>> LocalDatabase
data >>>> LocalDatabase
data >>>> LocalDatabase
data >>>> LocalDatabase
data >>>> LocalDatabase
data >>>> LocalDatabase
data >>>> LocalDatabase
data >>>> LocalDatabase
data >>>> LocalDatabase
data >>>> LocalDatabase
data >>>> LocalDatabase
data >>>> LocalDatabase
data >>>> LocalDatabase
data >>>> LocalDatabase
 Connect with ATOM LITE ESP32 Via UART have a proplem
data >>>> LocalDatabase
 Connect with ATOM LITE ESP32 Via UART have a proplem
data >>>> LocalDatabase
data >>>> LocalDatabase
data >>>> LocalDatabase
data >>>> LocalDatabase
data >>>> LocalDatabase
data >>>> LocalDatabase
data >>>> LocalDatabase
data >>>> LocalDatabase
data >>>> LocalDatabase
data >>>> LocalDatabase
data >>>> LocalDatabase
data >>>> LocalDatabase
data >>>> LocalDatabase
data >>>> LocalDatabase
data >>>> LocalDatabase
data >>>> LocalDatabase
 Connect with ATOM LITE ESP32 Via UART have a proplem
data >>>> LocalDatabase
data >>>> LocalDatabase
data >>>> LocalDatabase
data >>>> LocalDatabase
data >>>> LocalDatabase
data >>>> LocalDatabase
data >>>> LocalDatabase
 Connect with ATOM LITE ESP32 Via UART have a proplem
data >>>> LocalDatabase
data >>>> LocalDatabase
data >>>> LocalDatabase
data >>>> LocalDatabase
data >>>> LocalDatabase
data >>>> LocalDatabase
data >>>> LocalDatabase
data >>>> LocalDatabase
data >>>> LocalDatabase
data >>>> LocalDatabase
data >>>> LocalDatabase
data >>>> LocalDatabase
data >>>> LocalDatabase
data >>>> LocalDatabase
data >>>> LocalDatabase
data >>>> LocalDatabase
data >>>> LocalDatabase
data >>>> LocalDatabase
data >>>> LocalDatabase
data >>>> LocalDatabase
data >>>> LocalDatabase
data >>>> LocalDatabase
data >>>> LocalDatabase
data >>>> LocalDatabase
data >>>> LocalDatabase
data >>>> LocalDatabase
data >>>> LocalDatabase
data >>>> LocalDatabase
data >>>> LocalDatabase
data >>>> LocalDatabase
data >>>> LocalDatabase
data >>>> LocalDatabase
data >>>> LocalDatabase
data >>>> LocalDatabase
data >>>> LocalDatabase
data >>>> LocalDatabase
data >>>> LocalDatabase
data >>>> LocalDatabase
data >>>> LocalDatabase
data >>>> LocalDatabase
data >>>> LocalDatabase
data >>>> LocalDatabase
data >>>> LocalDatabase
data >>>> LocalDatabase
data >>>> LocalDatabase
data >>>> LocalDatabase
data >>>> LocalDatabase
data >>>> LocalDatabase
data >>>> LocalDatabase
data >>>> LocalDatabase
data >>>> LocalDatabase
data >>>> LocalDatabase
data >>>> LocalDatabase
data >>>> LocalDatabase
data >>>> LocalDatabase
data >>>> LocalDatabase
data >>>> LocalDatabase
data >>>> LocalDatabase
data >>>> LocalDatabase
data >>>> LocalDatabase
data >>>> LocalDatabase
data >>>> LocalDatabase
data >>>> LocalDatabase
data >>>> LocalDatabase
 Connect with ATOM LITE ESP32 Via UART have a proplem
data >>>> LocalDatabase
data >>>> LocalDatabase
data >>>> LocalDatabase
data >>>> LocalDatabase
data >>>> LocalDatabase
data >>>> LocalDatabase
data >>>> LocalDatabase
data >>>> LocalDatabase
data >>>> LocalDatabase
data >>>> LocalDatabase
data >>>> LocalDatabase
data >>>> LocalDatabase
data >>>> LocalDatabase
data >>>> LocalDatabase
data >>>> LocalDatabase
data >>>> LocalDatabase
data >>>> LocalDatabase
 Connect with ATOM LITE ESP32 Via UART have a proplem
data >>>> LocalDatabase
data >>>> LocalDatabase
data >>>> LocalDatabase
data >>>> LocalDatabase
data >>>> LocalDatabase
data >>>> LocalDatabase
data >>>> LocalDatabase
 Connect with ATOM LITE ESP32 Via UART have a proplem
data >>>> LocalDatabase
data >>>> LocalDatabase
data >>>> LocalDatabase
data >>>> LocalDatabase
data >>>> LocalDatabase
data >>>> LocalDatabase
data >>>> LocalDatabase
data >>>> LocalDatabase
data >>>> LocalDatabase
data >>>> LocalDatabase
data >>>> LocalDatabase
data >>>> LocalDatabase
data >>>> LocalDatabase
data >>>> LocalDatabase
data >>>> LocalDatabase
data >>>> LocalDatabase
data >>>> LocalDatabase
data >>>> LocalDatabase
data >>>> LocalDatabase
data >>>> LocalDatabase
data >>>> LocalDatabase
data >>>> LocalDatabase
data >>>> LocalDatabase
 Connect with ATOM LITE ESP32 Via UART have a proplem
 Connect with ATOM LITE ESP32 Via UART have a proplem
 Connect with ATOM LITE ESP32 Via UART have a proplem
 Connect with ATOM LITE ESP32 Via UART have a proplemError: NetworkManager is not running.
Error: NetworkManager is not running.
Error: NetworkManager is not running.
Error: NetworkManager is not running.
Error: NetworkManager is not running.

 Connect with ATOM LITE ESP32 Via UART have a proplem
data >>>> LocalDatabase
data >>>> LocalDatabase
data >>>> LocalDatabase
data >>>> LocalDatabase
data >>>> LocalDatabase
data >>>> LocalDatabase
 Connect with ATOM LITE ESP32 Via UART have a proplem
data >>>> LocalDatabase
data >>>> LocalDatabase
data >>>> LocalDatabase
data >>>> LocalDatabase
data >>>> LocalDatabase
data >>>> LocalDatabase
data >>>> LocalDatabase
data >>>> LocalDatabase
data >>>> LocalDatabase
data >>>> LocalDatabase
data >>>> LocalDatabase
data >>>> LocalDatabase
data >>>> LocalDatabase
data >>>> LocalDatabase
data >>>> LocalDatabase
data >>>> LocalDatabase
data >>>> LocalDatabase
data >>>> LocalDatabase
data >>>> LocalDatabase
data >>>> LocalDatabase
data >>>> LocalDatabase
data >>>> LocalDatabase
data >>>> LocalDatabase
data >>>> LocalDatabase
data >>>> LocalDatabase
data >>>> LocalDatabase
data >>>> LocalDatabase
data >>>> LocalDatabase
data >>>> LocalDatabase
data >>>> LocalDatabase
data >>>> LocalDatabase
data >>>> LocalDatabase
data >>>> LocalDatabase
data >>>> LocalDatabase
data >>>> LocalDatabase
data >>>> LocalDatabase
data >>>> LocalDatabase
data >>>> LocalDatabase
data >>>> LocalDatabase
data >>>> LocalDatabase
data >>>> LocalDatabase
data >>>> LocalDatabase
data >>>> LocalDatabase
data >>>> LocalDatabase
data >>>> LocalDatabase
data >>>> LocalDatabase
data >>>> LocalDatabase
data >>>> LocalDatabase
data >>>> LocalDatabase
data >>>> LocalDatabase
data >>>> LocalDatabase
 Connect with ATOM LITE ESP32 Via UART have a proplem
data >>>> LocalDatabase
data >>>> LocalDatabase
data >>>> LocalDatabase
data >>>> LocalDatabase
data >>>> LocalDatabase
data >>>> LocalDatabase
data >>>> LocalDatabase
data >>>> LocalDatabase
data >>>> LocalDatabase
data >>>> LocalDatabase
data >>>> LocalDatabase
data >>>> LocalDatabase
data >>>> LocalDatabase
data >>>> LocalDatabase
data >>>> LocalDatabase
data >>>> LocalDatabase
data >>>> LocalDatabase
data >>>> LocalDatabase
data >>>> LocalDatabase
data >>>> LocalDatabase
data >>>> LocalDatabase
 Connect with ATOM LITE ESP32 Via UART have a proplem
data >>>> LocalDatabase
data >>>> LocalDatabase
data >>>> LocalDatabase
data >>>> LocalDatabase
data >>>> LocalDatabase
data >>>> LocalDatabase
data >>>> LocalDatabase
data >>>> LocalDatabase
data >>>> LocalDatabase
data >>>> LocalDatabase
data >>>> LocalDatabase
data >>>> LocalDatabase
data >>>> LocalDatabase
data >>>> LocalDatabase
data >>>> LocalDatabase
data >>>> LocalDatabase
data >>>> LocalDatabase
data >>>> LocalDatabase
data >>>> LocalDatabase
data >>>> LocalDatabase
data >>>> LocalDatabase
data >>>> LocalDatabase
data >>>> LocalDatabase
data >>>> LocalDatabase
data >>>> LocalDatabase
data >>>> LocalDatabase
data >>>> LocalDatabase
data >>>> LocalDatabase
data >>>> LocalDatabase
data >>>> LocalDatabase
data >>>> LocalDatabase
data >>>> LocalDatabase
data >>>> LocalDatabase
data >>>> LocalDatabase
data >>>> LocalDatabase
data >>>> LocalDatabase
data >>>> LocalDatabase
data >>>> LocalDatabase
data >>>> LocalDatabase
data >>>> LocalDatabase
data >>>> LocalDatabase
data >>>> LocalDatabase
data >>>> LocalDatabase
data >>>> LocalDatabase
data >>>> LocalDatabase
data >>>> LocalDatabase
data >>>> LocalDatabase
data >>>> LocalDatabase
data >>>> LocalDatabase
data >>>> LocalDatabase
data >>>> LocalDatabase
data >>>> LocalDatabase
data >>>> LocalDatabase
data >>>> LocalDatabase
data >>>> LocalDatabase
data >>>> LocalDatabase
data >>>> LocalDatabase
data >>>> LocalDatabase
data >>>> LocalDatabase
data >>>> LocalDatabase
data >>>> LocalDatabase
data >>>> LocalDatabase
data >>>> LocalDatabase
data >>>> LocalDatabase
data >>>> LocalDatabase
data >>>> LocalDatabase
data >>>> LocalDatabase
data >>>> LocalDatabase
data >>>> LocalDatabase
data >>>> LocalDatabase
data >>>> LocalDatabase
data >>>> LocalDatabase
data >>>> LocalDatabase
data >>>> LocalDatabase
data >>>> LocalDatabase
data >>>> LocalDatabase
data >>>> LocalDatabase
data >>>> LocalDatabase
data >>>> LocalDatabase
data >>>> LocalDatabase
data >>>> LocalDatabase
data >>>> LocalDatabase
 Connect with ATOM LITE ESP32 Via UART have a proplem
data >>>> LocalDatabase
data >>>> LocalDatabase
data >>>> LocalDatabase
data >>>> LocalDatabase
data >>>> LocalDatabase
data >>>> LocalDatabase
data >>>> LocalDatabase
data >>>> LocalDatabase
data >>>> LocalDatabase
data >>>> LocalDatabase
data >>>> LocalDatabase
data >>>> LocalDatabase
data >>>> LocalDatabase
data >>>> LocalDatabase
data >>>> LocalDatabase
data >>>> LocalDatabase
data >>>> LocalDatabase
data >>>> LocalDatabase
data >>>> LocalDatabase
data >>>> LocalDatabase
data >>>> LocalDatabase
data >>>> LocalDatabase
data >>>> LocalDatabase
data >>>> LocalDatabase
data >>>> LocalDatabase
data >>>> LocalDatabase
data >>>> LocalDatabase
data >>>> LocalDatabase
data >>>> LocalDatabase
data >>>> LocalDatabase
data >>>> LocalDatabase
data >>>> LocalDatabase
data >>>> LocalDatabase
data >>>> LocalDatabase
data >>>> LocalDatabase
data >>>> LocalDatabase
data >>>> LocalDatabase
data >>>> LocalDatabase
data >>>> LocalDatabase
data >>>> LocalDatabase
data >>>> LocalDatabase
data >>>> LocalDatabase
data >>>> LocalDatabase
data >>>> LocalDatabase
data >>>> LocalDatabase
data >>>> LocalDatabase
data >>>> LocalDatabase
data >>>> LocalDatabase
data >>>> LocalDatabase
data >>>> LocalDatabase
data >>>> LocalDatabase
data >>>> LocalDatabase
data >>>> LocalDatabase
data >>>> LocalDatabase
data >>>> LocalDatabase
data >>>> LocalDatabase
data >>>> LocalDatabase
data >>>> LocalDatabase
data >>>> LocalDatabase
data >>>> LocalDatabase
data >>>> LocalDatabase
data >>>> LocalDatabase
 Connect with ATOM LITE ESP32 Via UART have a proplem
 Connect with ATOM LITE ESP32 Via UART have a proplem
 Connect with ATOM LITE ESP32 Via UART have a proplem
 Connect with ATOM LITE ESP32 Via UART have a proplem
 Connect with ATOM LITE ESP32 Via UART have a proplem
 Connect with ATOM LITE ESP32 Via UART have a proplem
data >>>> LocalDatabase
data >>>> LocalDatabase
data >>>> LocalDatabase
data >>>> LocalDatabase
data >>>> LocalDatabase
data >>>> LocalDatabase
data >>>> LocalDatabase
data >>>> LocalDatabase
data >>>> LocalDatabase
data >>>> LocalDatabase
data >>>> LocalDatabase
data >>>> LocalDatabase
data >>>> LocalDatabase
data >>>> LocalDatabase
data >>>> LocalDatabase
data >>>> LocalDatabase
data >>>> LocalDatabase
data >>>> LocalDatabase
data >>>> LocalDatabase
data >>>> LocalDatabase
data >>>> LocalDatabase
data >>>> LocalDatabase
data >>>> LocalDatabase
data >>>> LocalDatabase
 Connect with ATOM LITE ESP32 Via UART have a proplem
data >>>> LocalDatabase
data >>>> LocalDatabase
data >>>> LocalDatabase
data >>>> LocalDatabase
data >>>> LocalDatabase
data >>>> LocalDatabase
data >>>> LocalDatabase
data >>>> LocalDatabase
data >>>> LocalDatabase
data >>>> LocalDatabase
data >>>> LocalDatabase
data >>>> LocalDatabase
data >>>> LocalDatabase
data >>>> LocalDatabase
data >>>> LocalDatabase
data >>>> LocalDatabase
data >>>> LocalDatabase
data >>>> LocalDatabase
 Connect with ATOM LITE ESP32 Via UART have a proplem
data >>>> LocalDatabase
data >>>> LocalDatabase
data >>>> LocalDatabase
data >>>> LocalDatabase
data >>>> LocalDatabase
data >>>> LocalDatabase
data >>>> LocalDatabase
data >>>> LocalDatabase
data >>>> LocalDatabase
data >>>> LocalDatabase
data >>>> LocalDatabase
data >>>> LocalDatabase
data >>>> LocalDatabase
data >>>> LocalDatabase
data >>>> LocalDatabase
data >>>> LocalDatabase
data >>>> LocalDatabase
data >>>> LocalDatabase
data >>>> LocalDatabase
data >>>> LocalDatabase
data >>>> LocalDatabase
data >>>> LocalDatabase
data >>>> LocalDatabase
data >>>> LocalDatabase
data >>>> LocalDatabase
data >>>> LocalDatabase
data >>>> LocalDatabase
data >>>> LocalDatabase
data >>>> LocalDatabase
data >>>> LocalDatabase
data >>>> LocalDatabase
data >>>> LocalDatabase
data >>>> LocalDatabase
data >>>> LocalDatabase
data >>>> LocalDatabase
data >>>> LocalDatabase
data >>>> LocalDatabase
data >>>> LocalDatabase
data >>>> LocalDatabase
data >>>> LocalDatabase
data >>>> LocalDatabase
data >>>> LocalDatabase
data >>>> LocalDatabase
data >>>> LocalDatabase
data >>>> LocalDatabase
data >>>> LocalDatabase
data >>>> LocalDatabase
data >>>> LocalDatabase
data >>>> LocalDatabaseError: NetworkManager is not running.
Error: NetworkManager is not running.
Error: NetworkManager is not running.

data >>>> LocalDatabase
data >>>> LocalDatabase
data >>>> LocalDatabase
data >>>> LocalDatabase
data >>>> LocalDatabase
data >>>> LocalDatabase
data >>>> LocalDatabase
data >>>> LocalDatabase
data >>>> LocalDatabase
 Connect with ATOM LITE ESP32 Via UART have a proplem
 Connect with ATOM LITE ESP32 Via UART have a proplem
data >>>> LocalDatabase
data >>>> LocalDatabase
data >>>> LocalDatabase
data >>>> LocalDatabase
data >>>> LocalDatabase
data >>>> LocalDatabase
data >>>> LocalDatabase
data >>>> LocalDatabase
data >>>> LocalDatabase
data >>>> LocalDatabase
data >>>> LocalDatabase
data >>>> LocalDatabase
data >>>> LocalDatabase
data >>>> LocalDatabase
data >>>> LocalDatabase
data >>>> LocalDatabase
data >>>> LocalDatabase
data >>>> LocalDatabase
data >>>> LocalDatabase
data >>>> LocalDatabase
data >>>> LocalDatabase
data >>>> LocalDatabase
data >>>> LocalDatabase
data >>>> LocalDatabase
data >>>> LocalDatabase
data >>>> LocalDatabase
data >>>> LocalDatabase
data >>>> LocalDatabase
data >>>> LocalDatabase
data >>>> LocalDatabase
data >>>> LocalDatabase
data >>>> LocalDatabase
data >>>> LocalDatabase
data >>>> LocalDatabase
data >>>> LocalDatabase
data >>>> LocalDatabase
data >>>> LocalDatabase
data >>>> LocalDatabase
data >>>> LocalDatabase
data >>>> LocalDatabase
data >>>> LocalDatabase
data >>>> LocalDatabase
data >>>> LocalDatabase
data >>>> LocalDatabase
data >>>> LocalDatabase
data >>>> LocalDatabase
data >>>> LocalDatabase
data >>>> LocalDatabase
data >>>> LocalDatabase
data >>>> LocalDatabase
data >>>> LocalDatabase
data >>>> LocalDatabase
data >>>> LocalDatabase
data >>>> LocalDatabase
data >>>> LocalDatabase
data >>>> LocalDatabase
data >>>> LocalDatabase
data >>>> LocalDatabase
data >>>> LocalDatabase
data >>>> LocalDatabase
data >>>> LocalDatabase
data >>>> LocalDatabase
data >>>> LocalDatabase
data >>>> LocalDatabase
data >>>> LocalDatabase
data >>>> LocalDatabase
data >>>> LocalDatabase
data >>>> LocalDatabase
data >>>> LocalDatabase
data >>>> LocalDatabase
data >>>> LocalDatabase
data >>>> LocalDatabase
data >>>> LocalDatabase
data >>>> LocalDatabase
 Connect with ATOM LITE ESP32 Via UART have a proplem
data >>>> LocalDatabase
data >>>> LocalDatabase
data >>>> LocalDatabase
data >>>> LocalDatabase
data >>>> LocalDatabase
data >>>> LocalDatabase
data >>>> LocalDatabase
data >>>> LocalDatabase
data >>>> LocalDatabase
data >>>> LocalDatabase
data >>>> LocalDatabase
data >>>> LocalDatabase
data >>>> LocalDatabase
data >>>> LocalDatabase
data >>>> LocalDatabase
data >>>> LocalDatabase
data >>>> LocalDatabase
data >>>> LocalDatabase
data >>>> LocalDatabase
data >>>> LocalDatabase
data >>>> LocalDatabase
data >>>> LocalDatabase
data >>>> LocalDatabase
data >>>> LocalDatabase
data >>>> LocalDatabase
data >>>> LocalDatabase
data >>>> LocalDatabase
data >>>> LocalDatabase
data >>>> LocalDatabase
data >>>> LocalDatabase
data >>>> LocalDatabase
data >>>> LocalDatabase
data >>>> LocalDatabase
data >>>> LocalDatabase
data >>>> LocalDatabase
data >>>> LocalDatabase
data >>>> LocalDatabase
data >>>> LocalDatabase
data >>>> LocalDatabase
data >>>> LocalDatabase
data >>>> LocalDatabase
data >>>> LocalDatabase
data >>>> LocalDatabase
data >>>> LocalDatabase
data >>>> LocalDatabase
data >>>> LocalDatabase
data >>>> LocalDatabase
data >>>> LocalDatabase
data >>>> LocalDatabase
data >>>> LocalDatabase
data >>>> LocalDatabase
data >>>> LocalDatabase
data >>>> LocalDatabase
data >>>> LocalDatabase
data >>>> LocalDatabase
data >>>> LocalDatabase
data >>>> LocalDatabase
data >>>> LocalDatabase
data >>>> LocalDatabase
data >>>> LocalDatabase
data >>>> LocalDatabase
data >>>> LocalDatabase
data >>>> LocalDatabase
data >>>> LocalDatabase
data >>>> LocalDatabase
data >>>> LocalDatabase
data >>>> LocalDatabase
data >>>> LocalDatabase
data >>>> LocalDatabase
data >>>> LocalDatabase
data >>>> LocalDatabase
data >>>> LocalDatabase
data >>>> LocalDatabase
data >>>> LocalDatabase
data >>>> LocalDatabase
data >>>> LocalDatabase
data >>>> LocalDatabase
data >>>> LocalDatabase
data >>>> LocalDatabase
data >>>> LocalDatabase
data >>>> LocalDatabase
data >>>> LocalDatabase
data >>>> LocalDatabase
data >>>> LocalDatabase
data >>>> LocalDatabase
data >>>> LocalDatabase
data >>>> LocalDatabase
data >>>> LocalDatabase
data >>>> LocalDatabase
data >>>> LocalDatabase
data >>>> LocalDatabase
data >>>> LocalDatabase
data >>>> LocalDatabase
data >>>> LocalDatabase
data >>>> LocalDatabase
data >>>> LocalDatabase
data >>>> LocalDatabase
data >>>> LocalDatabase
data >>>> LocalDatabase
data >>>> LocalDatabase
data >>>> LocalDatabase
data >>>> LocalDatabase
data >>>> LocalDatabase
 Connect with ATOM LITE ESP32 Via UART have a proplem
data >>>> LocalDatabase
data >>>> LocalDatabase
data >>>> LocalDatabase
data >>>> LocalDatabase
data >>>> LocalDatabase
data >>>> LocalDatabase
data >>>> LocalDatabase
data >>>> LocalDatabase
data >>>> LocalDatabase
data >>>> LocalDatabase
data >>>> LocalDatabase
data >>>> LocalDatabase
data >>>> LocalDatabase
data >>>> LocalDatabase
data >>>> LocalDatabase
data >>>> LocalDatabase
data >>>> LocalDatabase
data >>>> LocalDatabase
data >>>> LocalDatabase
data >>>> LocalDatabase
data >>>> LocalDatabase
data >>>> LocalDatabase
data >>>> LocalDatabase
data >>>> LocalDatabase
data >>>> LocalDatabase
data >>>> LocalDatabase
data >>>> LocalDatabase
data >>>> LocalDatabase
data >>>> LocalDatabase
data >>>> LocalDatabase
data >>>> LocalDatabase
data >>>> LocalDatabase
data >>>> LocalDatabase
data >>>> LocalDatabase
data >>>> LocalDatabase
data >>>> LocalDatabase
data >>>> LocalDatabase
data >>>> LocalDatabase
data >>>> LocalDatabase
data >>>> LocalDatabase
data >>>> LocalDatabase
data >>>> LocalDatabase
data >>>> LocalDatabase
data >>>> LocalDatabase
data >>>> LocalDatabase
data >>>> LocalDatabase
data >>>> LocalDatabase
data >>>> LocalDatabase
data >>>> LocalDatabase
data >>>> LocalDatabase
data >>>> LocalDatabase
data >>>> LocalDatabase
data >>>> LocalDatabase
data >>>> LocalDatabase
data >>>> LocalDatabase
data >>>> LocalDatabase
data >>>> LocalDatabase
data >>>> LocalDatabase
data >>>> LocalDatabase
data >>>> LocalDatabase
data >>>> LocalDatabase
data >>>> LocalDatabase
data >>>> LocalDatabase
data >>>> LocalDatabase
data >>>> LocalDatabase
data >>>> LocalDatabase
data >>>> LocalDatabase
data >>>> LocalDatabase
data >>>> LocalDatabase
data >>>> LocalDatabase
data >>>> LocalDatabase
data >>>> LocalDatabase
data >>>> LocalDatabase
data >>>> LocalDatabase
data >>>> LocalDatabase
data >>>> LocalDatabase
data >>>> LocalDatabase
data >>>> LocalDatabase
data >>>> LocalDatabase
data >>>> LocalDatabase
data >>>> LocalDatabase
data >>>> LocalDatabase
data >>>> LocalDatabase
data >>>> LocalDatabase
data >>>> LocalDatabase
data >>>> LocalDatabase
data >>>> LocalDatabase
data >>>> LocalDatabase
data >>>> LocalDatabase
data >>>> LocalDatabase
data >>>> LocalDatabase
data >>>> LocalDatabase
data >>>> LocalDatabase
data >>>> LocalDatabase
data >>>> LocalDatabase
data >>>> LocalDatabase
data >>>> LocalDatabase
data >>>> LocalDatabase
data >>>> LocalDatabase
data >>>> LocalDatabase
data >>>> LocalDatabase
data >>>> LocalDatabase
data >>>> LocalDatabase
data >>>> LocalDatabase
data >>>> LocalDatabase
data >>>> LocalDatabase
data >>>> LocalDatabase
data >>>> LocalDatabase
data >>>> LocalDatabase
data >>>> LocalDatabase
 Connect with ATOM LITE ESP32 Via UART have a proplem
data >>>> LocalDatabase
data >>>> LocalDatabase
data >>>> LocalDatabase
data >>>> LocalDatabase
data >>>> LocalDatabase
data >>>> LocalDatabase
data >>>> LocalDatabase
 Connect with ATOM LITE ESP32 Via UART have a proplem
 Connect with ATOM LITE ESP32 Via UART have a proplem
data >>>> LocalDatabase
 Connect with ATOM LITE ESP32 Via UART have a proplem
data >>>> LocalDatabase
data >>>> LocalDatabase
data >>>> LocalDatabase
data >>>> LocalDatabase
data >>>> LocalDatabase
data >>>> LocalDatabase
data >>>> LocalDatabase
data >>>> LocalDatabase
data >>>> LocalDatabase
data >>>> LocalDatabase
data >>>> LocalDatabase
data >>>> LocalDatabase
data >>>> LocalDatabase
data >>>> LocalDatabase
data >>>> LocalDatabase
data >>>> LocalDatabase
data >>>> LocalDatabase
data >>>> LocalDatabase
data >>>> LocalDatabase
data >>>> LocalDatabaseError: NetworkManager is not running.
Error: NetworkManager is not running.
Error: NetworkManager is not running.

data >>>> LocalDatabase
data >>>> LocalDatabase
data >>>> LocalDatabase
data >>>> LocalDatabase
data >>>> LocalDatabase
data >>>> LocalDatabase
data >>>> LocalDatabase
data >>>> LocalDatabase
data >>>> LocalDatabase
data >>>> LocalDatabase
data >>>> LocalDatabase
data >>>> LocalDatabase
data >>>> LocalDatabase
data >>>> LocalDatabase
data >>>> LocalDatabase
data >>>> LocalDatabase
data >>>> LocalDatabase
data >>>> LocalDatabase
data >>>> LocalDatabase
data >>>> LocalDatabase
data >>>> LocalDatabase
data >>>> LocalDatabase
data >>>> LocalDatabase
data >>>> LocalDatabase
data >>>> LocalDatabase
data >>>> LocalDatabase
data >>>> LocalDatabase
data >>>> LocalDatabase
data >>>> LocalDatabase
data >>>> LocalDatabase
data >>>> LocalDatabase
data >>>> LocalDatabase
data >>>> LocalDatabase
data >>>> LocalDatabase
data >>>> LocalDatabase
data >>>> LocalDatabase
data >>>> LocalDatabase
data >>>> LocalDatabase
data >>>> LocalDatabase
data >>>> LocalDatabase
data >>>> LocalDatabase
data >>>> LocalDatabase
data >>>> LocalDatabase
data >>>> LocalDatabase
data >>>> LocalDatabase
data >>>> LocalDatabase
data >>>> LocalDatabase
data >>>> LocalDatabase
data >>>> LocalDatabase
data >>>> LocalDatabase
data >>>> LocalDatabase
data >>>> LocalDatabase
data >>>> LocalDatabase
data >>>> LocalDatabase
data >>>> LocalDatabase
data >>>> LocalDatabase
data >>>> LocalDatabase
data >>>> LocalDatabase
data >>>> LocalDatabase
data >>>> LocalDatabase
 Connect with ATOM LITE ESP32 Via UART have a proplem
data >>>> LocalDatabase
data >>>> LocalDatabase
data >>>> LocalDatabase
data >>>> LocalDatabase
data >>>> LocalDatabase
data >>>> LocalDatabase
data >>>> LocalDatabase
data >>>> LocalDatabase
data >>>> LocalDatabase
data >>>> LocalDatabase
data >>>> LocalDatabase
data >>>> LocalDatabase
data >>>> LocalDatabase
data >>>> LocalDatabase
data >>>> LocalDatabase
data >>>> LocalDatabase
data >>>> LocalDatabase
data >>>> LocalDatabase
data >>>> LocalDatabase
data >>>> LocalDatabase
data >>>> LocalDatabase
data >>>> LocalDatabase
data >>>> LocalDatabase
 Connect with ATOM LITE ESP32 Via UART have a proplem
data >>>> LocalDatabase
data >>>> LocalDatabase
data >>>> LocalDatabase
data >>>> LocalDatabase
data >>>> LocalDatabase
data >>>> LocalDatabase
data >>>> LocalDatabase
data >>>> LocalDatabase
data >>>> LocalDatabase
data >>>> LocalDatabase
data >>>> LocalDatabase
data >>>> LocalDatabase
data >>>> LocalDatabase
data >>>> LocalDatabase
data >>>> LocalDatabase
data >>>> LocalDatabase
data >>>> LocalDatabase
data >>>> LocalDatabase
data >>>> LocalDatabase
data >>>> LocalDatabase
data >>>> LocalDatabase
data >>>> LocalDatabase
data >>>> LocalDatabase
data >>>> LocalDatabase
data >>>> LocalDatabase
data >>>> LocalDatabase
data >>>> LocalDatabase
data >>>> LocalDatabase
data >>>> LocalDatabase
data >>>> LocalDatabase
data >>>> LocalDatabase
data >>>> LocalDatabase
data >>>> LocalDatabase
data >>>> LocalDatabase
data >>>> LocalDatabase
data >>>> LocalDatabase
data >>>> LocalDatabase
data >>>> LocalDatabase
data >>>> LocalDatabase
data >>>> LocalDatabase
data >>>> LocalDatabase
data >>>> LocalDatabase
 Connect with ATOM LITE ESP32 Via UART have a proplem
data >>>> LocalDatabase
data >>>> LocalDatabase
data >>>> LocalDatabase
data >>>> LocalDatabase
data >>>> LocalDatabase
data >>>> LocalDatabase
data >>>> LocalDatabase
data >>>> LocalDatabase
data >>>> LocalDatabase
data >>>> LocalDatabase
data >>>> LocalDatabase
data >>>> LocalDatabase
data >>>> LocalDatabase
data >>>> LocalDatabase
data >>>> LocalDatabase
data >>>> LocalDatabase
data >>>> LocalDatabase
data >>>> LocalDatabase
data >>>> LocalDatabase
data >>>> LocalDatabase
data >>>> LocalDatabase
data >>>> LocalDatabase
data >>>> LocalDatabase
data >>>> LocalDatabase
 Connect with ATOM LITE ESP32 Via UART have a proplem
data >>>> LocalDatabase
data >>>> LocalDatabase
 Connect with ATOM LITE ESP32 Via UART have a proplem
data >>>> LocalDatabase
data >>>> LocalDatabase
data >>>> LocalDatabase
data >>>> LocalDatabase
data >>>> LocalDatabase
data >>>> LocalDatabase
data >>>> LocalDatabase
data >>>> LocalDatabase
data >>>> LocalDatabase
data >>>> LocalDatabase
data >>>> LocalDatabase
data >>>> LocalDatabase
data >>>> LocalDatabase
data >>>> LocalDatabase
data >>>> LocalDatabase
data >>>> LocalDatabase
data >>>> LocalDatabase
data >>>> LocalDatabase
data >>>> LocalDatabase
data >>>> LocalDatabase
data >>>> LocalDatabase
data >>>> LocalDatabase
data >>>> LocalDatabase
data >>>> LocalDatabase
data >>>> LocalDatabase
data >>>> LocalDatabase
 Connect with ATOM LITE ESP32 Via UART have a proplem
data >>>> LocalDatabase
data >>>> LocalDatabase
data >>>> LocalDatabase
data >>>> LocalDatabase
data >>>> LocalDatabase
data >>>> LocalDatabase
data >>>> LocalDatabase
data >>>> LocalDatabase
data >>>> LocalDatabase
data >>>> LocalDatabase
data >>>> LocalDatabase
data >>>> LocalDatabase
data >>>> LocalDatabase
data >>>> LocalDatabase
data >>>> LocalDatabase
data >>>> LocalDatabase
data >>>> LocalDatabase
data >>>> LocalDatabase
data >>>> LocalDatabase
data >>>> LocalDatabase
data >>>> LocalDatabase
data >>>> LocalDatabase
data >>>> LocalDatabase
data >>>> LocalDatabase
data >>>> LocalDatabase
data >>>> LocalDatabase
data >>>> LocalDatabase
data >>>> LocalDatabase
data >>>> LocalDatabase
data >>>> LocalDatabase
data >>>> LocalDatabase
data >>>> LocalDatabase
data >>>> LocalDatabase
data >>>> LocalDatabase
data >>>> LocalDatabase
data >>>> LocalDatabase
data >>>> LocalDatabase
data >>>> LocalDatabase
data >>>> LocalDatabase
data >>>> LocalDatabase
data >>>> LocalDatabase
data >>>> LocalDatabase
data >>>> LocalDatabase
data >>>> LocalDatabase
data >>>> LocalDatabase
data >>>> LocalDatabase
data >>>> LocalDatabase
data >>>> LocalDatabase
data >>>> LocalDatabase
data >>>> LocalDatabase
 Connect with ATOM LITE ESP32 Via UART have a proplem
data >>>> LocalDatabase
data >>>> LocalDatabase
data >>>> LocalDatabase
data >>>> LocalDatabase
data >>>> LocalDatabase
data >>>> LocalDatabase
data >>>> LocalDatabase
data >>>> LocalDatabase
data >>>> LocalDatabase
data >>>> LocalDatabase
data >>>> LocalDatabase
data >>>> LocalDatabase
data >>>> LocalDatabase
data >>>> LocalDatabase
data >>>> LocalDatabase
data >>>> LocalDatabase
data >>>> LocalDatabase
data >>>> LocalDatabase
data >>>> LocalDatabase
data >>>> LocalDatabase
data >>>> LocalDatabase
data >>>> LocalDatabase
data >>>> LocalDatabase
data >>>> LocalDatabase
data >>>> LocalDatabase
data >>>> LocalDatabase
data >>>> LocalDatabase
data >>>> LocalDatabase
data >>>> LocalDatabase
data >>>> LocalDatabase
data >>>> LocalDatabase
data >>>> LocalDatabase
data >>>> LocalDatabase
data >>>> LocalDatabase
data >>>> LocalDatabase
data >>>> LocalDatabase
data >>>> LocalDatabase
data >>>> LocalDatabase
data >>>> LocalDatabase
data >>>> LocalDatabase
data >>>> LocalDatabase
data >>>> LocalDatabase
data >>>> LocalDatabase
data >>>> LocalDatabase
data >>>> LocalDatabase
data >>>> LocalDatabase
data >>>> LocalDatabase
data >>>> LocalDatabase
data >>>> LocalDatabase
data >>>> LocalDatabase
data >>>> LocalDatabase
data >>>> LocalDatabase
data >>>> LocalDatabase
data >>>> LocalDatabase
data >>>> LocalDatabase
data >>>> LocalDatabase
data >>>> LocalDatabase
data >>>> LocalDatabase
data >>>> LocalDatabase
data >>>> LocalDatabase
data >>>> LocalDatabase
data >>>> LocalDatabase
data >>>> LocalDatabase
data >>>> LocalDatabase
data >>>> LocalDatabase
data >>>> LocalDatabase
data >>>> LocalDatabase
data >>>> LocalDatabase
 Connect with ATOM LITE ESP32 Via UART have a proplem
data >>>> LocalDatabase
data >>>> LocalDatabase
data >>>> LocalDatabase
data >>>> LocalDatabase
data >>>> LocalDatabase
data >>>> LocalDatabase
data >>>> LocalDatabase
data >>>> LocalDatabase
data >>>> LocalDatabase
data >>>> LocalDatabase
data >>>> LocalDatabase
data >>>> LocalDatabase
data >>>> LocalDatabase
data >>>> LocalDatabase
data >>>> LocalDatabase
data >>>> LocalDatabase
data >>>> LocalDatabase
data >>>> LocalDatabase
data >>>> LocalDatabase
data >>>> LocalDatabase
data >>>> LocalDatabase
data >>>> LocalDatabase
data >>>> LocalDatabase
data >>>> LocalDatabase
data >>>> LocalDatabase
data >>>> LocalDatabase
data >>>> LocalDatabase
data >>>> LocalDatabase
data >>>> LocalDatabaseError: NetworkManager is not running.

data >>>> LocalDatabase
data >>>> LocalDatabase
data >>>> LocalDatabase
data >>>> LocalDatabase
data >>>> LocalDatabase
data >>>> LocalDatabase
 Connect with ATOM LITE ESP32 Via UART have a proplem
 Connect with ATOM LITE ESP32 Via UART have a proplem
data >>>> LocalDatabase
 Connect with ATOM LITE ESP32 Via UART have a proplem
data >>>> LocalDatabase
data >>>> LocalDatabase
data >>>> LocalDatabase
data >>>> LocalDatabase
data >>>> LocalDatabase
data >>>> LocalDatabase
data >>>> LocalDatabase
data >>>> LocalDatabase
data >>>> LocalDatabase
data >>>> LocalDatabase
data >>>> LocalDatabase
data >>>> LocalDatabase
data >>>> LocalDatabase
data >>>> LocalDatabase
data >>>> LocalDatabase
data >>>> LocalDatabase
data >>>> LocalDatabase
data >>>> LocalDatabase
data >>>> LocalDatabase
data >>>> LocalDatabase
data >>>> LocalDatabase
data >>>> LocalDatabase
data >>>> LocalDatabase
data >>>> LocalDatabase
data >>>> LocalDatabase
data >>>> LocalDatabase
data >>>> LocalDatabase
data >>>> LocalDatabase
data >>>> LocalDatabase
data >>>> LocalDatabase
 Connect with ATOM LITE ESP32 Via UART have a proplem
data >>>> LocalDatabase
 Connect with ATOM LITE ESP32 Via UART have a proplem
data >>>> LocalDatabase
data >>>> LocalDatabase
data >>>> LocalDatabase
data >>>> LocalDatabase
data >>>> LocalDatabase
data >>>> LocalDatabase
data >>>> LocalDatabase
data >>>> LocalDatabase
data >>>> LocalDatabase
data >>>> LocalDatabase
data >>>> LocalDatabase
data >>>> LocalDatabase
data >>>> LocalDatabase
data >>>> LocalDatabase
data >>>> LocalDatabase
data >>>> LocalDatabase
data >>>> LocalDatabase
data >>>> LocalDatabase
data >>>> LocalDatabase
data >>>> LocalDatabase
data >>>> LocalDatabase
data >>>> LocalDatabase
data >>>> LocalDatabase
data >>>> LocalDatabase
data >>>> LocalDatabase
data >>>> LocalDatabase
data >>>> LocalDatabase
data >>>> LocalDatabase
data >>>> LocalDatabase
data >>>> LocalDatabase
data >>>> LocalDatabase
data >>>> LocalDatabase
data >>>> LocalDatabase
data >>>> LocalDatabase
data >>>> LocalDatabase
data >>>> LocalDatabase
data >>>> LocalDatabase
data >>>> LocalDatabase
data >>>> LocalDatabase
data >>>> LocalDatabase
data >>>> LocalDatabase
data >>>> LocalDatabase
data >>>> LocalDatabase
data >>>> LocalDatabase
data >>>> LocalDatabase
data >>>> LocalDatabase
data >>>> LocalDatabase
data >>>> LocalDatabase
data >>>> LocalDatabase
data >>>> LocalDatabase
data >>>> LocalDatabase
data >>>> LocalDatabase
data >>>> LocalDatabase
data >>>> LocalDatabase
data >>>> LocalDatabase
data >>>> LocalDatabase
data >>>> LocalDatabase
data >>>> LocalDatabase
data >>>> LocalDatabase
data >>>> LocalDatabase
data >>>> LocalDatabase
data >>>> LocalDatabase
data >>>> LocalDatabase
data >>>> LocalDatabase
data >>>> LocalDatabase
data >>>> LocalDatabase
data >>>> LocalDatabase
data >>>> LocalDatabase
data >>>> LocalDatabase
data >>>> LocalDatabase
data >>>> LocalDatabase
data >>>> LocalDatabase
data >>>> LocalDatabase
data >>>> LocalDatabase
data >>>> LocalDatabase
data >>>> LocalDatabase
data >>>> LocalDatabase
data >>>> LocalDatabase
data >>>> LocalDatabase
data >>>> LocalDatabase
data >>>> LocalDatabase
data >>>> LocalDatabase
data >>>> LocalDatabase
data >>>> LocalDatabase
data >>>> LocalDatabase
data >>>> LocalDatabase
data >>>> LocalDatabase
data >>>> LocalDatabase
data >>>> LocalDatabase
data >>>> LocalDatabase
data >>>> LocalDatabase
data >>>> LocalDatabase
data >>>> LocalDatabase
data >>>> LocalDatabase
data >>>> LocalDatabase
data >>>> LocalDatabase
data >>>> LocalDatabase
data >>>> LocalDatabase
 Connect with ATOM LITE ESP32 Via UART have a proplem
data >>>> LocalDatabase
 Connect with ATOM LITE ESP32 Via UART have a proplem
data >>>> LocalDatabase
data >>>> LocalDatabase
data >>>> LocalDatabase
data >>>> LocalDatabase
data >>>> LocalDatabase
data >>>> LocalDatabase
 Connect with ATOM LITE ESP32 Via UART have a proplem
data >>>> LocalDatabase
data >>>> LocalDatabase
data >>>> LocalDatabase
data >>>> LocalDatabase
data >>>> LocalDatabase
data >>>> LocalDatabase
data >>>> LocalDatabase
data >>>> LocalDatabase
data >>>> LocalDatabase
data >>>> LocalDatabase
data >>>> LocalDatabase
data >>>> LocalDatabase
data >>>> LocalDatabase
data >>>> LocalDatabase
data >>>> LocalDatabase
data >>>> LocalDatabase
data >>>> LocalDatabase
data >>>> LocalDatabase
data >>>> LocalDatabase
data >>>> LocalDatabase
data >>>> LocalDatabase
data >>>> LocalDatabase
data >>>> LocalDatabase
data >>>> LocalDatabase
data >>>> LocalDatabase
data >>>> LocalDatabase
data >>>> LocalDatabase
data >>>> LocalDatabase
data >>>> LocalDatabase
data >>>> LocalDatabase
data >>>> LocalDatabase
data >>>> LocalDatabase
data >>>> LocalDatabase
data >>>> LocalDatabase
data >>>> LocalDatabase
data >>>> LocalDatabase
data >>>> LocalDatabase
data >>>> LocalDatabase
data >>>> LocalDatabase
data >>>> LocalDatabase
data >>>> LocalDatabase
data >>>> LocalDatabase
data >>>> LocalDatabase
data >>>> LocalDatabase
data >>>> LocalDatabase
data >>>> LocalDatabase
data >>>> LocalDatabase
data >>>> LocalDatabase
data >>>> LocalDatabase
data >>>> LocalDatabase
data >>>> LocalDatabase
data >>>> LocalDatabase
data >>>> LocalDatabase
data >>>> LocalDatabase
data >>>> LocalDatabase
data >>>> LocalDatabase
data >>>> LocalDatabase
data >>>> LocalDatabase
data >>>> LocalDatabase
data >>>> LocalDatabase
data >>>> LocalDatabase
data >>>> LocalDatabase
data >>>> LocalDatabase
data >>>> LocalDatabase
data >>>> LocalDatabase
data >>>> LocalDatabase
data >>>> LocalDatabase
data >>>> LocalDatabase
data >>>> LocalDatabase
data >>>> LocalDatabase
data >>>> LocalDatabase
data >>>> LocalDatabase
data >>>> LocalDatabase
data >>>> LocalDatabase
data >>>> LocalDatabase
data >>>> LocalDatabase
data >>>> LocalDatabase
data >>>> LocalDatabase
data >>>> LocalDatabase
data >>>> LocalDatabase
data >>>> LocalDatabase
data >>>> LocalDatabase
data >>>> LocalDatabase
data >>>> LocalDatabase
data >>>> LocalDatabase
data >>>> LocalDatabase
data >>>> LocalDatabase
data >>>> LocalDatabase
data >>>> LocalDatabase
data >>>> LocalDatabase
data >>>> LocalDatabase
data >>>> LocalDatabase
data >>>> LocalDatabase
data >>>> LocalDatabase
data >>>> LocalDatabase
data >>>> LocalDatabase
data >>>> LocalDatabase
data >>>> LocalDatabase
data >>>> LocalDatabase
 Connect with ATOM LITE ESP32 Via UART have a proplem
data >>>> LocalDatabase
data >>>> LocalDatabase
data >>>> LocalDatabase
data >>>> LocalDatabase
data >>>> LocalDatabase
data >>>> LocalDatabase
data >>>> LocalDatabase
data >>>> LocalDatabase
data >>>> LocalDatabase
data >>>> LocalDatabase
data >>>> LocalDatabase
data >>>> LocalDatabase
data >>>> LocalDatabase
data >>>> LocalDatabase
data >>>> LocalDatabase
data >>>> LocalDatabase
data >>>> LocalDatabase
data >>>> LocalDatabase
data >>>> LocalDatabase
data >>>> LocalDatabase
data >>>> LocalDatabase
data >>>> LocalDatabase
data >>>> LocalDatabase
data >>>> LocalDatabase
data >>>> LocalDatabase
data >>>> LocalDatabase
data >>>> LocalDatabase
data >>>> LocalDatabase
data >>>> LocalDatabase
data >>>> LocalDatabase
data >>>> LocalDatabase
data >>>> LocalDatabase
data >>>> LocalDatabase
data >>>> LocalDatabase
data >>>> LocalDatabase
data >>>> LocalDatabase
data >>>> LocalDatabase
data >>>> LocalDatabase
data >>>> LocalDatabase
data >>>> LocalDatabase
data >>>> LocalDatabase
data >>>> LocalDatabase
data >>>> LocalDatabase
data >>>> LocalDatabase
data >>>> LocalDatabase
data >>>> LocalDatabase
data >>>> LocalDatabase
data >>>> LocalDatabase
data >>>> LocalDatabase
data >>>> LocalDatabase
data >>>> LocalDatabase
data >>>> LocalDatabase
data >>>> LocalDatabase
data >>>> LocalDatabase
data >>>> LocalDatabase
data >>>> LocalDatabase
data >>>> LocalDatabase
data >>>> LocalDatabase
data >>>> LocalDatabase
data >>>> LocalDatabase
data >>>> LocalDatabase
data >>>> LocalDatabase
data >>>> LocalDatabase
data >>>> LocalDatabase
data >>>> LocalDatabase
data >>>> LocalDatabase
data >>>> LocalDatabase
data >>>> LocalDatabase
data >>>> LocalDatabase
data >>>> LocalDatabase
data >>>> LocalDatabase
data >>>> LocalDatabase
data >>>> LocalDatabase
data >>>> LocalDatabase
data >>>> LocalDatabase
data >>>> LocalDatabase
data >>>> LocalDatabase
data >>>> LocalDatabase
 Connect with ATOM LITE ESP32 Via UART have a proplemError: NetworkManager is not running.
Error: NetworkManager is not running.
Error: NetworkManager is not running.

data >>>> LocalDatabase
 Connect with ATOM LITE ESP32 Via UART have a proplem
data >>>> LocalDatabase
data >>>> LocalDatabase
data >>>> LocalDatabase
data >>>> LocalDatabase
data >>>> LocalDatabase
data >>>> LocalDatabase
data >>>> LocalDatabase
data >>>> LocalDatabase
data >>>> LocalDatabase
data >>>> LocalDatabase
data >>>> LocalDatabase
data >>>> LocalDatabase
data >>>> LocalDatabase
data >>>> LocalDatabase
data >>>> LocalDatabase
data >>>> LocalDatabase
data >>>> LocalDatabase
data >>>> LocalDatabase
data >>>> LocalDatabase
data >>>> LocalDatabase
data >>>> LocalDatabase
data >>>> LocalDatabase
data >>>> LocalDatabase
data >>>> LocalDatabase
data >>>> LocalDatabase
data >>>> LocalDatabase
data >>>> LocalDatabase
data >>>> LocalDatabase
data >>>> LocalDatabase
data >>>> LocalDatabase
data >>>> LocalDatabase
data >>>> LocalDatabase
data >>>> LocalDatabase
data >>>> LocalDatabase
data >>>> LocalDatabase
data >>>> LocalDatabase
data >>>> LocalDatabase
data >>>> LocalDatabase
data >>>> LocalDatabase
data >>>> LocalDatabase
data >>>> LocalDatabase
data >>>> LocalDatabase
data >>>> LocalDatabase
data >>>> LocalDatabase
data >>>> LocalDatabase
data >>>> LocalDatabase
data >>>> LocalDatabase
data >>>> LocalDatabase
data >>>> LocalDatabase
data >>>> LocalDatabase
data >>>> LocalDatabase
data >>>> LocalDatabase
data >>>> LocalDatabase
data >>>> LocalDatabase
data >>>> LocalDatabase
data >>>> LocalDatabase
data >>>> LocalDatabase
data >>>> LocalDatabase
data >>>> LocalDatabase
data >>>> LocalDatabase
data >>>> LocalDatabase
data >>>> LocalDatabase
data >>>> LocalDatabase
data >>>> LocalDatabase
data >>>> LocalDatabase
data >>>> LocalDatabase
data >>>> LocalDatabase
data >>>> LocalDatabase
data >>>> LocalDatabase
data >>>> LocalDatabase
data >>>> LocalDatabase
data >>>> LocalDatabase
data >>>> LocalDatabase
data >>>> LocalDatabase
data >>>> LocalDatabase
data >>>> LocalDatabase
data >>>> LocalDatabase
data >>>> LocalDatabase
data >>>> LocalDatabase
data >>>> LocalDatabase
data >>>> LocalDatabase
data >>>> LocalDatabase
data >>>> LocalDatabase
data >>>> LocalDatabase
data >>>> LocalDatabase
data >>>> LocalDatabase
data >>>> LocalDatabase
data >>>> LocalDatabase
data >>>> LocalDatabase
data >>>> LocalDatabase
data >>>> LocalDatabase
data >>>> LocalDatabase
data >>>> LocalDatabase
data >>>> LocalDatabase
data >>>> LocalDatabase
data >>>> LocalDatabase
data >>>> LocalDatabase
data >>>> LocalDatabase
data >>>> LocalDatabase
data >>>> LocalDatabase
data >>>> LocalDatabase
data >>>> LocalDatabase
data >>>> LocalDatabase
data >>>> LocalDatabase
data >>>> LocalDatabase
data >>>> LocalDatabase
data >>>> LocalDatabase
data >>>> LocalDatabase
data >>>> LocalDatabase
data >>>> LocalDatabase
data >>>> LocalDatabase
data >>>> LocalDatabase
data >>>> LocalDatabase
data >>>> LocalDatabase
data >>>> LocalDatabase
data >>>> LocalDatabase
data >>>> LocalDatabase
data >>>> LocalDatabase
data >>>> LocalDatabase
data >>>> LocalDatabase
data >>>> LocalDatabase
data >>>> LocalDatabase
data >>>> LocalDatabase
data >>>> LocalDatabase
data >>>> LocalDatabase
data >>>> LocalDatabase
data >>>> LocalDatabase
data >>>> LocalDatabase
data >>>> LocalDatabase
data >>>> LocalDatabase
data >>>> LocalDatabase
data >>>> LocalDatabase
data >>>> LocalDatabase
data >>>> LocalDatabase
data >>>> LocalDatabase
data >>>> LocalDatabase
data >>>> LocalDatabase
data >>>> LocalDatabase
data >>>> LocalDatabase
data >>>> LocalDatabase
data >>>> LocalDatabase
data >>>> LocalDatabase
data >>>> LocalDatabase
data >>>> LocalDatabase
data >>>> LocalDatabase
data >>>> LocalDatabase
data >>>> LocalDatabase
data >>>> LocalDatabase
data >>>> LocalDatabase
data >>>> LocalDatabase
data >>>> LocalDatabase
data >>>> LocalDatabase
data >>>> LocalDatabase
data >>>> LocalDatabase
data >>>> LocalDatabase
data >>>> LocalDatabase
data >>>> LocalDatabase
data >>>> LocalDatabase
data >>>> LocalDatabase
data >>>> LocalDatabase
data >>>> LocalDatabase
data >>>> LocalDatabase
data >>>> LocalDatabase
data >>>> LocalDatabase
data >>>> LocalDatabase
data >>>> LocalDatabase
data >>>> LocalDatabase
data >>>> LocalDatabase
data >>>> LocalDatabase
data >>>> LocalDatabase
data >>>> LocalDatabase
data >>>> LocalDatabase
data >>>> LocalDatabase
data >>>> LocalDatabase
data >>>> LocalDatabase
data >>>> LocalDatabase
data >>>> LocalDatabase
data >>>> LocalDatabase
data >>>> LocalDatabase
data >>>> LocalDatabase
data >>>> LocalDatabase
data >>>> LocalDatabase
data >>>> LocalDatabase
data >>>> LocalDatabase
data >>>> LocalDatabase
data >>>> LocalDatabase
data >>>> LocalDatabase
data >>>> LocalDatabase
data >>>> LocalDatabase
data >>>> LocalDatabase
data >>>> LocalDatabase
data >>>> LocalDatabase
data >>>> LocalDatabase
data >>>> LocalDatabase
data >>>> LocalDatabase
data >>>> LocalDatabase
data >>>> LocalDatabase
data >>>> LocalDatabase
data >>>> LocalDatabase
data >>>> LocalDatabase
data >>>> LocalDatabase
data >>>> LocalDatabase
data >>>> LocalDatabase
data >>>> LocalDatabase
data >>>> LocalDatabase
data >>>> LocalDatabase
data >>>> LocalDatabase
data >>>> LocalDatabase
data >>>> LocalDatabase
data >>>> LocalDatabase
data >>>> LocalDatabase
 Connect with ATOM LITE ESP32 Via UART have a proplem
data >>>> LocalDatabase
data >>>> LocalDatabase
data >>>> LocalDatabase
data >>>> LocalDatabase
data >>>> LocalDatabase
data >>>> LocalDatabase
data >>>> LocalDatabase
data >>>> LocalDatabase
data >>>> LocalDatabase
data >>>> LocalDatabase
data >>>> LocalDatabase
data >>>> LocalDatabase
data >>>> LocalDatabase
data >>>> LocalDatabase
data >>>> LocalDatabase
data >>>> LocalDatabase
data >>>> LocalDatabase
data >>>> LocalDatabase
data >>>> LocalDatabase
data >>>> LocalDatabase
data >>>> LocalDatabase
data >>>> LocalDatabase
data >>>> LocalDatabase
data >>>> LocalDatabase
data >>>> LocalDatabase
data >>>> LocalDatabase
data >>>> LocalDatabase
data >>>> LocalDatabase
data >>>> LocalDatabase
data >>>> LocalDatabase
data >>>> LocalDatabase
data >>>> LocalDatabase
data >>>> LocalDatabase
data >>>> LocalDatabase
data >>>> LocalDatabase
data >>>> LocalDatabase
data >>>> LocalDatabase
data >>>> LocalDatabase
data >>>> LocalDatabase
data >>>> LocalDatabase
data >>>> LocalDatabase
data >>>> LocalDatabase
data >>>> LocalDatabase
data >>>> LocalDatabase
data >>>> LocalDatabase
data >>>> LocalDatabase
data >>>> LocalDatabase
data >>>> LocalDatabase
data >>>> LocalDatabase
data >>>> LocalDatabase
data >>>> LocalDatabase
data >>>> LocalDatabase
data >>>> LocalDatabase
data >>>> LocalDatabase
data >>>> LocalDatabase
data >>>> LocalDatabase
data >>>> LocalDatabase
data >>>> LocalDatabase
data >>>> LocalDatabase
data >>>> LocalDatabase
data >>>> LocalDatabase
data >>>> LocalDatabase
data >>>> LocalDatabase
data >>>> LocalDatabase
data >>>> LocalDatabase
data >>>> LocalDatabase
data >>>> LocalDatabase
data >>>> LocalDatabase
 Connect with ATOM LITE ESP32 Via UART have a proplem
data >>>> LocalDatabase
data >>>> LocalDatabase
data >>>> LocalDatabase
data >>>> LocalDatabase
data >>>> LocalDatabase
data >>>> LocalDatabase
data >>>> LocalDatabase
data >>>> LocalDatabase
data >>>> LocalDatabase
data >>>> LocalDatabase
data >>>> LocalDatabase
data >>>> LocalDatabase
data >>>> LocalDatabase
data >>>> LocalDatabase
data >>>> LocalDatabase
data >>>> LocalDatabase
data >>>> LocalDatabase
data >>>> LocalDatabase
data >>>> LocalDatabase
data >>>> LocalDatabase
data >>>> LocalDatabase
data >>>> LocalDatabase
data >>>> LocalDatabase
data >>>> LocalDatabase
data >>>> LocalDatabase
data >>>> LocalDatabase
data >>>> LocalDatabase
data >>>> LocalDatabase
data >>>> LocalDatabase
data >>>> LocalDatabase
data >>>> LocalDatabase
data >>>> LocalDatabase
data >>>> LocalDatabase
data >>>> LocalDatabase
data >>>> LocalDatabase
data >>>> LocalDatabase
data >>>> LocalDatabase
data >>>> LocalDatabase
data >>>> LocalDatabase
data >>>> LocalDatabase
data >>>> LocalDatabase
data >>>> LocalDatabase
data >>>> LocalDatabase
data >>>> LocalDatabase
data >>>> LocalDatabase
data >>>> LocalDatabase
data >>>> LocalDatabase
data >>>> LocalDatabase
data >>>> LocalDatabase
data >>>> LocalDatabase
data >>>> LocalDatabase
data >>>> LocalDatabase
 Connect with ATOM LITE ESP32 Via UART have a proplem
data >>>> LocalDatabaseError: NetworkManager is not running.
Error: NetworkManager is not running.
Error: NetworkManager is not running.
Error: NetworkManager is not running.

data >>>> LocalDatabase
data >>>> LocalDatabase
data >>>> LocalDatabase
 Connect with ATOM LITE ESP32 Via UART have a proplem
data >>>> LocalDatabase
data >>>> LocalDatabase
data >>>> LocalDatabase
data >>>> LocalDatabase
data >>>> LocalDatabase
data >>>> LocalDatabase
data >>>> LocalDatabase
data >>>> LocalDatabase
data >>>> LocalDatabase
data >>>> LocalDatabase
data >>>> LocalDatabase
data >>>> LocalDatabase
data >>>> LocalDatabase
data >>>> LocalDatabase
data >>>> LocalDatabase
data >>>> LocalDatabase
data >>>> LocalDatabase
data >>>> LocalDatabase
data >>>> LocalDatabase
data >>>> LocalDatabase
data >>>> LocalDatabase
data >>>> LocalDatabase
data >>>> LocalDatabase
data >>>> LocalDatabase
data >>>> LocalDatabase
data >>>> LocalDatabase
data >>>> LocalDatabase
data >>>> LocalDatabase
data >>>> LocalDatabase
data >>>> LocalDatabase
data >>>> LocalDatabase
data >>>> LocalDatabase
data >>>> LocalDatabase
data >>>> LocalDatabase
data >>>> LocalDatabase
data >>>> LocalDatabase
data >>>> LocalDatabase
data >>>> LocalDatabase
data >>>> LocalDatabase
data >>>> LocalDatabase
data >>>> LocalDatabase
data >>>> LocalDatabase
data >>>> LocalDatabase
data >>>> LocalDatabase
data >>>> LocalDatabase
 Connect with ATOM LITE ESP32 Via UART have a proplem
data >>>> LocalDatabase
data >>>> LocalDatabase
data >>>> LocalDatabase
data >>>> LocalDatabase
data >>>> LocalDatabase
data >>>> LocalDatabase
data >>>> LocalDatabase
data >>>> LocalDatabase
data >>>> LocalDatabase
data >>>> LocalDatabase
data >>>> LocalDatabase
data >>>> LocalDatabase
data >>>> LocalDatabase
data >>>> LocalDatabase
data >>>> LocalDatabase
data >>>> LocalDatabase
data >>>> LocalDatabase
data >>>> LocalDatabase
data >>>> LocalDatabase
data >>>> LocalDatabase
data >>>> LocalDatabase
data >>>> LocalDatabase
data >>>> LocalDatabase
data >>>> LocalDatabase
data >>>> LocalDatabase
data >>>> LocalDatabase
data >>>> LocalDatabase
data >>>> LocalDatabase
data >>>> LocalDatabase
data >>>> LocalDatabase
data >>>> LocalDatabase
data >>>> LocalDatabase
data >>>> LocalDatabase
data >>>> LocalDatabase
data >>>> LocalDatabase
data >>>> LocalDatabase
 Connect with ATOM LITE ESP32 Via UART have a proplem
data >>>> LocalDatabase
data >>>> LocalDatabase
data >>>> LocalDatabase
data >>>> LocalDatabase
data >>>> LocalDatabase
data >>>> LocalDatabase
data >>>> LocalDatabase
data >>>> LocalDatabase
data >>>> LocalDatabase
data >>>> LocalDatabase
data >>>> LocalDatabase
data >>>> LocalDatabase
data >>>> LocalDatabase
data >>>> LocalDatabase
data >>>> LocalDatabase
data >>>> LocalDatabase
data >>>> LocalDatabase
data >>>> LocalDatabase
data >>>> LocalDatabase
data >>>> LocalDatabase
data >>>> LocalDatabase
data >>>> LocalDatabase
 Connect with ATOM LITE ESP32 Via UART have a proplem
data >>>> LocalDatabase
data >>>> LocalDatabase
data >>>> LocalDatabase
data >>>> LocalDatabase
data >>>> LocalDatabase
data >>>> LocalDatabase
data >>>> LocalDatabase
data >>>> LocalDatabase
data >>>> LocalDatabase
data >>>> LocalDatabase
data >>>> LocalDatabase
data >>>> LocalDatabase
data >>>> LocalDatabase
data >>>> LocalDatabase
data >>>> LocalDatabase
data >>>> LocalDatabase
data >>>> LocalDatabase
data >>>> LocalDatabase
data >>>> LocalDatabase
data >>>> LocalDatabase
data >>>> LocalDatabase
data >>>> LocalDatabase
data >>>> LocalDatabase
 Connect with ATOM LITE ESP32 Via UART have a proplem
data >>>> LocalDatabase
data >>>> LocalDatabase
data >>>> LocalDatabase
data >>>> LocalDatabase
data >>>> LocalDatabase
data >>>> LocalDatabase
data >>>> LocalDatabase
data >>>> LocalDatabase
data >>>> LocalDatabase
data >>>> LocalDatabase
data >>>> LocalDatabase
data >>>> LocalDatabase
data >>>> LocalDatabase
data >>>> LocalDatabase
data >>>> LocalDatabase
data >>>> LocalDatabase
data >>>> LocalDatabase
data >>>> LocalDatabase
data >>>> LocalDatabase
data >>>> LocalDatabase
data >>>> LocalDatabase
data >>>> LocalDatabase
data >>>> LocalDatabase
data >>>> LocalDatabase
data >>>> LocalDatabase
data >>>> LocalDatabase
 Connect with ATOM LITE ESP32 Via UART have a proplem
data >>>> LocalDatabase
data >>>> LocalDatabase
data >>>> LocalDatabase
data >>>> LocalDatabase
data >>>> LocalDatabase
data >>>> LocalDatabase
data >>>> LocalDatabase
data >>>> LocalDatabase
data >>>> LocalDatabase
data >>>> LocalDatabase
data >>>> LocalDatabase
 Connect with ATOM LITE ESP32 Via UART have a proplem
data >>>> LocalDatabase
 Connect with ATOM LITE ESP32 Via UART have a proplem
data >>>> LocalDatabase
data >>>> LocalDatabase
data >>>> LocalDatabase
data >>>> LocalDatabase
data >>>> LocalDatabase
data >>>> LocalDatabase
data >>>> LocalDatabase
data >>>> LocalDatabase
data >>>> LocalDatabase
data >>>> LocalDatabase
data >>>> LocalDatabase
data >>>> LocalDatabase
data >>>> LocalDatabase
data >>>> LocalDatabase
data >>>> LocalDatabase
data >>>> LocalDatabase
data >>>> LocalDatabase
data >>>> LocalDatabase
 Connect with ATOM LITE ESP32 Via UART have a proplem
data >>>> LocalDatabase
data >>>> LocalDatabase
data >>>> LocalDatabase
data >>>> LocalDatabase
data >>>> LocalDatabase
data >>>> LocalDatabase
data >>>> LocalDatabase
data >>>> LocalDatabase
data >>>> LocalDatabase
data >>>> LocalDatabase
data >>>> LocalDatabase
data >>>> LocalDatabase
data >>>> LocalDatabase
data >>>> LocalDatabase
data >>>> LocalDatabase
data >>>> LocalDatabase
data >>>> LocalDatabase
data >>>> LocalDatabase
data >>>> LocalDatabase
data >>>> LocalDatabase
data >>>> LocalDatabase
data >>>> LocalDatabase
data >>>> LocalDatabase
data >>>> LocalDatabase
data >>>> LocalDatabase
data >>>> LocalDatabase
data >>>> LocalDatabase
data >>>> LocalDatabase
data >>>> LocalDatabase
data >>>> LocalDatabase
data >>>> LocalDatabase
data >>>> LocalDatabase
data >>>> LocalDatabase
data >>>> LocalDatabase
data >>>> LocalDatabase
data >>>> LocalDatabase
data >>>> LocalDatabase
data >>>> LocalDatabase
data >>>> LocalDatabase
data >>>> LocalDatabase
data >>>> LocalDatabase
data >>>> LocalDatabase
data >>>> LocalDatabase
data >>>> LocalDatabase
data >>>> LocalDatabase
data >>>> LocalDatabase
data >>>> LocalDatabase
data >>>> LocalDatabase
data >>>> LocalDatabase
data >>>> LocalDatabase
data >>>> LocalDatabase
data >>>> LocalDatabase
data >>>> LocalDatabase
data >>>> LocalDatabase
data >>>> LocalDatabase
data >>>> LocalDatabase
data >>>> LocalDatabase
data >>>> LocalDatabase
data >>>> LocalDatabase
data >>>> LocalDatabase
data >>>> LocalDatabase
data >>>> LocalDatabase
data >>>> LocalDatabase
data >>>> LocalDatabase
data >>>> LocalDatabase
data >>>> LocalDatabase
data >>>> LocalDatabase
data >>>> LocalDatabase
data >>>> LocalDatabase
data >>>> LocalDatabase
data >>>> LocalDatabase
data >>>> LocalDatabase
data >>>> LocalDatabase
data >>>> LocalDatabase
data >>>> LocalDatabase
data >>>> LocalDatabase
data >>>> LocalDatabase
data >>>> LocalDatabase
data >>>> LocalDatabase
data >>>> LocalDatabase
data >>>> LocalDatabase
data >>>> LocalDatabase
data >>>> LocalDatabase
data >>>> LocalDatabase
data >>>> LocalDatabase
data >>>> LocalDatabase
data >>>> LocalDatabase
data >>>> LocalDatabase
data >>>> LocalDatabase
data >>>> LocalDatabase
data >>>> LocalDatabase
data >>>> LocalDatabase
data >>>> LocalDatabase
data >>>> LocalDatabase
data >>>> LocalDatabase
data >>>> LocalDatabase
data >>>> LocalDatabase
data >>>> LocalDatabase
data >>>> LocalDatabase
data >>>> LocalDatabase
data >>>> LocalDatabase
data >>>> LocalDatabase
data >>>> LocalDatabase
data >>>> LocalDatabase
data >>>> LocalDatabase
data >>>> LocalDatabase
 Connect with ATOM LITE ESP32 Via UART have a proplem
data >>>> LocalDatabase
data >>>> LocalDatabase
data >>>> LocalDatabase
data >>>> LocalDatabase
data >>>> LocalDatabase
data >>>> LocalDatabase
data >>>> LocalDatabase
data >>>> LocalDatabase
data >>>> LocalDatabase
data >>>> LocalDatabase
data >>>> LocalDatabase
data >>>> LocalDatabase
data >>>> LocalDatabase
data >>>> LocalDatabase
data >>>> LocalDatabase
data >>>> LocalDatabase
data >>>> LocalDatabase
data >>>> LocalDatabase
data >>>> LocalDatabase
data >>>> LocalDatabase
data >>>> LocalDatabase
data >>>> LocalDatabase
data >>>> LocalDatabase
data >>>> LocalDatabase
data >>>> LocalDatabase
data >>>> LocalDatabase
data >>>> LocalDatabase
data >>>> LocalDatabaseError: NetworkManager is not running.
Error: NetworkManager is not running.
Error: NetworkManager is not running.

data >>>> LocalDatabase
data >>>> LocalDatabase
data >>>> LocalDatabase
data >>>> LocalDatabase
data >>>> LocalDatabase
data >>>> LocalDatabase
data >>>> LocalDatabase
data >>>> LocalDatabase
data >>>> LocalDatabase
data >>>> LocalDatabase
data >>>> LocalDatabase
data >>>> LocalDatabase
data >>>> LocalDatabase
data >>>> LocalDatabase
data >>>> LocalDatabase
data >>>> LocalDatabase
data >>>> LocalDatabase
data >>>> LocalDatabase
data >>>> LocalDatabase
data >>>> LocalDatabase
data >>>> LocalDatabase
data >>>> LocalDatabase
data >>>> LocalDatabase
data >>>> LocalDatabase
data >>>> LocalDatabase
data >>>> LocalDatabase
data >>>> LocalDatabase
data >>>> LocalDatabase
data >>>> LocalDatabase
data >>>> LocalDatabase
data >>>> LocalDatabase
data >>>> LocalDatabase
data >>>> LocalDatabase
data >>>> LocalDatabase
data >>>> LocalDatabase
data >>>> LocalDatabase
data >>>> LocalDatabase
data >>>> LocalDatabase
data >>>> LocalDatabase
data >>>> LocalDatabase
 Connect with ATOM LITE ESP32 Via UART have a proplem
data >>>> LocalDatabase
data >>>> LocalDatabase
data >>>> LocalDatabase
data >>>> LocalDatabase
data >>>> LocalDatabase
data >>>> LocalDatabase
data >>>> LocalDatabase
data >>>> LocalDatabase
data >>>> LocalDatabase
data >>>> LocalDatabase
data >>>> LocalDatabase
data >>>> LocalDatabase
data >>>> LocalDatabase
data >>>> LocalDatabase
data >>>> LocalDatabase
data >>>> LocalDatabase
data >>>> LocalDatabase
data >>>> LocalDatabase
data >>>> LocalDatabase
 Connect with ATOM LITE ESP32 Via UART have a proplem
data >>>> LocalDatabase
data >>>> LocalDatabase
data >>>> LocalDatabase
data >>>> LocalDatabase
data >>>> LocalDatabase
data >>>> LocalDatabase
data >>>> LocalDatabase
data >>>> LocalDatabase
data >>>> LocalDatabase
data >>>> LocalDatabase
data >>>> LocalDatabase
data >>>> LocalDatabase
data >>>> LocalDatabase
 Connect with ATOM LITE ESP32 Via UART have a proplem
data >>>> LocalDatabase
data >>>> LocalDatabase
data >>>> LocalDatabase
data >>>> LocalDatabase
data >>>> LocalDatabase
data >>>> LocalDatabase
data >>>> LocalDatabase
data >>>> LocalDatabase
data >>>> LocalDatabase
data >>>> LocalDatabase
data >>>> LocalDatabase
data >>>> LocalDatabase
data >>>> LocalDatabase
data >>>> LocalDatabase
data >>>> LocalDatabase
data >>>> LocalDatabase
data >>>> LocalDatabase
data >>>> LocalDatabase
data >>>> LocalDatabase
data >>>> LocalDatabase
data >>>> LocalDatabase
data >>>> LocalDatabase
data >>>> LocalDatabase
data >>>> LocalDatabase
data >>>> LocalDatabase
data >>>> LocalDatabase
data >>>> LocalDatabase
data >>>> LocalDatabase
 Connect with ATOM LITE ESP32 Via UART have a proplem
data >>>> LocalDatabase
data >>>> LocalDatabase
data >>>> LocalDatabase
data >>>> LocalDatabase
data >>>> LocalDatabase
data >>>> LocalDatabase
data >>>> LocalDatabase
data >>>> LocalDatabase
data >>>> LocalDatabase
data >>>> LocalDatabase
data >>>> LocalDatabase
data >>>> LocalDatabase
data >>>> LocalDatabase
data >>>> LocalDatabase
data >>>> LocalDatabase
data >>>> LocalDatabase
data >>>> LocalDatabase
data >>>> LocalDatabase
data >>>> LocalDatabase
data >>>> LocalDatabase
data >>>> LocalDatabase
data >>>> LocalDatabase
data >>>> LocalDatabase
data >>>> LocalDatabase
data >>>> LocalDatabase
data >>>> LocalDatabase
data >>>> LocalDatabase
data >>>> LocalDatabase
data >>>> LocalDatabase
data >>>> LocalDatabase
data >>>> LocalDatabase
data >>>> LocalDatabase
data >>>> LocalDatabase
data >>>> LocalDatabase
data >>>> LocalDatabase
data >>>> LocalDatabase
data >>>> LocalDatabase
data >>>> LocalDatabase
data >>>> LocalDatabase
data >>>> LocalDatabase
data >>>> LocalDatabase
data >>>> LocalDatabase
data >>>> LocalDatabase
data >>>> LocalDatabase
data >>>> LocalDatabase
data >>>> LocalDatabase
data >>>> LocalDatabase
data >>>> LocalDatabase
data >>>> LocalDatabase
data >>>> LocalDatabase
data >>>> LocalDatabase
data >>>> LocalDatabase
 Connect with ATOM LITE ESP32 Via UART have a proplem
data >>>> LocalDatabase
data >>>> LocalDatabase
data >>>> LocalDatabase
data >>>> LocalDatabase
data >>>> LocalDatabase
data >>>> LocalDatabase
data >>>> LocalDatabase
data >>>> LocalDatabase
data >>>> LocalDatabase
data >>>> LocalDatabase
data >>>> LocalDatabase
data >>>> LocalDatabase
data >>>> LocalDatabase
data >>>> LocalDatabase
data >>>> LocalDatabase
data >>>> LocalDatabase
data >>>> LocalDatabase
data >>>> LocalDatabase
data >>>> LocalDatabase
data >>>> LocalDatabase
data >>>> LocalDatabase
data >>>> LocalDatabase
data >>>> LocalDatabase
data >>>> LocalDatabase
 Connect with ATOM LITE ESP32 Via UART have a proplem
data >>>> LocalDatabase
data >>>> LocalDatabase
data >>>> LocalDatabase
data >>>> LocalDatabase
data >>>> LocalDatabase
data >>>> LocalDatabase
data >>>> LocalDatabase
 Connect with ATOM LITE ESP32 Via UART have a proplem
data >>>> LocalDatabase
data >>>> LocalDatabase
data >>>> LocalDatabase
data >>>> LocalDatabase
data >>>> LocalDatabase
data >>>> LocalDatabase
data >>>> LocalDatabase
data >>>> LocalDatabase
data >>>> LocalDatabase
data >>>> LocalDatabase
data >>>> LocalDatabase
data >>>> LocalDatabase
data >>>> LocalDatabase
data >>>> LocalDatabase
data >>>> LocalDatabase
data >>>> LocalDatabase
data >>>> LocalDatabase
data >>>> LocalDatabase
data >>>> LocalDatabase
data >>>> LocalDatabase
data >>>> LocalDatabase
data >>>> LocalDatabase
data >>>> LocalDatabase
data >>>> LocalDatabase
data >>>> LocalDatabase
data >>>> LocalDatabase
data >>>> LocalDatabase
data >>>> LocalDatabase
data >>>> LocalDatabase
data >>>> LocalDatabase
data >>>> LocalDatabase
data >>>> LocalDatabase
data >>>> LocalDatabase
data >>>> LocalDatabase
data >>>> LocalDatabase
data >>>> LocalDatabase
data >>>> LocalDatabase
data >>>> LocalDatabase
data >>>> LocalDatabase
data >>>> LocalDatabase
data >>>> LocalDatabase
data >>>> LocalDatabase
data >>>> LocalDatabase
data >>>> LocalDatabase
data >>>> LocalDatabase
data >>>> LocalDatabase
data >>>> LocalDatabase
data >>>> LocalDatabase
data >>>> LocalDatabase
data >>>> LocalDatabase
data >>>> LocalDatabase
data >>>> LocalDatabase
data >>>> LocalDatabase
data >>>> LocalDatabase
data >>>> LocalDatabase
data >>>> LocalDatabase
data >>>> LocalDatabase
data >>>> LocalDatabase
data >>>> LocalDatabase
data >>>> LocalDatabase
data >>>> LocalDatabase
 Connect with ATOM LITE ESP32 Via UART have a proplem
data >>>> LocalDatabase
data >>>> LocalDatabase
data >>>> LocalDatabase
data >>>> LocalDatabase
data >>>> LocalDatabase
data >>>> LocalDatabase
data >>>> LocalDatabase
data >>>> LocalDatabase
data >>>> LocalDatabase
data >>>> LocalDatabase
data >>>> LocalDatabase
data >>>> LocalDatabase
data >>>> LocalDatabase
data >>>> LocalDatabase
data >>>> LocalDatabase
data >>>> LocalDatabase
data >>>> LocalDatabase
data >>>> LocalDatabase
data >>>> LocalDatabase
data >>>> LocalDatabase
data >>>> LocalDatabase
data >>>> LocalDatabase
data >>>> LocalDatabase
data >>>> LocalDatabase
data >>>> LocalDatabase
data >>>> LocalDatabase
data >>>> LocalDatabase
data >>>> LocalDatabase
data >>>> LocalDatabase
data >>>> LocalDatabase
data >>>> LocalDatabase
data >>>> LocalDatabase
data >>>> LocalDatabase
data >>>> LocalDatabase
data >>>> LocalDatabase
data >>>> LocalDatabase
data >>>> LocalDatabase
data >>>> LocalDatabase
data >>>> LocalDatabase
data >>>> LocalDatabase
data >>>> LocalDatabase
data >>>> LocalDatabase
data >>>> LocalDatabase
data >>>> LocalDatabase
data >>>> LocalDatabase
data >>>> LocalDatabase
data >>>> LocalDatabase
data >>>> LocalDatabase
data >>>> LocalDatabase
data >>>> LocalDatabase
data >>>> LocalDatabase
data >>>> LocalDatabase
data >>>> LocalDatabase
data >>>> LocalDatabase
data >>>> LocalDatabase
data >>>> LocalDatabase
data >>>> LocalDatabase
data >>>> LocalDatabase
data >>>> LocalDatabase
data >>>> LocalDatabase
data >>>> LocalDatabase
 Connect with ATOM LITE ESP32 Via UART have a proplem
data >>>> LocalDatabase
data >>>> LocalDatabase
data >>>> LocalDatabase
data >>>> LocalDatabase
data >>>> LocalDatabase
data >>>> LocalDatabase
data >>>> LocalDatabase
data >>>> LocalDatabase
data >>>> LocalDatabase
data >>>> LocalDatabase
data >>>> LocalDatabase
data >>>> LocalDatabase
data >>>> LocalDatabase
data >>>> LocalDatabase
data >>>> LocalDatabase
data >>>> LocalDatabase
data >>>> LocalDatabaseError: NetworkManager is not running.
Error: NetworkManager is not running.
Error: NetworkManager is not running.

data >>>> LocalDatabase
data >>>> LocalDatabase
data >>>> LocalDatabase
data >>>> LocalDatabase
 Connect with ATOM LITE ESP32 Via UART have a proplem
 Connect with ATOM LITE ESP32 Via UART have a proplem
 Connect with ATOM LITE ESP32 Via UART have a proplem
 Connect with ATOM LITE ESP32 Via UART have a proplem
 Connect with ATOM LITE ESP32 Via UART have a proplem
 Connect with ATOM LITE ESP32 Via UART have a proplem
data >>>> LocalDatabase
data >>>> LocalDatabase
data >>>> LocalDatabase
data >>>> LocalDatabase
data >>>> LocalDatabase
data >>>> LocalDatabase
data >>>> LocalDatabase
data >>>> LocalDatabase
data >>>> LocalDatabase
data >>>> LocalDatabase
data >>>> LocalDatabase
data >>>> LocalDatabase
data >>>> LocalDatabase
data >>>> LocalDatabase
data >>>> LocalDatabase
data >>>> LocalDatabase
data >>>> LocalDatabase
data >>>> LocalDatabase
data >>>> LocalDatabase
data >>>> LocalDatabase
data >>>> LocalDatabase
data >>>> LocalDatabase
data >>>> LocalDatabase
data >>>> LocalDatabase
data >>>> LocalDatabase
data >>>> LocalDatabase
data >>>> LocalDatabase
data >>>> LocalDatabase
 Connect with ATOM LITE ESP32 Via UART have a proplem
data >>>> LocalDatabase
data >>>> LocalDatabase
data >>>> LocalDatabase
data >>>> LocalDatabase
data >>>> LocalDatabase
data >>>> LocalDatabase
data >>>> LocalDatabase
 Connect with ATOM LITE ESP32 Via UART have a proplem
data >>>> LocalDatabase
data >>>> LocalDatabase
data >>>> LocalDatabase
data >>>> LocalDatabase
data >>>> LocalDatabase
data >>>> LocalDatabase
data >>>> LocalDatabase
data >>>> LocalDatabase
data >>>> LocalDatabase
 Connect with ATOM LITE ESP32 Via UART have a proplem
data >>>> LocalDatabase
data >>>> LocalDatabase
 Connect with ATOM LITE ESP32 Via UART have a proplem
data >>>> LocalDatabase
data >>>> LocalDatabase
data >>>> LocalDatabase
 Connect with ATOM LITE ESP32 Via UART have a proplem
data >>>> LocalDatabase
data >>>> LocalDatabase
 Connect with ATOM LITE ESP32 Via UART have a proplem
data >>>> LocalDatabase
 Connect with ATOM LITE ESP32 Via UART have a proplem
data >>>> LocalDatabase
 Connect with ATOM LITE ESP32 Via UART have a proplem
 Connect with ATOM LITE ESP32 Via UART have a proplem
data >>>> LocalDatabase
 Connect with ATOM LITE ESP32 Via UART have a proplem
data >>>> LocalDatabase
data >>>> LocalDatabase
data >>>> LocalDatabase
data >>>> LocalDatabase
data >>>> LocalDatabase
data >>>> LocalDatabase
data >>>> LocalDatabase
data >>>> LocalDatabase
data >>>> LocalDatabase
data >>>> LocalDatabase
data >>>> LocalDatabase
data >>>> LocalDatabase
data >>>> LocalDatabase
data >>>> LocalDatabase
data >>>> LocalDatabase
data >>>> LocalDatabase
data >>>> LocalDatabase
data >>>> LocalDatabase
data >>>> LocalDatabase
 Connect with ATOM LITE ESP32 Via UART have a proplem
data >>>> LocalDatabase
data >>>> LocalDatabase
data >>>> LocalDatabase
data >>>> LocalDatabase
data >>>> LocalDatabase
data >>>> LocalDatabase
data >>>> LocalDatabase
data >>>> LocalDatabase
data >>>> LocalDatabase
data >>>> LocalDatabase
 Connect with ATOM LITE ESP32 Via UART have a proplem
data >>>> LocalDatabase
 Connect with ATOM LITE ESP32 Via UART have a proplem
 Connect with ATOM LITE ESP32 Via UART have a proplem
data >>>> LocalDatabase
 Connect with ATOM LITE ESP32 Via UART have a proplem
data >>>> LocalDatabase
data >>>> LocalDatabase
data >>>> LocalDatabase
 Connect with ATOM LITE ESP32 Via UART have a proplem
data >>>> LocalDatabase
 Connect with ATOM LITE ESP32 Via UART have a proplem
data >>>> LocalDatabase
 Connect with ATOM LITE ESP32 Via UART have a proplem
data >>>> LocalDatabase
 Connect with ATOM LITE ESP32 Via UART have a proplem
data >>>> LocalDatabase
 Connect with ATOM LITE ESP32 Via UART have a proplem
data >>>> LocalDatabase
data >>>> LocalDatabase
data >>>> LocalDatabase
data >>>> LocalDatabase
 Connect with ATOM LITE ESP32 Via UART have a proplem
data >>>> LocalDatabase
data >>>> LocalDatabase
data >>>> LocalDatabase
data >>>> LocalDatabase
data >>>> LocalDatabase
data >>>> LocalDatabase
data >>>> LocalDatabase
data >>>> LocalDatabase
 Connect with ATOM LITE ESP32 Via UART have a proplem
 Connect with ATOM LITE ESP32 Via UART have a proplem
 Connect with ATOM LITE ESP32 Via UART have a proplem
data >>>> LocalDatabase
data >>>> LocalDatabase
data >>>> LocalDatabase
data >>>> LocalDatabase
data >>>> LocalDatabase
data >>>> LocalDatabase
 Connect with ATOM LITE ESP32 Via UART have a proplem
data >>>> LocalDatabase
data >>>> LocalDatabase
data >>>> LocalDatabase
 Connect with ATOM LITE ESP32 Via UART have a proplem
 Connect with ATOM LITE ESP32 Via UART have a proplem
 Connect with ATOM LITE ESP32 Via UART have a proplem
 Connect with ATOM LITE ESP32 Via UART have a proplem
data >>>> LocalDatabase
 Connect with ATOM LITE ESP32 Via UART have a proplem
data >>>> LocalDatabase
data >>>> LocalDatabase
data >>>> LocalDatabase
data >>>> LocalDatabase
data >>>> LocalDatabase
data >>>> LocalDatabase
data >>>> LocalDatabase
data >>>> LocalDatabase
 Connect with ATOM LITE ESP32 Via UART have a proplem
 Connect with ATOM LITE ESP32 Via UART have a proplem
 Connect with ATOM LITE ESP32 Via UART have a proplem
data >>>> LocalDatabase
data >>>> LocalDatabase
data >>>> LocalDatabase
data >>>> LocalDatabase
 Connect with ATOM LITE ESP32 Via UART have a proplem
data >>>> LocalDatabase
 Connect with ATOM LITE ESP32 Via UART have a proplem
data >>>> LocalDatabase
data >>>> LocalDatabase
 Connect with ATOM LITE ESP32 Via UART have a proplem
 Connect with ATOM LITE ESP32 Via UART have a proplem
data >>>> LocalDatabase
 Connect with ATOM LITE ESP32 Via UART have a proplem
data >>>> LocalDatabase
data >>>> LocalDatabase
data >>>> LocalDatabase
data >>>> LocalDatabase
data >>>> LocalDatabase
data >>>> LocalDatabase
data >>>> LocalDatabase
data >>>> LocalDatabase
data >>>> LocalDatabase
data >>>> LocalDatabase
 Connect with ATOM LITE ESP32 Via UART have a proplem
data >>>> LocalDatabase
data >>>> LocalDatabase
data >>>> LocalDatabase
data >>>> LocalDatabase
 Connect with ATOM LITE ESP32 Via UART have a proplem
data >>>> LocalDatabase
data >>>> LocalDatabase
data >>>> LocalDatabase
data >>>> LocalDatabase
 Connect with ATOM LITE ESP32 Via UART have a proplem
 Connect with ATOM LITE ESP32 Via UART have a proplem
data >>>> LocalDatabase
 Connect with ATOM LITE ESP32 Via UART have a proplem
data >>>> LocalDatabase
 Connect with ATOM LITE ESP32 Via UART have a proplem
 Connect with ATOM LITE ESP32 Via UART have a proplem
 Connect with ATOM LITE ESP32 Via UART have a proplem
data >>>> LocalDatabase
 Connect with ATOM LITE ESP32 Via UART have a proplem
 Connect with ATOM LITE ESP32 Via UART have a proplem
data >>>> LocalDatabase
 Connect with ATOM LITE ESP32 Via UART have a proplem
 Connect with ATOM LITE ESP32 Via UART have a proplem
data >>>> LocalDatabase
 Connect with ATOM LITE ESP32 Via UART have a proplem
data >>>> LocalDatabase
data >>>> LocalDatabase
data >>>> LocalDatabase
 Connect with ATOM LITE ESP32 Via UART have a proplem
data >>>> LocalDatabase
data >>>> LocalDatabase
data >>>> LocalDatabase
data >>>> LocalDatabase
data >>>> LocalDatabase
 Connect with ATOM LITE ESP32 Via UART have a proplem
data >>>> LocalDatabase
data >>>> LocalDatabase
 Connect with ATOM LITE ESP32 Via UART have a proplem
data >>>> LocalDatabase
 Connect with ATOM LITE ESP32 Via UART have a proplem
 Connect with ATOM LITE ESP32 Via UART have a proplem
 Connect with ATOM LITE ESP32 Via UART have a proplem
data >>>> LocalDatabase
data >>>> LocalDatabase
 Connect with ATOM LITE ESP32 Via UART have a proplem
data >>>> LocalDatabase
data >>>> LocalDatabase
data >>>> LocalDatabase
 Connect with ATOM LITE ESP32 Via UART have a proplem
data >>>> LocalDatabase
data >>>> LocalDatabase
data >>>> LocalDatabase
 Connect with ATOM LITE ESP32 Via UART have a proplem
data >>>> LocalDatabase
 Connect with ATOM LITE ESP32 Via UART have a proplem
data >>>> LocalDatabase
 Connect with ATOM LITE ESP32 Via UART have a proplem
 Connect with ATOM LITE ESP32 Via UART have a proplem
data >>>> LocalDatabase
data >>>> LocalDatabase
data >>>> LocalDatabase
 Connect with ATOM LITE ESP32 Via UART have a proplem
data >>>> LocalDatabase
 Connect with ATOM LITE ESP32 Via UART have a proplemError: NetworkManager is not running.

data >>>> LocalDatabase
data >>>> LocalDatabase
data >>>> LocalDatabase
data >>>> LocalDatabase
 Connect with ATOM LITE ESP32 Via UART have a proplem
data >>>> LocalDatabase
 Connect with ATOM LITE ESP32 Via UART have a proplem
data >>>> LocalDatabase
data >>>> LocalDatabase
data >>>> LocalDatabase
data >>>> LocalDatabase
data >>>> LocalDatabase
data >>>> LocalDatabase
 Connect with ATOM LITE ESP32 Via UART have a proplem
data >>>> LocalDatabase
 Connect with ATOM LITE ESP32 Via UART have a proplem
 Connect with ATOM LITE ESP32 Via UART have a proplem
 Connect with ATOM LITE ESP32 Via UART have a proplem
 Connect with ATOM LITE ESP32 Via UART have a proplem
 Connect with ATOM LITE ESP32 Via UART have a proplem
 Connect with ATOM LITE ESP32 Via UART have a proplem
 Connect with ATOM LITE ESP32 Via UART have a proplem
data >>>> LocalDatabase
data >>>> LocalDatabase
data >>>> LocalDatabase
data >>>> LocalDatabase
data >>>> LocalDatabase
data >>>> LocalDatabase
 Connect with ATOM LITE ESP32 Via UART have a proplem
data >>>> LocalDatabase
data >>>> LocalDatabase
data >>>> LocalDatabase
data >>>> LocalDatabase
data >>>> LocalDatabase
data >>>> LocalDatabase
data >>>> LocalDatabase
 Connect with ATOM LITE ESP32 Via UART have a proplem
data >>>> LocalDatabase
data >>>> LocalDatabase
data >>>> LocalDatabase
 Connect with ATOM LITE ESP32 Via UART have a proplem
data >>>> LocalDatabase
 Connect with ATOM LITE ESP32 Via UART have a proplem
data >>>> LocalDatabase
data >>>> LocalDatabase
 Connect with ATOM LITE ESP32 Via UART have a proplem
data >>>> LocalDatabase
data >>>> LocalDatabase
data >>>> LocalDatabase
data >>>> LocalDatabase
data >>>> LocalDatabase
data >>>> LocalDatabase
data >>>> LocalDatabase
data >>>> LocalDatabase
data >>>> LocalDatabase
data >>>> LocalDatabase
data >>>> LocalDatabase
 Connect with ATOM LITE ESP32 Via UART have a proplem
data >>>> LocalDatabase
data >>>> LocalDatabase
data >>>> LocalDatabase
data >>>> LocalDatabase
data >>>> LocalDatabase
data >>>> LocalDatabase
data >>>> LocalDatabase
data >>>> LocalDatabase
 Connect with ATOM LITE ESP32 Via UART have a proplem
data >>>> LocalDatabase
 Connect with ATOM LITE ESP32 Via UART have a proplem
data >>>> LocalDatabase
data >>>> LocalDatabase
data >>>> LocalDatabase
data >>>> LocalDatabase
 Connect with ATOM LITE ESP32 Via UART have a proplem
data >>>> LocalDatabase
 Connect with ATOM LITE ESP32 Via UART have a proplem
data >>>> LocalDatabase
data >>>> LocalDatabase
 Connect with ATOM LITE ESP32 Via UART have a proplem
data >>>> LocalDatabase
data >>>> LocalDatabase
 Connect with ATOM LITE ESP32 Via UART have a proplem
 Connect with ATOM LITE ESP32 Via UART have a proplem
 Connect with ATOM LITE ESP32 Via UART have a proplem
 Connect with ATOM LITE ESP32 Via UART have a proplem
data >>>> LocalDatabase
 Connect with ATOM LITE ESP32 Via UART have a proplem
 Connect with ATOM LITE ESP32 Via UART have a proplem
data >>>> LocalDatabase
 Connect with ATOM LITE ESP32 Via UART have a proplem
 Connect with ATOM LITE ESP32 Via UART have a proplem
 Connect with ATOM LITE ESP32 Via UART have a proplem
data >>>> LocalDatabase
 Connect with ATOM LITE ESP32 Via UART have a proplem
data >>>> LocalDatabase
data >>>> LocalDatabase
 Connect with ATOM LITE ESP32 Via UART have a proplem
 Connect with ATOM LITE ESP32 Via UART have a proplem
 Connect with ATOM LITE ESP32 Via UART have a proplem
 Connect with ATOM LITE ESP32 Via UART have a proplem
 Connect with ATOM LITE ESP32 Via UART have a proplem
 Connect with ATOM LITE ESP32 Via UART have a proplem
data >>>> LocalDatabase
data >>>> LocalDatabase
data >>>> LocalDatabase
 Connect with ATOM LITE ESP32 Via UART have a proplem
data >>>> LocalDatabase
data >>>> LocalDatabase
 Connect with ATOM LITE ESP32 Via UART have a proplem
 Connect with ATOM LITE ESP32 Via UART have a proplem
data >>>> LocalDatabase
data >>>> LocalDatabase
 Connect with ATOM LITE ESP32 Via UART have a proplem
 Connect with ATOM LITE ESP32 Via UART have a proplem
 Connect with ATOM LITE ESP32 Via UART have a proplem
 Connect with ATOM LITE ESP32 Via UART have a proplem
data >>>> LocalDatabase
data >>>> LocalDatabase
data >>>> LocalDatabase
 Connect with ATOM LITE ESP32 Via UART have a proplem
data >>>> LocalDatabase
data >>>> LocalDatabase
data >>>> LocalDatabase
data >>>> LocalDatabase
data >>>> LocalDatabase
data >>>> LocalDatabase
data >>>> LocalDatabase
data >>>> LocalDatabase
 Connect with ATOM LITE ESP32 Via UART have a proplem
 Connect with ATOM LITE ESP32 Via UART have a proplem
 Connect with ATOM LITE ESP32 Via UART have a proplem
data >>>> LocalDatabase
 Connect with ATOM LITE ESP32 Via UART have a proplem
data >>>> LocalDatabase
data >>>> LocalDatabase
data >>>> LocalDatabase
data >>>> LocalDatabase
 Connect with ATOM LITE ESP32 Via UART have a proplem
data >>>> LocalDatabase
data >>>> LocalDatabase
data >>>> LocalDatabase
 Connect with ATOM LITE ESP32 Via UART have a proplem
 Connect with ATOM LITE ESP32 Via UART have a proplem
 Connect with ATOM LITE ESP32 Via UART have a proplem
 Connect with ATOM LITE ESP32 Via UART have a proplem
data >>>> LocalDatabase
data >>>> LocalDatabase
 Connect with ATOM LITE ESP32 Via UART have a proplem
data >>>> LocalDatabase
data >>>> LocalDatabase
data >>>> LocalDatabase
 Connect with ATOM LITE ESP32 Via UART have a proplem
data >>>> LocalDatabase
data >>>> LocalDatabase
 Connect with ATOM LITE ESP32 Via UART have a proplem
data >>>> LocalDatabase
data >>>> LocalDatabase
data >>>> LocalDatabase
data >>>> LocalDatabase
data >>>> LocalDatabase
data >>>> LocalDatabase
data >>>> LocalDatabase
 Connect with ATOM LITE ESP32 Via UART have a proplem
data >>>> LocalDatabase
 Connect with ATOM LITE ESP32 Via UART have a proplem
data >>>> LocalDatabase
data >>>> LocalDatabase
data >>>> LocalDatabase
data >>>> LocalDatabase
data >>>> LocalDatabase
data >>>> LocalDatabase
data >>>> LocalDatabase
data >>>> LocalDatabase
data >>>> LocalDatabase
data >>>> LocalDatabase
data >>>> LocalDatabase
data >>>> LocalDatabase
data >>>> LocalDatabase
data >>>> LocalDatabase
data >>>> LocalDatabase
data >>>> LocalDatabase
data >>>> LocalDatabase
data >>>> LocalDatabase
data >>>> LocalDatabase
data >>>> LocalDatabase
data >>>> LocalDatabase
data >>>> LocalDatabase
 Connect with ATOM LITE ESP32 Via UART have a proplem
data >>>> LocalDatabase
data >>>> LocalDatabase
data >>>> LocalDatabase
data >>>> LocalDatabase
 Connect with ATOM LITE ESP32 Via UART have a proplem
data >>>> LocalDatabase
data >>>> LocalDatabase
data >>>> LocalDatabase
data >>>> LocalDatabase
data >>>> LocalDatabase
data >>>> LocalDatabase
data >>>> LocalDatabase
 Connect with ATOM LITE ESP32 Via UART have a proplem
 Connect with ATOM LITE ESP32 Via UART have a proplem
data >>>> LocalDatabase
data >>>> LocalDatabase
data >>>> LocalDatabase
data >>>> LocalDatabase
data >>>> LocalDatabase
data >>>> LocalDatabase
data >>>> LocalDatabase
data >>>> LocalDatabase
data >>>> LocalDatabase
data >>>> LocalDatabase
data >>>> LocalDatabase
data >>>> LocalDatabase
data >>>> LocalDatabase
 Connect with ATOM LITE ESP32 Via UART have a proplem
data >>>> LocalDatabase
data >>>> LocalDatabase
data >>>> LocalDatabase
data >>>> LocalDatabase
 Connect with ATOM LITE ESP32 Via UART have a proplem
 Connect with ATOM LITE ESP32 Via UART have a proplem
data >>>> LocalDatabase
 Connect with ATOM LITE ESP32 Via UART have a proplem
data >>>> LocalDatabase
 Connect with ATOM LITE ESP32 Via UART have a proplem
data >>>> LocalDatabase
data >>>> LocalDatabase
data >>>> LocalDatabase
data >>>> LocalDatabase
data >>>> LocalDatabase
 Connect with ATOM LITE ESP32 Via UART have a proplem
 Connect with ATOM LITE ESP32 Via UART have a proplem
 Connect with ATOM LITE ESP32 Via UART have a proplem
 Connect with ATOM LITE ESP32 Via UART have a proplem
 Connect with ATOM LITE ESP32 Via UART have a proplem
data >>>> LocalDatabase
data >>>> LocalDatabase
data >>>> LocalDatabase
data >>>> LocalDatabase
data >>>> LocalDatabase
data >>>> LocalDatabase
 Connect with ATOM LITE ESP32 Via UART have a proplem
 Connect with ATOM LITE ESP32 Via UART have a proplem
data >>>> LocalDatabase
data >>>> LocalDatabase
data >>>> LocalDatabase
data >>>> LocalDatabaseError: NetworkManager is not running.
Error: NetworkManager is not running.
Error: NetworkManager is not running.
Error: NetworkManager is not running.

data >>>> LocalDatabase
data >>>> LocalDatabase
data >>>> LocalDatabase
data >>>> LocalDatabase
data >>>> LocalDatabase
data >>>> LocalDatabase
data >>>> LocalDatabase
data >>>> LocalDatabase
data >>>> LocalDatabase
data >>>> LocalDatabase
data >>>> LocalDatabase
data >>>> LocalDatabase
data >>>> LocalDatabase
data >>>> LocalDatabase
data >>>> LocalDatabase
data >>>> LocalDatabase
data >>>> LocalDatabase
data >>>> LocalDatabase
data >>>> LocalDatabase
data >>>> LocalDatabase
data >>>> LocalDatabase
data >>>> LocalDatabase
data >>>> LocalDatabase
data >>>> LocalDatabase
data >>>> LocalDatabase
data >>>> LocalDatabase
data >>>> LocalDatabase
 Connect with ATOM LITE ESP32 Via UART have a proplem
 Connect with ATOM LITE ESP32 Via UART have a proplem
 Connect with ATOM LITE ESP32 Via UART have a proplem
data >>>> LocalDatabase
 Connect with ATOM LITE ESP32 Via UART have a proplem
data >>>> LocalDatabase
data >>>> LocalDatabase
data >>>> LocalDatabase
data >>>> LocalDatabase
 Connect with ATOM LITE ESP32 Via UART have a proplem
data >>>> LocalDatabase
data >>>> LocalDatabase
data >>>> LocalDatabase
data >>>> LocalDatabase
data >>>> LocalDatabase
data >>>> LocalDatabase
data >>>> LocalDatabase
 Connect with ATOM LITE ESP32 Via UART have a proplem
data >>>> LocalDatabase
 Connect with ATOM LITE ESP32 Via UART have a proplem
 Connect with ATOM LITE ESP32 Via UART have a proplem
data >>>> LocalDatabase
data >>>> LocalDatabase
data >>>> LocalDatabase
data >>>> LocalDatabase
data >>>> LocalDatabase
 Connect with ATOM LITE ESP32 Via UART have a proplem
data >>>> LocalDatabase
data >>>> LocalDatabase
data >>>> LocalDatabase
data >>>> LocalDatabase
data >>>> LocalDatabase
data >>>> LocalDatabase
data >>>> LocalDatabase
data >>>> LocalDatabase
data >>>> LocalDatabase
data >>>> LocalDatabase
data >>>> LocalDatabase
data >>>> LocalDatabase
data >>>> LocalDatabase
data >>>> LocalDatabase
data >>>> LocalDatabase
data >>>> LocalDatabase
data >>>> LocalDatabase
data >>>> LocalDatabase
data >>>> LocalDatabase
data >>>> LocalDatabase
data >>>> LocalDatabase
data >>>> LocalDatabase
data >>>> LocalDatabase
data >>>> LocalDatabase
data >>>> LocalDatabase
data >>>> LocalDatabase
data >>>> LocalDatabase
 Connect with ATOM LITE ESP32 Via UART have a proplem
data >>>> LocalDatabase
data >>>> LocalDatabase
data >>>> LocalDatabase
data >>>> LocalDatabase
data >>>> LocalDatabase
data >>>> LocalDatabase
data >>>> LocalDatabase
data >>>> LocalDatabase
data >>>> LocalDatabase
data >>>> LocalDatabase
 Connect with ATOM LITE ESP32 Via UART have a proplem
data >>>> LocalDatabase
 Connect with ATOM LITE ESP32 Via UART have a proplem
 Connect with ATOM LITE ESP32 Via UART have a proplem
data >>>> LocalDatabase
data >>>> LocalDatabase
data >>>> LocalDatabase
data >>>> LocalDatabase
data >>>> LocalDatabase
data >>>> LocalDatabase
data >>>> LocalDatabase
data >>>> LocalDatabase
data >>>> LocalDatabase
data >>>> LocalDatabase
data >>>> LocalDatabase
data >>>> LocalDatabase
data >>>> LocalDatabase
data >>>> LocalDatabase
data >>>> LocalDatabase
data >>>> LocalDatabase
data >>>> LocalDatabase
 Connect with ATOM LITE ESP32 Via UART have a proplem
data >>>> LocalDatabase
data >>>> LocalDatabase
data >>>> LocalDatabase
data >>>> LocalDatabase
data >>>> LocalDatabase
data >>>> LocalDatabase
data >>>> LocalDatabase
data >>>> LocalDatabase
data >>>> LocalDatabase
 Connect with ATOM LITE ESP32 Via UART have a proplem
data >>>> LocalDatabase
data >>>> LocalDatabase
data >>>> LocalDatabase
data >>>> LocalDatabase
data >>>> LocalDatabase
data >>>> LocalDatabase
data >>>> LocalDatabase
data >>>> LocalDatabase
data >>>> LocalDatabase
data >>>> LocalDatabase
data >>>> LocalDatabase
data >>>> LocalDatabase
data >>>> LocalDatabase
 Connect with ATOM LITE ESP32 Via UART have a proplem
data >>>> LocalDatabase
data >>>> LocalDatabase
data >>>> LocalDatabase
data >>>> LocalDatabase
data >>>> LocalDatabase
 Connect with ATOM LITE ESP32 Via UART have a proplem
data >>>> LocalDatabase
data >>>> LocalDatabase
data >>>> LocalDatabase
data >>>> LocalDatabase
data >>>> LocalDatabase
data >>>> LocalDatabase
data >>>> LocalDatabase
data >>>> LocalDatabase
data >>>> LocalDatabase
data >>>> LocalDatabase
data >>>> LocalDatabase
data >>>> LocalDatabase
 Connect with ATOM LITE ESP32 Via UART have a proplem
data >>>> LocalDatabase
data >>>> LocalDatabase
data >>>> LocalDatabase
data >>>> LocalDatabase
data >>>> LocalDatabase
data >>>> LocalDatabase
data >>>> LocalDatabase
 Connect with ATOM LITE ESP32 Via UART have a proplem
data >>>> LocalDatabase
data >>>> LocalDatabase
data >>>> LocalDatabase
data >>>> LocalDatabase
data >>>> LocalDatabase
data >>>> LocalDatabase
data >>>> LocalDatabase
data >>>> LocalDatabase
 Connect with ATOM LITE ESP32 Via UART have a proplem
data >>>> LocalDatabase
data >>>> LocalDatabase
data >>>> LocalDatabase
data >>>> LocalDatabase
data >>>> LocalDatabase
data >>>> LocalDatabase
data >>>> LocalDatabase
data >>>> LocalDatabase
data >>>> LocalDatabase
data >>>> LocalDatabase
data >>>> LocalDatabase
 Connect with ATOM LITE ESP32 Via UART have a proplem
data >>>> LocalDatabase
data >>>> LocalDatabase
 Connect with ATOM LITE ESP32 Via UART have a proplem
data >>>> LocalDatabase
data >>>> LocalDatabase
data >>>> LocalDatabase
data >>>> LocalDatabase
data >>>> LocalDatabase
 Connect with ATOM LITE ESP32 Via UART have a proplem
data >>>> LocalDatabase
 Connect with ATOM LITE ESP32 Via UART have a proplem
 Connect with ATOM LITE ESP32 Via UART have a proplem
data >>>> LocalDatabase
data >>>> LocalDatabase
data >>>> LocalDatabase
 Connect with ATOM LITE ESP32 Via UART have a proplem
 Connect with ATOM LITE ESP32 Via UART have a proplem
 Connect with ATOM LITE ESP32 Via UART have a proplem
 Connect with ATOM LITE ESP32 Via UART have a proplem
 Connect with ATOM LITE ESP32 Via UART have a proplem
data >>>> LocalDatabase
 Connect with ATOM LITE ESP32 Via UART have a proplem
 Connect with ATOM LITE ESP32 Via UART have a proplem
data >>>> LocalDatabase
 Connect with ATOM LITE ESP32 Via UART have a proplem
data >>>> LocalDatabase
data >>>> LocalDatabase
 Connect with ATOM LITE ESP32 Via UART have a proplem
 Connect with ATOM LITE ESP32 Via UART have a proplem
data >>>> LocalDatabase
data >>>> LocalDatabase
 Connect with ATOM LITE ESP32 Via UART have a proplem
data >>>> LocalDatabase
data >>>> LocalDatabase
data >>>> LocalDatabase
data >>>> LocalDatabase
data >>>> LocalDatabase
data >>>> LocalDatabase
data >>>> LocalDatabase
data >>>> LocalDatabase
data >>>> LocalDatabase
data >>>> LocalDatabase
data >>>> LocalDatabase
data >>>> LocalDatabase
data >>>> LocalDatabase
data >>>> LocalDatabase
 Connect with ATOM LITE ESP32 Via UART have a proplem
data >>>> LocalDatabase
data >>>> LocalDatabase
data >>>> LocalDatabase
data >>>> LocalDatabase
data >>>> LocalDatabase
data >>>> LocalDatabase
data >>>> LocalDatabase
data >>>> LocalDatabase
data >>>> LocalDatabase
data >>>> LocalDatabase
data >>>> LocalDatabase
data >>>> LocalDatabase
data >>>> LocalDatabase
data >>>> LocalDatabase
data >>>> LocalDatabase
 Connect with ATOM LITE ESP32 Via UART have a proplem
 Connect with ATOM LITE ESP32 Via UART have a proplem
data >>>> LocalDatabase
data >>>> LocalDatabase
data >>>> LocalDatabase
data >>>> LocalDatabase
data >>>> LocalDatabase
 Connect with ATOM LITE ESP32 Via UART have a proplem
data >>>> LocalDatabase
data >>>> LocalDatabase
data >>>> LocalDatabase
data >>>> LocalDatabase
data >>>> LocalDatabase
data >>>> LocalDatabase
 Connect with ATOM LITE ESP32 Via UART have a proplem
data >>>> LocalDatabase
data >>>> LocalDatabase
data >>>> LocalDatabase
data >>>> LocalDatabase
data >>>> LocalDatabase
data >>>> LocalDatabase
data >>>> LocalDatabase
data >>>> LocalDatabase
data >>>> LocalDatabase
data >>>> LocalDatabase
data >>>> LocalDatabase
data >>>> LocalDatabase
data >>>> LocalDatabase
data >>>> LocalDatabase
data >>>> LocalDatabase
data >>>> LocalDatabase
data >>>> LocalDatabase
data >>>> LocalDatabase
data >>>> LocalDatabase
data >>>> LocalDatabase
data >>>> LocalDatabase
data >>>> LocalDatabase
data >>>> LocalDatabase
data >>>> LocalDatabase
data >>>> LocalDatabase
data >>>> LocalDatabase
 Connect with ATOM LITE ESP32 Via UART have a proplemError: NetworkManager is not running.
Error: NetworkManager is not running.
Error: NetworkManager is not running.
Error: NetworkManager is not running.
Error: NetworkManager is not running.
Error: NetworkManager is not running.
Error: NetworkManager is not running.
Error: NetworkManager is not running.

data >>>> LocalDatabase
data >>>> LocalDatabase
data >>>> LocalDatabase
data >>>> LocalDatabase
data >>>> LocalDatabase
data >>>> LocalDatabase
 Connect with ATOM LITE ESP32 Via UART have a proplem
data >>>> LocalDatabase
data >>>> LocalDatabase
data >>>> LocalDatabase
data >>>> LocalDatabase
data >>>> LocalDatabase
data >>>> LocalDatabase
 Connect with ATOM LITE ESP32 Via UART have a proplem
data >>>> LocalDatabase
 Connect with ATOM LITE ESP32 Via UART have a proplem
data >>>> LocalDatabase
data >>>> LocalDatabase
data >>>> LocalDatabase
 Connect with ATOM LITE ESP32 Via UART have a proplem
data >>>> LocalDatabase
data >>>> LocalDatabase
data >>>> LocalDatabase
data >>>> LocalDatabase
data >>>> LocalDatabase
data >>>> LocalDatabase
data >>>> LocalDatabase
data >>>> LocalDatabase
data >>>> LocalDatabase
data >>>> LocalDatabase
data >>>> LocalDatabase
data >>>> LocalDatabase
data >>>> LocalDatabase
data >>>> LocalDatabase
data >>>> LocalDatabase
data >>>> LocalDatabase
 Connect with ATOM LITE ESP32 Via UART have a proplem
data >>>> LocalDatabase
data >>>> LocalDatabase
data >>>> LocalDatabase
data >>>> LocalDatabase
data >>>> LocalDatabase
data >>>> LocalDatabase
data >>>> LocalDatabase
data >>>> LocalDatabase
data >>>> LocalDatabase
data >>>> LocalDatabase
data >>>> LocalDatabase
data >>>> LocalDatabase
 Connect with ATOM LITE ESP32 Via UART have a proplem
data >>>> LocalDatabase
data >>>> LocalDatabase
data >>>> LocalDatabase
data >>>> LocalDatabase
 Connect with ATOM LITE ESP32 Via UART have a proplem
data >>>> LocalDatabase
data >>>> LocalDatabase
 Connect with ATOM LITE ESP32 Via UART have a proplem
data >>>> LocalDatabase
 Connect with ATOM LITE ESP32 Via UART have a proplem
data >>>> LocalDatabase
data >>>> LocalDatabase
data >>>> LocalDatabase
data >>>> LocalDatabase
data >>>> LocalDatabase
data >>>> LocalDatabase
data >>>> LocalDatabase
data >>>> LocalDatabase
data >>>> LocalDatabase
data >>>> LocalDatabase
data >>>> LocalDatabase
data >>>> LocalDatabase
data >>>> LocalDatabase
data >>>> LocalDatabase
data >>>> LocalDatabase
data >>>> LocalDatabase
data >>>> LocalDatabase
data >>>> LocalDatabase
data >>>> LocalDatabase
data >>>> LocalDatabase
 Connect with ATOM LITE ESP32 Via UART have a proplem
data >>>> LocalDatabase
 Connect with ATOM LITE ESP32 Via UART have a proplem
data >>>> LocalDatabase
data >>>> LocalDatabase
data >>>> LocalDatabase
data >>>> LocalDatabase
data >>>> LocalDatabase
data >>>> LocalDatabase
data >>>> LocalDatabase
data >>>> LocalDatabase
data >>>> LocalDatabase
 Connect with ATOM LITE ESP32 Via UART have a proplem
data >>>> LocalDatabase
data >>>> LocalDatabase
data >>>> LocalDatabase
data >>>> LocalDatabase
data >>>> LocalDatabase
data >>>> LocalDatabase
data >>>> LocalDatabase
data >>>> LocalDatabase
data >>>> LocalDatabase
data >>>> LocalDatabase
data >>>> LocalDatabase
data >>>> LocalDatabase
data >>>> LocalDatabase
data >>>> LocalDatabase
data >>>> LocalDatabase
data >>>> LocalDatabase
data >>>> LocalDatabase
data >>>> LocalDatabase
data >>>> LocalDatabase
data >>>> LocalDatabase
data >>>> LocalDatabase
data >>>> LocalDatabase
data >>>> LocalDatabase
data >>>> LocalDatabase
data >>>> LocalDatabase
 Connect with ATOM LITE ESP32 Via UART have a proplem
data >>>> LocalDatabase
data >>>> LocalDatabase
 Connect with ATOM LITE ESP32 Via UART have a proplem
data >>>> LocalDatabase
data >>>> LocalDatabase
data >>>> LocalDatabase
data >>>> LocalDatabase
 Connect with ATOM LITE ESP32 Via UART have a proplem
data >>>> LocalDatabase
data >>>> LocalDatabase
data >>>> LocalDatabase
data >>>> LocalDatabase
 Connect with ATOM LITE ESP32 Via UART have a proplem
data >>>> LocalDatabase
data >>>> LocalDatabase
data >>>> LocalDatabase
data >>>> LocalDatabase
data >>>> LocalDatabase
data >>>> LocalDatabase
 Connect with ATOM LITE ESP32 Via UART have a proplem
data >>>> LocalDatabase
data >>>> LocalDatabase
data >>>> LocalDatabase
data >>>> LocalDatabase
data >>>> LocalDatabase
data >>>> LocalDatabase
data >>>> LocalDatabase
data >>>> LocalDatabase
data >>>> LocalDatabase
data >>>> LocalDatabase
 Connect with ATOM LITE ESP32 Via UART have a proplem
data >>>> LocalDatabase
data >>>> LocalDatabase
data >>>> LocalDatabase
 Connect with ATOM LITE ESP32 Via UART have a proplem
 Connect with ATOM LITE ESP32 Via UART have a proplem
data >>>> LocalDatabase
data >>>> LocalDatabase
 Connect with ATOM LITE ESP32 Via UART have a proplem
data >>>> LocalDatabase
data >>>> LocalDatabase
data >>>> LocalDatabase
 Connect with ATOM LITE ESP32 Via UART have a proplem
data >>>> LocalDatabase
data >>>> LocalDatabase
data >>>> LocalDatabase
data >>>> LocalDatabase
data >>>> LocalDatabase
data >>>> LocalDatabase
data >>>> LocalDatabase
data >>>> LocalDatabase
data >>>> LocalDatabase
data >>>> LocalDatabase
data >>>> LocalDatabase
data >>>> LocalDatabase
 Connect with ATOM LITE ESP32 Via UART have a proplem
data >>>> LocalDatabase
data >>>> LocalDatabase
data >>>> LocalDatabase
data >>>> LocalDatabase
data >>>> LocalDatabase
data >>>> LocalDatabase
data >>>> LocalDatabase
data >>>> LocalDatabase
data >>>> LocalDatabase
data >>>> LocalDatabase
data >>>> LocalDatabase
data >>>> LocalDatabase
data >>>> LocalDatabase
data >>>> LocalDatabase
data >>>> LocalDatabase
data >>>> LocalDatabase
data >>>> LocalDatabase
data >>>> LocalDatabase
data >>>> LocalDatabase
data >>>> LocalDatabase
data >>>> LocalDatabase
data >>>> LocalDatabase
 Connect with ATOM LITE ESP32 Via UART have a proplem
 Connect with ATOM LITE ESP32 Via UART have a proplem
data >>>> LocalDatabase
 Connect with ATOM LITE ESP32 Via UART have a proplem
data >>>> LocalDatabase
data >>>> LocalDatabase
 Connect with ATOM LITE ESP32 Via UART have a proplem
data >>>> LocalDatabase
data >>>> LocalDatabase
data >>>> LocalDatabase
data >>>> LocalDatabase
data >>>> LocalDatabase
data >>>> LocalDatabase
data >>>> LocalDatabase
data >>>> LocalDatabase
data >>>> LocalDatabase
data >>>> LocalDatabase
data >>>> LocalDatabase
data >>>> LocalDatabase
data >>>> LocalDatabase
data >>>> LocalDatabase
data >>>> LocalDatabase
data >>>> LocalDatabase
data >>>> LocalDatabase
data >>>> LocalDatabase
data >>>> LocalDatabase
 Connect with ATOM LITE ESP32 Via UART have a proplem
data >>>> LocalDatabase
data >>>> LocalDatabase
data >>>> LocalDatabase
data >>>> LocalDatabase
 Connect with ATOM LITE ESP32 Via UART have a proplem
data >>>> LocalDatabase
data >>>> LocalDatabase
data >>>> LocalDatabase
data >>>> LocalDatabase
data >>>> LocalDatabase
data >>>> LocalDatabase
data >>>> LocalDatabase
 Connect with ATOM LITE ESP32 Via UART have a proplem
data >>>> LocalDatabase
 Connect with ATOM LITE ESP32 Via UART have a proplem
data >>>> LocalDatabase
data >>>> LocalDatabase
 Connect with ATOM LITE ESP32 Via UART have a proplem
data >>>> LocalDatabase
data >>>> LocalDatabase
data >>>> LocalDatabase
data >>>> LocalDatabase
data >>>> LocalDatabase
data >>>> LocalDatabase
data >>>> LocalDatabase
data >>>> LocalDatabase
data >>>> LocalDatabase
data >>>> LocalDatabase
data >>>> LocalDatabase
 Connect with ATOM LITE ESP32 Via UART have a proplem
data >>>> LocalDatabase
data >>>> LocalDatabase
data >>>> LocalDatabase
data >>>> LocalDatabase
data >>>> LocalDatabase
 Connect with ATOM LITE ESP32 Via UART have a proplem
data >>>> LocalDatabase
data >>>> LocalDatabase
data >>>> LocalDatabase
 Connect with ATOM LITE ESP32 Via UART have a proplem
data >>>> LocalDatabase
data >>>> LocalDatabase
data >>>> LocalDatabase
data >>>> LocalDatabase
data >>>> LocalDatabase
data >>>> LocalDatabase
data >>>> LocalDatabase
 Connect with ATOM LITE ESP32 Via UART have a proplem
 Connect with ATOM LITE ESP32 Via UART have a proplem
data >>>> LocalDatabase
 Connect with ATOM LITE ESP32 Via UART have a proplem
data >>>> LocalDatabase
data >>>> LocalDatabase
data >>>> LocalDatabase
data >>>> LocalDatabase
data >>>> LocalDatabase
data >>>> LocalDatabase
 Connect with ATOM LITE ESP32 Via UART have a proplem
data >>>> LocalDatabase
data >>>> LocalDatabase
data >>>> LocalDatabase
data >>>> LocalDatabase
data >>>> LocalDatabase
data >>>> LocalDatabase
data >>>> LocalDatabase
data >>>> LocalDatabase
data >>>> LocalDatabase
data >>>> LocalDatabase
data >>>> LocalDatabaseError: NetworkManager is not running.
Error: NetworkManager is not running.
Error: NetworkManager is not running.
Error: NetworkManager is not running.
Error: NetworkManager is not running.

data >>>> LocalDatabase
data >>>> LocalDatabase
data >>>> LocalDatabase
 Connect with ATOM LITE ESP32 Via UART have a proplem
data >>>> LocalDatabase
data >>>> LocalDatabase
data >>>> LocalDatabase
data >>>> LocalDatabase
data >>>> LocalDatabase
 Connect with ATOM LITE ESP32 Via UART have a proplem
data >>>> LocalDatabase
data >>>> LocalDatabase
data >>>> LocalDatabase
data >>>> LocalDatabase
data >>>> LocalDatabase
data >>>> LocalDatabase
data >>>> LocalDatabase
data >>>> LocalDatabase
data >>>> LocalDatabase
data >>>> LocalDatabase
data >>>> LocalDatabase
data >>>> LocalDatabase
data >>>> LocalDatabase
data >>>> LocalDatabase
data >>>> LocalDatabase
data >>>> LocalDatabase
data >>>> LocalDatabase
data >>>> LocalDatabase
data >>>> LocalDatabase
data >>>> LocalDatabase
data >>>> LocalDatabase
data >>>> LocalDatabase
 Connect with ATOM LITE ESP32 Via UART have a proplem
data >>>> LocalDatabase
data >>>> LocalDatabase
data >>>> LocalDatabase
data >>>> LocalDatabase
data >>>> LocalDatabase
data >>>> LocalDatabase
data >>>> LocalDatabase
data >>>> LocalDatabase
data >>>> LocalDatabase
data >>>> LocalDatabase
data >>>> LocalDatabase
data >>>> LocalDatabase
data >>>> LocalDatabase
data >>>> LocalDatabase
data >>>> LocalDatabase
data >>>> LocalDatabase
data >>>> LocalDatabase
data >>>> LocalDatabase
data >>>> LocalDatabase
data >>>> LocalDatabase
data >>>> LocalDatabase
data >>>> LocalDatabase
data >>>> LocalDatabase
data >>>> LocalDatabase
data >>>> LocalDatabase
data >>>> LocalDatabase
data >>>> LocalDatabase
data >>>> LocalDatabase
data >>>> LocalDatabase
data >>>> LocalDatabase
data >>>> LocalDatabase
data >>>> LocalDatabase
data >>>> LocalDatabase
data >>>> LocalDatabase
data >>>> LocalDatabase
data >>>> LocalDatabase
data >>>> LocalDatabase
data >>>> LocalDatabase
data >>>> LocalDatabase
data >>>> LocalDatabase
data >>>> LocalDatabase
data >>>> LocalDatabase
data >>>> LocalDatabase
data >>>> LocalDatabase
 Connect with ATOM LITE ESP32 Via UART have a proplem
data >>>> LocalDatabase
data >>>> LocalDatabase
data >>>> LocalDatabase
data >>>> LocalDatabase
data >>>> LocalDatabase
data >>>> LocalDatabase
data >>>> LocalDatabase
data >>>> LocalDatabase
data >>>> LocalDatabase
 Connect with ATOM LITE ESP32 Via UART have a proplem
data >>>> LocalDatabase
data >>>> LocalDatabase
data >>>> LocalDatabase
data >>>> LocalDatabase
data >>>> LocalDatabase
data >>>> LocalDatabase
data >>>> LocalDatabase
data >>>> LocalDatabase
data >>>> LocalDatabase
data >>>> LocalDatabase
data >>>> LocalDatabase
data >>>> LocalDatabase
data >>>> LocalDatabase
 Connect with ATOM LITE ESP32 Via UART have a proplem
data >>>> LocalDatabase
An unexpected error occurred: Expecting value: line 1 column 1 (char 0)
 Connect with ATOM LITE ESP32 Via UART have a proplem
data >>>> LocalDatabase
data >>>> LocalDatabase
data >>>> LocalDatabase
data >>>> LocalDatabase
 Connect with ATOM LITE ESP32 Via UART have a proplem
 Connect with ATOM LITE ESP32 Via UART have a proplem
 Connect with ATOM LITE ESP32 Via UART have a proplem
 Connect with ATOM LITE ESP32 Via UART have a proplem
data >>>> LocalDatabase
data >>>> LocalDatabase
data >>>> LocalDatabase
data >>>> LocalDatabase
data >>>> LocalDatabase
data >>>> LocalDatabase
data >>>> LocalDatabase
data >>>> LocalDatabase
data >>>> LocalDatabase
data >>>> LocalDatabase
data >>>> LocalDatabase
data >>>> LocalDatabase
data >>>> LocalDatabase
data >>>> LocalDatabase
data >>>> LocalDatabase
data >>>> LocalDatabase
data >>>> LocalDatabase
data >>>> LocalDatabase
data >>>> LocalDatabase
data >>>> LocalDatabase
data >>>> LocalDatabase
data >>>> LocalDatabase
data >>>> LocalDatabase
data >>>> LocalDatabase
data >>>> LocalDatabase
data >>>> LocalDatabase
data >>>> LocalDatabase
data >>>> LocalDatabase
data >>>> LocalDatabase
data >>>> LocalDatabase
data >>>> LocalDatabase
data >>>> LocalDatabase
data >>>> LocalDatabase
data >>>> LocalDatabase
data >>>> LocalDatabase
data >>>> LocalDatabase
data >>>> LocalDatabase
data >>>> LocalDatabase
data >>>> LocalDatabase
data >>>> LocalDatabase
data >>>> LocalDatabase
data >>>> LocalDatabase
data >>>> LocalDatabase
data >>>> LocalDatabase
data >>>> LocalDatabase
data >>>> LocalDatabase
data >>>> LocalDatabase
data >>>> LocalDatabase
data >>>> LocalDatabase
data >>>> LocalDatabase
data >>>> LocalDatabase
data >>>> LocalDatabase
data >>>> LocalDatabase
data >>>> LocalDatabase
data >>>> LocalDatabase
data >>>> LocalDatabase
data >>>> LocalDatabase
data >>>> LocalDatabase
data >>>> LocalDatabase
data >>>> LocalDatabase
data >>>> LocalDatabase
data >>>> LocalDatabase
data >>>> LocalDatabase
data >>>> LocalDatabase
data >>>> LocalDatabase
data >>>> LocalDatabase
data >>>> LocalDatabase
data >>>> LocalDatabase
data >>>> LocalDatabase
data >>>> LocalDatabase
data >>>> LocalDatabase
data >>>> LocalDatabase
data >>>> LocalDatabase
data >>>> LocalDatabase
data >>>> LocalDatabase
data >>>> LocalDatabase
data >>>> LocalDatabase
data >>>> LocalDatabase
data >>>> LocalDatabase
data >>>> LocalDatabase
 Connect with ATOM LITE ESP32 Via UART have a proplem
data >>>> LocalDatabase
 Connect with ATOM LITE ESP32 Via UART have a proplem
data >>>> LocalDatabase
 Connect with ATOM LITE ESP32 Via UART have a proplem
data >>>> LocalDatabase
data >>>> LocalDatabase
data >>>> LocalDatabase
data >>>> LocalDatabase
data >>>> LocalDatabase
data >>>> LocalDatabase
data >>>> LocalDatabase
data >>>> LocalDatabase
data >>>> LocalDatabase
data >>>> LocalDatabase
data >>>> LocalDatabase
data >>>> LocalDatabase
data >>>> LocalDatabase
data >>>> LocalDatabase
data >>>> LocalDatabase
data >>>> LocalDatabase
data >>>> LocalDatabase
data >>>> LocalDatabase
data >>>> LocalDatabase
data >>>> LocalDatabase
 Connect with ATOM LITE ESP32 Via UART have a proplem
data >>>> LocalDatabase
 Connect with ATOM LITE ESP32 Via UART have a proplem
data >>>> LocalDatabase
data >>>> LocalDatabase
data >>>> LocalDatabase
data >>>> LocalDatabase
data >>>> LocalDatabase
data >>>> LocalDatabase
data >>>> LocalDatabase
data >>>> LocalDatabase
data >>>> LocalDatabase
data >>>> LocalDatabase
data >>>> LocalDatabase
data >>>> LocalDatabase
data >>>> LocalDatabase
data >>>> LocalDatabase
data >>>> LocalDatabase
data >>>> LocalDatabase
data >>>> LocalDatabase
data >>>> LocalDatabase
data >>>> LocalDatabase
data >>>> LocalDatabase
data >>>> LocalDatabase
data >>>> LocalDatabase
data >>>> LocalDatabase
data >>>> LocalDatabase
data >>>> LocalDatabase
data >>>> LocalDatabase
data >>>> LocalDatabase
data >>>> LocalDatabase
data >>>> LocalDatabase
data >>>> LocalDatabase
data >>>> LocalDatabase
data >>>> LocalDatabase
data >>>> LocalDatabase
data >>>> LocalDatabase
data >>>> LocalDatabase
data >>>> LocalDatabase
data >>>> LocalDatabase
data >>>> LocalDatabase
data >>>> LocalDatabase
data >>>> LocalDatabase
data >>>> LocalDatabase
 Connect with ATOM LITE ESP32 Via UART have a proplem
data >>>> LocalDatabase
data >>>> LocalDatabase
data >>>> LocalDatabase
data >>>> LocalDatabase
data >>>> LocalDatabase
data >>>> LocalDatabase
data >>>> LocalDatabase
data >>>> LocalDatabase
data >>>> LocalDatabase
data >>>> LocalDatabase
data >>>> LocalDatabase
data >>>> LocalDatabase
data >>>> LocalDatabase
data >>>> LocalDatabase
data >>>> LocalDatabase
 Connect with ATOM LITE ESP32 Via UART have a proplem
data >>>> LocalDatabase
data >>>> LocalDatabase
data >>>> LocalDatabase
 Connect with ATOM LITE ESP32 Via UART have a proplem
data >>>> LocalDatabase
data >>>> LocalDatabase
data >>>> LocalDatabase
data >>>> LocalDatabase
 Connect with ATOM LITE ESP32 Via UART have a proplem
data >>>> LocalDatabase
data >>>> LocalDatabase
data >>>> LocalDatabase
data >>>> LocalDatabase
data >>>> LocalDatabase
data >>>> LocalDatabase
data >>>> LocalDatabase
data >>>> LocalDatabase
data >>>> LocalDatabase
data >>>> LocalDatabase
data >>>> LocalDatabase
data >>>> LocalDatabase
data >>>> LocalDatabase
data >>>> LocalDatabase
data >>>> LocalDatabase
data >>>> LocalDatabase
data >>>> LocalDatabase
data >>>> LocalDatabase
data >>>> LocalDatabase
data >>>> LocalDatabase
data >>>> LocalDatabase
data >>>> LocalDatabase
data >>>> LocalDatabase
data >>>> LocalDatabase
data >>>> LocalDatabase
data >>>> LocalDatabase
 Connect with ATOM LITE ESP32 Via UART have a proplemError: NetworkManager is not running.

data >>>> LocalDatabase
data >>>> LocalDatabase
data >>>> LocalDatabase
data >>>> LocalDatabase
data >>>> LocalDatabase
data >>>> LocalDatabase
data >>>> LocalDatabase
data >>>> LocalDatabase
data >>>> LocalDatabase
data >>>> LocalDatabase
data >>>> LocalDatabase
data >>>> LocalDatabase
data >>>> LocalDatabase
data >>>> LocalDatabase
data >>>> LocalDatabase
data >>>> LocalDatabase
data >>>> LocalDatabase
data >>>> LocalDatabase
data >>>> LocalDatabase
data >>>> LocalDatabase
data >>>> LocalDatabase
data >>>> LocalDatabase
data >>>> LocalDatabase
data >>>> LocalDatabase
data >>>> LocalDatabase
 Connect with ATOM LITE ESP32 Via UART have a proplem
data >>>> LocalDatabase
data >>>> LocalDatabase
data >>>> LocalDatabase
data >>>> LocalDatabase
data >>>> LocalDatabase
data >>>> LocalDatabase
data >>>> LocalDatabase
data >>>> LocalDatabase
data >>>> LocalDatabase
data >>>> LocalDatabase
data >>>> LocalDatabase
data >>>> LocalDatabase
data >>>> LocalDatabase
data >>>> LocalDatabase
data >>>> LocalDatabase
data >>>> LocalDatabase
data >>>> LocalDatabase
data >>>> LocalDatabase
data >>>> LocalDatabase
data >>>> LocalDatabase
data >>>> LocalDatabase
data >>>> LocalDatabase
data >>>> LocalDatabase
data >>>> LocalDatabase
data >>>> LocalDatabase
data >>>> LocalDatabase
data >>>> LocalDatabase
data >>>> LocalDatabase
data >>>> LocalDatabase
data >>>> LocalDatabase
data >>>> LocalDatabase
data >>>> LocalDatabase
data >>>> LocalDatabase
data >>>> LocalDatabase
data >>>> LocalDatabase
data >>>> LocalDatabase
data >>>> LocalDatabase
data >>>> LocalDatabase
data >>>> LocalDatabase
 Connect with ATOM LITE ESP32 Via UART have a proplem
data >>>> LocalDatabase
data >>>> LocalDatabase
data >>>> LocalDatabase
 Connect with ATOM LITE ESP32 Via UART have a proplem
data >>>> LocalDatabase
data >>>> LocalDatabase
data >>>> LocalDatabase
data >>>> LocalDatabase
data >>>> LocalDatabase
data >>>> LocalDatabase
 Connect with ATOM LITE ESP32 Via UART have a proplem
data >>>> LocalDatabase
data >>>> LocalDatabase
data >>>> LocalDatabase
data >>>> LocalDatabase
data >>>> LocalDatabase
data >>>> LocalDatabase
data >>>> LocalDatabase
data >>>> LocalDatabase
data >>>> LocalDatabase
data >>>> LocalDatabase
data >>>> LocalDatabase
data >>>> LocalDatabase
data >>>> LocalDatabase
data >>>> LocalDatabase
data >>>> LocalDatabase
data >>>> LocalDatabase
data >>>> LocalDatabase
data >>>> LocalDatabase
data >>>> LocalDatabase
data >>>> LocalDatabase
data >>>> LocalDatabase
data >>>> LocalDatabase
data >>>> LocalDatabase
data >>>> LocalDatabase
data >>>> LocalDatabase
data >>>> LocalDatabase
data >>>> LocalDatabase
data >>>> LocalDatabase
data >>>> LocalDatabase
data >>>> LocalDatabase
data >>>> LocalDatabase
data >>>> LocalDatabase
data >>>> LocalDatabase
data >>>> LocalDatabase
data >>>> LocalDatabase
data >>>> LocalDatabase
data >>>> LocalDatabase
data >>>> LocalDatabase
data >>>> LocalDatabase
data >>>> LocalDatabase
data >>>> LocalDatabase
data >>>> LocalDatabase
 Connect with ATOM LITE ESP32 Via UART have a proplem
data >>>> LocalDatabase
data >>>> LocalDatabase
 Connect with ATOM LITE ESP32 Via UART have a proplem
data >>>> LocalDatabase
data >>>> LocalDatabase
data >>>> LocalDatabase
data >>>> LocalDatabase
 Connect with ATOM LITE ESP32 Via UART have a proplem
data >>>> LocalDatabase
data >>>> LocalDatabase
data >>>> LocalDatabase
data >>>> LocalDatabase
 Connect with ATOM LITE ESP32 Via UART have a proplem
 Connect with ATOM LITE ESP32 Via UART have a proplem
 Connect with ATOM LITE ESP32 Via UART have a proplem
 Connect with ATOM LITE ESP32 Via UART have a proplem
 Connect with ATOM LITE ESP32 Via UART have a proplem
 Connect with ATOM LITE ESP32 Via UART have a proplem
 Connect with ATOM LITE ESP32 Via UART have a proplem
data >>>> LocalDatabase
data >>>> LocalDatabase
data >>>> LocalDatabase
data >>>> LocalDatabase
data >>>> LocalDatabase
data >>>> LocalDatabase
data >>>> LocalDatabase
data >>>> LocalDatabase
data >>>> LocalDatabase
data >>>> LocalDatabase
data >>>> LocalDatabase
data >>>> LocalDatabase
data >>>> LocalDatabase
data >>>> LocalDatabase
data >>>> LocalDatabase
data >>>> LocalDatabase
data >>>> LocalDatabase
data >>>> LocalDatabase
data >>>> LocalDatabase
data >>>> LocalDatabase
data >>>> LocalDatabase
data >>>> LocalDatabase
data >>>> LocalDatabase
data >>>> LocalDatabase
data >>>> LocalDatabase
data >>>> LocalDatabase
data >>>> LocalDatabase
data >>>> LocalDatabase
data >>>> LocalDatabase
data >>>> LocalDatabase
data >>>> LocalDatabase
data >>>> LocalDatabase
data >>>> LocalDatabase
data >>>> LocalDatabase
data >>>> LocalDatabase
data >>>> LocalDatabase
 Connect with ATOM LITE ESP32 Via UART have a proplem
data >>>> LocalDatabase
data >>>> LocalDatabase
data >>>> LocalDatabase
data >>>> LocalDatabase
data >>>> LocalDatabase
data >>>> LocalDatabase
data >>>> LocalDatabase
data >>>> LocalDatabase
data >>>> LocalDatabase
data >>>> LocalDatabase
data >>>> LocalDatabase
data >>>> LocalDatabase
data >>>> LocalDatabase
data >>>> LocalDatabase
data >>>> LocalDatabase
data >>>> LocalDatabase
data >>>> LocalDatabase
data >>>> LocalDatabase
data >>>> LocalDatabase
data >>>> LocalDatabase
data >>>> LocalDatabase
data >>>> LocalDatabase
data >>>> LocalDatabase
data >>>> LocalDatabase
data >>>> LocalDatabase
data >>>> LocalDatabase
 Connect with ATOM LITE ESP32 Via UART have a proplem
data >>>> LocalDatabase
data >>>> LocalDatabase
data >>>> LocalDatabase
data >>>> LocalDatabase
data >>>> LocalDatabase
data >>>> LocalDatabase
data >>>> LocalDatabase
data >>>> LocalDatabase
data >>>> LocalDatabase
data >>>> LocalDatabase
data >>>> LocalDatabase
data >>>> LocalDatabase
data >>>> LocalDatabase
data >>>> LocalDatabase
data >>>> LocalDatabase
data >>>> LocalDatabase
 Connect with ATOM LITE ESP32 Via UART have a proplem
data >>>> LocalDatabase
data >>>> LocalDatabase
data >>>> LocalDatabase
 Connect with ATOM LITE ESP32 Via UART have a proplem
data >>>> LocalDatabase
data >>>> LocalDatabase
data >>>> LocalDatabase
data >>>> LocalDatabase
data >>>> LocalDatabase
data >>>> LocalDatabase
data >>>> LocalDatabase
data >>>> LocalDatabase
data >>>> LocalDatabase
data >>>> LocalDatabase
 Connect with ATOM LITE ESP32 Via UART have a proplem
data >>>> LocalDatabase
data >>>> LocalDatabase
data >>>> LocalDatabase
data >>>> LocalDatabase
data >>>> LocalDatabase
data >>>> LocalDatabase
data >>>> LocalDatabase
data >>>> LocalDatabase
data >>>> LocalDatabase
data >>>> LocalDatabase
data >>>> LocalDatabase
data >>>> LocalDatabase
data >>>> LocalDatabase
data >>>> LocalDatabase
data >>>> LocalDatabase
data >>>> LocalDatabase
data >>>> LocalDatabase
data >>>> LocalDatabase
data >>>> LocalDatabase
data >>>> LocalDatabase
data >>>> LocalDatabase
data >>>> LocalDatabase
data >>>> LocalDatabase
data >>>> LocalDatabase
data >>>> LocalDatabase
data >>>> LocalDatabase
data >>>> LocalDatabase
data >>>> LocalDatabase
data >>>> LocalDatabase
data >>>> LocalDatabase
data >>>> LocalDatabase
data >>>> LocalDatabase
data >>>> LocalDatabase
data >>>> LocalDatabase
data >>>> LocalDatabase
data >>>> LocalDatabase
data >>>> LocalDatabase
data >>>> LocalDatabase
data >>>> LocalDatabase
data >>>> LocalDatabase
data >>>> LocalDatabase
data >>>> LocalDatabase
data >>>> LocalDatabase
data >>>> LocalDatabase
data >>>> LocalDatabase
data >>>> LocalDatabase
data >>>> LocalDatabase
data >>>> LocalDatabase
data >>>> LocalDatabase
data >>>> LocalDatabase
data >>>> LocalDatabase
data >>>> LocalDatabase
data >>>> LocalDatabase
data >>>> LocalDatabase
data >>>> LocalDatabase
data >>>> LocalDatabase
data >>>> LocalDatabase
data >>>> LocalDatabase
data >>>> LocalDatabase
data >>>> LocalDatabase
 Connect with ATOM LITE ESP32 Via UART have a proplem
data >>>> LocalDatabase
data >>>> LocalDatabase
data >>>> LocalDatabase
data >>>> LocalDatabase
data >>>> LocalDatabase
data >>>> LocalDatabase
data >>>> LocalDatabase
data >>>> LocalDatabase
data >>>> LocalDatabase
data >>>> LocalDatabase
data >>>> LocalDatabase
data >>>> LocalDatabase
data >>>> LocalDatabase
data >>>> LocalDatabase
data >>>> LocalDatabase
data >>>> LocalDatabase
data >>>> LocalDatabase
data >>>> LocalDatabase
data >>>> LocalDatabase
 Connect with ATOM LITE ESP32 Via UART have a proplemError: NetworkManager is not running.
Error: NetworkManager is not running.
Error: NetworkManager is not running.

data >>>> LocalDatabase
data >>>> LocalDatabase
data >>>> LocalDatabase
data >>>> LocalDatabase
data >>>> LocalDatabase
data >>>> LocalDatabase
data >>>> LocalDatabase
data >>>> LocalDatabase
data >>>> LocalDatabase
data >>>> LocalDatabase
data >>>> LocalDatabase
data >>>> LocalDatabase
 Connect with ATOM LITE ESP32 Via UART have a proplem
data >>>> LocalDatabase
data >>>> LocalDatabase
data >>>> LocalDatabase
data >>>> LocalDatabase
data >>>> LocalDatabase
data >>>> LocalDatabase
data >>>> LocalDatabase
data >>>> LocalDatabase
data >>>> LocalDatabase
data >>>> LocalDatabase
data >>>> LocalDatabase
data >>>> LocalDatabase
data >>>> LocalDatabase
data >>>> LocalDatabase
data >>>> LocalDatabase
data >>>> LocalDatabase
data >>>> LocalDatabase
data >>>> LocalDatabase
data >>>> LocalDatabase
data >>>> LocalDatabase
data >>>> LocalDatabase
data >>>> LocalDatabase
data >>>> LocalDatabase
data >>>> LocalDatabase
data >>>> LocalDatabase
data >>>> LocalDatabase
data >>>> LocalDatabase
data >>>> LocalDatabase
data >>>> LocalDatabase
data >>>> LocalDatabase
data >>>> LocalDatabase
data >>>> LocalDatabase
data >>>> LocalDatabase
data >>>> LocalDatabase
data >>>> LocalDatabase
data >>>> LocalDatabase
data >>>> LocalDatabase
data >>>> LocalDatabase
data >>>> LocalDatabase
data >>>> LocalDatabase
data >>>> LocalDatabase
data >>>> LocalDatabase
data >>>> LocalDatabase
data >>>> LocalDatabase
data >>>> LocalDatabase
 Connect with ATOM LITE ESP32 Via UART have a proplem
data >>>> LocalDatabase
data >>>> LocalDatabase
 Connect with ATOM LITE ESP32 Via UART have a proplem
data >>>> LocalDatabase
data >>>> LocalDatabase
data >>>> LocalDatabase
data >>>> LocalDatabase
data >>>> LocalDatabase
data >>>> LocalDatabase
data >>>> LocalDatabase
data >>>> LocalDatabase
data >>>> LocalDatabase
 Connect with ATOM LITE ESP32 Via UART have a proplem
data >>>> LocalDatabase
data >>>> LocalDatabase
data >>>> LocalDatabase
data >>>> LocalDatabase
data >>>> LocalDatabase
data >>>> LocalDatabase
data >>>> LocalDatabase
data >>>> LocalDatabase
data >>>> LocalDatabase
data >>>> LocalDatabase
data >>>> LocalDatabase
data >>>> LocalDatabase
data >>>> LocalDatabase
data >>>> LocalDatabase
 Connect with ATOM LITE ESP32 Via UART have a proplem
data >>>> LocalDatabase
data >>>> LocalDatabase
data >>>> LocalDatabase
data >>>> LocalDatabase
data >>>> LocalDatabase
data >>>> LocalDatabase
data >>>> LocalDatabase
data >>>> LocalDatabase
data >>>> LocalDatabase
data >>>> LocalDatabase
data >>>> LocalDatabase
data >>>> LocalDatabase
data >>>> LocalDatabase
data >>>> LocalDatabase
data >>>> LocalDatabase
data >>>> LocalDatabase
 Connect with ATOM LITE ESP32 Via UART have a proplem
data >>>> LocalDatabase
data >>>> LocalDatabase
data >>>> LocalDatabase
data >>>> LocalDatabase
data >>>> LocalDatabase
data >>>> LocalDatabase
data >>>> LocalDatabase
data >>>> LocalDatabase
data >>>> LocalDatabase
data >>>> LocalDatabase
data >>>> LocalDatabase
 Connect with ATOM LITE ESP32 Via UART have a proplem
data >>>> LocalDatabase
data >>>> LocalDatabase
data >>>> LocalDatabase
data >>>> LocalDatabase
data >>>> LocalDatabase
data >>>> LocalDatabase
data >>>> LocalDatabase
data >>>> LocalDatabase
data >>>> LocalDatabase
data >>>> LocalDatabase
data >>>> LocalDatabase
data >>>> LocalDatabase
data >>>> LocalDatabase
data >>>> LocalDatabase
data >>>> LocalDatabase
data >>>> LocalDatabase
data >>>> LocalDatabase
data >>>> LocalDatabase
data >>>> LocalDatabase
data >>>> LocalDatabase
data >>>> LocalDatabase
data >>>> LocalDatabase
data >>>> LocalDatabase
data >>>> LocalDatabase
data >>>> LocalDatabase
data >>>> LocalDatabase
data >>>> LocalDatabase
data >>>> LocalDatabase
data >>>> LocalDatabase
data >>>> LocalDatabase
data >>>> LocalDatabase
data >>>> LocalDatabase
data >>>> LocalDatabase
data >>>> LocalDatabase
data >>>> LocalDatabase
 Connect with ATOM LITE ESP32 Via UART have a proplem
data >>>> LocalDatabase
 Connect with ATOM LITE ESP32 Via UART have a proplem
data >>>> LocalDatabase
 Connect with ATOM LITE ESP32 Via UART have a proplem
data >>>> LocalDatabase
data >>>> LocalDatabase
data >>>> LocalDatabase
data >>>> LocalDatabase
data >>>> LocalDatabase
data >>>> LocalDatabase
data >>>> LocalDatabase
data >>>> LocalDatabase
data >>>> LocalDatabase
data >>>> LocalDatabase
data >>>> LocalDatabase
data >>>> LocalDatabase
data >>>> LocalDatabase
data >>>> LocalDatabase
data >>>> LocalDatabase
data >>>> LocalDatabase
data >>>> LocalDatabase
data >>>> LocalDatabase
data >>>> LocalDatabase
data >>>> LocalDatabase
data >>>> LocalDatabase
data >>>> LocalDatabase
data >>>> LocalDatabase
data >>>> LocalDatabase
data >>>> LocalDatabase
data >>>> LocalDatabase
data >>>> LocalDatabase
data >>>> LocalDatabase
data >>>> LocalDatabase
data >>>> LocalDatabase
data >>>> LocalDatabase
data >>>> LocalDatabase
data >>>> LocalDatabase
data >>>> LocalDatabase
data >>>> LocalDatabase
data >>>> LocalDatabase
 Connect with ATOM LITE ESP32 Via UART have a proplem
data >>>> LocalDatabase
data >>>> LocalDatabase
data >>>> LocalDatabase
data >>>> LocalDatabase
data >>>> LocalDatabase
data >>>> LocalDatabase
data >>>> LocalDatabase
data >>>> LocalDatabase
data >>>> LocalDatabase
data >>>> LocalDatabase
data >>>> LocalDatabase
data >>>> LocalDatabase
data >>>> LocalDatabase
data >>>> LocalDatabase
data >>>> LocalDatabase
data >>>> LocalDatabase
data >>>> LocalDatabase
data >>>> LocalDatabase
data >>>> LocalDatabase
data >>>> LocalDatabase
data >>>> LocalDatabase
data >>>> LocalDatabase
 Connect with ATOM LITE ESP32 Via UART have a proplem
data >>>> LocalDatabase
data >>>> LocalDatabase
data >>>> LocalDatabase
data >>>> LocalDatabase
 Connect with ATOM LITE ESP32 Via UART have a proplem
data >>>> LocalDatabase
data >>>> LocalDatabase
data >>>> LocalDatabase
data >>>> LocalDatabase
data >>>> LocalDatabase
 Connect with ATOM LITE ESP32 Via UART have a proplem
data >>>> LocalDatabase
data >>>> LocalDatabase
data >>>> LocalDatabase
data >>>> LocalDatabase
data >>>> LocalDatabase
data >>>> LocalDatabase
data >>>> LocalDatabase
data >>>> LocalDatabase
data >>>> LocalDatabase
data >>>> LocalDatabase
data >>>> LocalDatabase
data >>>> LocalDatabase
data >>>> LocalDatabase
 Connect with ATOM LITE ESP32 Via UART have a proplem
data >>>> LocalDatabase
data >>>> LocalDatabase
data >>>> LocalDatabase
data >>>> LocalDatabase
data >>>> LocalDatabase
data >>>> LocalDatabase
data >>>> LocalDatabase
data >>>> LocalDatabase
data >>>> LocalDatabase
data >>>> LocalDatabase
data >>>> LocalDatabase
data >>>> LocalDatabase
data >>>> LocalDatabase
data >>>> LocalDatabase
data >>>> LocalDatabase
data >>>> LocalDatabase
data >>>> LocalDatabase
data >>>> LocalDatabase
data >>>> LocalDatabase
data >>>> LocalDatabase
data >>>> LocalDatabase
data >>>> LocalDatabase
data >>>> LocalDatabase
data >>>> LocalDatabase
data >>>> LocalDatabase
data >>>> LocalDatabase
data >>>> LocalDatabase
data >>>> LocalDatabase
data >>>> LocalDatabase
data >>>> LocalDatabase
data >>>> LocalDatabase
data >>>> LocalDatabase
data >>>> LocalDatabase
data >>>> LocalDatabase
data >>>> LocalDatabase
data >>>> LocalDatabase
data >>>> LocalDatabase
data >>>> LocalDatabase
data >>>> LocalDatabase
data >>>> LocalDatabase
data >>>> LocalDatabase
data >>>> LocalDatabase
data >>>> LocalDatabase
data >>>> LocalDatabase
data >>>> LocalDatabase
data >>>> LocalDatabase
data >>>> LocalDatabase
data >>>> LocalDatabase
data >>>> LocalDatabase
data >>>> LocalDatabase
data >>>> LocalDatabase
data >>>> LocalDatabase
data >>>> LocalDatabase
data >>>> LocalDatabase
data >>>> LocalDatabase
 Connect with ATOM LITE ESP32 Via UART have a proplem
data >>>> LocalDatabase
data >>>> LocalDatabase
data >>>> LocalDatabase
data >>>> LocalDatabase
data >>>> LocalDatabase
data >>>> LocalDatabase
data >>>> LocalDatabase
data >>>> LocalDatabase
data >>>> LocalDatabase
data >>>> LocalDatabase
data >>>> LocalDatabase
data >>>> LocalDatabase
data >>>> LocalDatabase
 Connect with ATOM LITE ESP32 Via UART have a proplem
data >>>> LocalDatabase
data >>>> LocalDatabase
data >>>> LocalDatabase
data >>>> LocalDatabase
data >>>> LocalDatabase
data >>>> LocalDatabase
data >>>> LocalDatabase
data >>>> LocalDatabase
data >>>> LocalDatabase
data >>>> LocalDatabaseError: NetworkManager is not running.
Error: NetworkManager is not running.
Waiting for Wi-Fi to be available...
Wi-Fi connection established
Waiting for Wi-Fi to be available...
Wi-Fi connection established
Waiting for Wi-Fi to be available...
Wi-Fi connection established
Waiting for Wi-Fi to be available...
Wi-Fi connection established
Waiting for Wi-Fi to be available...
Wi-Fi connection established
Waiting for Wi-Fi to be available...
Wi-Fi connection established
Waiting for Wi-Fi to be available...
Wi-Fi connection established
Waiting for Wi-Fi to be available...
Wi-Fi connection established
Waiting for Wi-Fi to be available...
Wi-Fi connection established
Waiting for Wi-Fi to be available...
Wi-Fi connection established
Waiting for Wi-Fi to be available...
Wi-Fi connection established
Waiting for Wi-Fi to be available...
Wi-Fi connection established
Waiting for Wi-Fi to be available...
Wi-Fi connection established
Waiting for Wi-Fi to be available...
Wi-Fi connection established
Waiting for Wi-Fi to be available...
Wi-Fi connection established
Waiting for Wi-Fi to be available...
Wi-Fi connection established
Waiting for Wi-Fi to be available...
Wi-Fi connection established
Waiting for Wi-Fi to be available...
Wi-Fi connection established
Waiting for Wi-Fi to be available...
Wi-Fi connection established
Waiting for Wi-Fi to be available...
Wi-Fi connection established
Waiting for Wi-Fi to be available...
Wi-Fi connection established
Waiting for Wi-Fi to be available...
Wi-Fi connection established
Waiting for Wi-Fi to be available...
Wi-Fi connection established
Waiting for Wi-Fi to be available...
Wi-Fi connection established
Waiting for Wi-Fi to be available...
Wi-Fi connection established
Waiting for Wi-Fi to be available...
Wi-Fi connection established
Waiting for Wi-Fi to be available...
Wi-Fi connection established
Waiting for Wi-Fi to be available...
Wi-Fi connection established
Waiting for Wi-Fi to be available...
Wi-Fi connection established
Waiting for Wi-Fi to be available...
Wi-Fi connection established
Waiting for Wi-Fi to be available...
Wi-Fi connection established
Waiting for Wi-Fi to be available...
Wi-Fi connection established
Waiting for Wi-Fi to be available...
Wi-Fi connection established
Waiting for Wi-Fi to be available...
Wi-Fi connection established
Waiting for Wi-Fi to be available...
Wi-Fi connection established
Waiting for Wi-Fi to be available...
Wi-Fi connection established
Waiting for Wi-Fi to be available...
Wi-Fi connection established
Waiting for Wi-Fi to be available...
Wi-Fi connection established
Waiting for Wi-Fi to be available...
Wi-Fi connection established
Waiting for Wi-Fi to be available...
Wi-Fi connection established
Waiting for Wi-Fi to be available...
Wi-Fi connection established
Waiting for Wi-Fi to be available...
Wi-Fi connection established
Waiting for Wi-Fi to be available...
Wi-Fi connection established
Waiting for Wi-Fi to be available...
Wi-Fi connection established
Waiting for Wi-Fi to be available...
Wi-Fi connection established
Waiting for Wi-Fi to be available...
Wi-Fi connection established
Waiting for Wi-Fi to be available...
Wi-Fi connection established
Waiting for Wi-Fi to be available...
Wi-Fi connection established
Waiting for Wi-Fi to be available...
Wi-Fi connection established
Waiting for Wi-Fi to be available...
Wi-Fi connection established
Waiting for Wi-Fi to be available...
Wi-Fi connection established
Waiting for Wi-Fi to be available...
Wi-Fi connection established
Waiting for Wi-Fi to be available...
Wi-Fi connection established
Waiting for Wi-Fi to be available...
Wi-Fi connection established
Waiting for Wi-Fi to be available...
Wi-Fi connection established
Waiting for Wi-Fi to be available...
Wi-Fi connection established
Waiting for Wi-Fi to be available...
Wi-Fi connection established
Waiting for Wi-Fi to be available...
Wi-Fi connection established
Waiting for Wi-Fi to be available...
Wi-Fi connection established
Waiting for Wi-Fi to be available...
Wi-Fi connection established
Waiting for Wi-Fi to be available...
Wi-Fi connection established
Waiting for Wi-Fi to be available...
Wi-Fi connection established
Waiting for Wi-Fi to be available...
Wi-Fi connection established
Waiting for Wi-Fi to be available...
Wi-Fi connection established
Waiting for Wi-Fi to be available...
Wi-Fi connection established
Waiting for Wi-Fi to be available...
Wi-Fi connection established
Waiting for Wi-Fi to be available...
Wi-Fi connection established
Waiting for Wi-Fi to be available...
Wi-Fi connection established
Waiting for Wi-Fi to be available...
Wi-Fi connection established
Waiting for Wi-Fi to be available...
Wi-Fi connection established
Waiting for Wi-Fi to be available...
Wi-Fi connection established
Waiting for Wi-Fi to be available...
Wi-Fi connection established
Waiting for Wi-Fi to be available...
Wi-Fi connection established
Waiting for Wi-Fi to be available...
Wi-Fi connection established
Waiting for Wi-Fi to be available...
Wi-Fi connection established
Waiting for Wi-Fi to be available...
Wi-Fi connection established
Waiting for Wi-Fi to be available...
Wi-Fi connection established
Waiting for Wi-Fi to be available...
Wi-Fi connection established
Waiting for Wi-Fi to be available...
Wi-Fi connection established
Waiting for Wi-Fi to be available...
Wi-Fi connection established
Waiting for Wi-Fi to be available...
Wi-Fi connection established
Waiting for Wi-Fi to be available...
Wi-Fi connection established
Waiting for Wi-Fi to be available...
Wi-Fi connection established
Waiting for Wi-Fi to be available...
Wi-Fi connection established
Waiting for Wi-Fi to be available...
Wi-Fi connection established
Waiting for Wi-Fi to be available...
Wi-Fi connection established
Waiting for Wi-Fi to be available...
Wi-Fi connection established
Waiting for Wi-Fi to be available...
Wi-Fi connection established
Waiting for Wi-Fi to be available...
Wi-Fi connection established
Waiting for Wi-Fi to be available...
Wi-Fi connection established
Waiting for Wi-Fi to be available...
Wi-Fi connection established
Waiting for Wi-Fi to be available...
Wi-Fi connection established
Waiting for Wi-Fi to be available...
Wi-Fi connection established
Waiting for Wi-Fi to be available...
Wi-Fi connection established
Waiting for Wi-Fi to be available...
Wi-Fi connection established
Waiting for Wi-Fi to be available...
Wi-Fi connection established
Waiting for Wi-Fi to be available...
Wi-Fi connection established
Waiting for Wi-Fi to be available...
Wi-Fi connection established
Waiting for Wi-Fi to be available...
Wi-Fi connection established
Waiting for Wi-Fi to be available...
Wi-Fi connection established
Waiting for Wi-Fi to be available...
Wi-Fi connection established
Waiting for Wi-Fi to be available...
Wi-Fi connection established
Waiting for Wi-Fi to be available...
Wi-Fi connection established
Waiting for Wi-Fi to be available...
Wi-Fi connection established
Waiting for Wi-Fi to be available...
Wi-Fi connection established
Waiting for Wi-Fi to be available...
Wi-Fi connection established
Waiting for Wi-Fi to be available...
Wi-Fi connection established
Waiting for Wi-Fi to be available...
Wi-Fi connection established
Waiting for Wi-Fi to be available...
Wi-Fi connection established
Waiting for Wi-Fi to be available...
Wi-Fi connection established
Waiting for Wi-Fi to be available...
Wi-Fi connection established
Waiting for Wi-Fi to be available...
Wi-Fi connection established
Waiting for Wi-Fi to be available...
Wi-Fi connection established
Waiting for Wi-Fi to be available...
Wi-Fi connection established
Waiting for Wi-Fi to be available...
Wi-Fi connection established
Waiting for Wi-Fi to be available...
Wi-Fi connection established
Waiting for Wi-Fi to be available...
Wi-Fi connection established
Waiting for Wi-Fi to be available...
Wi-Fi connection established
Waiting for Wi-Fi to be available...
Wi-Fi connection established
Waiting for Wi-Fi to be available...
Wi-Fi connection established
Waiting for Wi-Fi to be available...
Wi-Fi connection established
Waiting for Wi-Fi to be available...
Wi-Fi connection established
Waiting for Wi-Fi to be available...
Wi-Fi connection established
Waiting for Wi-Fi to be available...
Wi-Fi connection established
Waiting for Wi-Fi to be available...Error: NetworkManager is not running.
Error: NetworkManager is not running.

data >>>> LocalDatabase
data >>>> LocalDatabase
data >>>> LocalDatabase
data >>>> LocalDatabase
 Connect with ATOM LITE ESP32 Via UART have a proplem
data >>>> LocalDatabase
data >>>> LocalDatabase
 Connect with ATOM LITE ESP32 Via UART have a proplem
data >>>> LocalDatabase
data >>>> LocalDatabase
data >>>> LocalDatabase
data >>>> LocalDatabase
data >>>> LocalDatabase
data >>>> LocalDatabase
data >>>> LocalDatabase
data >>>> LocalDatabase
data >>>> LocalDatabase
data >>>> LocalDatabase
data >>>> LocalDatabase
data >>>> LocalDatabase
data >>>> LocalDatabase
data >>>> LocalDatabase
data >>>> LocalDatabase
data >>>> LocalDatabase
data >>>> LocalDatabase
data >>>> LocalDatabase
data >>>> LocalDatabase
data >>>> LocalDatabase
data >>>> LocalDatabase
data >>>> LocalDatabase
data >>>> LocalDatabase
data >>>> LocalDatabase
data >>>> LocalDatabase
data >>>> LocalDatabase
data >>>> LocalDatabase
data >>>> LocalDatabase
data >>>> LocalDatabase
data >>>> LocalDatabase
data >>>> LocalDatabase
data >>>> LocalDatabase
data >>>> LocalDatabase
data >>>> LocalDatabase
data >>>> LocalDatabase
data >>>> LocalDatabase
 Connect with ATOM LITE ESP32 Via UART have a proplem
data >>>> LocalDatabase
data >>>> LocalDatabase
data >>>> LocalDatabase
data >>>> LocalDatabase
data >>>> LocalDatabase
data >>>> LocalDatabase
data >>>> LocalDatabase
data >>>> LocalDatabase
data >>>> LocalDatabase
data >>>> LocalDatabase
data >>>> LocalDatabase
data >>>> LocalDatabase
data >>>> LocalDatabase
data >>>> LocalDatabase
data >>>> LocalDatabase
data >>>> LocalDatabase
data >>>> LocalDatabase
data >>>> LocalDatabase
data >>>> LocalDatabase
data >>>> LocalDatabase
data >>>> LocalDatabase
data >>>> LocalDatabase
data >>>> LocalDatabase
data >>>> LocalDatabase
data >>>> LocalDatabase
data >>>> LocalDatabase
data >>>> LocalDatabase
data >>>> LocalDatabase
data >>>> LocalDatabase
 Connect with ATOM LITE ESP32 Via UART have a proplem
data >>>> LocalDatabase
data >>>> LocalDatabase
data >>>> LocalDatabase
data >>>> LocalDatabase
data >>>> LocalDatabase
data >>>> LocalDatabase
data >>>> LocalDatabase
data >>>> LocalDatabase
data >>>> LocalDatabase
data >>>> LocalDatabase
data >>>> LocalDatabase
data >>>> LocalDatabase
data >>>> LocalDatabase
data >>>> LocalDatabase
data >>>> LocalDatabase
data >>>> LocalDatabase
data >>>> LocalDatabase
data >>>> LocalDatabase
data >>>> LocalDatabase
data >>>> LocalDatabase
data >>>> LocalDatabase
data >>>> LocalDatabase
data >>>> LocalDatabase
data >>>> LocalDatabase
data >>>> LocalDatabase
data >>>> LocalDatabase
data >>>> LocalDatabase
data >>>> LocalDatabase
data >>>> LocalDatabase
data >>>> LocalDatabase
data >>>> LocalDatabase
data >>>> LocalDatabase
data >>>> LocalDatabase
data >>>> LocalDatabase
data >>>> LocalDatabase
data >>>> LocalDatabase
data >>>> LocalDatabase
data >>>> LocalDatabase
data >>>> LocalDatabase
data >>>> LocalDatabase
data >>>> LocalDatabase
data >>>> LocalDatabase
data >>>> LocalDatabase
data >>>> LocalDatabase
data >>>> LocalDatabase
data >>>> LocalDatabase
data >>>> LocalDatabase
data >>>> LocalDatabase
data >>>> LocalDatabase
data >>>> LocalDatabase
 Connect with ATOM LITE ESP32 Via UART have a proplem
data >>>> LocalDatabase
data >>>> LocalDatabase
data >>>> LocalDatabase
data >>>> LocalDatabase
data >>>> LocalDatabase
data >>>> LocalDatabase
data >>>> LocalDatabase
data >>>> LocalDatabase
data >>>> LocalDatabase
data >>>> LocalDatabase
data >>>> LocalDatabase
data >>>> LocalDatabase
data >>>> LocalDatabase
data >>>> LocalDatabase
data >>>> LocalDatabase
data >>>> LocalDatabase
data >>>> LocalDatabase
data >>>> LocalDatabase
data >>>> LocalDatabase
data >>>> LocalDatabase
data >>>> LocalDatabase
data >>>> LocalDatabase
data >>>> LocalDatabase
data >>>> LocalDatabase
data >>>> LocalDatabase
data >>>> LocalDatabase
data >>>> LocalDatabase
data >>>> LocalDatabase
data >>>> LocalDatabase
data >>>> LocalDatabase
data >>>> LocalDatabase
data >>>> LocalDatabase
data >>>> LocalDatabase
data >>>> LocalDatabase
data >>>> LocalDatabase
data >>>> LocalDatabase
data >>>> LocalDatabase
data >>>> LocalDatabase
data >>>> LocalDatabase
data >>>> LocalDatabase
data >>>> LocalDatabase
data >>>> LocalDatabase
data >>>> LocalDatabase
data >>>> LocalDatabase
data >>>> LocalDatabase
data >>>> LocalDatabase
data >>>> LocalDatabase
data >>>> LocalDatabase
data >>>> LocalDatabase
data >>>> LocalDatabase
data >>>> LocalDatabase
data >>>> LocalDatabase
data >>>> LocalDatabase
data >>>> LocalDatabase
data >>>> LocalDatabase
data >>>> LocalDatabase
data >>>> LocalDatabase
data >>>> LocalDatabase
data >>>> LocalDatabase
data >>>> LocalDatabase
data >>>> LocalDatabase
data >>>> LocalDatabase
data >>>> LocalDatabase
data >>>> LocalDatabase
data >>>> LocalDatabase
data >>>> LocalDatabase
data >>>> LocalDatabase
data >>>> LocalDatabase
data >>>> LocalDatabase
 Connect with ATOM LITE ESP32 Via UART have a proplem
 Connect with ATOM LITE ESP32 Via UART have a proplem
data >>>> LocalDatabase
 Connect with ATOM LITE ESP32 Via UART have a proplem
 Connect with ATOM LITE ESP32 Via UART have a proplem
data >>>> LocalDatabase
 Connect with ATOM LITE ESP32 Via UART have a proplem
data >>>> LocalDatabase
data >>>> LocalDatabase
data >>>> LocalDatabase
data >>>> LocalDatabase
data >>>> LocalDatabase
data >>>> LocalDatabase
data >>>> LocalDatabase
data >>>> LocalDatabase
data >>>> LocalDatabase
data >>>> LocalDatabase
data >>>> LocalDatabase
data >>>> LocalDatabase
data >>>> LocalDatabase
data >>>> LocalDatabase
data >>>> LocalDatabase
 Connect with ATOM LITE ESP32 Via UART have a proplem
data >>>> LocalDatabase
data >>>> LocalDatabase
data >>>> LocalDatabase
data >>>> LocalDatabase
data >>>> LocalDatabase
data >>>> LocalDatabase
data >>>> LocalDatabase
data >>>> LocalDatabase
data >>>> LocalDatabase
data >>>> LocalDatabase
data >>>> LocalDatabase
data >>>> LocalDatabase
data >>>> LocalDatabase
data >>>> LocalDatabase
data >>>> LocalDatabase
data >>>> LocalDatabase
data >>>> LocalDatabase
data >>>> LocalDatabase
data >>>> LocalDatabase
data >>>> LocalDatabase
data >>>> LocalDatabase
data >>>> LocalDatabase
data >>>> LocalDatabase
data >>>> LocalDatabase
data >>>> LocalDatabase
data >>>> LocalDatabase
data >>>> LocalDatabase
data >>>> LocalDatabase
data >>>> LocalDatabase
data >>>> LocalDatabase
data >>>> LocalDatabase
data >>>> LocalDatabase
data >>>> LocalDatabase
data >>>> LocalDatabase
data >>>> LocalDatabase
data >>>> LocalDatabase
data >>>> LocalDatabase
data >>>> LocalDatabase
data >>>> LocalDatabase
data >>>> LocalDatabase
data >>>> LocalDatabase
data >>>> LocalDatabase
data >>>> LocalDatabase
data >>>> LocalDatabase
data >>>> LocalDatabase
data >>>> LocalDatabase
data >>>> LocalDatabase
data >>>> LocalDatabase
data >>>> LocalDatabase
data >>>> LocalDatabase
data >>>> LocalDatabase
data >>>> LocalDatabase
data >>>> LocalDatabase
data >>>> LocalDatabase
 Connect with ATOM LITE ESP32 Via UART have a proplem
data >>>> LocalDatabase
data >>>> LocalDatabase
data >>>> LocalDatabase
data >>>> LocalDatabase
data >>>> LocalDatabase
data >>>> LocalDatabase
data >>>> LocalDatabase
data >>>> LocalDatabase
data >>>> LocalDatabase
data >>>> LocalDatabase
data >>>> LocalDatabase
data >>>> LocalDatabase
data >>>> LocalDatabase
data >>>> LocalDatabase
data >>>> LocalDatabase
data >>>> LocalDatabase
data >>>> LocalDatabase
data >>>> LocalDatabase
 Connect with ATOM LITE ESP32 Via UART have a proplem
 Connect with ATOM LITE ESP32 Via UART have a proplem
data >>>> LocalDatabase
 Connect with ATOM LITE ESP32 Via UART have a proplem
data >>>> LocalDatabase
data >>>> LocalDatabase
data >>>> LocalDatabase
data >>>> LocalDatabase
data >>>> LocalDatabase
data >>>> LocalDatabase
data >>>> LocalDatabase
data >>>> LocalDatabase
data >>>> LocalDatabase
data >>>> LocalDatabase
data >>>> LocalDatabase
data >>>> LocalDatabase
 Connect with ATOM LITE ESP32 Via UART have a proplem
data >>>> LocalDatabase
 Connect with ATOM LITE ESP32 Via UART have a proplem
data >>>> LocalDatabase
data >>>> LocalDatabase
data >>>> LocalDatabase
data >>>> LocalDatabase
data >>>> LocalDatabase
data >>>> LocalDatabase
data >>>> LocalDatabase
data >>>> LocalDatabase
data >>>> LocalDatabase
data >>>> LocalDatabase
data >>>> LocalDatabaseError: NetworkManager is not running.

data >>>> LocalDatabase
data >>>> LocalDatabase
data >>>> LocalDatabase
data >>>> LocalDatabase
data >>>> LocalDatabase
data >>>> LocalDatabase
data >>>> LocalDatabase
data >>>> LocalDatabase
data >>>> LocalDatabase
data >>>> LocalDatabase
data >>>> LocalDatabase
data >>>> LocalDatabase
data >>>> LocalDatabase
data >>>> LocalDatabase
data >>>> LocalDatabase
data >>>> LocalDatabase
data >>>> LocalDatabase
data >>>> LocalDatabase
data >>>> LocalDatabase
data >>>> LocalDatabase
data >>>> LocalDatabase
data >>>> LocalDatabase
data >>>> LocalDatabase
data >>>> LocalDatabase
data >>>> LocalDatabase
data >>>> LocalDatabase
data >>>> LocalDatabase
data >>>> LocalDatabase
data >>>> LocalDatabase
data >>>> LocalDatabase
data >>>> LocalDatabase
data >>>> LocalDatabase
data >>>> LocalDatabase
data >>>> LocalDatabase
data >>>> LocalDatabase
data >>>> LocalDatabase
data >>>> LocalDatabase
data >>>> LocalDatabase
data >>>> LocalDatabase
data >>>> LocalDatabase
data >>>> LocalDatabase
data >>>> LocalDatabase
data >>>> LocalDatabase
data >>>> LocalDatabase
data >>>> LocalDatabase
data >>>> LocalDatabase
data >>>> LocalDatabase
data >>>> LocalDatabase
data >>>> LocalDatabase
data >>>> LocalDatabase
data >>>> LocalDatabase
data >>>> LocalDatabase
data >>>> LocalDatabase
data >>>> LocalDatabase
data >>>> LocalDatabase
data >>>> LocalDatabase
data >>>> LocalDatabase
data >>>> LocalDatabase
data >>>> LocalDatabase
data >>>> LocalDatabase
data >>>> LocalDatabase
data >>>> LocalDatabase
data >>>> LocalDatabase
data >>>> LocalDatabase
data >>>> LocalDatabase
data >>>> LocalDatabase
data >>>> LocalDatabase
data >>>> LocalDatabase
data >>>> LocalDatabase
data >>>> LocalDatabase
data >>>> LocalDatabase
data >>>> LocalDatabase
data >>>> LocalDatabase
data >>>> LocalDatabase
data >>>> LocalDatabase
data >>>> LocalDatabase
data >>>> LocalDatabase
data >>>> LocalDatabase
data >>>> LocalDatabase
data >>>> LocalDatabase
data >>>> LocalDatabase
data >>>> LocalDatabase
data >>>> LocalDatabase
data >>>> LocalDatabase
data >>>> LocalDatabase
data >>>> LocalDatabase
data >>>> LocalDatabase
data >>>> LocalDatabase
data >>>> LocalDatabase
data >>>> LocalDatabase
data >>>> LocalDatabase
data >>>> LocalDatabase
data >>>> LocalDatabase
data >>>> LocalDatabase
data >>>> LocalDatabase
data >>>> LocalDatabase
data >>>> LocalDatabase
data >>>> LocalDatabase
data >>>> LocalDatabase
data >>>> LocalDatabase
data >>>> LocalDatabase
data >>>> LocalDatabase
data >>>> LocalDatabase
data >>>> LocalDatabase
data >>>> LocalDatabase
data >>>> LocalDatabase
data >>>> LocalDatabase
data >>>> LocalDatabase
data >>>> LocalDatabase
data >>>> LocalDatabase
data >>>> LocalDatabase
data >>>> LocalDatabase
data >>>> LocalDatabase
data >>>> LocalDatabase
data >>>> LocalDatabase
data >>>> LocalDatabase
data >>>> LocalDatabase
data >>>> LocalDatabase
data >>>> LocalDatabase
 Connect with ATOM LITE ESP32 Via UART have a proplem
data >>>> LocalDatabase
data >>>> LocalDatabase
data >>>> LocalDatabase
data >>>> LocalDatabase
data >>>> LocalDatabase
data >>>> LocalDatabase
data >>>> LocalDatabase
data >>>> LocalDatabase
data >>>> LocalDatabase
data >>>> LocalDatabase
data >>>> LocalDatabase
data >>>> LocalDatabase
data >>>> LocalDatabase
data >>>> LocalDatabase
data >>>> LocalDatabase
data >>>> LocalDatabase
data >>>> LocalDatabase
data >>>> LocalDatabase
data >>>> LocalDatabase
data >>>> LocalDatabase
data >>>> LocalDatabase
data >>>> LocalDatabase
data >>>> LocalDatabase
data >>>> LocalDatabase
data >>>> LocalDatabase
data >>>> LocalDatabase
data >>>> LocalDatabase
data >>>> LocalDatabase
data >>>> LocalDatabase
data >>>> LocalDatabase
data >>>> LocalDatabase
data >>>> LocalDatabase
data >>>> LocalDatabase
data >>>> LocalDatabase
data >>>> LocalDatabase
data >>>> LocalDatabase
data >>>> LocalDatabase
data >>>> LocalDatabase
data >>>> LocalDatabase
data >>>> LocalDatabase
data >>>> LocalDatabase
data >>>> LocalDatabase
data >>>> LocalDatabase
data >>>> LocalDatabase
data >>>> LocalDatabase
data >>>> LocalDatabase
data >>>> LocalDatabase
data >>>> LocalDatabase
 Connect with ATOM LITE ESP32 Via UART have a proplem
data >>>> LocalDatabase
data >>>> LocalDatabase
data >>>> LocalDatabase
data >>>> LocalDatabase
data >>>> LocalDatabase
data >>>> LocalDatabase
data >>>> LocalDatabase
data >>>> LocalDatabase
data >>>> LocalDatabase
data >>>> LocalDatabase
data >>>> LocalDatabase
data >>>> LocalDatabase
data >>>> LocalDatabase
data >>>> LocalDatabase
 Connect with ATOM LITE ESP32 Via UART have a proplem
data >>>> LocalDatabase
 Connect with ATOM LITE ESP32 Via UART have a proplem
data >>>> LocalDatabase
data >>>> LocalDatabase
data >>>> LocalDatabase
data >>>> LocalDatabase
data >>>> LocalDatabase
data >>>> LocalDatabase
data >>>> LocalDatabase
data >>>> LocalDatabase
data >>>> LocalDatabase
data >>>> LocalDatabase
data >>>> LocalDatabase
data >>>> LocalDatabase
data >>>> LocalDatabase
data >>>> LocalDatabase
data >>>> LocalDatabase
data >>>> LocalDatabase
data >>>> LocalDatabase
data >>>> LocalDatabase
data >>>> LocalDatabase
data >>>> LocalDatabase
data >>>> LocalDatabase
data >>>> LocalDatabase
data >>>> LocalDatabase
data >>>> LocalDatabase
data >>>> LocalDatabase
data >>>> LocalDatabase
data >>>> LocalDatabase
 Connect with ATOM LITE ESP32 Via UART have a proplem
data >>>> LocalDatabase
data >>>> LocalDatabase
data >>>> LocalDatabase
data >>>> LocalDatabase
data >>>> LocalDatabase
data >>>> LocalDatabase
data >>>> LocalDatabase
data >>>> LocalDatabase
data >>>> LocalDatabase
data >>>> LocalDatabase
data >>>> LocalDatabase
data >>>> LocalDatabase
data >>>> LocalDatabase
data >>>> LocalDatabase
data >>>> LocalDatabase
data >>>> LocalDatabase
data >>>> LocalDatabase
data >>>> LocalDatabase
data >>>> LocalDatabase
data >>>> LocalDatabase
data >>>> LocalDatabase
data >>>> LocalDatabase
data >>>> LocalDatabase
data >>>> LocalDatabase
data >>>> LocalDatabase
data >>>> LocalDatabase
data >>>> LocalDatabase
data >>>> LocalDatabase
data >>>> LocalDatabase
data >>>> LocalDatabase
data >>>> LocalDatabase
data >>>> LocalDatabase
data >>>> LocalDatabase
data >>>> LocalDatabase
data >>>> LocalDatabase
data >>>> LocalDatabase
data >>>> LocalDatabase
data >>>> LocalDatabase
data >>>> LocalDatabase
data >>>> LocalDatabase
data >>>> LocalDatabase
data >>>> LocalDatabase
data >>>> LocalDatabase
data >>>> LocalDatabase
data >>>> LocalDatabase
data >>>> LocalDatabase
data >>>> LocalDatabase
data >>>> LocalDatabase
data >>>> LocalDatabase
data >>>> LocalDatabase
data >>>> LocalDatabase
data >>>> LocalDatabase
 Connect with ATOM LITE ESP32 Via UART have a proplem
data >>>> LocalDatabase
data >>>> LocalDatabase
data >>>> LocalDatabase
data >>>> LocalDatabase
data >>>> LocalDatabase
data >>>> LocalDatabase
data >>>> LocalDatabase
data >>>> LocalDatabase
data >>>> LocalDatabase
data >>>> LocalDatabase
data >>>> LocalDatabase
data >>>> LocalDatabase
data >>>> LocalDatabase
data >>>> LocalDatabase
data >>>> LocalDatabase
data >>>> LocalDatabase
data >>>> LocalDatabase
data >>>> LocalDatabase
data >>>> LocalDatabase
data >>>> LocalDatabase
data >>>> LocalDatabase
data >>>> LocalDatabase
data >>>> LocalDatabase
data >>>> LocalDatabase
data >>>> LocalDatabase
data >>>> LocalDatabase
data >>>> LocalDatabase
data >>>> LocalDatabase
data >>>> LocalDatabase
data >>>> LocalDatabase
data >>>> LocalDatabase
data >>>> LocalDatabase
data >>>> LocalDatabase
data >>>> LocalDatabase
data >>>> LocalDatabase
data >>>> LocalDatabase
 Connect with ATOM LITE ESP32 Via UART have a proplem
data >>>> LocalDatabase
 Connect with ATOM LITE ESP32 Via UART have a proplem
data >>>> LocalDatabase
data >>>> LocalDatabase
data >>>> LocalDatabase
data >>>> LocalDatabase
data >>>> LocalDatabase
data >>>> LocalDatabase
data >>>> LocalDatabase
data >>>> LocalDatabase
data >>>> LocalDatabase
data >>>> LocalDatabase
data >>>> LocalDatabase
data >>>> LocalDatabase
data >>>> LocalDatabase
data >>>> LocalDatabase
data >>>> LocalDatabase
data >>>> LocalDatabase
data >>>> LocalDatabase
data >>>> LocalDatabase
data >>>> LocalDatabase
data >>>> LocalDatabase
data >>>> LocalDatabase
data >>>> LocalDatabase
data >>>> LocalDatabase
data >>>> LocalDatabase
data >>>> LocalDatabase
data >>>> LocalDatabaseError: NetworkManager is not running.

data >>>> LocalDatabase
data >>>> LocalDatabase
data >>>> LocalDatabase
data >>>> LocalDatabase
data >>>> LocalDatabase
data >>>> LocalDatabase
data >>>> LocalDatabase
data >>>> LocalDatabase
data >>>> LocalDatabase
data >>>> LocalDatabase
data >>>> LocalDatabase
data >>>> LocalDatabase
data >>>> LocalDatabase
data >>>> LocalDatabase
data >>>> LocalDatabase
data >>>> LocalDatabase
data >>>> LocalDatabase
data >>>> LocalDatabase
data >>>> LocalDatabase
data >>>> LocalDatabase
data >>>> LocalDatabase
data >>>> LocalDatabase
data >>>> LocalDatabase
data >>>> LocalDatabase
data >>>> LocalDatabase
data >>>> LocalDatabase
data >>>> LocalDatabase
data >>>> LocalDatabase
data >>>> LocalDatabase
data >>>> LocalDatabase
data >>>> LocalDatabase
data >>>> LocalDatabase
data >>>> LocalDatabase
data >>>> LocalDatabase
data >>>> LocalDatabase
 Connect with ATOM LITE ESP32 Via UART have a proplem
data >>>> LocalDatabase
data >>>> LocalDatabase
data >>>> LocalDatabase
data >>>> LocalDatabase
data >>>> LocalDatabase
data >>>> LocalDatabase
data >>>> LocalDatabase
data >>>> LocalDatabase
data >>>> LocalDatabase
data >>>> LocalDatabase
data >>>> LocalDatabase
data >>>> LocalDatabase
data >>>> LocalDatabase
data >>>> LocalDatabase
data >>>> LocalDatabase
data >>>> LocalDatabase
data >>>> LocalDatabase
data >>>> LocalDatabase
data >>>> LocalDatabase
data >>>> LocalDatabase
data >>>> LocalDatabase
data >>>> LocalDatabase
data >>>> LocalDatabase
data >>>> LocalDatabase
data >>>> LocalDatabase
data >>>> LocalDatabase
data >>>> LocalDatabase
data >>>> LocalDatabase
data >>>> LocalDatabase
data >>>> LocalDatabase
data >>>> LocalDatabase
data >>>> LocalDatabase
data >>>> LocalDatabase
data >>>> LocalDatabase
data >>>> LocalDatabase
data >>>> LocalDatabase
data >>>> LocalDatabase
data >>>> LocalDatabase
data >>>> LocalDatabase
data >>>> LocalDatabase
data >>>> LocalDatabase
data >>>> LocalDatabase
data >>>> LocalDatabase
data >>>> LocalDatabase
data >>>> LocalDatabase
data >>>> LocalDatabase
data >>>> LocalDatabase
data >>>> LocalDatabase
data >>>> LocalDatabase
data >>>> LocalDatabase
data >>>> LocalDatabase
data >>>> LocalDatabase
 Connect with ATOM LITE ESP32 Via UART have a proplem
data >>>> LocalDatabase
data >>>> LocalDatabase
data >>>> LocalDatabase
data >>>> LocalDatabase
data >>>> LocalDatabase
data >>>> LocalDatabase
data >>>> LocalDatabase
data >>>> LocalDatabase
data >>>> LocalDatabase
data >>>> LocalDatabase
data >>>> LocalDatabase
data >>>> LocalDatabase
data >>>> LocalDatabase
data >>>> LocalDatabase
data >>>> LocalDatabase
data >>>> LocalDatabase
data >>>> LocalDatabase
data >>>> LocalDatabase
 Connect with ATOM LITE ESP32 Via UART have a proplem
data >>>> LocalDatabase
data >>>> LocalDatabase
data >>>> LocalDatabase
data >>>> LocalDatabase
data >>>> LocalDatabase
data >>>> LocalDatabase
data >>>> LocalDatabase
data >>>> LocalDatabase
data >>>> LocalDatabase
data >>>> LocalDatabase
data >>>> LocalDatabase
data >>>> LocalDatabase
data >>>> LocalDatabase
data >>>> LocalDatabase
data >>>> LocalDatabase
data >>>> LocalDatabase
data >>>> LocalDatabase
data >>>> LocalDatabase
data >>>> LocalDatabase
data >>>> LocalDatabase
data >>>> LocalDatabase
data >>>> LocalDatabase
data >>>> LocalDatabase
data >>>> LocalDatabase
data >>>> LocalDatabase
data >>>> LocalDatabase
 Connect with ATOM LITE ESP32 Via UART have a proplem
data >>>> LocalDatabase
data >>>> LocalDatabase
data >>>> LocalDatabase
data >>>> LocalDatabase
data >>>> LocalDatabase
data >>>> LocalDatabase
data >>>> LocalDatabase
data >>>> LocalDatabase
data >>>> LocalDatabase
data >>>> LocalDatabase
data >>>> LocalDatabase
data >>>> LocalDatabase
data >>>> LocalDatabase
data >>>> LocalDatabase
data >>>> LocalDatabase
data >>>> LocalDatabase
data >>>> LocalDatabase
data >>>> LocalDatabase
data >>>> LocalDatabase
data >>>> LocalDatabase
data >>>> LocalDatabase
data >>>> LocalDatabase
data >>>> LocalDatabase
data >>>> LocalDatabase
data >>>> LocalDatabase
data >>>> LocalDatabase
data >>>> LocalDatabase
data >>>> LocalDatabase
data >>>> LocalDatabase
data >>>> LocalDatabase
data >>>> LocalDatabase
data >>>> LocalDatabase
 Connect with ATOM LITE ESP32 Via UART have a proplem
data >>>> LocalDatabase
data >>>> LocalDatabase
data >>>> LocalDatabase
data >>>> LocalDatabase
data >>>> LocalDatabase
data >>>> LocalDatabase
data >>>> LocalDatabase
data >>>> LocalDatabase
data >>>> LocalDatabase
data >>>> LocalDatabase
data >>>> LocalDatabase
data >>>> LocalDatabase
data >>>> LocalDatabase
data >>>> LocalDatabase
data >>>> LocalDatabase
data >>>> LocalDatabase
data >>>> LocalDatabase
data >>>> LocalDatabase
data >>>> LocalDatabase
data >>>> LocalDatabase
data >>>> LocalDatabase
 Connect with ATOM LITE ESP32 Via UART have a proplem
data >>>> LocalDatabase
data >>>> LocalDatabase
data >>>> LocalDatabase
data >>>> LocalDatabase
data >>>> LocalDatabase
data >>>> LocalDatabase
data >>>> LocalDatabase
data >>>> LocalDatabase
data >>>> LocalDatabase
 Connect with ATOM LITE ESP32 Via UART have a proplem
data >>>> LocalDatabase
data >>>> LocalDatabase
data >>>> LocalDatabase
data >>>> LocalDatabase
data >>>> LocalDatabase
data >>>> LocalDatabase
data >>>> LocalDatabase
data >>>> LocalDatabase
data >>>> LocalDatabase
data >>>> LocalDatabase
data >>>> LocalDatabase
data >>>> LocalDatabase
data >>>> LocalDatabase
data >>>> LocalDatabase
data >>>> LocalDatabase
data >>>> LocalDatabase
data >>>> LocalDatabase
data >>>> LocalDatabase
data >>>> LocalDatabase
data >>>> LocalDatabase
data >>>> LocalDatabase
data >>>> LocalDatabase
data >>>> LocalDatabase
data >>>> LocalDatabase
data >>>> LocalDatabase
data >>>> LocalDatabase
data >>>> LocalDatabase
data >>>> LocalDatabase
data >>>> LocalDatabase
data >>>> LocalDatabase
data >>>> LocalDatabase
data >>>> LocalDatabase
data >>>> LocalDatabase
data >>>> LocalDatabase
data >>>> LocalDatabase
data >>>> LocalDatabase
data >>>> LocalDatabase
data >>>> LocalDatabase
data >>>> LocalDatabase
data >>>> LocalDatabase
data >>>> LocalDatabase
data >>>> LocalDatabase
data >>>> LocalDatabase
data >>>> LocalDatabase
data >>>> LocalDatabase
data >>>> LocalDatabase
data >>>> LocalDatabase
data >>>> LocalDatabase
data >>>> LocalDatabase
data >>>> LocalDatabase
data >>>> LocalDatabase
data >>>> LocalDatabase
data >>>> LocalDatabase
data >>>> LocalDatabase
data >>>> LocalDatabase
data >>>> LocalDatabase
data >>>> LocalDatabase
data >>>> LocalDatabase
data >>>> LocalDatabase
data >>>> LocalDatabase
data >>>> LocalDatabase
data >>>> LocalDatabase
data >>>> LocalDatabase
data >>>> LocalDatabase
data >>>> LocalDatabase
data >>>> LocalDatabase
data >>>> LocalDatabase
data >>>> LocalDatabase
data >>>> LocalDatabase
data >>>> LocalDatabase
data >>>> LocalDatabase
data >>>> LocalDatabase
 Connect with ATOM LITE ESP32 Via UART have a proplem
data >>>> LocalDatabase
data >>>> LocalDatabase
data >>>> LocalDatabase
data >>>> LocalDatabase
data >>>> LocalDatabase
data >>>> LocalDatabase
data >>>> LocalDatabase
data >>>> LocalDatabase
data >>>> LocalDatabase
data >>>> LocalDatabase
data >>>> LocalDatabase
data >>>> LocalDatabase
data >>>> LocalDatabase
data >>>> LocalDatabase
data >>>> LocalDatabase
data >>>> LocalDatabase
data >>>> LocalDatabase
data >>>> LocalDatabase
data >>>> LocalDatabase
data >>>> LocalDatabase
data >>>> LocalDatabase
data >>>> LocalDatabase
data >>>> LocalDatabase
data >>>> LocalDatabase
data >>>> LocalDatabase
data >>>> LocalDatabase
data >>>> LocalDatabase
data >>>> LocalDatabase
data >>>> LocalDatabase
data >>>> LocalDatabase
data >>>> LocalDatabase
data >>>> LocalDatabase
data >>>> LocalDatabase
data >>>> LocalDatabase
data >>>> LocalDatabase
data >>>> LocalDatabase
data >>>> LocalDatabase
data >>>> LocalDatabase
data >>>> LocalDatabase
data >>>> LocalDatabase
data >>>> LocalDatabase
data >>>> LocalDatabase
data >>>> LocalDatabase
data >>>> LocalDatabase
data >>>> LocalDatabase
data >>>> LocalDatabase
data >>>> LocalDatabase
data >>>> LocalDatabase
data >>>> LocalDatabase
data >>>> LocalDatabase
data >>>> LocalDatabase
data >>>> LocalDatabase
data >>>> LocalDatabase
 Connect with ATOM LITE ESP32 Via UART have a proplem
data >>>> LocalDatabase
data >>>> LocalDatabase
data >>>> LocalDatabase
data >>>> LocalDatabaseError: NetworkManager is not running.
Error: NetworkManager is not running.

data >>>> LocalDatabase
data >>>> LocalDatabase
data >>>> LocalDatabase
data >>>> LocalDatabase
data >>>> LocalDatabase
 Connect with ATOM LITE ESP32 Via UART have a proplem
data >>>> LocalDatabase
data >>>> LocalDatabase
data >>>> LocalDatabase
data >>>> LocalDatabase
data >>>> LocalDatabase
data >>>> LocalDatabase
data >>>> LocalDatabase
data >>>> LocalDatabase
data >>>> LocalDatabase
data >>>> LocalDatabase
data >>>> LocalDatabase
data >>>> LocalDatabase
data >>>> LocalDatabase
data >>>> LocalDatabase
data >>>> LocalDatabase
data >>>> LocalDatabase
data >>>> LocalDatabase
data >>>> LocalDatabase
data >>>> LocalDatabase
data >>>> LocalDatabase
data >>>> LocalDatabase
data >>>> LocalDatabase
data >>>> LocalDatabase
data >>>> LocalDatabase
data >>>> LocalDatabase
data >>>> LocalDatabase
data >>>> LocalDatabase
data >>>> LocalDatabase
 Connect with ATOM LITE ESP32 Via UART have a proplem
data >>>> LocalDatabase
data >>>> LocalDatabase
data >>>> LocalDatabase
data >>>> LocalDatabase
 Connect with ATOM LITE ESP32 Via UART have a proplem
data >>>> LocalDatabase
data >>>> LocalDatabase
data >>>> LocalDatabase
data >>>> LocalDatabase
data >>>> LocalDatabase
data >>>> LocalDatabase
data >>>> LocalDatabase
data >>>> LocalDatabase
data >>>> LocalDatabase
data >>>> LocalDatabase
data >>>> LocalDatabase
data >>>> LocalDatabase
data >>>> LocalDatabase
data >>>> LocalDatabase
data >>>> LocalDatabase
data >>>> LocalDatabase
data >>>> LocalDatabase
data >>>> LocalDatabase
data >>>> LocalDatabase
data >>>> LocalDatabase
data >>>> LocalDatabase
data >>>> LocalDatabase
data >>>> LocalDatabase
data >>>> LocalDatabase
data >>>> LocalDatabase
data >>>> LocalDatabase
data >>>> LocalDatabase
data >>>> LocalDatabase
data >>>> LocalDatabase
data >>>> LocalDatabase
data >>>> LocalDatabase
data >>>> LocalDatabase
data >>>> LocalDatabase
data >>>> LocalDatabase
data >>>> LocalDatabase
data >>>> LocalDatabase
data >>>> LocalDatabase
data >>>> LocalDatabase
data >>>> LocalDatabase
data >>>> LocalDatabase
data >>>> LocalDatabase
data >>>> LocalDatabase
data >>>> LocalDatabase
 Connect with ATOM LITE ESP32 Via UART have a proplem
data >>>> LocalDatabase
data >>>> LocalDatabase
data >>>> LocalDatabase
data >>>> LocalDatabase
data >>>> LocalDatabase
 Connect with ATOM LITE ESP32 Via UART have a proplem
 Connect with ATOM LITE ESP32 Via UART have a proplem
data >>>> LocalDatabase
 Connect with ATOM LITE ESP32 Via UART have a proplem
data >>>> LocalDatabase
data >>>> LocalDatabase
data >>>> LocalDatabase
data >>>> LocalDatabase
data >>>> LocalDatabase
data >>>> LocalDatabase
data >>>> LocalDatabase
data >>>> LocalDatabase
data >>>> LocalDatabase
data >>>> LocalDatabase
data >>>> LocalDatabase
data >>>> LocalDatabase
data >>>> LocalDatabase
data >>>> LocalDatabase
data >>>> LocalDatabase
data >>>> LocalDatabase
data >>>> LocalDatabase
data >>>> LocalDatabase
data >>>> LocalDatabase
data >>>> LocalDatabase
data >>>> LocalDatabase
data >>>> LocalDatabase
data >>>> LocalDatabase
data >>>> LocalDatabase
data >>>> LocalDatabase
data >>>> LocalDatabase
data >>>> LocalDatabase
data >>>> LocalDatabase
data >>>> LocalDatabase
data >>>> LocalDatabase
data >>>> LocalDatabase
data >>>> LocalDatabase
data >>>> LocalDatabase
data >>>> LocalDatabase
data >>>> LocalDatabase
data >>>> LocalDatabase
data >>>> LocalDatabase
data >>>> LocalDatabase
data >>>> LocalDatabase
data >>>> LocalDatabase
data >>>> LocalDatabase
data >>>> LocalDatabase
data >>>> LocalDatabase
data >>>> LocalDatabase
data >>>> LocalDatabase
data >>>> LocalDatabase
data >>>> LocalDatabase
data >>>> LocalDatabase
data >>>> LocalDatabase
data >>>> LocalDatabase
data >>>> LocalDatabase
data >>>> LocalDatabase
data >>>> LocalDatabase
data >>>> LocalDatabase
data >>>> LocalDatabase
data >>>> LocalDatabase
data >>>> LocalDatabase
 Connect with ATOM LITE ESP32 Via UART have a proplem
data >>>> LocalDatabase
data >>>> LocalDatabase
data >>>> LocalDatabase
data >>>> LocalDatabase
data >>>> LocalDatabase
data >>>> LocalDatabase
data >>>> LocalDatabase
data >>>> LocalDatabase
data >>>> LocalDatabase
data >>>> LocalDatabase
data >>>> LocalDatabase
data >>>> LocalDatabase
data >>>> LocalDatabase
data >>>> LocalDatabase
data >>>> LocalDatabase
data >>>> LocalDatabase
data >>>> LocalDatabase
data >>>> LocalDatabase
data >>>> LocalDatabase
data >>>> LocalDatabase
data >>>> LocalDatabase
 Connect with ATOM LITE ESP32 Via UART have a proplem
data >>>> LocalDatabase
data >>>> LocalDatabase
data >>>> LocalDatabase
data >>>> LocalDatabase
data >>>> LocalDatabase
data >>>> LocalDatabase
data >>>> LocalDatabase
data >>>> LocalDatabase
data >>>> LocalDatabase
data >>>> LocalDatabase
data >>>> LocalDatabase
data >>>> LocalDatabase
data >>>> LocalDatabase
data >>>> LocalDatabase
data >>>> LocalDatabase
data >>>> LocalDatabase
data >>>> LocalDatabase
data >>>> LocalDatabase
data >>>> LocalDatabase
data >>>> LocalDatabase
data >>>> LocalDatabase
data >>>> LocalDatabase
data >>>> LocalDatabase
data >>>> LocalDatabase
data >>>> LocalDatabase
data >>>> LocalDatabase
data >>>> LocalDatabase
 Connect with ATOM LITE ESP32 Via UART have a proplem
data >>>> LocalDatabase
data >>>> LocalDatabase
data >>>> LocalDatabase
data >>>> LocalDatabase
data >>>> LocalDatabase
data >>>> LocalDatabase
data >>>> LocalDatabase
data >>>> LocalDatabase
data >>>> LocalDatabase
data >>>> LocalDatabase
data >>>> LocalDatabase
data >>>> LocalDatabase
data >>>> LocalDatabase
data >>>> LocalDatabase
data >>>> LocalDatabase
data >>>> LocalDatabase
data >>>> LocalDatabase
data >>>> LocalDatabase
data >>>> LocalDatabase
data >>>> LocalDatabase
data >>>> LocalDatabase
data >>>> LocalDatabase
data >>>> LocalDatabase
data >>>> LocalDatabase
data >>>> LocalDatabase
data >>>> LocalDatabase
data >>>> LocalDatabase
data >>>> LocalDatabase
data >>>> LocalDatabase
data >>>> LocalDatabase
data >>>> LocalDatabase
data >>>> LocalDatabase
data >>>> LocalDatabase
data >>>> LocalDatabase
data >>>> LocalDatabase
data >>>> LocalDatabase
data >>>> LocalDatabase
data >>>> LocalDatabase
data >>>> LocalDatabase
data >>>> LocalDatabase
 Connect with ATOM LITE ESP32 Via UART have a proplem
data >>>> LocalDatabase
data >>>> LocalDatabase
data >>>> LocalDatabase
data >>>> LocalDatabase
data >>>> LocalDatabase
data >>>> LocalDatabase
data >>>> LocalDatabase
 Connect with ATOM LITE ESP32 Via UART have a proplem
data >>>> LocalDatabase
data >>>> LocalDatabase
data >>>> LocalDatabase
data >>>> LocalDatabase
data >>>> LocalDatabase
data >>>> LocalDatabase
data >>>> LocalDatabase
data >>>> LocalDatabase
data >>>> LocalDatabase
data >>>> LocalDatabase
data >>>> LocalDatabase
data >>>> LocalDatabase
data >>>> LocalDatabase
data >>>> LocalDatabase
data >>>> LocalDatabase
data >>>> LocalDatabase
data >>>> LocalDatabase
data >>>> LocalDatabase
 Connect with ATOM LITE ESP32 Via UART have a proplem
data >>>> LocalDatabase
data >>>> LocalDatabase
data >>>> LocalDatabase
data >>>> LocalDatabase
data >>>> LocalDatabase
data >>>> LocalDatabase
data >>>> LocalDatabase
data >>>> LocalDatabase
data >>>> LocalDatabase
data >>>> LocalDatabase
data >>>> LocalDatabase
data >>>> LocalDatabase
data >>>> LocalDatabase
data >>>> LocalDatabase
data >>>> LocalDatabase
data >>>> LocalDatabase
data >>>> LocalDatabase
data >>>> LocalDatabase
data >>>> LocalDatabase
data >>>> LocalDatabase
data >>>> LocalDatabase
data >>>> LocalDatabase
data >>>> LocalDatabase
data >>>> LocalDatabase
data >>>> LocalDatabase
data >>>> LocalDatabase
data >>>> LocalDatabase
data >>>> LocalDatabase
data >>>> LocalDatabase
data >>>> LocalDatabase
data >>>> LocalDatabase
data >>>> LocalDatabase
data >>>> LocalDatabase
data >>>> LocalDatabase
data >>>> LocalDatabase
data >>>> LocalDatabase
data >>>> LocalDatabase
data >>>> LocalDatabase
data >>>> LocalDatabase
data >>>> LocalDatabase
data >>>> LocalDatabase
data >>>> LocalDatabase
data >>>> LocalDatabase
data >>>> LocalDatabase
data >>>> LocalDatabase
data >>>> LocalDatabase
data >>>> LocalDatabase
data >>>> LocalDatabase
data >>>> LocalDatabase
data >>>> LocalDatabase
data >>>> LocalDatabase
data >>>> LocalDatabase
data >>>> LocalDatabase
data >>>> LocalDatabase
data >>>> LocalDatabase
data >>>> LocalDatabase
data >>>> LocalDatabaseError: NetworkManager is not running.
Error: NetworkManager is not running.

data >>>> LocalDatabase
data >>>> LocalDatabase
data >>>> LocalDatabase
data >>>> LocalDatabase
data >>>> LocalDatabase
data >>>> LocalDatabase
data >>>> LocalDatabase
data >>>> LocalDatabase
data >>>> LocalDatabase
data >>>> LocalDatabase
data >>>> LocalDatabase
data >>>> LocalDatabase
data >>>> LocalDatabase
data >>>> LocalDatabase
data >>>> LocalDatabase
data >>>> LocalDatabase
data >>>> LocalDatabase
data >>>> LocalDatabase
data >>>> LocalDatabase
data >>>> LocalDatabase
data >>>> LocalDatabase
data >>>> LocalDatabase
data >>>> LocalDatabase
data >>>> LocalDatabase
data >>>> LocalDatabase
data >>>> LocalDatabase
data >>>> LocalDatabase
data >>>> LocalDatabase
data >>>> LocalDatabase
 Connect with ATOM LITE ESP32 Via UART have a proplem
data >>>> LocalDatabase
data >>>> LocalDatabase
data >>>> LocalDatabase
data >>>> LocalDatabase
data >>>> LocalDatabase
data >>>> LocalDatabase
data >>>> LocalDatabase
data >>>> LocalDatabase
data >>>> LocalDatabase
data >>>> LocalDatabase
data >>>> LocalDatabase
data >>>> LocalDatabase
data >>>> LocalDatabase
data >>>> LocalDatabase
data >>>> LocalDatabase
data >>>> LocalDatabase
 Connect with ATOM LITE ESP32 Via UART have a proplem
data >>>> LocalDatabase
data >>>> LocalDatabase
data >>>> LocalDatabase
data >>>> LocalDatabase
data >>>> LocalDatabase
data >>>> LocalDatabase
data >>>> LocalDatabase
data >>>> LocalDatabase
data >>>> LocalDatabase
data >>>> LocalDatabase
data >>>> LocalDatabase
data >>>> LocalDatabase
data >>>> LocalDatabase
data >>>> LocalDatabase
data >>>> LocalDatabase
data >>>> LocalDatabase
data >>>> LocalDatabase
data >>>> LocalDatabase
data >>>> LocalDatabase
data >>>> LocalDatabase
data >>>> LocalDatabase
data >>>> LocalDatabase
 Connect with ATOM LITE ESP32 Via UART have a proplem
data >>>> LocalDatabase
 Connect with ATOM LITE ESP32 Via UART have a proplem
data >>>> LocalDatabase
data >>>> LocalDatabase
data >>>> LocalDatabase
data >>>> LocalDatabase
data >>>> LocalDatabase
data >>>> LocalDatabase
data >>>> LocalDatabase
data >>>> LocalDatabase
data >>>> LocalDatabase
data >>>> LocalDatabase
data >>>> LocalDatabase
data >>>> LocalDatabase
data >>>> LocalDatabase
 Connect with ATOM LITE ESP32 Via UART have a proplem
data >>>> LocalDatabase
 Connect with ATOM LITE ESP32 Via UART have a proplem
data >>>> LocalDatabase
data >>>> LocalDatabase
data >>>> LocalDatabase
data >>>> LocalDatabase
data >>>> LocalDatabase
data >>>> LocalDatabase
data >>>> LocalDatabase
data >>>> LocalDatabase
data >>>> LocalDatabase
data >>>> LocalDatabase
data >>>> LocalDatabase
data >>>> LocalDatabase
data >>>> LocalDatabase
data >>>> LocalDatabase
data >>>> LocalDatabase
data >>>> LocalDatabase
data >>>> LocalDatabase
data >>>> LocalDatabase
data >>>> LocalDatabase
data >>>> LocalDatabase
data >>>> LocalDatabase
data >>>> LocalDatabase
data >>>> LocalDatabase
data >>>> LocalDatabase
data >>>> LocalDatabase
data >>>> LocalDatabase
data >>>> LocalDatabase
data >>>> LocalDatabase
data >>>> LocalDatabase
data >>>> LocalDatabase
data >>>> LocalDatabase
data >>>> LocalDatabase
data >>>> LocalDatabase
data >>>> LocalDatabase
data >>>> LocalDatabase
data >>>> LocalDatabase
data >>>> LocalDatabase
data >>>> LocalDatabase
data >>>> LocalDatabase
data >>>> LocalDatabase
data >>>> LocalDatabase
data >>>> LocalDatabase
data >>>> LocalDatabase
data >>>> LocalDatabase
data >>>> LocalDatabase
data >>>> LocalDatabase
data >>>> LocalDatabase
data >>>> LocalDatabase
data >>>> LocalDatabase
data >>>> LocalDatabase
data >>>> LocalDatabase
data >>>> LocalDatabase
data >>>> LocalDatabase
data >>>> LocalDatabase
data >>>> LocalDatabase
data >>>> LocalDatabase
data >>>> LocalDatabase
data >>>> LocalDatabase
data >>>> LocalDatabase
data >>>> LocalDatabase
data >>>> LocalDatabase
data >>>> LocalDatabase
data >>>> LocalDatabase
data >>>> LocalDatabase
data >>>> LocalDatabase
data >>>> LocalDatabase
data >>>> LocalDatabase
data >>>> LocalDatabase
data >>>> LocalDatabase
data >>>> LocalDatabase
data >>>> LocalDatabase
data >>>> LocalDatabase
 Connect with ATOM LITE ESP32 Via UART have a proplem
data >>>> LocalDatabase
data >>>> LocalDatabase
data >>>> LocalDatabase
data >>>> LocalDatabase
data >>>> LocalDatabase
data >>>> LocalDatabase
data >>>> LocalDatabase
data >>>> LocalDatabase
data >>>> LocalDatabase
data >>>> LocalDatabase
data >>>> LocalDatabase
data >>>> LocalDatabase
data >>>> LocalDatabase
data >>>> LocalDatabase
data >>>> LocalDatabase
data >>>> LocalDatabase
data >>>> LocalDatabase
 Connect with ATOM LITE ESP32 Via UART have a proplem
data >>>> LocalDatabase
data >>>> LocalDatabase
data >>>> LocalDatabase
data >>>> LocalDatabase
data >>>> LocalDatabase
data >>>> LocalDatabase
data >>>> LocalDatabase
data >>>> LocalDatabase
data >>>> LocalDatabase
data >>>> LocalDatabase
data >>>> LocalDatabase
data >>>> LocalDatabase
data >>>> LocalDatabase
data >>>> LocalDatabase
data >>>> LocalDatabase
data >>>> LocalDatabase
data >>>> LocalDatabase
data >>>> LocalDatabase
data >>>> LocalDatabase
 Connect with ATOM LITE ESP32 Via UART have a proplem
data >>>> LocalDatabase
data >>>> LocalDatabase
data >>>> LocalDatabase
data >>>> LocalDatabase
data >>>> LocalDatabase
data >>>> LocalDatabase
data >>>> LocalDatabase
data >>>> LocalDatabase
data >>>> LocalDatabase
data >>>> LocalDatabase
data >>>> LocalDatabase
data >>>> LocalDatabase
data >>>> LocalDatabase
data >>>> LocalDatabase
data >>>> LocalDatabase
data >>>> LocalDatabase
data >>>> LocalDatabase
data >>>> LocalDatabase
data >>>> LocalDatabase
data >>>> LocalDatabase
data >>>> LocalDatabase
data >>>> LocalDatabase
data >>>> LocalDatabase
data >>>> LocalDatabase
data >>>> LocalDatabase
data >>>> LocalDatabase
data >>>> LocalDatabase
data >>>> LocalDatabase
data >>>> LocalDatabase
data >>>> LocalDatabase
data >>>> LocalDatabase
data >>>> LocalDatabase
data >>>> LocalDatabase
data >>>> LocalDatabase
data >>>> LocalDatabase
data >>>> LocalDatabase
data >>>> LocalDatabase
data >>>> LocalDatabase
 Connect with ATOM LITE ESP32 Via UART have a proplem
 Connect with ATOM LITE ESP32 Via UART have a proplem
data >>>> LocalDatabase
 Connect with ATOM LITE ESP32 Via UART have a proplem
data >>>> LocalDatabase
data >>>> LocalDatabase
data >>>> LocalDatabase
data >>>> LocalDatabase
data >>>> LocalDatabase
data >>>> LocalDatabase
data >>>> LocalDatabase
data >>>> LocalDatabase
data >>>> LocalDatabase
data >>>> LocalDatabase
data >>>> LocalDatabase
data >>>> LocalDatabase
data >>>> LocalDatabase
data >>>> LocalDatabase
data >>>> LocalDatabase
data >>>> LocalDatabase
data >>>> LocalDatabase
data >>>> LocalDatabase
data >>>> LocalDatabase
data >>>> LocalDatabase
data >>>> LocalDatabase
data >>>> LocalDatabase
data >>>> LocalDatabase
data >>>> LocalDatabase
data >>>> LocalDatabase
data >>>> LocalDatabase
data >>>> LocalDatabase
data >>>> LocalDatabase
data >>>> LocalDatabase
data >>>> LocalDatabase
data >>>> LocalDatabase
data >>>> LocalDatabase
data >>>> LocalDatabase
 Connect with ATOM LITE ESP32 Via UART have a proplem
data >>>> LocalDatabase
data >>>> LocalDatabase
data >>>> LocalDatabase
data >>>> LocalDatabase
data >>>> LocalDatabase
data >>>> LocalDatabase
data >>>> LocalDatabase
data >>>> LocalDatabase
data >>>> LocalDatabase
data >>>> LocalDatabase
 Connect with ATOM LITE ESP32 Via UART have a proplem
data >>>> LocalDatabase
data >>>> LocalDatabase
data >>>> LocalDatabase
data >>>> LocalDatabase
 Connect with ATOM LITE ESP32 Via UART have a proplem
data >>>> LocalDatabase
data >>>> LocalDatabase
data >>>> LocalDatabase
data >>>> LocalDatabase
data >>>> LocalDatabase
data >>>> LocalDatabase
data >>>> LocalDatabase
data >>>> LocalDatabase
data >>>> LocalDatabase
data >>>> LocalDatabase
data >>>> LocalDatabase
data >>>> LocalDatabase
data >>>> LocalDatabase
data >>>> LocalDatabase
data >>>> LocalDatabase
data >>>> LocalDatabase
data >>>> LocalDatabase
data >>>> LocalDatabase
data >>>> LocalDatabase
data >>>> LocalDatabase
data >>>> LocalDatabase
data >>>> LocalDatabase
data >>>> LocalDatabase
data >>>> LocalDatabase
data >>>> LocalDatabase
data >>>> LocalDatabase
data >>>> LocalDatabase
data >>>> LocalDatabase
data >>>> LocalDatabase
data >>>> LocalDatabase
data >>>> LocalDatabase
data >>>> LocalDatabaseError: NetworkManager is not running.
Error: NetworkManager is not running.
Error: NetworkManager is not running.

data >>>> LocalDatabase
data >>>> LocalDatabase
data >>>> LocalDatabase
data >>>> LocalDatabase
data >>>> LocalDatabase
data >>>> LocalDatabase
data >>>> LocalDatabase
data >>>> LocalDatabase
data >>>> LocalDatabase
 Connect with ATOM LITE ESP32 Via UART have a proplem
data >>>> LocalDatabase
data >>>> LocalDatabase
data >>>> LocalDatabase
data >>>> LocalDatabase
data >>>> LocalDatabase
data >>>> LocalDatabase
data >>>> LocalDatabase
data >>>> LocalDatabase
data >>>> LocalDatabase
data >>>> LocalDatabase
data >>>> LocalDatabase
data >>>> LocalDatabase
data >>>> LocalDatabase
data >>>> LocalDatabase
data >>>> LocalDatabase
data >>>> LocalDatabase
data >>>> LocalDatabase
data >>>> LocalDatabase
data >>>> LocalDatabase
data >>>> LocalDatabase
data >>>> LocalDatabase
data >>>> LocalDatabase
data >>>> LocalDatabase
 Connect with ATOM LITE ESP32 Via UART have a proplem
data >>>> LocalDatabase
 Connect with ATOM LITE ESP32 Via UART have a proplem
data >>>> LocalDatabase
data >>>> LocalDatabase
data >>>> LocalDatabase
data >>>> LocalDatabase
data >>>> LocalDatabase
data >>>> LocalDatabase
data >>>> LocalDatabase
data >>>> LocalDatabase
data >>>> LocalDatabase
data >>>> LocalDatabase
data >>>> LocalDatabase
data >>>> LocalDatabase
 Connect with ATOM LITE ESP32 Via UART have a proplem
data >>>> LocalDatabase
data >>>> LocalDatabase
data >>>> LocalDatabase
data >>>> LocalDatabase
data >>>> LocalDatabase
data >>>> LocalDatabase
data >>>> LocalDatabase
data >>>> LocalDatabase
data >>>> LocalDatabase
data >>>> LocalDatabase
data >>>> LocalDatabase
data >>>> LocalDatabase
data >>>> LocalDatabase
data >>>> LocalDatabase
data >>>> LocalDatabase
data >>>> LocalDatabase
data >>>> LocalDatabase
data >>>> LocalDatabase
data >>>> LocalDatabase
data >>>> LocalDatabase
data >>>> LocalDatabase
data >>>> LocalDatabase
data >>>> LocalDatabase
data >>>> LocalDatabase
data >>>> LocalDatabase
data >>>> LocalDatabase
data >>>> LocalDatabase
data >>>> LocalDatabase
data >>>> LocalDatabase
 Connect with ATOM LITE ESP32 Via UART have a proplem
data >>>> LocalDatabase
data >>>> LocalDatabase
data >>>> LocalDatabase
data >>>> LocalDatabase
data >>>> LocalDatabase
data >>>> LocalDatabase
data >>>> LocalDatabase
data >>>> LocalDatabase
data >>>> LocalDatabase
 Connect with ATOM LITE ESP32 Via UART have a proplem
data >>>> LocalDatabase
 Connect with ATOM LITE ESP32 Via UART have a proplem
data >>>> LocalDatabase
data >>>> LocalDatabase
data >>>> LocalDatabase
data >>>> LocalDatabase
data >>>> LocalDatabase
 Connect with ATOM LITE ESP32 Via UART have a proplem
data >>>> LocalDatabase
 Connect with ATOM LITE ESP32 Via UART have a proplem
data >>>> LocalDatabase
data >>>> LocalDatabase
data >>>> LocalDatabase
data >>>> LocalDatabase
data >>>> LocalDatabase
data >>>> LocalDatabase
data >>>> LocalDatabase
 Connect with ATOM LITE ESP32 Via UART have a proplem
data >>>> LocalDatabase
data >>>> LocalDatabase
data >>>> LocalDatabase
data >>>> LocalDatabase
data >>>> LocalDatabase
data >>>> LocalDatabase
 Connect with ATOM LITE ESP32 Via UART have a proplem
data >>>> LocalDatabase
data >>>> LocalDatabase
data >>>> LocalDatabase
data >>>> LocalDatabase
data >>>> LocalDatabase
data >>>> LocalDatabase
data >>>> LocalDatabase
data >>>> LocalDatabase
data >>>> LocalDatabase
data >>>> LocalDatabase
data >>>> LocalDatabase
 Connect with ATOM LITE ESP32 Via UART have a proplem
data >>>> LocalDatabase
data >>>> LocalDatabase
data >>>> LocalDatabase
data >>>> LocalDatabase
data >>>> LocalDatabase
data >>>> LocalDatabase
data >>>> LocalDatabase
data >>>> LocalDatabase
data >>>> LocalDatabase
data >>>> LocalDatabase
data >>>> LocalDatabase
data >>>> LocalDatabase
data >>>> LocalDatabase
data >>>> LocalDatabase
data >>>> LocalDatabase
data >>>> LocalDatabase
data >>>> LocalDatabase
data >>>> LocalDatabase
data >>>> LocalDatabase
data >>>> LocalDatabase
data >>>> LocalDatabase
data >>>> LocalDatabase
data >>>> LocalDatabase
data >>>> LocalDatabase
data >>>> LocalDatabase
data >>>> LocalDatabase
data >>>> LocalDatabase
data >>>> LocalDatabase
data >>>> LocalDatabase
data >>>> LocalDatabase
data >>>> LocalDatabase
data >>>> LocalDatabase
data >>>> LocalDatabase
 Connect with ATOM LITE ESP32 Via UART have a proplem
data >>>> LocalDatabase
data >>>> LocalDatabase
data >>>> LocalDatabase
data >>>> LocalDatabase
data >>>> LocalDatabase
data >>>> LocalDatabase
data >>>> LocalDatabase
data >>>> LocalDatabase
data >>>> LocalDatabase
data >>>> LocalDatabase
data >>>> LocalDatabase
data >>>> LocalDatabase
data >>>> LocalDatabase
data >>>> LocalDatabase
data >>>> LocalDatabase
data >>>> LocalDatabase
data >>>> LocalDatabase
data >>>> LocalDatabase
data >>>> LocalDatabase
data >>>> LocalDatabase
data >>>> LocalDatabase
data >>>> LocalDatabase
data >>>> LocalDatabase
data >>>> LocalDatabase
data >>>> LocalDatabase
data >>>> LocalDatabase
data >>>> LocalDatabase
 Connect with ATOM LITE ESP32 Via UART have a proplem
data >>>> LocalDatabase
data >>>> LocalDatabase
data >>>> LocalDatabase
data >>>> LocalDatabase
data >>>> LocalDatabase
data >>>> LocalDatabase
data >>>> LocalDatabase
data >>>> LocalDatabase
data >>>> LocalDatabase
data >>>> LocalDatabase
data >>>> LocalDatabase
data >>>> LocalDatabase
data >>>> LocalDatabase
data >>>> LocalDatabase
data >>>> LocalDatabase
data >>>> LocalDatabase
data >>>> LocalDatabase
data >>>> LocalDatabase
data >>>> LocalDatabase
data >>>> LocalDatabase
data >>>> LocalDatabase
data >>>> LocalDatabase
data >>>> LocalDatabase
data >>>> LocalDatabase
data >>>> LocalDatabase
data >>>> LocalDatabase
data >>>> LocalDatabase
data >>>> LocalDatabase
data >>>> LocalDatabase
data >>>> LocalDatabase
data >>>> LocalDatabase
data >>>> LocalDatabase
data >>>> LocalDatabase
data >>>> LocalDatabase
data >>>> LocalDatabase
data >>>> LocalDatabase
 Connect with ATOM LITE ESP32 Via UART have a proplem
data >>>> LocalDatabase
data >>>> LocalDatabase
data >>>> LocalDatabase
data >>>> LocalDatabase
data >>>> LocalDatabase
data >>>> LocalDatabase
data >>>> LocalDatabase
data >>>> LocalDatabase
data >>>> LocalDatabase
 Connect with ATOM LITE ESP32 Via UART have a proplem
data >>>> LocalDatabase
data >>>> LocalDatabase
data >>>> LocalDatabase
data >>>> LocalDatabase
data >>>> LocalDatabase
data >>>> LocalDatabase
data >>>> LocalDatabase
data >>>> LocalDatabase
data >>>> LocalDatabase
data >>>> LocalDatabase
data >>>> LocalDatabase
data >>>> LocalDatabase
data >>>> LocalDatabase
data >>>> LocalDatabase
data >>>> LocalDatabase
data >>>> LocalDatabase
data >>>> LocalDatabase
data >>>> LocalDatabase
data >>>> LocalDatabase
data >>>> LocalDatabase
data >>>> LocalDatabase
data >>>> LocalDatabase
data >>>> LocalDatabase
data >>>> LocalDatabase
data >>>> LocalDatabase
data >>>> LocalDatabase
data >>>> LocalDatabase
data >>>> LocalDatabase
data >>>> LocalDatabase
data >>>> LocalDatabase
data >>>> LocalDatabase
data >>>> LocalDatabase
data >>>> LocalDatabase
data >>>> LocalDatabase
 Connect with ATOM LITE ESP32 Via UART have a proplem
data >>>> LocalDatabase
data >>>> LocalDatabase
data >>>> LocalDatabase
data >>>> LocalDatabase
data >>>> LocalDatabase
data >>>> LocalDatabase
data >>>> LocalDatabase
data >>>> LocalDatabase
data >>>> LocalDatabase
data >>>> LocalDatabase
data >>>> LocalDatabase
data >>>> LocalDatabase
data >>>> LocalDatabase
 Connect with ATOM LITE ESP32 Via UART have a proplem
data >>>> LocalDatabase
data >>>> LocalDatabase
data >>>> LocalDatabase
data >>>> LocalDatabase
data >>>> LocalDatabase
data >>>> LocalDatabase
data >>>> LocalDatabase
data >>>> LocalDatabase
data >>>> LocalDatabase
data >>>> LocalDatabase
data >>>> LocalDatabase
data >>>> LocalDatabase
data >>>> LocalDatabase
data >>>> LocalDatabase
data >>>> LocalDatabase
data >>>> LocalDatabase
data >>>> LocalDatabase
data >>>> LocalDatabase
data >>>> LocalDatabase
data >>>> LocalDatabase
data >>>> LocalDatabase
data >>>> LocalDatabase
data >>>> LocalDatabase
data >>>> LocalDatabase
data >>>> LocalDatabase
data >>>> LocalDatabase
data >>>> LocalDatabase
data >>>> LocalDatabase
data >>>> LocalDatabase
data >>>> LocalDatabase
data >>>> LocalDatabase
data >>>> LocalDatabase
data >>>> LocalDatabase
data >>>> LocalDatabase
data >>>> LocalDatabaseError: NetworkManager is not running.
Error: NetworkManager is not running.

data >>>> LocalDatabase
data >>>> LocalDatabase
data >>>> LocalDatabase
data >>>> LocalDatabase
data >>>> LocalDatabase
data >>>> LocalDatabase
data >>>> LocalDatabase
data >>>> LocalDatabase
 Connect with ATOM LITE ESP32 Via UART have a proplem
data >>>> LocalDatabase
data >>>> LocalDatabase
data >>>> LocalDatabase
data >>>> LocalDatabase
data >>>> LocalDatabase
data >>>> LocalDatabase
data >>>> LocalDatabase
data >>>> LocalDatabase
data >>>> LocalDatabase
data >>>> LocalDatabase
data >>>> LocalDatabase
 Connect with ATOM LITE ESP32 Via UART have a proplem
data >>>> LocalDatabase
 Connect with ATOM LITE ESP32 Via UART have a proplem
data >>>> LocalDatabase
data >>>> LocalDatabase
data >>>> LocalDatabase
data >>>> LocalDatabase
data >>>> LocalDatabase
data >>>> LocalDatabase
data >>>> LocalDatabase
data >>>> LocalDatabase
data >>>> LocalDatabase
data >>>> LocalDatabase
data >>>> LocalDatabase
data >>>> LocalDatabase
data >>>> LocalDatabase
data >>>> LocalDatabase
data >>>> LocalDatabase
data >>>> LocalDatabase
data >>>> LocalDatabase
data >>>> LocalDatabase
data >>>> LocalDatabase
data >>>> LocalDatabase
data >>>> LocalDatabase
data >>>> LocalDatabase
data >>>> LocalDatabase
data >>>> LocalDatabase
data >>>> LocalDatabase
data >>>> LocalDatabase
data >>>> LocalDatabase
data >>>> LocalDatabase
data >>>> LocalDatabase
data >>>> LocalDatabase
data >>>> LocalDatabase
data >>>> LocalDatabase
data >>>> LocalDatabase
data >>>> LocalDatabase
data >>>> LocalDatabase
data >>>> LocalDatabase
data >>>> LocalDatabase
data >>>> LocalDatabase
data >>>> LocalDatabase
data >>>> LocalDatabase
data >>>> LocalDatabase
data >>>> LocalDatabase
data >>>> LocalDatabase
data >>>> LocalDatabase
data >>>> LocalDatabase
data >>>> LocalDatabase
data >>>> LocalDatabase
data >>>> LocalDatabase
data >>>> LocalDatabase
data >>>> LocalDatabase
data >>>> LocalDatabase
data >>>> LocalDatabase
data >>>> LocalDatabase
data >>>> LocalDatabase
data >>>> LocalDatabase
data >>>> LocalDatabase
data >>>> LocalDatabase
data >>>> LocalDatabase
data >>>> LocalDatabase
data >>>> LocalDatabase
data >>>> LocalDatabase
data >>>> LocalDatabase
data >>>> LocalDatabase
data >>>> LocalDatabase
data >>>> LocalDatabase
data >>>> LocalDatabase
data >>>> LocalDatabase
data >>>> LocalDatabase
data >>>> LocalDatabase
data >>>> LocalDatabase
data >>>> LocalDatabase
 Connect with ATOM LITE ESP32 Via UART have a proplem
data >>>> LocalDatabase
data >>>> LocalDatabase
data >>>> LocalDatabase
data >>>> LocalDatabase
data >>>> LocalDatabase
data >>>> LocalDatabase
data >>>> LocalDatabase
data >>>> LocalDatabase
data >>>> LocalDatabase
data >>>> LocalDatabase
data >>>> LocalDatabase
data >>>> LocalDatabase
data >>>> LocalDatabase
data >>>> LocalDatabase
data >>>> LocalDatabase
data >>>> LocalDatabase
 Connect with ATOM LITE ESP32 Via UART have a proplem
data >>>> LocalDatabase
data >>>> LocalDatabase
data >>>> LocalDatabase
data >>>> LocalDatabase
data >>>> LocalDatabase
data >>>> LocalDatabase
data >>>> LocalDatabase
data >>>> LocalDatabase
data >>>> LocalDatabase
data >>>> LocalDatabase
data >>>> LocalDatabase
data >>>> LocalDatabase
data >>>> LocalDatabase
 Connect with ATOM LITE ESP32 Via UART have a proplem
data >>>> LocalDatabase
data >>>> LocalDatabase
data >>>> LocalDatabase
data >>>> LocalDatabase
data >>>> LocalDatabase
data >>>> LocalDatabase
data >>>> LocalDatabase
data >>>> LocalDatabase
data >>>> LocalDatabase
data >>>> LocalDatabase
data >>>> LocalDatabase
data >>>> LocalDatabase
data >>>> LocalDatabase
data >>>> LocalDatabase
 Connect with ATOM LITE ESP32 Via UART have a proplem
data >>>> LocalDatabase
data >>>> LocalDatabase
data >>>> LocalDatabase
data >>>> LocalDatabase
data >>>> LocalDatabase
data >>>> LocalDatabase
data >>>> LocalDatabase
data >>>> LocalDatabase
data >>>> LocalDatabase
data >>>> LocalDatabase
data >>>> LocalDatabase
data >>>> LocalDatabase
data >>>> LocalDatabase
data >>>> LocalDatabase
data >>>> LocalDatabase
data >>>> LocalDatabase
data >>>> LocalDatabase
data >>>> LocalDatabase
data >>>> LocalDatabase
data >>>> LocalDatabase
data >>>> LocalDatabase
data >>>> LocalDatabase
data >>>> LocalDatabase
data >>>> LocalDatabase
data >>>> LocalDatabase
data >>>> LocalDatabase
 Connect with ATOM LITE ESP32 Via UART have a proplem
data >>>> LocalDatabase
data >>>> LocalDatabase
data >>>> LocalDatabase
data >>>> LocalDatabase
data >>>> LocalDatabase
data >>>> LocalDatabase
data >>>> LocalDatabase
data >>>> LocalDatabase
data >>>> LocalDatabase
data >>>> LocalDatabase
data >>>> LocalDatabase
 Connect with ATOM LITE ESP32 Via UART have a proplem
data >>>> LocalDatabase
data >>>> LocalDatabase
data >>>> LocalDatabase
data >>>> LocalDatabase
data >>>> LocalDatabase
data >>>> LocalDatabase
data >>>> LocalDatabase
data >>>> LocalDatabase
data >>>> LocalDatabase
data >>>> LocalDatabase
data >>>> LocalDatabase
data >>>> LocalDatabase
data >>>> LocalDatabase
data >>>> LocalDatabase
data >>>> LocalDatabase
data >>>> LocalDatabase
 Connect with ATOM LITE ESP32 Via UART have a proplem
data >>>> LocalDatabase
data >>>> LocalDatabase
data >>>> LocalDatabase
data >>>> LocalDatabase
data >>>> LocalDatabase
data >>>> LocalDatabase
data >>>> LocalDatabase
data >>>> LocalDatabase
data >>>> LocalDatabase
data >>>> LocalDatabase
data >>>> LocalDatabase
data >>>> LocalDatabase
data >>>> LocalDatabase
data >>>> LocalDatabase
data >>>> LocalDatabase
data >>>> LocalDatabase
data >>>> LocalDatabase
data >>>> LocalDatabase
data >>>> LocalDatabase
data >>>> LocalDatabase
data >>>> LocalDatabase
data >>>> LocalDatabase
data >>>> LocalDatabase
data >>>> LocalDatabase
data >>>> LocalDatabase
data >>>> LocalDatabase
data >>>> LocalDatabase
data >>>> LocalDatabase
data >>>> LocalDatabase
data >>>> LocalDatabase
data >>>> LocalDatabase
data >>>> LocalDatabase
data >>>> LocalDatabase
data >>>> LocalDatabase
data >>>> LocalDatabase
data >>>> LocalDatabase
data >>>> LocalDatabase
data >>>> LocalDatabase
data >>>> LocalDatabase
data >>>> LocalDatabase
data >>>> LocalDatabase
data >>>> LocalDatabase
data >>>> LocalDatabase
data >>>> LocalDatabase
 Connect with ATOM LITE ESP32 Via UART have a proplem
data >>>> LocalDatabase
data >>>> LocalDatabase
data >>>> LocalDatabase
data >>>> LocalDatabase
 Connect with ATOM LITE ESP32 Via UART have a proplem
data >>>> LocalDatabase
data >>>> LocalDatabase
data >>>> LocalDatabase
data >>>> LocalDatabase
data >>>> LocalDatabase
data >>>> LocalDatabase
data >>>> LocalDatabase
data >>>> LocalDatabase
data >>>> LocalDatabase
 Connect with ATOM LITE ESP32 Via UART have a proplem
data >>>> LocalDatabase
data >>>> LocalDatabase
data >>>> LocalDatabase
data >>>> LocalDatabase
data >>>> LocalDatabase
data >>>> LocalDatabase
data >>>> LocalDatabase
data >>>> LocalDatabase
data >>>> LocalDatabase
data >>>> LocalDatabase
data >>>> LocalDatabase
data >>>> LocalDatabase
data >>>> LocalDatabase
data >>>> LocalDatabase
data >>>> LocalDatabase
data >>>> LocalDatabase
data >>>> LocalDatabase
data >>>> LocalDatabase
data >>>> LocalDatabase
data >>>> LocalDatabase
data >>>> LocalDatabase
data >>>> LocalDatabase
data >>>> LocalDatabase
data >>>> LocalDatabase
 Connect with ATOM LITE ESP32 Via UART have a proplem
data >>>> LocalDatabase
 Connect with ATOM LITE ESP32 Via UART have a proplem
data >>>> LocalDatabase
data >>>> LocalDatabase
data >>>> LocalDatabase
data >>>> LocalDatabase
data >>>> LocalDatabase
data >>>> LocalDatabase
data >>>> LocalDatabase
data >>>> LocalDatabase
data >>>> LocalDatabase
data >>>> LocalDatabase
data >>>> LocalDatabase
data >>>> LocalDatabase
data >>>> LocalDatabase
 Connect with ATOM LITE ESP32 Via UART have a proplem
data >>>> LocalDatabase
data >>>> LocalDatabase
data >>>> LocalDatabase
data >>>> LocalDatabase
data >>>> LocalDatabase
data >>>> LocalDatabase
data >>>> LocalDatabase
data >>>> LocalDatabase
data >>>> LocalDatabase
data >>>> LocalDatabase
data >>>> LocalDatabase
data >>>> LocalDatabase
data >>>> LocalDatabase
data >>>> LocalDatabase
 Connect with ATOM LITE ESP32 Via UART have a proplem
data >>>> LocalDatabase
data >>>> LocalDatabase
data >>>> LocalDatabase
data >>>> LocalDatabase
data >>>> LocalDatabase
data >>>> LocalDatabase
data >>>> LocalDatabase
data >>>> LocalDatabaseError: NetworkManager is not running.
Error: NetworkManager is not running.
Error: NetworkManager is not running.
Error: NetworkManager is not running.
Error: NetworkManager is not running.
Error: NetworkManager is not running.
Error: NetworkManager is not running.

data >>>> LocalDatabase
data >>>> LocalDatabase
data >>>> LocalDatabase
data >>>> LocalDatabase
data >>>> LocalDatabase
 Connect with ATOM LITE ESP32 Via UART have a proplem
data >>>> LocalDatabase
data >>>> LocalDatabase
data >>>> LocalDatabase
data >>>> LocalDatabase
data >>>> LocalDatabase
data >>>> LocalDatabase
data >>>> LocalDatabase
data >>>> LocalDatabase
data >>>> LocalDatabase
data >>>> LocalDatabase
data >>>> LocalDatabase
data >>>> LocalDatabase
data >>>> LocalDatabase
data >>>> LocalDatabase
data >>>> LocalDatabase
data >>>> LocalDatabase
data >>>> LocalDatabase
data >>>> LocalDatabase
data >>>> LocalDatabase
 Connect with ATOM LITE ESP32 Via UART have a proplem
data >>>> LocalDatabase
data >>>> LocalDatabase
data >>>> LocalDatabase
data >>>> LocalDatabase
data >>>> LocalDatabase
data >>>> LocalDatabase
data >>>> LocalDatabase
data >>>> LocalDatabase
data >>>> LocalDatabase
data >>>> LocalDatabase
 Connect with ATOM LITE ESP32 Via UART have a proplem
 Connect with ATOM LITE ESP32 Via UART have a proplem
data >>>> LocalDatabase
 Connect with ATOM LITE ESP32 Via UART have a proplem
data >>>> LocalDatabase
data >>>> LocalDatabase
data >>>> LocalDatabase
 Connect with ATOM LITE ESP32 Via UART have a proplem
data >>>> LocalDatabase
data >>>> LocalDatabase
data >>>> LocalDatabase
data >>>> LocalDatabase
data >>>> LocalDatabase
data >>>> LocalDatabase
data >>>> LocalDatabase
data >>>> LocalDatabase
data >>>> LocalDatabase
data >>>> LocalDatabase
data >>>> LocalDatabase
data >>>> LocalDatabase
data >>>> LocalDatabase
data >>>> LocalDatabase
data >>>> LocalDatabase
data >>>> LocalDatabase
data >>>> LocalDatabase
data >>>> LocalDatabase
data >>>> LocalDatabase
data >>>> LocalDatabase
data >>>> LocalDatabase
 Connect with ATOM LITE ESP32 Via UART have a proplem
data >>>> LocalDatabase
data >>>> LocalDatabase
data >>>> LocalDatabase
data >>>> LocalDatabase
data >>>> LocalDatabase
data >>>> LocalDatabase
data >>>> LocalDatabase
 Connect with ATOM LITE ESP32 Via UART have a proplem
data >>>> LocalDatabase
data >>>> LocalDatabase
data >>>> LocalDatabase
data >>>> LocalDatabase
data >>>> LocalDatabase
data >>>> LocalDatabase
data >>>> LocalDatabase
 Connect with ATOM LITE ESP32 Via UART have a proplem
data >>>> LocalDatabase
data >>>> LocalDatabase
data >>>> LocalDatabase
data >>>> LocalDatabase
data >>>> LocalDatabase
data >>>> LocalDatabase
data >>>> LocalDatabase
data >>>> LocalDatabase
data >>>> LocalDatabase
data >>>> LocalDatabase
data >>>> LocalDatabase
data >>>> LocalDatabase
data >>>> LocalDatabase
data >>>> LocalDatabase
data >>>> LocalDatabase
data >>>> LocalDatabase
data >>>> LocalDatabase
data >>>> LocalDatabase
data >>>> LocalDatabase
 Connect with ATOM LITE ESP32 Via UART have a proplem
data >>>> LocalDatabase
data >>>> LocalDatabase
data >>>> LocalDatabase
data >>>> LocalDatabase
data >>>> LocalDatabase
data >>>> LocalDatabase
data >>>> LocalDatabase
data >>>> LocalDatabase
 Connect with ATOM LITE ESP32 Via UART have a proplem
 Connect with ATOM LITE ESP32 Via UART have a proplem
data >>>> LocalDatabase
 Connect with ATOM LITE ESP32 Via UART have a proplem
data >>>> LocalDatabase
data >>>> LocalDatabase
data >>>> LocalDatabase
data >>>> LocalDatabase
data >>>> LocalDatabase
data >>>> LocalDatabase
data >>>> LocalDatabase
data >>>> LocalDatabase
data >>>> LocalDatabase
data >>>> LocalDatabase
data >>>> LocalDatabase
 Connect with ATOM LITE ESP32 Via UART have a proplem
data >>>> LocalDatabase
data >>>> LocalDatabase
data >>>> LocalDatabase
data >>>> LocalDatabase
data >>>> LocalDatabase
data >>>> LocalDatabase
data >>>> LocalDatabase
data >>>> LocalDatabase
 Connect with ATOM LITE ESP32 Via UART have a proplem
data >>>> LocalDatabase
data >>>> LocalDatabase
data >>>> LocalDatabase
data >>>> LocalDatabase
data >>>> LocalDatabase
data >>>> LocalDatabase
data >>>> LocalDatabase
data >>>> LocalDatabase
data >>>> LocalDatabase
 Connect with ATOM LITE ESP32 Via UART have a proplem
data >>>> LocalDatabase
data >>>> LocalDatabase
data >>>> LocalDatabase
data >>>> LocalDatabase
data >>>> LocalDatabase
data >>>> LocalDatabase
 Connect with ATOM LITE ESP32 Via UART have a proplem
data >>>> LocalDatabase
data >>>> LocalDatabase
data >>>> LocalDatabase
data >>>> LocalDatabase
data >>>> LocalDatabase
data >>>> LocalDatabase
data >>>> LocalDatabase
data >>>> LocalDatabase
data >>>> LocalDatabase
data >>>> LocalDatabase
data >>>> LocalDatabase
 Connect with ATOM LITE ESP32 Via UART have a proplem
data >>>> LocalDatabase
data >>>> LocalDatabase
data >>>> LocalDatabase
data >>>> LocalDatabase
data >>>> LocalDatabase
data >>>> LocalDatabase
data >>>> LocalDatabase
data >>>> LocalDatabase
data >>>> LocalDatabase
data >>>> LocalDatabase
data >>>> LocalDatabase
data >>>> LocalDatabase
 Connect with ATOM LITE ESP32 Via UART have a proplem
data >>>> LocalDatabase
data >>>> LocalDatabase
data >>>> LocalDatabase
data >>>> LocalDatabase
data >>>> LocalDatabase
data >>>> LocalDatabase
data >>>> LocalDatabase
data >>>> LocalDatabase
data >>>> LocalDatabase
data >>>> LocalDatabase
data >>>> LocalDatabase
data >>>> LocalDatabase
data >>>> LocalDatabase
data >>>> LocalDatabase
data >>>> LocalDatabase
data >>>> LocalDatabase
data >>>> LocalDatabase
data >>>> LocalDatabase
data >>>> LocalDatabase
data >>>> LocalDatabase
data >>>> LocalDatabase
data >>>> LocalDatabase
data >>>> LocalDatabase
data >>>> LocalDatabase
data >>>> LocalDatabase
 Connect with ATOM LITE ESP32 Via UART have a proplem
data >>>> LocalDatabase
data >>>> LocalDatabase
data >>>> LocalDatabase
data >>>> LocalDatabase
data >>>> LocalDatabase
data >>>> LocalDatabase
data >>>> LocalDatabase
data >>>> LocalDatabase
data >>>> LocalDatabase
data >>>> LocalDatabase
data >>>> LocalDatabase
data >>>> LocalDatabase
 Connect with ATOM LITE ESP32 Via UART have a proplem
data >>>> LocalDatabase
 Connect with ATOM LITE ESP32 Via UART have a proplem
data >>>> LocalDatabase
data >>>> LocalDatabase
data >>>> LocalDatabase
data >>>> LocalDatabase
data >>>> LocalDatabase
 Connect with ATOM LITE ESP32 Via UART have a proplem
data >>>> LocalDatabase
data >>>> LocalDatabase
data >>>> LocalDatabase
data >>>> LocalDatabase
data >>>> LocalDatabase
data >>>> LocalDatabase
data >>>> LocalDatabase
data >>>> LocalDatabase
data >>>> LocalDatabase
data >>>> LocalDatabase
data >>>> LocalDatabase
data >>>> LocalDatabase
data >>>> LocalDatabase
 Connect with ATOM LITE ESP32 Via UART have a proplem
 Connect with ATOM LITE ESP32 Via UART have a proplem
data >>>> LocalDatabase
data >>>> LocalDatabase
data >>>> LocalDatabase
data >>>> LocalDatabase
data >>>> LocalDatabase
data >>>> LocalDatabase
data >>>> LocalDatabase
data >>>> LocalDatabase
data >>>> LocalDatabase
data >>>> LocalDatabase
data >>>> LocalDatabase
data >>>> LocalDatabase
data >>>> LocalDatabase
data >>>> LocalDatabase
data >>>> LocalDatabase
data >>>> LocalDatabase
data >>>> LocalDatabase
 Connect with ATOM LITE ESP32 Via UART have a proplem
data >>>> LocalDatabase
 Connect with ATOM LITE ESP32 Via UART have a proplem
data >>>> LocalDatabase
data >>>> LocalDatabase
data >>>> LocalDatabase
data >>>> LocalDatabase
data >>>> LocalDatabase
data >>>> LocalDatabase
data >>>> LocalDatabase
data >>>> LocalDatabase
data >>>> LocalDatabase
data >>>> LocalDatabase
 Connect with ATOM LITE ESP32 Via UART have a proplem
data >>>> LocalDatabase
data >>>> LocalDatabase
data >>>> LocalDatabase
data >>>> LocalDatabase
data >>>> LocalDatabase
data >>>> LocalDatabase
data >>>> LocalDatabase
data >>>> LocalDatabase
data >>>> LocalDatabase
data >>>> LocalDatabase
data >>>> LocalDatabase
data >>>> LocalDatabase
data >>>> LocalDatabase
data >>>> LocalDatabase
data >>>> LocalDatabase
data >>>> LocalDatabase
data >>>> LocalDatabase
data >>>> LocalDatabase
 Connect with ATOM LITE ESP32 Via UART have a proplem
data >>>> LocalDatabase
data >>>> LocalDatabase
 Connect with ATOM LITE ESP32 Via UART have a proplem
data >>>> LocalDatabase
 Connect with ATOM LITE ESP32 Via UART have a proplem
data >>>> LocalDatabase
data >>>> LocalDatabase
data >>>> LocalDatabase
data >>>> LocalDatabase
data >>>> LocalDatabase
data >>>> LocalDatabase
data >>>> LocalDatabase
data >>>> LocalDatabase
 Connect with ATOM LITE ESP32 Via UART have a proplemError: NetworkManager is not running.
Error: NetworkManager is not running.

data >>>> LocalDatabase
data >>>> LocalDatabase
data >>>> LocalDatabase
 Connect with ATOM LITE ESP32 Via UART have a proplem
data >>>> LocalDatabase
data >>>> LocalDatabase
data >>>> LocalDatabase
data >>>> LocalDatabase
data >>>> LocalDatabase
data >>>> LocalDatabase
data >>>> LocalDatabase
data >>>> LocalDatabase
data >>>> LocalDatabase
data >>>> LocalDatabase
data >>>> LocalDatabase
data >>>> LocalDatabase
data >>>> LocalDatabase
data >>>> LocalDatabase
data >>>> LocalDatabase
data >>>> LocalDatabase
data >>>> LocalDatabase
data >>>> LocalDatabase
data >>>> LocalDatabase
data >>>> LocalDatabase
data >>>> LocalDatabase
data >>>> LocalDatabase
data >>>> LocalDatabase
data >>>> LocalDatabase
data >>>> LocalDatabase
data >>>> LocalDatabase
data >>>> LocalDatabase
data >>>> LocalDatabase
data >>>> LocalDatabase
data >>>> LocalDatabase
data >>>> LocalDatabase
data >>>> LocalDatabase
data >>>> LocalDatabase
 Connect with ATOM LITE ESP32 Via UART have a proplem
data >>>> LocalDatabase
data >>>> LocalDatabase
data >>>> LocalDatabase
data >>>> LocalDatabase
data >>>> LocalDatabase
data >>>> LocalDatabase
data >>>> LocalDatabase
data >>>> LocalDatabase
data >>>> LocalDatabase
data >>>> LocalDatabase
data >>>> LocalDatabase
data >>>> LocalDatabase
data >>>> LocalDatabase
data >>>> LocalDatabase
data >>>> LocalDatabase
data >>>> LocalDatabase
data >>>> LocalDatabase
data >>>> LocalDatabase
data >>>> LocalDatabase
data >>>> LocalDatabase
data >>>> LocalDatabase
data >>>> LocalDatabase
data >>>> LocalDatabase
data >>>> LocalDatabase
data >>>> LocalDatabase
data >>>> LocalDatabase
data >>>> LocalDatabase
data >>>> LocalDatabase
data >>>> LocalDatabase
data >>>> LocalDatabase
data >>>> LocalDatabase
data >>>> LocalDatabase
data >>>> LocalDatabase
data >>>> LocalDatabase
data >>>> LocalDatabase
data >>>> LocalDatabase
data >>>> LocalDatabase
data >>>> LocalDatabase
data >>>> LocalDatabase
data >>>> LocalDatabase
data >>>> LocalDatabase
data >>>> LocalDatabase
data >>>> LocalDatabase
data >>>> LocalDatabase
data >>>> LocalDatabase
data >>>> LocalDatabase
data >>>> LocalDatabase
data >>>> LocalDatabase
data >>>> LocalDatabase
data >>>> LocalDatabase
data >>>> LocalDatabase
data >>>> LocalDatabase
data >>>> LocalDatabase
data >>>> LocalDatabase
data >>>> LocalDatabase
data >>>> LocalDatabase
data >>>> LocalDatabase
data >>>> LocalDatabase
data >>>> LocalDatabase
data >>>> LocalDatabase
data >>>> LocalDatabase
data >>>> LocalDatabase
data >>>> LocalDatabase
data >>>> LocalDatabase
data >>>> LocalDatabase
data >>>> LocalDatabase
data >>>> LocalDatabase
data >>>> LocalDatabase
data >>>> LocalDatabase
data >>>> LocalDatabase
data >>>> LocalDatabase
 Connect with ATOM LITE ESP32 Via UART have a proplem
data >>>> LocalDatabase
data >>>> LocalDatabase
data >>>> LocalDatabase
data >>>> LocalDatabase
data >>>> LocalDatabase
data >>>> LocalDatabase
data >>>> LocalDatabase
data >>>> LocalDatabase
data >>>> LocalDatabase
data >>>> LocalDatabase
data >>>> LocalDatabase
data >>>> LocalDatabase
data >>>> LocalDatabase
data >>>> LocalDatabase
data >>>> LocalDatabase
data >>>> LocalDatabase
data >>>> LocalDatabase
data >>>> LocalDatabase
data >>>> LocalDatabase
data >>>> LocalDatabase
data >>>> LocalDatabase
data >>>> LocalDatabase
data >>>> LocalDatabase
data >>>> LocalDatabase
data >>>> LocalDatabase
data >>>> LocalDatabase
data >>>> LocalDatabase
data >>>> LocalDatabase
data >>>> LocalDatabase
data >>>> LocalDatabase
data >>>> LocalDatabase
data >>>> LocalDatabase
data >>>> LocalDatabase
data >>>> LocalDatabase
data >>>> LocalDatabase
data >>>> LocalDatabase
 Connect with ATOM LITE ESP32 Via UART have a proplem
data >>>> LocalDatabase
data >>>> LocalDatabase
data >>>> LocalDatabase
data >>>> LocalDatabase
data >>>> LocalDatabase
data >>>> LocalDatabase
data >>>> LocalDatabase
data >>>> LocalDatabase
data >>>> LocalDatabase
data >>>> LocalDatabase
data >>>> LocalDatabase
data >>>> LocalDatabase
data >>>> LocalDatabase
data >>>> LocalDatabase
data >>>> LocalDatabase
data >>>> LocalDatabase
data >>>> LocalDatabase
data >>>> LocalDatabase
 Connect with ATOM LITE ESP32 Via UART have a proplem
data >>>> LocalDatabase
data >>>> LocalDatabase
 Connect with ATOM LITE ESP32 Via UART have a proplem
data >>>> LocalDatabase
data >>>> LocalDatabase
data >>>> LocalDatabase
 Connect with ATOM LITE ESP32 Via UART have a proplem
data >>>> LocalDatabase
data >>>> LocalDatabase
data >>>> LocalDatabase
data >>>> LocalDatabase
data >>>> LocalDatabase
data >>>> LocalDatabase
data >>>> LocalDatabase
data >>>> LocalDatabase
data >>>> LocalDatabase
data >>>> LocalDatabase
data >>>> LocalDatabase
data >>>> LocalDatabase
data >>>> LocalDatabase
data >>>> LocalDatabase
data >>>> LocalDatabase
data >>>> LocalDatabase
data >>>> LocalDatabase
data >>>> LocalDatabase
data >>>> LocalDatabase
data >>>> LocalDatabase
data >>>> LocalDatabase
data >>>> LocalDatabase
 Connect with ATOM LITE ESP32 Via UART have a proplem
data >>>> LocalDatabase
data >>>> LocalDatabase
data >>>> LocalDatabase
data >>>> LocalDatabase
data >>>> LocalDatabase
data >>>> LocalDatabase
data >>>> LocalDatabase
data >>>> LocalDatabase
 Connect with ATOM LITE ESP32 Via UART have a proplem
data >>>> LocalDatabase
 Connect with ATOM LITE ESP32 Via UART have a proplem
data >>>> LocalDatabase
data >>>> LocalDatabase
data >>>> LocalDatabase
data >>>> LocalDatabase
data >>>> LocalDatabase
data >>>> LocalDatabase
data >>>> LocalDatabase
data >>>> LocalDatabase
data >>>> LocalDatabase
 Connect with ATOM LITE ESP32 Via UART have a proplem
data >>>> LocalDatabase
 Connect with ATOM LITE ESP32 Via UART have a proplem
data >>>> LocalDatabase
data >>>> LocalDatabase
data >>>> LocalDatabase
data >>>> LocalDatabase
data >>>> LocalDatabase
data >>>> LocalDatabase
data >>>> LocalDatabase
data >>>> LocalDatabase
data >>>> LocalDatabase
data >>>> LocalDatabase
data >>>> LocalDatabase
data >>>> LocalDatabase
data >>>> LocalDatabase
data >>>> LocalDatabase
data >>>> LocalDatabase
data >>>> LocalDatabase
data >>>> LocalDatabase
data >>>> LocalDatabase
 Connect with ATOM LITE ESP32 Via UART have a proplem
data >>>> LocalDatabase
data >>>> LocalDatabase
data >>>> LocalDatabase
data >>>> LocalDatabase
data >>>> LocalDatabase
data >>>> LocalDatabase
data >>>> LocalDatabase
data >>>> LocalDatabase
data >>>> LocalDatabase
data >>>> LocalDatabase
data >>>> LocalDatabase
data >>>> LocalDatabase
data >>>> LocalDatabase
data >>>> LocalDatabase
data >>>> LocalDatabase
data >>>> LocalDatabase
data >>>> LocalDatabase
data >>>> LocalDatabase
data >>>> LocalDatabase
data >>>> LocalDatabase
data >>>> LocalDatabase
data >>>> LocalDatabase
data >>>> LocalDatabase
data >>>> LocalDatabase
data >>>> LocalDatabase
data >>>> LocalDatabase
data >>>> LocalDatabase
data >>>> LocalDatabase
data >>>> LocalDatabase
data >>>> LocalDatabase
data >>>> LocalDatabase
data >>>> LocalDatabase
data >>>> LocalDatabase
data >>>> LocalDatabase
data >>>> LocalDatabase
data >>>> LocalDatabase
data >>>> LocalDatabase
data >>>> LocalDatabase
data >>>> LocalDatabase
data >>>> LocalDatabase
data >>>> LocalDatabase
data >>>> LocalDatabase
data >>>> LocalDatabase
data >>>> LocalDatabase
data >>>> LocalDatabase
data >>>> LocalDatabase
data >>>> LocalDatabase
data >>>> LocalDatabase
data >>>> LocalDatabase
data >>>> LocalDatabase
data >>>> LocalDatabase
data >>>> LocalDatabase
data >>>> LocalDatabase
data >>>> LocalDatabase
data >>>> LocalDatabase
data >>>> LocalDatabase
data >>>> LocalDatabase
data >>>> LocalDatabase
data >>>> LocalDatabase
data >>>> LocalDatabase
data >>>> LocalDatabase
data >>>> LocalDatabase
data >>>> LocalDatabase
data >>>> LocalDatabase
data >>>> LocalDatabase
data >>>> LocalDatabase
data >>>> LocalDatabase
data >>>> LocalDatabase
data >>>> LocalDatabase
data >>>> LocalDatabase
data >>>> LocalDatabase
data >>>> LocalDatabase
data >>>> LocalDatabase
data >>>> LocalDatabase
data >>>> LocalDatabase
data >>>> LocalDatabase
data >>>> LocalDatabase
data >>>> LocalDatabase
data >>>> LocalDatabase
data >>>> LocalDatabase
data >>>> LocalDatabase
data >>>> LocalDatabase
data >>>> LocalDatabase
data >>>> LocalDatabase
data >>>> LocalDatabase
data >>>> LocalDatabase
data >>>> LocalDatabase
data >>>> LocalDatabaseError: NetworkManager is not running.
Error: NetworkManager is not running.
Error: NetworkManager is not running.
Error: NetworkManager is not running.

data >>>> LocalDatabase
data >>>> LocalDatabase
data >>>> LocalDatabase
data >>>> LocalDatabase
data >>>> LocalDatabase
data >>>> LocalDatabase
data >>>> LocalDatabase
data >>>> LocalDatabase
data >>>> LocalDatabase
data >>>> LocalDatabase
data >>>> LocalDatabase
data >>>> LocalDatabase
data >>>> LocalDatabase
data >>>> LocalDatabase
data >>>> LocalDatabase
data >>>> LocalDatabase
data >>>> LocalDatabase
data >>>> LocalDatabase
data >>>> LocalDatabase
 Connect with ATOM LITE ESP32 Via UART have a proplem
data >>>> LocalDatabase
data >>>> LocalDatabase
data >>>> LocalDatabase
 Connect with ATOM LITE ESP32 Via UART have a proplem
data >>>> LocalDatabase
data >>>> LocalDatabase
data >>>> LocalDatabase
data >>>> LocalDatabase
data >>>> LocalDatabase
data >>>> LocalDatabase
data >>>> LocalDatabase
data >>>> LocalDatabase
data >>>> LocalDatabase
data >>>> LocalDatabase
data >>>> LocalDatabase
data >>>> LocalDatabase
data >>>> LocalDatabase
data >>>> LocalDatabase
data >>>> LocalDatabase
data >>>> LocalDatabase
data >>>> LocalDatabase
data >>>> LocalDatabase
data >>>> LocalDatabase
data >>>> LocalDatabase
data >>>> LocalDatabase
data >>>> LocalDatabase
data >>>> LocalDatabase
data >>>> LocalDatabase
data >>>> LocalDatabase
data >>>> LocalDatabase
data >>>> LocalDatabase
data >>>> LocalDatabase
data >>>> LocalDatabase
data >>>> LocalDatabase
data >>>> LocalDatabase
data >>>> LocalDatabase
data >>>> LocalDatabase
data >>>> LocalDatabase
data >>>> LocalDatabase
data >>>> LocalDatabase
data >>>> LocalDatabase
data >>>> LocalDatabase
data >>>> LocalDatabase
data >>>> LocalDatabase
data >>>> LocalDatabase
data >>>> LocalDatabase
data >>>> LocalDatabase
data >>>> LocalDatabase
data >>>> LocalDatabase
data >>>> LocalDatabase
data >>>> LocalDatabase
data >>>> LocalDatabase
data >>>> LocalDatabase
data >>>> LocalDatabase
data >>>> LocalDatabase
data >>>> LocalDatabase
data >>>> LocalDatabase
data >>>> LocalDatabase
data >>>> LocalDatabase
data >>>> LocalDatabase
data >>>> LocalDatabase
data >>>> LocalDatabase
data >>>> LocalDatabase
data >>>> LocalDatabase
data >>>> LocalDatabase
data >>>> LocalDatabase
data >>>> LocalDatabase
data >>>> LocalDatabase
data >>>> LocalDatabase
data >>>> LocalDatabase
data >>>> LocalDatabase
data >>>> LocalDatabase
data >>>> LocalDatabase
data >>>> LocalDatabase
data >>>> LocalDatabase
data >>>> LocalDatabase
data >>>> LocalDatabase
data >>>> LocalDatabase
data >>>> LocalDatabase
data >>>> LocalDatabase
data >>>> LocalDatabase
data >>>> LocalDatabase
data >>>> LocalDatabase
data >>>> LocalDatabase
data >>>> LocalDatabase
data >>>> LocalDatabase
data >>>> LocalDatabase
data >>>> LocalDatabase
data >>>> LocalDatabase
data >>>> LocalDatabase
data >>>> LocalDatabase
data >>>> LocalDatabase
data >>>> LocalDatabase
data >>>> LocalDatabase
data >>>> LocalDatabase
data >>>> LocalDatabase
data >>>> LocalDatabase
data >>>> LocalDatabase
data >>>> LocalDatabase
data >>>> LocalDatabase
data >>>> LocalDatabase
data >>>> LocalDatabase
data >>>> LocalDatabase
data >>>> LocalDatabase
data >>>> LocalDatabase
data >>>> LocalDatabase
data >>>> LocalDatabase
data >>>> LocalDatabase
data >>>> LocalDatabase
 Connect with ATOM LITE ESP32 Via UART have a proplem
data >>>> LocalDatabase
data >>>> LocalDatabase
data >>>> LocalDatabase
data >>>> LocalDatabase
data >>>> LocalDatabase
data >>>> LocalDatabase
data >>>> LocalDatabase
data >>>> LocalDatabase
data >>>> LocalDatabase
data >>>> LocalDatabase
data >>>> LocalDatabase
data >>>> LocalDatabase
data >>>> LocalDatabase
data >>>> LocalDatabase
data >>>> LocalDatabase
data >>>> LocalDatabase
data >>>> LocalDatabase
data >>>> LocalDatabase
data >>>> LocalDatabase
data >>>> LocalDatabase
data >>>> LocalDatabase
data >>>> LocalDatabase
data >>>> LocalDatabase
data >>>> LocalDatabase
data >>>> LocalDatabase
data >>>> LocalDatabase
data >>>> LocalDatabase
data >>>> LocalDatabase
data >>>> LocalDatabase
data >>>> LocalDatabase
data >>>> LocalDatabase
data >>>> LocalDatabase
data >>>> LocalDatabase
data >>>> LocalDatabase
data >>>> LocalDatabase
data >>>> LocalDatabase
 Connect with ATOM LITE ESP32 Via UART have a proplem
data >>>> LocalDatabase
data >>>> LocalDatabase
data >>>> LocalDatabase
data >>>> LocalDatabase
data >>>> LocalDatabase
data >>>> LocalDatabase
data >>>> LocalDatabase
data >>>> LocalDatabase
data >>>> LocalDatabase
data >>>> LocalDatabase
data >>>> LocalDatabase
data >>>> LocalDatabase
data >>>> LocalDatabase
data >>>> LocalDatabase
data >>>> LocalDatabase
data >>>> LocalDatabase
data >>>> LocalDatabase
data >>>> LocalDatabase
data >>>> LocalDatabase
data >>>> LocalDatabase
data >>>> LocalDatabase
data >>>> LocalDatabase
data >>>> LocalDatabase
data >>>> LocalDatabase
data >>>> LocalDatabase
data >>>> LocalDatabase
data >>>> LocalDatabase
data >>>> LocalDatabase
data >>>> LocalDatabase
data >>>> LocalDatabase
data >>>> LocalDatabase
data >>>> LocalDatabase
data >>>> LocalDatabase
data >>>> LocalDatabase
data >>>> LocalDatabase
data >>>> LocalDatabase
data >>>> LocalDatabase
data >>>> LocalDatabase
data >>>> LocalDatabase
data >>>> LocalDatabase
data >>>> LocalDatabase
data >>>> LocalDatabase
data >>>> LocalDatabase
data >>>> LocalDatabase
data >>>> LocalDatabase
data >>>> LocalDatabase
data >>>> LocalDatabase
data >>>> LocalDatabase
data >>>> LocalDatabase
data >>>> LocalDatabase
data >>>> LocalDatabase
data >>>> LocalDatabase
data >>>> LocalDatabase
data >>>> LocalDatabase
data >>>> LocalDatabase
data >>>> LocalDatabase
data >>>> LocalDatabase
data >>>> LocalDatabase
data >>>> LocalDatabase
data >>>> LocalDatabase
data >>>> LocalDatabase
data >>>> LocalDatabase
data >>>> LocalDatabase
data >>>> LocalDatabase
data >>>> LocalDatabase
data >>>> LocalDatabase
data >>>> LocalDatabase
data >>>> LocalDatabase
data >>>> LocalDatabase
data >>>> LocalDatabase
data >>>> LocalDatabase
data >>>> LocalDatabase
data >>>> LocalDatabase
data >>>> LocalDatabase
data >>>> LocalDatabase
data >>>> LocalDatabase
data >>>> LocalDatabase
data >>>> LocalDatabase
 Connect with ATOM LITE ESP32 Via UART have a proplem
data >>>> LocalDatabase
data >>>> LocalDatabase
data >>>> LocalDatabase
data >>>> LocalDatabase
data >>>> LocalDatabase
data >>>> LocalDatabase
data >>>> LocalDatabase
data >>>> LocalDatabase
data >>>> LocalDatabase
data >>>> LocalDatabase
 Connect with ATOM LITE ESP32 Via UART have a proplem
data >>>> LocalDatabase
data >>>> LocalDatabase
data >>>> LocalDatabase
data >>>> LocalDatabase
data >>>> LocalDatabase
data >>>> LocalDatabase
data >>>> LocalDatabase
data >>>> LocalDatabase
data >>>> LocalDatabase
data >>>> LocalDatabase
data >>>> LocalDatabase
data >>>> LocalDatabase
data >>>> LocalDatabase
data >>>> LocalDatabase
data >>>> LocalDatabase
data >>>> LocalDatabase
data >>>> LocalDatabase
data >>>> LocalDatabase
data >>>> LocalDatabase
data >>>> LocalDatabase
data >>>> LocalDatabase
data >>>> LocalDatabase
data >>>> LocalDatabase
data >>>> LocalDatabase
data >>>> LocalDatabase
data >>>> LocalDatabase
data >>>> LocalDatabase
 Connect with ATOM LITE ESP32 Via UART have a proplem
data >>>> LocalDatabase
data >>>> LocalDatabase
data >>>> LocalDatabase
data >>>> LocalDatabase
 Connect with ATOM LITE ESP32 Via UART have a proplem
data >>>> LocalDatabase
data >>>> LocalDatabase
data >>>> LocalDatabase
data >>>> LocalDatabase
data >>>> LocalDatabase
data >>>> LocalDatabase
 Connect with ATOM LITE ESP32 Via UART have a proplem
data >>>> LocalDatabase
data >>>> LocalDatabase
data >>>> LocalDatabase
data >>>> LocalDatabase
data >>>> LocalDatabase
data >>>> LocalDatabase
data >>>> LocalDatabase
data >>>> LocalDatabase
data >>>> LocalDatabase
data >>>> LocalDatabase
data >>>> LocalDatabase
data >>>> LocalDatabase
data >>>> LocalDatabase
data >>>> LocalDatabase
data >>>> LocalDatabase
data >>>> LocalDatabase
data >>>> LocalDatabase
data >>>> LocalDatabase
data >>>> LocalDatabase
data >>>> LocalDatabase
data >>>> LocalDatabase
data >>>> LocalDatabase
data >>>> LocalDatabase
data >>>> LocalDatabase
data >>>> LocalDatabase
data >>>> LocalDatabase
data >>>> LocalDatabase
data >>>> LocalDatabase
data >>>> LocalDatabase
data >>>> LocalDatabase
data >>>> LocalDatabase
data >>>> LocalDatabase
data >>>> LocalDatabase
data >>>> LocalDatabaseError: NetworkManager is not running.
Error: NetworkManager is not running.
Error: NetworkManager is not running.
Error: NetworkManager is not running.
Error: NetworkManager is not running.
Error: NetworkManager is not running.
Error: NetworkManager is not running.
Error: NetworkManager is not running.
Error: NetworkManager is not running.
Waiting for Wi-Fi to be available...
Wi-Fi connection established
Waiting for Wi-Fi to be available...
Wi-Fi connection established
Waiting for Wi-Fi to be available...
Wi-Fi connection established
Waiting for Wi-Fi to be available...
Wi-Fi connection established
Table on remote Database already exists, no action taken.
Error: NetworkManager is not running.
Error: NetworkManager is not running.
Error: NetworkManager is not running.
Error: NetworkManager is not running.
Error: NetworkManager is not running.
Error: NetworkManager is not running.
Error: NetworkManager is not running.
Error: NetworkManager is not running.
Error: NetworkManager is not running.
Error: NetworkManager is not running.
Waiting for Wi-Fi to be available...
Wi-Fi connection established
Waiting for Wi-Fi to be available...
Wi-Fi connection established
Waiting for Wi-Fi to be available...
Wi-Fi connection established
Waiting for Wi-Fi to be available...
Wi-Fi connection established
Table on remote Database already exists, no action taken.
Error: NetworkManager is not running.
 Connect with ATOM LITE ESP32 Via UART have a proplem
 Connect with ATOM LITE ESP32 Via UART have a proplem
 Connect with ATOM LITE ESP32 Via UART have a proplem
 Connect with ATOM LITE ESP32 Via UART have a proplem
 Connect with ATOM LITE ESP32 Via UART have a proplem
 Connect with ATOM LITE ESP32 Via UART have a proplem
 Connect with ATOM LITE ESP32 Via UART have a proplem
 Connect with ATOM LITE ESP32 Via UART have a proplem
 Connect with ATOM LITE ESP32 Via UART have a proplem
 Connect with ATOM LITE ESP32 Via UART have a proplem
 Connect with ATOM LITE ESP32 Via UART have a proplem
 Connect with ATOM LITE ESP32 Via UART have a proplem
 Connect with ATOM LITE ESP32 Via UART have a proplem
 Connect with ATOM LITE ESP32 Via UART have a proplem
 Connect with ATOM LITE ESP32 Via UART have a proplem
 Connect with ATOM LITE ESP32 Via UART have a proplem
 Connect with ATOM LITE ESP32 Via UART have a proplem
 Connect with ATOM LITE ESP32 Via UART have a proplem
 Connect with ATOM LITE ESP32 Via UART have a proplem
 Connect with ATOM LITE ESP32 Via UART have a proplem
 Connect with ATOM LITE ESP32 Via UART have a proplem
 Connect with ATOM LITE ESP32 Via UART have a proplem
 Connect with ATOM LITE ESP32 Via UART have a proplem
 Connect with ATOM LITE ESP32 Via UART have a proplem
 Connect with ATOM LITE ESP32 Via UART have a proplem
 Connect with ATOM LITE ESP32 Via UART have a proplem
 Connect with ATOM LITE ESP32 Via UART have a proplem
 Connect with ATOM LITE ESP32 Via UART have a proplem
 Connect with ATOM LITE ESP32 Via UART have a proplem
 Connect with ATOM LITE ESP32 Via UART have a proplem
 Connect with ATOM LITE ESP32 Via UART have a proplem
 Connect with ATOM LITE ESP32 Via UART have a proplem
 Connect with ATOM LITE ESP32 Via UART have a proplem
 Connect with ATOM LITE ESP32 Via UART have a proplem
 Connect with ATOM LITE ESP32 Via UART have a proplem
 Connect with ATOM LITE ESP32 Via UART have a proplem
 Connect with ATOM LITE ESP32 Via UART have a proplem
 Connect with ATOM LITE ESP32 Via UART have a proplem
 Connect with ATOM LITE ESP32 Via UART have a proplem
 Connect with ATOM LITE ESP32 Via UART have a proplem
 Connect with ATOM LITE ESP32 Via UART have a proplem
 Connect with ATOM LITE ESP32 Via UART have a proplem
 Connect with ATOM LITE ESP32 Via UART have a proplem
 Connect with ATOM LITE ESP32 Via UART have a proplem
 Connect with ATOM LITE ESP32 Via UART have a proplem
 Connect with ATOM LITE ESP32 Via UART have a proplem
 Connect with ATOM LITE ESP32 Via UART have a proplem
 Connect with ATOM LITE ESP32 Via UART have a proplem
 Connect with ATOM LITE ESP32 Via UART have a proplem
 Connect with ATOM LITE ESP32 Via UART have a proplem
 Connect with ATOM LITE ESP32 Via UART have a proplem
 Connect with ATOM LITE ESP32 Via UART have a proplem
 Connect with ATOM LITE ESP32 Via UART have a proplem
 Connect with ATOM LITE ESP32 Via UART have a proplem
 Connect with ATOM LITE ESP32 Via UART have a proplem
 Connect with ATOM LITE ESP32 Via UART have a proplem
 Connect with ATOM LITE ESP32 Via UART have a proplem
 Connect with ATOM LITE ESP32 Via UART have a proplem
 Connect with ATOM LITE ESP32 Via UART have a proplem
 Connect with ATOM LITE ESP32 Via UART have a proplem
 Connect with ATOM LITE ESP32 Via UART have a proplem
 Connect with ATOM LITE ESP32 Via UART have a proplem
 Connect with ATOM LITE ESP32 Via UART have a proplem
 Connect with ATOM LITE ESP32 Via UART have a proplem
 Connect with ATOM LITE ESP32 Via UART have a proplem
 Connect with ATOM LITE ESP32 Via UART have a proplem
 Connect with ATOM LITE ESP32 Via UART have a proplem
 Connect with ATOM LITE ESP32 Via UART have a proplem
 Connect with ATOM LITE ESP32 Via UART have a proplem
 Connect with ATOM LITE ESP32 Via UART have a proplem
 Connect with ATOM LITE ESP32 Via UART have a proplem
 Connect with ATOM LITE ESP32 Via UART have a proplem
 Connect with ATOM LITE ESP32 Via UART have a proplem
 Connect with ATOM LITE ESP32 Via UART have a proplem
 Connect with ATOM LITE ESP32 Via UART have a proplem
 Connect with ATOM LITE ESP32 Via UART have a proplem
 Connect with ATOM LITE ESP32 Via UART have a proplem
 Connect with ATOM LITE ESP32 Via UART have a proplem
 Connect with ATOM LITE ESP32 Via UART have a proplem
 Connect with ATOM LITE ESP32 Via UART have a proplem
 Connect with ATOM LITE ESP32 Via UART have a proplem
 Connect with ATOM LITE ESP32 Via UART have a proplem
 Connect with ATOM LITE ESP32 Via UART have a proplem
 Connect with ATOM LITE ESP32 Via UART have a proplem
 Connect with ATOM LITE ESP32 Via UART have a proplem
 Connect with ATOM LITE ESP32 Via UART have a proplem
 Connect with ATOM LITE ESP32 Via UART have a proplem
 Connect with ATOM LITE ESP32 Via UART have a proplem
 Connect with ATOM LITE ESP32 Via UART have a proplem
 Connect with ATOM LITE ESP32 Via UART have a proplem
 Connect with ATOM LITE ESP32 Via UART have a proplem
 Connect with ATOM LITE ESP32 Via UART have a proplem
 Connect with ATOM LITE ESP32 Via UART have a proplem
 Connect with ATOM LITE ESP32 Via UART have a proplem
 Connect with ATOM LITE ESP32 Via UART have a proplem
 Connect with ATOM LITE ESP32 Via UART have a proplem
 Connect with ATOM LITE ESP32 Via UART have a proplem
 Connect with ATOM LITE ESP32 Via UART have a proplem
 Connect with ATOM LITE ESP32 Via UART have a proplem
 Connect with ATOM LITE ESP32 Via UART have a proplem
 Connect with ATOM LITE ESP32 Via UART have a proplem
 Connect with ATOM LITE ESP32 Via UART have a proplem
 Connect with ATOM LITE ESP32 Via UART have a proplem
 Connect with ATOM LITE ESP32 Via UART have a proplem
 Connect with ATOM LITE ESP32 Via UART have a proplem
 Connect with ATOM LITE ESP32 Via UART have a proplem
 Connect with ATOM LITE ESP32 Via UART have a proplem
 Connect with ATOM LITE ESP32 Via UART have a proplem
 Connect with ATOM LITE ESP32 Via UART have a proplem
 Connect with ATOM LITE ESP32 Via UART have a proplem
 Connect with ATOM LITE ESP32 Via UART have a proplem
 Connect with ATOM LITE ESP32 Via UART have a proplem
 Connect with ATOM LITE ESP32 Via UART have a proplem
 Connect with ATOM LITE ESP32 Via UART have a proplem
 Connect with ATOM LITE ESP32 Via UART have a proplem
 Connect with ATOM LITE ESP32 Via UART have a proplem
 Connect with ATOM LITE ESP32 Via UART have a proplem
 Connect with ATOM LITE ESP32 Via UART have a proplem
 Connect with ATOM LITE ESP32 Via UART have a proplem
 Connect with ATOM LITE ESP32 Via UART have a proplem
 Connect with ATOM LITE ESP32 Via UART have a proplem
 Connect with ATOM LITE ESP32 Via UART have a proplem
 Connect with ATOM LITE ESP32 Via UART have a proplem
 Connect with ATOM LITE ESP32 Via UART have a proplem
 Connect with ATOM LITE ESP32 Via UART have a proplem
 Connect with ATOM LITE ESP32 Via UART have a proplem
 Connect with ATOM LITE ESP32 Via UART have a proplem
 Connect with ATOM LITE ESP32 Via UART have a proplem
 Connect with ATOM LITE ESP32 Via UART have a proplem
 Connect with ATOM LITE ESP32 Via UART have a proplem
 Connect with ATOM LITE ESP32 Via UART have a proplem
 Connect with ATOM LITE ESP32 Via UART have a proplem
 Connect with ATOM LITE ESP32 Via UART have a proplem
 Connect with ATOM LITE ESP32 Via UART have a proplem
 Connect with ATOM LITE ESP32 Via UART have a proplem
 Connect with ATOM LITE ESP32 Via UART have a proplem
 Connect with ATOM LITE ESP32 Via UART have a proplem
 Connect with ATOM LITE ESP32 Via UART have a proplem
 Connect with ATOM LITE ESP32 Via UART have a proplem
 Connect with ATOM LITE ESP32 Via UART have a proplem
 Connect with ATOM LITE ESP32 Via UART have a proplem
 Connect with ATOM LITE ESP32 Via UART have a proplem
 Connect with ATOM LITE ESP32 Via UART have a proplem
 Connect with ATOM LITE ESP32 Via UART have a proplem
 Connect with ATOM LITE ESP32 Via UART have a proplem
 Connect with ATOM LITE ESP32 Via UART have a proplem
 Connect with ATOM LITE ESP32 Via UART have a proplem
 Connect with ATOM LITE ESP32 Via UART have a proplem
 Connect with ATOM LITE ESP32 Via UART have a proplem
 Connect with ATOM LITE ESP32 Via UART have a proplem
 Connect with ATOM LITE ESP32 Via UART have a proplem
 Connect with ATOM LITE ESP32 Via UART have a proplemError: NetworkManager is not running.
Error: NetworkManager is not running.

 Connect with ATOM LITE ESP32 Via UART have a proplem
 Connect with ATOM LITE ESP32 Via UART have a proplem
 Connect with ATOM LITE ESP32 Via UART have a proplem
 Connect with ATOM LITE ESP32 Via UART have a proplem
 Connect with ATOM LITE ESP32 Via UART have a proplem
 Connect with ATOM LITE ESP32 Via UART have a proplem
 Connect with ATOM LITE ESP32 Via UART have a proplem
 Connect with ATOM LITE ESP32 Via UART have a proplem
 Connect with ATOM LITE ESP32 Via UART have a proplem
 Connect with ATOM LITE ESP32 Via UART have a proplem
 Connect with ATOM LITE ESP32 Via UART have a proplem
 Connect with ATOM LITE ESP32 Via UART have a proplem
 Connect with ATOM LITE ESP32 Via UART have a proplem
 Connect with ATOM LITE ESP32 Via UART have a proplem
 Connect with ATOM LITE ESP32 Via UART have a proplem
 Connect with ATOM LITE ESP32 Via UART have a proplem
 Connect with ATOM LITE ESP32 Via UART have a proplem
 Connect with ATOM LITE ESP32 Via UART have a proplem
 Connect with ATOM LITE ESP32 Via UART have a proplem
 Connect with ATOM LITE ESP32 Via UART have a proplem
 Connect with ATOM LITE ESP32 Via UART have a proplem
 Connect with ATOM LITE ESP32 Via UART have a proplem
 Connect with ATOM LITE ESP32 Via UART have a proplem
 Connect with ATOM LITE ESP32 Via UART have a proplem
 Connect with ATOM LITE ESP32 Via UART have a proplem
 Connect with ATOM LITE ESP32 Via UART have a proplem
 Connect with ATOM LITE ESP32 Via UART have a proplem
 Connect with ATOM LITE ESP32 Via UART have a proplem
 Connect with ATOM LITE ESP32 Via UART have a proplem
 Connect with ATOM LITE ESP32 Via UART have a proplem
 Connect with ATOM LITE ESP32 Via UART have a proplem
 Connect with ATOM LITE ESP32 Via UART have a proplem
 Connect with ATOM LITE ESP32 Via UART have a proplem
 Connect with ATOM LITE ESP32 Via UART have a proplem
 Connect with ATOM LITE ESP32 Via UART have a proplem
 Connect with ATOM LITE ESP32 Via UART have a proplem
 Connect with ATOM LITE ESP32 Via UART have a proplem
 Connect with ATOM LITE ESP32 Via UART have a proplem
 Connect with ATOM LITE ESP32 Via UART have a proplem
 Connect with ATOM LITE ESP32 Via UART have a proplem
 Connect with ATOM LITE ESP32 Via UART have a proplem
 Connect with ATOM LITE ESP32 Via UART have a proplem
 Connect with ATOM LITE ESP32 Via UART have a proplem
 Connect with ATOM LITE ESP32 Via UART have a proplem
 Connect with ATOM LITE ESP32 Via UART have a proplem
 Connect with ATOM LITE ESP32 Via UART have a proplem
 Connect with ATOM LITE ESP32 Via UART have a proplem
 Connect with ATOM LITE ESP32 Via UART have a proplem
 Connect with ATOM LITE ESP32 Via UART have a proplem
 Connect with ATOM LITE ESP32 Via UART have a proplem
 Connect with ATOM LITE ESP32 Via UART have a proplem
 Connect with ATOM LITE ESP32 Via UART have a proplem
 Connect with ATOM LITE ESP32 Via UART have a proplem
 Connect with ATOM LITE ESP32 Via UART have a proplem
 Connect with ATOM LITE ESP32 Via UART have a proplem
 Connect with ATOM LITE ESP32 Via UART have a proplem
 Connect with ATOM LITE ESP32 Via UART have a proplem
 Connect with ATOM LITE ESP32 Via UART have a proplem
 Connect with ATOM LITE ESP32 Via UART have a proplem
 Connect with ATOM LITE ESP32 Via UART have a proplem
 Connect with ATOM LITE ESP32 Via UART have a proplem
 Connect with ATOM LITE ESP32 Via UART have a proplem
 Connect with ATOM LITE ESP32 Via UART have a proplem
 Connect with ATOM LITE ESP32 Via UART have a proplem
 Connect with ATOM LITE ESP32 Via UART have a proplem
 Connect with ATOM LITE ESP32 Via UART have a proplem
 Connect with ATOM LITE ESP32 Via UART have a proplem
 Connect with ATOM LITE ESP32 Via UART have a proplem
 Connect with ATOM LITE ESP32 Via UART have a proplem
 Connect with ATOM LITE ESP32 Via UART have a proplem
 Connect with ATOM LITE ESP32 Via UART have a proplem
 Connect with ATOM LITE ESP32 Via UART have a proplem
 Connect with ATOM LITE ESP32 Via UART have a proplem
 Connect with ATOM LITE ESP32 Via UART have a proplem
 Connect with ATOM LITE ESP32 Via UART have a proplem
 Connect with ATOM LITE ESP32 Via UART have a proplem
 Connect with ATOM LITE ESP32 Via UART have a proplem
 Connect with ATOM LITE ESP32 Via UART have a proplem
 Connect with ATOM LITE ESP32 Via UART have a proplem
 Connect with ATOM LITE ESP32 Via UART have a proplem
 Connect with ATOM LITE ESP32 Via UART have a proplem
 Connect with ATOM LITE ESP32 Via UART have a proplem
 Connect with ATOM LITE ESP32 Via UART have a proplem
 Connect with ATOM LITE ESP32 Via UART have a proplem
 Connect with ATOM LITE ESP32 Via UART have a proplem
 Connect with ATOM LITE ESP32 Via UART have a proplem
 Connect with ATOM LITE ESP32 Via UART have a proplem
 Connect with ATOM LITE ESP32 Via UART have a proplem
 Connect with ATOM LITE ESP32 Via UART have a proplem
 Connect with ATOM LITE ESP32 Via UART have a proplem
 Connect with ATOM LITE ESP32 Via UART have a proplem
 Connect with ATOM LITE ESP32 Via UART have a proplem
 Connect with ATOM LITE ESP32 Via UART have a proplem
 Connect with ATOM LITE ESP32 Via UART have a proplem
 Connect with ATOM LITE ESP32 Via UART have a proplem
 Connect with ATOM LITE ESP32 Via UART have a proplem
 Connect with ATOM LITE ESP32 Via UART have a proplem
 Connect with ATOM LITE ESP32 Via UART have a proplem
 Connect with ATOM LITE ESP32 Via UART have a proplem
 Connect with ATOM LITE ESP32 Via UART have a proplem
 Connect with ATOM LITE ESP32 Via UART have a proplem
 Connect with ATOM LITE ESP32 Via UART have a proplem
 Connect with ATOM LITE ESP32 Via UART have a proplem
 Connect with ATOM LITE ESP32 Via UART have a proplem
 Connect with ATOM LITE ESP32 Via UART have a proplem
 Connect with ATOM LITE ESP32 Via UART have a proplem
 Connect with ATOM LITE ESP32 Via UART have a proplem
 Connect with ATOM LITE ESP32 Via UART have a proplem
 Connect with ATOM LITE ESP32 Via UART have a proplem
 Connect with ATOM LITE ESP32 Via UART have a proplem
 Connect with ATOM LITE ESP32 Via UART have a proplem
 Connect with ATOM LITE ESP32 Via UART have a proplem
 Connect with ATOM LITE ESP32 Via UART have a proplem
 Connect with ATOM LITE ESP32 Via UART have a proplem
 Connect with ATOM LITE ESP32 Via UART have a proplem
 Connect with ATOM LITE ESP32 Via UART have a proplem
 Connect with ATOM LITE ESP32 Via UART have a proplem
 Connect with ATOM LITE ESP32 Via UART have a proplem
 Connect with ATOM LITE ESP32 Via UART have a proplem
 Connect with ATOM LITE ESP32 Via UART have a proplem
 Connect with ATOM LITE ESP32 Via UART have a proplem
 Connect with ATOM LITE ESP32 Via UART have a proplem
 Connect with ATOM LITE ESP32 Via UART have a proplem
 Connect with ATOM LITE ESP32 Via UART have a proplem
 Connect with ATOM LITE ESP32 Via UART have a proplem
 Connect with ATOM LITE ESP32 Via UART have a proplem
 Connect with ATOM LITE ESP32 Via UART have a proplem
 Connect with ATOM LITE ESP32 Via UART have a proplem
 Connect with ATOM LITE ESP32 Via UART have a proplem
 Connect with ATOM LITE ESP32 Via UART have a proplem
 Connect with ATOM LITE ESP32 Via UART have a proplem
 Connect with ATOM LITE ESP32 Via UART have a proplem
 Connect with ATOM LITE ESP32 Via UART have a proplem
 Connect with ATOM LITE ESP32 Via UART have a proplem
 Connect with ATOM LITE ESP32 Via UART have a proplem
 Connect with ATOM LITE ESP32 Via UART have a proplem
 Connect with ATOM LITE ESP32 Via UART have a proplem
 Connect with ATOM LITE ESP32 Via UART have a proplem
 Connect with ATOM LITE ESP32 Via UART have a proplem
 Connect with ATOM LITE ESP32 Via UART have a proplem
 Connect with ATOM LITE ESP32 Via UART have a proplem
 Connect with ATOM LITE ESP32 Via UART have a proplem
 Connect with ATOM LITE ESP32 Via UART have a proplem
 Connect with ATOM LITE ESP32 Via UART have a proplem
 Connect with ATOM LITE ESP32 Via UART have a proplem
 Connect with ATOM LITE ESP32 Via UART have a proplem
 Connect with ATOM LITE ESP32 Via UART have a proplem
 Connect with ATOM LITE ESP32 Via UART have a proplem
 Connect with ATOM LITE ESP32 Via UART have a proplem
 Connect with ATOM LITE ESP32 Via UART have a proplem
 Connect with ATOM LITE ESP32 Via UART have a proplem
 Connect with ATOM LITE ESP32 Via UART have a proplem
 Connect with ATOM LITE ESP32 Via UART have a proplem
 Connect with ATOM LITE ESP32 Via UART have a proplem
 Connect with ATOM LITE ESP32 Via UART have a proplem
 Connect with ATOM LITE ESP32 Via UART have a proplem
 Connect with ATOM LITE ESP32 Via UART have a proplem
 Connect with ATOM LITE ESP32 Via UART have a proplem
 Connect with ATOM LITE ESP32 Via UART have a proplem
 Connect with ATOM LITE ESP32 Via UART have a proplem
 Connect with ATOM LITE ESP32 Via UART have a proplem
 Connect with ATOM LITE ESP32 Via UART have a proplem
 Connect with ATOM LITE ESP32 Via UART have a proplem
 Connect with ATOM LITE ESP32 Via UART have a proplem
 Connect with ATOM LITE ESP32 Via UART have a proplem
 Connect with ATOM LITE ESP32 Via UART have a proplem
 Connect with ATOM LITE ESP32 Via UART have a proplem
 Connect with ATOM LITE ESP32 Via UART have a proplem
 Connect with ATOM LITE ESP32 Via UART have a proplem
 Connect with ATOM LITE ESP32 Via UART have a proplem
 Connect with ATOM LITE ESP32 Via UART have a proplem
 Connect with ATOM LITE ESP32 Via UART have a proplem
 Connect with ATOM LITE ESP32 Via UART have a proplem
 Connect with ATOM LITE ESP32 Via UART have a proplem
 Connect with ATOM LITE ESP32 Via UART have a proplem
 Connect with ATOM LITE ESP32 Via UART have a proplem
 Connect with ATOM LITE ESP32 Via UART have a proplem
 Connect with ATOM LITE ESP32 Via UART have a proplem
 Connect with ATOM LITE ESP32 Via UART have a proplem
 Connect with ATOM LITE ESP32 Via UART have a proplem
 Connect with ATOM LITE ESP32 Via UART have a proplem
 Connect with ATOM LITE ESP32 Via UART have a proplem
 Connect with ATOM LITE ESP32 Via UART have a proplem
 Connect with ATOM LITE ESP32 Via UART have a proplem
 Connect with ATOM LITE ESP32 Via UART have a proplem
 Connect with ATOM LITE ESP32 Via UART have a proplem
 Connect with ATOM LITE ESP32 Via UART have a proplem
 Connect with ATOM LITE ESP32 Via UART have a proplem
 Connect with ATOM LITE ESP32 Via UART have a proplem
 Connect with ATOM LITE ESP32 Via UART have a proplem
 Connect with ATOM LITE ESP32 Via UART have a proplem
 Connect with ATOM LITE ESP32 Via UART have a proplem
 Connect with ATOM LITE ESP32 Via UART have a proplem
 Connect with ATOM LITE ESP32 Via UART have a proplem
 Connect with ATOM LITE ESP32 Via UART have a proplem
 Connect with ATOM LITE ESP32 Via UART have a proplem
 Connect with ATOM LITE ESP32 Via UART have a proplem
 Connect with ATOM LITE ESP32 Via UART have a proplem
 Connect with ATOM LITE ESP32 Via UART have a proplem
 Connect with ATOM LITE ESP32 Via UART have a proplem
 Connect with ATOM LITE ESP32 Via UART have a proplem
 Connect with ATOM LITE ESP32 Via UART have a proplem
 Connect with ATOM LITE ESP32 Via UART have a proplem
 Connect with ATOM LITE ESP32 Via UART have a proplem
 Connect with ATOM LITE ESP32 Via UART have a proplem
 Connect with ATOM LITE ESP32 Via UART have a proplem
 Connect with ATOM LITE ESP32 Via UART have a proplem
 Connect with ATOM LITE ESP32 Via UART have a proplem
 Connect with ATOM LITE ESP32 Via UART have a proplem
 Connect with ATOM LITE ESP32 Via UART have a proplem
 Connect with ATOM LITE ESP32 Via UART have a proplem
 Connect with ATOM LITE ESP32 Via UART have a proplem
 Connect with ATOM LITE ESP32 Via UART have a proplem
 Connect with ATOM LITE ESP32 Via UART have a proplem
 Connect with ATOM LITE ESP32 Via UART have a proplem
 Connect with ATOM LITE ESP32 Via UART have a proplem
 Connect with ATOM LITE ESP32 Via UART have a proplem
 Connect with ATOM LITE ESP32 Via UART have a proplem
 Connect with ATOM LITE ESP32 Via UART have a proplem
 Connect with ATOM LITE ESP32 Via UART have a proplem
 Connect with ATOM LITE ESP32 Via UART have a proplem
 Connect with ATOM LITE ESP32 Via UART have a proplem
 Connect with ATOM LITE ESP32 Via UART have a proplem
 Connect with ATOM LITE ESP32 Via UART have a proplem
 Connect with ATOM LITE ESP32 Via UART have a proplem
 Connect with ATOM LITE ESP32 Via UART have a proplem
 Connect with ATOM LITE ESP32 Via UART have a proplem
 Connect with ATOM LITE ESP32 Via UART have a proplem
 Connect with ATOM LITE ESP32 Via UART have a proplem
 Connect with ATOM LITE ESP32 Via UART have a proplem
 Connect with ATOM LITE ESP32 Via UART have a proplem
 Connect with ATOM LITE ESP32 Via UART have a proplem
 Connect with ATOM LITE ESP32 Via UART have a proplem
 Connect with ATOM LITE ESP32 Via UART have a proplem
 Connect with ATOM LITE ESP32 Via UART have a proplem
 Connect with ATOM LITE ESP32 Via UART have a proplem
 Connect with ATOM LITE ESP32 Via UART have a proplem
 Connect with ATOM LITE ESP32 Via UART have a proplem
 Connect with ATOM LITE ESP32 Via UART have a proplem
 Connect with ATOM LITE ESP32 Via UART have a proplem
 Connect with ATOM LITE ESP32 Via UART have a proplem
 Connect with ATOM LITE ESP32 Via UART have a proplem
 Connect with ATOM LITE ESP32 Via UART have a proplem
 Connect with ATOM LITE ESP32 Via UART have a proplem
 Connect with ATOM LITE ESP32 Via UART have a proplem
 Connect with ATOM LITE ESP32 Via UART have a proplem
 Connect with ATOM LITE ESP32 Via UART have a proplem
 Connect with ATOM LITE ESP32 Via UART have a proplem
 Connect with ATOM LITE ESP32 Via UART have a proplem
 Connect with ATOM LITE ESP32 Via UART have a proplem
 Connect with ATOM LITE ESP32 Via UART have a proplem
 Connect with ATOM LITE ESP32 Via UART have a proplem
 Connect with ATOM LITE ESP32 Via UART have a proplem
 Connect with ATOM LITE ESP32 Via UART have a proplem
 Connect with ATOM LITE ESP32 Via UART have a proplem
 Connect with ATOM LITE ESP32 Via UART have a proplem
 Connect with ATOM LITE ESP32 Via UART have a proplem
 Connect with ATOM LITE ESP32 Via UART have a proplem
 Connect with ATOM LITE ESP32 Via UART have a proplem
 Connect with ATOM LITE ESP32 Via UART have a proplem
 Connect with ATOM LITE ESP32 Via UART have a proplem
 Connect with ATOM LITE ESP32 Via UART have a proplem
 Connect with ATOM LITE ESP32 Via UART have a proplem
 Connect with ATOM LITE ESP32 Via UART have a proplem
 Connect with ATOM LITE ESP32 Via UART have a proplem
 Connect with ATOM LITE ESP32 Via UART have a proplem
 Connect with ATOM LITE ESP32 Via UART have a proplem
 Connect with ATOM LITE ESP32 Via UART have a proplem
 Connect with ATOM LITE ESP32 Via UART have a proplem
 Connect with ATOM LITE ESP32 Via UART have a proplem
 Connect with ATOM LITE ESP32 Via UART have a proplem
 Connect with ATOM LITE ESP32 Via UART have a proplem
 Connect with ATOM LITE ESP32 Via UART have a proplem
 Connect with ATOM LITE ESP32 Via UART have a proplem
 Connect with ATOM LITE ESP32 Via UART have a proplem
 Connect with ATOM LITE ESP32 Via UART have a proplem
 Connect with ATOM LITE ESP32 Via UART have a proplem
 Connect with ATOM LITE ESP32 Via UART have a proplem
 Connect with ATOM LITE ESP32 Via UART have a proplem
 Connect with ATOM LITE ESP32 Via UART have a proplem
 Connect with ATOM LITE ESP32 Via UART have a proplem
 Connect with ATOM LITE ESP32 Via UART have a proplem
 Connect with ATOM LITE ESP32 Via UART have a proplem
 Connect with ATOM LITE ESP32 Via UART have a proplem
 Connect with ATOM LITE ESP32 Via UART have a proplem
 Connect with ATOM LITE ESP32 Via UART have a proplem
 Connect with ATOM LITE ESP32 Via UART have a proplem
 Connect with ATOM LITE ESP32 Via UART have a proplem
 Connect with ATOM LITE ESP32 Via UART have a proplem
 Connect with ATOM LITE ESP32 Via UART have a proplem
 Connect with ATOM LITE ESP32 Via UART have a proplem
 Connect with ATOM LITE ESP32 Via UART have a proplem
 Connect with ATOM LITE ESP32 Via UART have a proplem
 Connect with ATOM LITE ESP32 Via UART have a proplem
 Connect with ATOM LITE ESP32 Via UART have a proplem
 Connect with ATOM LITE ESP32 Via UART have a proplem
 Connect with ATOM LITE ESP32 Via UART have a proplem
 Connect with ATOM LITE ESP32 Via UART have a proplem
 Connect with ATOM LITE ESP32 Via UART have a proplem
 Connect with ATOM LITE ESP32 Via UART have a proplem
 Connect with ATOM LITE ESP32 Via UART have a proplem
 Connect with ATOM LITE ESP32 Via UART have a proplem
 Connect with ATOM LITE ESP32 Via UART have a proplem
 Connect with ATOM LITE ESP32 Via UART have a proplemError: NetworkManager is not running.
Error: NetworkManager is not running.
Error: NetworkManager is not running.
Error: NetworkManager is not running.
Error: NetworkManager is not running.
Error: NetworkManager is not running.
Error: NetworkManager is not running.
Error: NetworkManager is not running.
Error: NetworkManager is not running.
Error: NetworkManager is not running.

 Connect with ATOM LITE ESP32 Via UART have a proplem
 Connect with ATOM LITE ESP32 Via UART have a proplem
 Connect with ATOM LITE ESP32 Via UART have a proplem
 Connect with ATOM LITE ESP32 Via UART have a proplem
 Connect with ATOM LITE ESP32 Via UART have a proplem
 Connect with ATOM LITE ESP32 Via UART have a proplem
 Connect with ATOM LITE ESP32 Via UART have a proplem
 Connect with ATOM LITE ESP32 Via UART have a proplem
 Connect with ATOM LITE ESP32 Via UART have a proplem
 Connect with ATOM LITE ESP32 Via UART have a proplem
 Connect with ATOM LITE ESP32 Via UART have a proplem
 Connect with ATOM LITE ESP32 Via UART have a proplem
 Connect with ATOM LITE ESP32 Via UART have a proplem
 Connect with ATOM LITE ESP32 Via UART have a proplem
 Connect with ATOM LITE ESP32 Via UART have a proplem
 Connect with ATOM LITE ESP32 Via UART have a proplem
 Connect with ATOM LITE ESP32 Via UART have a proplem
 Connect with ATOM LITE ESP32 Via UART have a proplem
 Connect with ATOM LITE ESP32 Via UART have a proplem
 Connect with ATOM LITE ESP32 Via UART have a proplem
 Connect with ATOM LITE ESP32 Via UART have a proplem
 Connect with ATOM LITE ESP32 Via UART have a proplem
 Connect with ATOM LITE ESP32 Via UART have a proplem
 Connect with ATOM LITE ESP32 Via UART have a proplem
 Connect with ATOM LITE ESP32 Via UART have a proplem
 Connect with ATOM LITE ESP32 Via UART have a proplem
 Connect with ATOM LITE ESP32 Via UART have a proplem
 Connect with ATOM LITE ESP32 Via UART have a proplem
 Connect with ATOM LITE ESP32 Via UART have a proplem
 Connect with ATOM LITE ESP32 Via UART have a proplem
 Connect with ATOM LITE ESP32 Via UART have a proplem
 Connect with ATOM LITE ESP32 Via UART have a proplem
 Connect with ATOM LITE ESP32 Via UART have a proplem
 Connect with ATOM LITE ESP32 Via UART have a proplem
 Connect with ATOM LITE ESP32 Via UART have a proplem
 Connect with ATOM LITE ESP32 Via UART have a proplem
 Connect with ATOM LITE ESP32 Via UART have a proplem
 Connect with ATOM LITE ESP32 Via UART have a proplem
 Connect with ATOM LITE ESP32 Via UART have a proplem
 Connect with ATOM LITE ESP32 Via UART have a proplem
 Connect with ATOM LITE ESP32 Via UART have a proplem
 Connect with ATOM LITE ESP32 Via UART have a proplem
 Connect with ATOM LITE ESP32 Via UART have a proplem
 Connect with ATOM LITE ESP32 Via UART have a proplem
 Connect with ATOM LITE ESP32 Via UART have a proplem
 Connect with ATOM LITE ESP32 Via UART have a proplem
 Connect with ATOM LITE ESP32 Via UART have a proplem
 Connect with ATOM LITE ESP32 Via UART have a proplem
 Connect with ATOM LITE ESP32 Via UART have a proplem
 Connect with ATOM LITE ESP32 Via UART have a proplem
 Connect with ATOM LITE ESP32 Via UART have a proplem
 Connect with ATOM LITE ESP32 Via UART have a proplem
 Connect with ATOM LITE ESP32 Via UART have a proplem
 Connect with ATOM LITE ESP32 Via UART have a proplem
 Connect with ATOM LITE ESP32 Via UART have a proplem
 Connect with ATOM LITE ESP32 Via UART have a proplem
 Connect with ATOM LITE ESP32 Via UART have a proplem
 Connect with ATOM LITE ESP32 Via UART have a proplem
 Connect with ATOM LITE ESP32 Via UART have a proplem
 Connect with ATOM LITE ESP32 Via UART have a proplem
 Connect with ATOM LITE ESP32 Via UART have a proplem
 Connect with ATOM LITE ESP32 Via UART have a proplem
data >>>> LocalDatabase
data >>>> LocalDatabase
data >>>> LocalDatabase
data >>>> LocalDatabase
data >>>> LocalDatabase
data >>>> LocalDatabase
data >>>> LocalDatabase
data >>>> LocalDatabase
data >>>> LocalDatabase
data >>>> LocalDatabase
data >>>> LocalDatabase
data >>>> LocalDatabase
data >>>> LocalDatabase
data >>>> LocalDatabase
data >>>> LocalDatabase
data >>>> LocalDatabase
data >>>> LocalDatabase
data >>>> LocalDatabase
data >>>> LocalDatabase
data >>>> LocalDatabase
data >>>> LocalDatabase
data >>>> LocalDatabase
data >>>> LocalDatabase
data >>>> LocalDatabase
data >>>> LocalDatabase
data >>>> LocalDatabase
data >>>> LocalDatabase
data >>>> LocalDatabase
data >>>> LocalDatabase
data >>>> LocalDatabase
data >>>> LocalDatabase
data >>>> LocalDatabase
data >>>> LocalDatabase
data >>>> LocalDatabase
data >>>> LocalDatabase
data >>>> LocalDatabase
data >>>> LocalDatabase
data >>>> LocalDatabase
data >>>> LocalDatabase
data >>>> LocalDatabase
data >>>> LocalDatabase
data >>>> LocalDatabase
data >>>> LocalDatabase
data >>>> LocalDatabase
data >>>> LocalDatabase
data >>>> LocalDatabase
data >>>> LocalDatabase
data >>>> LocalDatabase
data >>>> LocalDatabase
data >>>> LocalDatabase
data >>>> LocalDatabase
data >>>> LocalDatabase
data >>>> LocalDatabase
data >>>> LocalDatabase
data >>>> LocalDatabase
data >>>> LocalDatabase
data >>>> LocalDatabase
data >>>> LocalDatabase
data >>>> LocalDatabase
 Connect with ATOM LITE ESP32 Via UART have a proplem
data >>>> LocalDatabase
data >>>> LocalDatabase
data >>>> LocalDatabase
data >>>> LocalDatabase
data >>>> LocalDatabase
data >>>> LocalDatabase
data >>>> LocalDatabase
data >>>> LocalDatabase
data >>>> LocalDatabase
data >>>> LocalDatabase
data >>>> LocalDatabase
data >>>> LocalDatabase
data >>>> LocalDatabase
data >>>> LocalDatabase
data >>>> LocalDatabase
data >>>> LocalDatabase
data >>>> LocalDatabase
data >>>> LocalDatabase
data >>>> LocalDatabase
data >>>> LocalDatabase
data >>>> LocalDatabase
data >>>> LocalDatabase
data >>>> LocalDatabase
data >>>> LocalDatabase
data >>>> LocalDatabase
data >>>> LocalDatabase
data >>>> LocalDatabase
data >>>> LocalDatabase
data >>>> LocalDatabase
data >>>> LocalDatabase
data >>>> LocalDatabase
data >>>> LocalDatabase
data >>>> LocalDatabase
data >>>> LocalDatabase
data >>>> LocalDatabase
data >>>> LocalDatabase
data >>>> LocalDatabase
data >>>> LocalDatabase
data >>>> LocalDatabase
data >>>> LocalDatabase
data >>>> LocalDatabase
data >>>> LocalDatabase
data >>>> LocalDatabase
data >>>> LocalDatabase
data >>>> LocalDatabase
data >>>> LocalDatabase
data >>>> LocalDatabase
data >>>> LocalDatabase
data >>>> LocalDatabase
data >>>> LocalDatabase
data >>>> LocalDatabase
data >>>> LocalDatabase
data >>>> LocalDatabase
data >>>> LocalDatabase
data >>>> LocalDatabase
data >>>> LocalDatabase
data >>>> LocalDatabase
data >>>> LocalDatabase
data >>>> LocalDatabase
data >>>> LocalDatabase
data >>>> LocalDatabase
data >>>> LocalDatabase
data >>>> LocalDatabase
data >>>> LocalDatabase
data >>>> LocalDatabase
data >>>> LocalDatabase
data >>>> LocalDatabase
data >>>> LocalDatabase
data >>>> LocalDatabase
data >>>> LocalDatabase
data >>>> LocalDatabase
data >>>> LocalDatabase
data >>>> LocalDatabase
data >>>> LocalDatabase
data >>>> LocalDatabase
data >>>> LocalDatabase
data >>>> LocalDatabase
data >>>> LocalDatabase
data >>>> LocalDatabase
data >>>> LocalDatabase
data >>>> LocalDatabase
data >>>> LocalDatabase
data >>>> LocalDatabase
data >>>> LocalDatabase
data >>>> LocalDatabase
data >>>> LocalDatabase
data >>>> LocalDatabase
data >>>> LocalDatabase
data >>>> LocalDatabase
data >>>> LocalDatabase
data >>>> LocalDatabase
data >>>> LocalDatabase
data >>>> LocalDatabase
data >>>> LocalDatabase
data >>>> LocalDatabase
data >>>> LocalDatabase
data >>>> LocalDatabase
data >>>> LocalDatabase
data >>>> LocalDatabase
data >>>> LocalDatabase
data >>>> LocalDatabase
data >>>> LocalDatabase
data >>>> LocalDatabase
data >>>> LocalDatabase
data >>>> LocalDatabase
data >>>> LocalDatabase
data >>>> LocalDatabase
data >>>> LocalDatabase
data >>>> LocalDatabase
data >>>> LocalDatabase
data >>>> LocalDatabase
data >>>> LocalDatabase
data >>>> LocalDatabase
data >>>> LocalDatabase
data >>>> LocalDatabase
data >>>> LocalDatabase
data >>>> LocalDatabase
data >>>> LocalDatabase
data >>>> LocalDatabase
data >>>> LocalDatabase
data >>>> LocalDatabase
data >>>> LocalDatabase
data >>>> LocalDatabase
data >>>> LocalDatabase
data >>>> LocalDatabase
data >>>> LocalDatabase
data >>>> LocalDatabase
data >>>> LocalDatabase
data >>>> LocalDatabase
data >>>> LocalDatabase
data >>>> LocalDatabase
data >>>> LocalDatabase
data >>>> LocalDatabase
data >>>> LocalDatabase
data >>>> LocalDatabase
data >>>> LocalDatabase
data >>>> LocalDatabase
data >>>> LocalDatabase
data >>>> LocalDatabase
data >>>> LocalDatabase
data >>>> LocalDatabaseError: NetworkManager is not running.
Error: NetworkManager is not running.
Error: NetworkManager is not running.
Error: NetworkManager is not running.
Error: NetworkManager is not running.
Error: NetworkManager is not running.
Error: NetworkManager is not running.
Error: NetworkManager is not running.
Error: NetworkManager is not running.
Error: NetworkManager is not running.
Error: NetworkManager is not running.
Error: NetworkManager is not running.
Error: NetworkManager is not running.
Error: NetworkManager is not running.
Error: NetworkManager is not running.
Error: NetworkManager is not running.
Error: NetworkManager is not running.

data >>>> LocalDatabase
data >>>> LocalDatabase
data >>>> LocalDatabase
data >>>> LocalDatabase
data >>>> LocalDatabase
data >>>> LocalDatabase
data >>>> LocalDatabase
data >>>> LocalDatabase
data >>>> LocalDatabase
data >>>> LocalDatabase
data >>>> LocalDatabase
data >>>> LocalDatabase
data >>>> LocalDatabase
data >>>> LocalDatabase
data >>>> LocalDatabase
data >>>> LocalDatabase
data >>>> LocalDatabase
data >>>> LocalDatabase
data >>>> LocalDatabase
data >>>> LocalDatabase
data >>>> LocalDatabase
data >>>> LocalDatabase
data >>>> LocalDatabase
data >>>> LocalDatabase
data >>>> LocalDatabase
data >>>> LocalDatabase
data >>>> LocalDatabase
data >>>> LocalDatabase
data >>>> LocalDatabase
data >>>> LocalDatabase
data >>>> LocalDatabase
data >>>> LocalDatabase
data >>>> LocalDatabase
data >>>> LocalDatabase
data >>>> LocalDatabase
data >>>> LocalDatabase
data >>>> LocalDatabase
data >>>> LocalDatabase
data >>>> LocalDatabase
data >>>> LocalDatabase
data >>>> LocalDatabase
data >>>> LocalDatabase
data >>>> LocalDatabase
data >>>> LocalDatabase
data >>>> LocalDatabase
data >>>> LocalDatabase
data >>>> LocalDatabase
data >>>> LocalDatabase
data >>>> LocalDatabase
 Connect with ATOM LITE ESP32 Via UART have a proplem
data >>>> LocalDatabase
data >>>> LocalDatabase
data >>>> LocalDatabase
data >>>> LocalDatabase
data >>>> LocalDatabase
data >>>> LocalDatabase
data >>>> LocalDatabase
 Connect with ATOM LITE ESP32 Via UART have a proplem
data >>>> LocalDatabase
data >>>> LocalDatabase
data >>>> LocalDatabase
data >>>> LocalDatabase
data >>>> LocalDatabase
data >>>> LocalDatabase
data >>>> LocalDatabase
 Connect with ATOM LITE ESP32 Via UART have a proplem
data >>>> LocalDatabase
data >>>> LocalDatabase
data >>>> LocalDatabase
data >>>> LocalDatabase
data >>>> LocalDatabase
data >>>> LocalDatabase
data >>>> LocalDatabase
data >>>> LocalDatabase
data >>>> LocalDatabase
data >>>> LocalDatabase
data >>>> LocalDatabase
data >>>> LocalDatabase
data >>>> LocalDatabase
data >>>> LocalDatabase
data >>>> LocalDatabase
data >>>> LocalDatabase
data >>>> LocalDatabase
data >>>> LocalDatabase
data >>>> LocalDatabase
data >>>> LocalDatabase
data >>>> LocalDatabase
data >>>> LocalDatabase
data >>>> LocalDatabase
data >>>> LocalDatabase
data >>>> LocalDatabase
data >>>> LocalDatabase
data >>>> LocalDatabase
 Connect with ATOM LITE ESP32 Via UART have a proplem
data >>>> LocalDatabase
data >>>> LocalDatabase
data >>>> LocalDatabase
data >>>> LocalDatabase
data >>>> LocalDatabase
data >>>> LocalDatabase
data >>>> LocalDatabase
data >>>> LocalDatabase
data >>>> LocalDatabase
data >>>> LocalDatabase
data >>>> LocalDatabase
data >>>> LocalDatabase
data >>>> LocalDatabase
data >>>> LocalDatabase
data >>>> LocalDatabase
data >>>> LocalDatabase
data >>>> LocalDatabase
data >>>> LocalDatabase
data >>>> LocalDatabase
data >>>> LocalDatabase
 Connect with ATOM LITE ESP32 Via UART have a proplem
data >>>> LocalDatabase
data >>>> LocalDatabase
data >>>> LocalDatabase
data >>>> LocalDatabase
data >>>> LocalDatabase
data >>>> LocalDatabase
data >>>> LocalDatabase
data >>>> LocalDatabase
data >>>> LocalDatabase
data >>>> LocalDatabase
data >>>> LocalDatabase
data >>>> LocalDatabase
data >>>> LocalDatabase
data >>>> LocalDatabase
data >>>> LocalDatabase
data >>>> LocalDatabase
data >>>> LocalDatabase
data >>>> LocalDatabase
data >>>> LocalDatabase
data >>>> LocalDatabase
data >>>> LocalDatabase
data >>>> LocalDatabase
data >>>> LocalDatabase
data >>>> LocalDatabase
data >>>> LocalDatabase
data >>>> LocalDatabase
data >>>> LocalDatabase
data >>>> LocalDatabase
data >>>> LocalDatabase
 Connect with ATOM LITE ESP32 Via UART have a proplem
data >>>> LocalDatabase
data >>>> LocalDatabase
data >>>> LocalDatabase
 Connect with ATOM LITE ESP32 Via UART have a proplem
data >>>> LocalDatabase
data >>>> LocalDatabase
data >>>> LocalDatabase
data >>>> LocalDatabase
data >>>> LocalDatabase
data >>>> LocalDatabase
data >>>> LocalDatabase
data >>>> LocalDatabase
data >>>> LocalDatabase
data >>>> LocalDatabase
data >>>> LocalDatabase
data >>>> LocalDatabase
data >>>> LocalDatabase
data >>>> LocalDatabase
data >>>> LocalDatabase
data >>>> LocalDatabase
data >>>> LocalDatabase
data >>>> LocalDatabase
data >>>> LocalDatabase
data >>>> LocalDatabase
data >>>> LocalDatabase
data >>>> LocalDatabase
data >>>> LocalDatabase
data >>>> LocalDatabase
data >>>> LocalDatabase
data >>>> LocalDatabase
data >>>> LocalDatabase
data >>>> LocalDatabase
data >>>> LocalDatabase
data >>>> LocalDatabase
data >>>> LocalDatabase
data >>>> LocalDatabase
data >>>> LocalDatabase
data >>>> LocalDatabase
data >>>> LocalDatabase
data >>>> LocalDatabase
data >>>> LocalDatabase
data >>>> LocalDatabase
data >>>> LocalDatabase
data >>>> LocalDatabase
data >>>> LocalDatabase
data >>>> LocalDatabase
data >>>> LocalDatabase
data >>>> LocalDatabase
data >>>> LocalDatabase
data >>>> LocalDatabase
data >>>> LocalDatabase
data >>>> LocalDatabase
data >>>> LocalDatabase
data >>>> LocalDatabase
 Connect with ATOM LITE ESP32 Via UART have a proplem
 Connect with ATOM LITE ESP32 Via UART have a proplem
 Connect with ATOM LITE ESP32 Via UART have a proplem
data >>>> LocalDatabase
 Connect with ATOM LITE ESP32 Via UART have a proplem
data >>>> LocalDatabase
data >>>> LocalDatabase
data >>>> LocalDatabase
data >>>> LocalDatabase
data >>>> LocalDatabase
data >>>> LocalDatabase
data >>>> LocalDatabase
data >>>> LocalDatabase
data >>>> LocalDatabase
data >>>> LocalDatabase
data >>>> LocalDatabase
data >>>> LocalDatabase
data >>>> LocalDatabase
data >>>> LocalDatabase
data >>>> LocalDatabase
data >>>> LocalDatabase
data >>>> LocalDatabase
data >>>> LocalDatabase
data >>>> LocalDatabase
data >>>> LocalDatabase
data >>>> LocalDatabase
data >>>> LocalDatabase
data >>>> LocalDatabase
data >>>> LocalDatabase
data >>>> LocalDatabase
 Connect with ATOM LITE ESP32 Via UART have a proplem
data >>>> LocalDatabase
data >>>> LocalDatabase
data >>>> LocalDatabase
data >>>> LocalDatabase
data >>>> LocalDatabase
data >>>> LocalDatabase
data >>>> LocalDatabase
data >>>> LocalDatabase
data >>>> LocalDatabase
data >>>> LocalDatabase
data >>>> LocalDatabase
data >>>> LocalDatabase
data >>>> LocalDatabase
data >>>> LocalDatabase
data >>>> LocalDatabase
data >>>> LocalDatabase
data >>>> LocalDatabase
data >>>> LocalDatabase
data >>>> LocalDatabase
data >>>> LocalDatabase
data >>>> LocalDatabase
 Connect with ATOM LITE ESP32 Via UART have a proplem
data >>>> LocalDatabase
 Connect with ATOM LITE ESP32 Via UART have a proplem
data >>>> LocalDatabase
 Connect with ATOM LITE ESP32 Via UART have a proplem
data >>>> LocalDatabase
 Connect with ATOM LITE ESP32 Via UART have a proplem
data >>>> LocalDatabase
data >>>> LocalDatabase
data >>>> LocalDatabase
data >>>> LocalDatabase
data >>>> LocalDatabase
data >>>> LocalDatabase
data >>>> LocalDatabase
data >>>> LocalDatabase
data >>>> LocalDatabase
data >>>> LocalDatabase
data >>>> LocalDatabase
data >>>> LocalDatabase
data >>>> LocalDatabase
data >>>> LocalDatabase
data >>>> LocalDatabase
data >>>> LocalDatabase
data >>>> LocalDatabase
data >>>> LocalDatabase
data >>>> LocalDatabase
data >>>> LocalDatabase
data >>>> LocalDatabase
 Connect with ATOM LITE ESP32 Via UART have a proplem
data >>>> LocalDatabase
data >>>> LocalDatabase
data >>>> LocalDatabase
data >>>> LocalDatabase
data >>>> LocalDatabase
data >>>> LocalDatabase
 Connect with ATOM LITE ESP32 Via UART have a proplem
data >>>> LocalDatabase
data >>>> LocalDatabase
data >>>> LocalDatabase
data >>>> LocalDatabase
data >>>> LocalDatabase
data >>>> LocalDatabase
data >>>> LocalDatabase
data >>>> LocalDatabase
data >>>> LocalDatabase
data >>>> LocalDatabase
data >>>> LocalDatabase
data >>>> LocalDatabase
data >>>> LocalDatabase
data >>>> LocalDatabase
data >>>> LocalDatabase
data >>>> LocalDatabase
data >>>> LocalDatabase
data >>>> LocalDatabase
data >>>> LocalDatabase
data >>>> LocalDatabase
data >>>> LocalDatabase
data >>>> LocalDatabase
data >>>> LocalDatabase
data >>>> LocalDatabase
data >>>> LocalDatabase
data >>>> LocalDatabase
data >>>> LocalDatabase
data >>>> LocalDatabase
data >>>> LocalDatabase
data >>>> LocalDatabase
data >>>> LocalDatabase
data >>>> LocalDatabaseError: NetworkManager is not running.
Error: NetworkManager is not running.
Error: NetworkManager is not running.
Error: NetworkManager is not running.
Error: NetworkManager is not running.
Error: NetworkManager is not running.
Error: NetworkManager is not running.
Error: NetworkManager is not running.
Error: NetworkManager is not running.
Error: NetworkManager is not running.
Error: NetworkManager is not running.
Error: NetworkManager is not running.
Error: NetworkManager is not running.
Error: NetworkManager is not running.
Error: NetworkManager is not running.

data >>>> LocalDatabase
data >>>> LocalDatabase
data >>>> LocalDatabase
data >>>> LocalDatabase
data >>>> LocalDatabase
data >>>> LocalDatabase
data >>>> LocalDatabase
data >>>> LocalDatabase
data >>>> LocalDatabase
data >>>> LocalDatabase
data >>>> LocalDatabase
data >>>> LocalDatabase
data >>>> LocalDatabase
data >>>> LocalDatabase
data >>>> LocalDatabase
data >>>> LocalDatabase
data >>>> LocalDatabase
data >>>> LocalDatabase
data >>>> LocalDatabase
data >>>> LocalDatabase
data >>>> LocalDatabase
data >>>> LocalDatabase
data >>>> LocalDatabase
data >>>> LocalDatabase
data >>>> LocalDatabase
data >>>> LocalDatabase
data >>>> LocalDatabase
data >>>> LocalDatabase
data >>>> LocalDatabase
data >>>> LocalDatabase
data >>>> LocalDatabase
data >>>> LocalDatabase
data >>>> LocalDatabase
data >>>> LocalDatabase
data >>>> LocalDatabase
data >>>> LocalDatabase
data >>>> LocalDatabase
data >>>> LocalDatabase
data >>>> LocalDatabase
data >>>> LocalDatabase
data >>>> LocalDatabase
data >>>> LocalDatabase
data >>>> LocalDatabase
data >>>> LocalDatabase
data >>>> LocalDatabase
data >>>> LocalDatabase
data >>>> LocalDatabase
data >>>> LocalDatabase
data >>>> LocalDatabase
 Connect with ATOM LITE ESP32 Via UART have a proplem
data >>>> LocalDatabase
data >>>> LocalDatabase
data >>>> LocalDatabase
data >>>> LocalDatabase
data >>>> LocalDatabase
data >>>> LocalDatabase
 Connect with ATOM LITE ESP32 Via UART have a proplem
data >>>> LocalDatabase
data >>>> LocalDatabase
data >>>> LocalDatabase
data >>>> LocalDatabase
data >>>> LocalDatabase
data >>>> LocalDatabase
data >>>> LocalDatabase
data >>>> LocalDatabase
data >>>> LocalDatabase
data >>>> LocalDatabase
data >>>> LocalDatabase
data >>>> LocalDatabase
data >>>> LocalDatabase
data >>>> LocalDatabase
data >>>> LocalDatabase
data >>>> LocalDatabase
data >>>> LocalDatabase
data >>>> LocalDatabase
data >>>> LocalDatabase
data >>>> LocalDatabase
data >>>> LocalDatabase
data >>>> LocalDatabase
data >>>> LocalDatabase
data >>>> LocalDatabase
data >>>> LocalDatabase
data >>>> LocalDatabase
data >>>> LocalDatabase
data >>>> LocalDatabase
data >>>> LocalDatabase
data >>>> LocalDatabase
data >>>> LocalDatabase
data >>>> LocalDatabase
data >>>> LocalDatabase
data >>>> LocalDatabase
data >>>> LocalDatabase
data >>>> LocalDatabase
data >>>> LocalDatabase
data >>>> LocalDatabase
data >>>> LocalDatabase
data >>>> LocalDatabase
data >>>> LocalDatabase
data >>>> LocalDatabase
data >>>> LocalDatabase
data >>>> LocalDatabase
data >>>> LocalDatabase
data >>>> LocalDatabase
data >>>> LocalDatabase
data >>>> LocalDatabase
data >>>> LocalDatabase
data >>>> LocalDatabase
data >>>> LocalDatabase
data >>>> LocalDatabase
data >>>> LocalDatabase
data >>>> LocalDatabase
data >>>> LocalDatabase
data >>>> LocalDatabase
data >>>> LocalDatabase
data >>>> LocalDatabase
data >>>> LocalDatabase
data >>>> LocalDatabase
data >>>> LocalDatabase
data >>>> LocalDatabase
data >>>> LocalDatabase
data >>>> LocalDatabase
data >>>> LocalDatabase
data >>>> LocalDatabase
data >>>> LocalDatabase
data >>>> LocalDatabase
data >>>> LocalDatabase
data >>>> LocalDatabase
data >>>> LocalDatabase
data >>>> LocalDatabase
data >>>> LocalDatabase
data >>>> LocalDatabase
data >>>> LocalDatabase
data >>>> LocalDatabase
data >>>> LocalDatabase
data >>>> LocalDatabase
data >>>> LocalDatabase
data >>>> LocalDatabase
data >>>> LocalDatabase
data >>>> LocalDatabase
data >>>> LocalDatabase
data >>>> LocalDatabase
data >>>> LocalDatabase
data >>>> LocalDatabase
data >>>> LocalDatabase
data >>>> LocalDatabase
data >>>> LocalDatabase
data >>>> LocalDatabase
data >>>> LocalDatabase
data >>>> LocalDatabase
data >>>> LocalDatabase
data >>>> LocalDatabase
data >>>> LocalDatabase
data >>>> LocalDatabase
data >>>> LocalDatabase
data >>>> LocalDatabase
data >>>> LocalDatabase
data >>>> LocalDatabase
data >>>> LocalDatabase
data >>>> LocalDatabase
data >>>> LocalDatabase
data >>>> LocalDatabase
data >>>> LocalDatabase
data >>>> LocalDatabase
data >>>> LocalDatabase
data >>>> LocalDatabase
data >>>> LocalDatabase
data >>>> LocalDatabase
data >>>> LocalDatabase
data >>>> LocalDatabase
data >>>> LocalDatabase
data >>>> LocalDatabase
data >>>> LocalDatabase
data >>>> LocalDatabase
data >>>> LocalDatabase
data >>>> LocalDatabase
data >>>> LocalDatabase
data >>>> LocalDatabase
data >>>> LocalDatabase
data >>>> LocalDatabase
data >>>> LocalDatabase
data >>>> LocalDatabase
data >>>> LocalDatabase
data >>>> LocalDatabase
data >>>> LocalDatabase
data >>>> LocalDatabase
data >>>> LocalDatabase
data >>>> LocalDatabase
data >>>> LocalDatabase
data >>>> LocalDatabase
data >>>> LocalDatabase
data >>>> LocalDatabase
data >>>> LocalDatabase
data >>>> LocalDatabase
data >>>> LocalDatabase
data >>>> LocalDatabase
data >>>> LocalDatabase
data >>>> LocalDatabase
data >>>> LocalDatabase
data >>>> LocalDatabase
data >>>> LocalDatabase
data >>>> LocalDatabase
data >>>> LocalDatabase
data >>>> LocalDatabase
data >>>> LocalDatabase
data >>>> LocalDatabase
data >>>> LocalDatabase
data >>>> LocalDatabase
data >>>> LocalDatabase
data >>>> LocalDatabase
data >>>> LocalDatabase
data >>>> LocalDatabase
data >>>> LocalDatabase
data >>>> LocalDatabase
data >>>> LocalDatabase
data >>>> LocalDatabase
data >>>> LocalDatabase
data >>>> LocalDatabase
data >>>> LocalDatabase
data >>>> LocalDatabase
data >>>> LocalDatabase
data >>>> LocalDatabase
data >>>> LocalDatabase
data >>>> LocalDatabase
data >>>> LocalDatabase
data >>>> LocalDatabase
data >>>> LocalDatabase
data >>>> LocalDatabase
data >>>> LocalDatabase
data >>>> LocalDatabase
data >>>> LocalDatabase
data >>>> LocalDatabase
data >>>> LocalDatabase
data >>>> LocalDatabase
data >>>> LocalDatabase
data >>>> LocalDatabase
data >>>> LocalDatabase
data >>>> LocalDatabase
data >>>> LocalDatabase
data >>>> LocalDatabase
data >>>> LocalDatabase
data >>>> LocalDatabase
data >>>> LocalDatabase
data >>>> LocalDatabase
data >>>> LocalDatabase
data >>>> LocalDatabase
data >>>> LocalDatabase
data >>>> LocalDatabase
data >>>> LocalDatabase
data >>>> LocalDatabase
data >>>> LocalDatabase
data >>>> LocalDatabase
data >>>> LocalDatabase
data >>>> LocalDatabase
data >>>> LocalDatabase
data >>>> LocalDatabase
data >>>> LocalDatabase
data >>>> LocalDatabase
data >>>> LocalDatabase
data >>>> LocalDatabase
data >>>> LocalDatabase
data >>>> LocalDatabase
data >>>> LocalDatabase
data >>>> LocalDatabase
data >>>> LocalDatabase
data >>>> LocalDatabase
data >>>> LocalDatabase
data >>>> LocalDatabase
data >>>> LocalDatabase
data >>>> LocalDatabase
data >>>> LocalDatabase
data >>>> LocalDatabase
data >>>> LocalDatabase
data >>>> LocalDatabase
data >>>> LocalDatabase
data >>>> LocalDatabase
data >>>> LocalDatabase
data >>>> LocalDatabase
data >>>> LocalDatabase
data >>>> LocalDatabase
data >>>> LocalDatabase
data >>>> LocalDatabase
data >>>> LocalDatabase
data >>>> LocalDatabase
data >>>> LocalDatabase
data >>>> LocalDatabase
data >>>> LocalDatabase
data >>>> LocalDatabase
data >>>> LocalDatabase
data >>>> LocalDatabase
data >>>> LocalDatabase
data >>>> LocalDatabase
data >>>> LocalDatabase
data >>>> LocalDatabase
data >>>> LocalDatabase
data >>>> LocalDatabase
data >>>> LocalDatabase
data >>>> LocalDatabase
data >>>> LocalDatabase
data >>>> LocalDatabase
data >>>> LocalDatabase
data >>>> LocalDatabase
data >>>> LocalDatabase
data >>>> LocalDatabase
data >>>> LocalDatabase
data >>>> LocalDatabase
data >>>> LocalDatabase
data >>>> LocalDatabase
data >>>> LocalDatabase
data >>>> LocalDatabase
data >>>> LocalDatabase
data >>>> LocalDatabase
data >>>> LocalDatabase
data >>>> LocalDatabase
data >>>> LocalDatabase
data >>>> LocalDatabase
data >>>> LocalDatabase
data >>>> LocalDatabase
data >>>> LocalDatabase
data >>>> LocalDatabase
data >>>> LocalDatabase
data >>>> LocalDatabase
data >>>> LocalDatabase
 Connect with ATOM LITE ESP32 Via UART have a proplem
data >>>> LocalDatabase
data >>>> LocalDatabase
data >>>> LocalDatabase
data >>>> LocalDatabase
data >>>> LocalDatabase
data >>>> LocalDatabase
data >>>> LocalDatabase
data >>>> LocalDatabase
data >>>> LocalDatabase
data >>>> LocalDatabase
data >>>> LocalDatabase
data >>>> LocalDatabase
data >>>> LocalDatabase
data >>>> LocalDatabase
data >>>> LocalDatabaseError: NetworkManager is not running.
Error: NetworkManager is not running.
Error: NetworkManager is not running.
Error: NetworkManager is not running.
Error: NetworkManager is not running.
Error: NetworkManager is not running.
Error: NetworkManager is not running.
Error: NetworkManager is not running.
Error: NetworkManager is not running.
Error: NetworkManager is not running.
Error: NetworkManager is not running.
Error: NetworkManager is not running.
Error: NetworkManager is not running.
Error: NetworkManager is not running.
Error: NetworkManager is not running.
Error: NetworkManager is not running.
Waiting for Wi-Fi to be available...
Wi-Fi connection established
Waiting for Wi-Fi to be available...
Wi-Fi connection established
Waiting for Wi-Fi to be available...
Wi-Fi connection established
Waiting for Wi-Fi to be available...
Wi-Fi connection established
Table on remote Database already exists, no action taken.
Error: NetworkManager is not running.
Error: NetworkManager is not running.
Error: NetworkManager is not running.
Error: NetworkManager is not running.
Error: NetworkManager is not running.
Error: NetworkManager is not running.
Error: NetworkManager is not running.
Data decoding error: 'utf-8' codec can't decode byte 0xc2 in position 0: invalid continuation byte
data >>>> LocalDatabase
data >>>> LocalDatabase
data >>>> LocalDatabase
data >>>> LocalDatabase
data >>>> LocalDatabase
data >>>> LocalDatabase
data >>>> LocalDatabase
data >>>> LocalDatabase
data >>>> LocalDatabase
data >>>> LocalDatabase
data >>>> LocalDatabase
data >>>> LocalDatabase
data >>>> LocalDatabase
data >>>> LocalDatabase
data >>>> LocalDatabase
data >>>> LocalDatabase
data >>>> LocalDatabase
data >>>> LocalDatabase
data >>>> LocalDatabase
data >>>> LocalDatabase
data >>>> LocalDatabase
data >>>> LocalDatabase
data >>>> LocalDatabase
data >>>> LocalDatabase
data >>>> LocalDatabase
data >>>> LocalDatabase
data >>>> LocalDatabase
data >>>> LocalDatabase
data >>>> LocalDatabase
data >>>> LocalDatabase
data >>>> LocalDatabase
data >>>> LocalDatabase
data >>>> LocalDatabase
data >>>> LocalDatabase
data >>>> LocalDatabase
data >>>> LocalDatabase
data >>>> LocalDatabase
data >>>> LocalDatabase
data >>>> LocalDatabase
data >>>> LocalDatabase
data >>>> LocalDatabase
data >>>> LocalDatabase
data >>>> LocalDatabase
data >>>> LocalDatabase
data >>>> LocalDatabase
data >>>> LocalDatabase
data >>>> LocalDatabase
data >>>> LocalDatabase
data >>>> LocalDatabase
data >>>> LocalDatabase
data >>>> LocalDatabase
data >>>> LocalDatabase
data >>>> LocalDatabase
data >>>> LocalDatabase
data >>>> LocalDatabase
data >>>> LocalDatabase
data >>>> LocalDatabase
data >>>> LocalDatabase
data >>>> LocalDatabase
data >>>> LocalDatabase
data >>>> LocalDatabase
data >>>> LocalDatabase
data >>>> LocalDatabase
data >>>> LocalDatabase
data >>>> LocalDatabase
data >>>> LocalDatabase
data >>>> LocalDatabase
data >>>> LocalDatabase
data >>>> LocalDatabase
data >>>> LocalDatabase
data >>>> LocalDatabase
data >>>> LocalDatabase
data >>>> LocalDatabase
data >>>> LocalDatabase
data >>>> LocalDatabase
data >>>> LocalDatabase
data >>>> LocalDatabase
data >>>> LocalDatabase
data >>>> LocalDatabase
data >>>> LocalDatabase
data >>>> LocalDatabase
data >>>> LocalDatabase
data >>>> LocalDatabase
data >>>> LocalDatabase
data >>>> LocalDatabase
data >>>> LocalDatabase
data >>>> LocalDatabase
data >>>> LocalDatabase
data >>>> LocalDatabase
data >>>> LocalDatabase
data >>>> LocalDatabase
data >>>> LocalDatabase
data >>>> LocalDatabase
data >>>> LocalDatabase
 Connect with ATOM LITE ESP32 Via UART have a proplem
data >>>> LocalDatabase
data >>>> LocalDatabase
data >>>> LocalDatabase
data >>>> LocalDatabase
data >>>> LocalDatabase
data >>>> LocalDatabase
data >>>> LocalDatabase
data >>>> LocalDatabase
data >>>> LocalDatabase
data >>>> LocalDatabase
data >>>> LocalDatabase
data >>>> LocalDatabase
data >>>> LocalDatabase
data >>>> LocalDatabase
data >>>> LocalDatabase
data >>>> LocalDatabase
data >>>> LocalDatabase
data >>>> LocalDatabase
data >>>> LocalDatabase
data >>>> LocalDatabase
data >>>> LocalDatabase
data >>>> LocalDatabase
data >>>> LocalDatabase
data >>>> LocalDatabase
data >>>> LocalDatabase
data >>>> LocalDatabase
data >>>> LocalDatabase
data >>>> LocalDatabase
data >>>> LocalDatabase
data >>>> LocalDatabase
 Connect with ATOM LITE ESP32 Via UART have a proplem
data >>>> LocalDatabase
data >>>> LocalDatabase
data >>>> LocalDatabase
data >>>> LocalDatabase
data >>>> LocalDatabase
data >>>> LocalDatabase
data >>>> LocalDatabase
data >>>> LocalDatabase
data >>>> LocalDatabase
data >>>> LocalDatabase
data >>>> LocalDatabase
 Connect with ATOM LITE ESP32 Via UART have a proplem
data >>>> LocalDatabase
data >>>> LocalDatabase
data >>>> LocalDatabase
data >>>> LocalDatabase
data >>>> LocalDatabase
data >>>> LocalDatabase
data >>>> LocalDatabase
data >>>> LocalDatabase
data >>>> LocalDatabase
data >>>> LocalDatabase
data >>>> LocalDatabase
data >>>> LocalDatabase
data >>>> LocalDatabase
data >>>> LocalDatabase
data >>>> LocalDatabase
data >>>> LocalDatabase
data >>>> LocalDatabase
data >>>> LocalDatabase
data >>>> LocalDatabase
data >>>> LocalDatabase
data >>>> LocalDatabase
data >>>> LocalDatabase
data >>>> LocalDatabase
data >>>> LocalDatabase
data >>>> LocalDatabase
data >>>> LocalDatabase
data >>>> LocalDatabase
data >>>> LocalDatabase
data >>>> LocalDatabase
data >>>> LocalDatabase
data >>>> LocalDatabase
data >>>> LocalDatabase
data >>>> LocalDatabase
data >>>> LocalDatabase
data >>>> LocalDatabase
data >>>> LocalDatabase
data >>>> LocalDatabase
data >>>> LocalDatabase
data >>>> LocalDatabase
data >>>> LocalDatabase
data >>>> LocalDatabase
data >>>> LocalDatabase
data >>>> LocalDatabase
data >>>> LocalDatabase
data >>>> LocalDatabase
data >>>> LocalDatabase
data >>>> LocalDatabase
 Connect with ATOM LITE ESP32 Via UART have a proplem
 Connect with ATOM LITE ESP32 Via UART have a proplem
 Connect with ATOM LITE ESP32 Via UART have a proplem
 Connect with ATOM LITE ESP32 Via UART have a proplem
 Connect with ATOM LITE ESP32 Via UART have a proplem
data >>>> LocalDatabase
data >>>> LocalDatabase
 Connect with ATOM LITE ESP32 Via UART have a proplem
 Connect with ATOM LITE ESP32 Via UART have a proplem
 Connect with ATOM LITE ESP32 Via UART have a proplem
 Connect with ATOM LITE ESP32 Via UART have a proplem
 Connect with ATOM LITE ESP32 Via UART have a proplem
 Connect with ATOM LITE ESP32 Via UART have a proplem
 Connect with ATOM LITE ESP32 Via UART have a proplem
 Connect with ATOM LITE ESP32 Via UART have a proplem
 Connect with ATOM LITE ESP32 Via UART have a proplem
 Connect with ATOM LITE ESP32 Via UART have a proplem
 Connect with ATOM LITE ESP32 Via UART have a proplem
 Connect with ATOM LITE ESP32 Via UART have a proplem
 Connect with ATOM LITE ESP32 Via UART have a proplem
 Connect with ATOM LITE ESP32 Via UART have a proplem
 Connect with ATOM LITE ESP32 Via UART have a proplem
 Connect with ATOM LITE ESP32 Via UART have a proplem
 Connect with ATOM LITE ESP32 Via UART have a proplem
 Connect with ATOM LITE ESP32 Via UART have a proplem
 Connect with ATOM LITE ESP32 Via UART have a proplem
 Connect with ATOM LITE ESP32 Via UART have a proplem
 Connect with ATOM LITE ESP32 Via UART have a proplem
 Connect with ATOM LITE ESP32 Via UART have a proplem
 Connect with ATOM LITE ESP32 Via UART have a proplem
 Connect with ATOM LITE ESP32 Via UART have a proplem
 Connect with ATOM LITE ESP32 Via UART have a proplem
 Connect with ATOM LITE ESP32 Via UART have a proplem
 Connect with ATOM LITE ESP32 Via UART have a proplem
 Connect with ATOM LITE ESP32 Via UART have a proplem
 Connect with ATOM LITE ESP32 Via UART have a proplem
 Connect with ATOM LITE ESP32 Via UART have a proplem
 Connect with ATOM LITE ESP32 Via UART have a proplem
 Connect with ATOM LITE ESP32 Via UART have a proplem
 Connect with ATOM LITE ESP32 Via UART have a proplem
 Connect with ATOM LITE ESP32 Via UART have a proplem
 Connect with ATOM LITE ESP32 Via UART have a proplem
 Connect with ATOM LITE ESP32 Via UART have a proplem
 Connect with ATOM LITE ESP32 Via UART have a proplem
 Connect with ATOM LITE ESP32 Via UART have a proplem
 Connect with ATOM LITE ESP32 Via UART have a proplem
 Connect with ATOM LITE ESP32 Via UART have a proplem
 Connect with ATOM LITE ESP32 Via UART have a proplem
 Connect with ATOM LITE ESP32 Via UART have a proplem
 Connect with ATOM LITE ESP32 Via UART have a proplem
 Connect with ATOM LITE ESP32 Via UART have a proplem
 Connect with ATOM LITE ESP32 Via UART have a proplem
 Connect with ATOM LITE ESP32 Via UART have a proplem
 Connect with ATOM LITE ESP32 Via UART have a proplem
 Connect with ATOM LITE ESP32 Via UART have a proplem
 Connect with ATOM LITE ESP32 Via UART have a proplem
 Connect with ATOM LITE ESP32 Via UART have a proplem
 Connect with ATOM LITE ESP32 Via UART have a proplem
 Connect with ATOM LITE ESP32 Via UART have a proplem
 Connect with ATOM LITE ESP32 Via UART have a proplem
 Connect with ATOM LITE ESP32 Via UART have a proplem
 Connect with ATOM LITE ESP32 Via UART have a proplem
 Connect with ATOM LITE ESP32 Via UART have a proplem
 Connect with ATOM LITE ESP32 Via UART have a proplem
 Connect with ATOM LITE ESP32 Via UART have a proplem
 Connect with ATOM LITE ESP32 Via UART have a proplem
 Connect with ATOM LITE ESP32 Via UART have a proplem
 Connect with ATOM LITE ESP32 Via UART have a proplemError: NetworkManager is not running.

 Connect with ATOM LITE ESP32 Via UART have a proplem
 Connect with ATOM LITE ESP32 Via UART have a proplem
 Connect with ATOM LITE ESP32 Via UART have a proplem
 Connect with ATOM LITE ESP32 Via UART have a proplem
 Connect with ATOM LITE ESP32 Via UART have a proplem
 Connect with ATOM LITE ESP32 Via UART have a proplem
 Connect with ATOM LITE ESP32 Via UART have a proplem
 Connect with ATOM LITE ESP32 Via UART have a proplem
 Connect with ATOM LITE ESP32 Via UART have a proplem
 Connect with ATOM LITE ESP32 Via UART have a proplem
 Connect with ATOM LITE ESP32 Via UART have a proplem
 Connect with ATOM LITE ESP32 Via UART have a proplem
 Connect with ATOM LITE ESP32 Via UART have a proplem
 Connect with ATOM LITE ESP32 Via UART have a proplem
 Connect with ATOM LITE ESP32 Via UART have a proplem
 Connect with ATOM LITE ESP32 Via UART have a proplem
 Connect with ATOM LITE ESP32 Via UART have a proplem
 Connect with ATOM LITE ESP32 Via UART have a proplem
 Connect with ATOM LITE ESP32 Via UART have a proplem
 Connect with ATOM LITE ESP32 Via UART have a proplem
 Connect with ATOM LITE ESP32 Via UART have a proplem
 Connect with ATOM LITE ESP32 Via UART have a proplem
 Connect with ATOM LITE ESP32 Via UART have a proplem
 Connect with ATOM LITE ESP32 Via UART have a proplem
 Connect with ATOM LITE ESP32 Via UART have a proplem
 Connect with ATOM LITE ESP32 Via UART have a proplem
 Connect with ATOM LITE ESP32 Via UART have a proplem
 Connect with ATOM LITE ESP32 Via UART have a proplem
 Connect with ATOM LITE ESP32 Via UART have a proplem
 Connect with ATOM LITE ESP32 Via UART have a proplem
 Connect with ATOM LITE ESP32 Via UART have a proplem
 Connect with ATOM LITE ESP32 Via UART have a proplem
 Connect with ATOM LITE ESP32 Via UART have a proplem
 Connect with ATOM LITE ESP32 Via UART have a proplem
 Connect with ATOM LITE ESP32 Via UART have a proplem
 Connect with ATOM LITE ESP32 Via UART have a proplem
 Connect with ATOM LITE ESP32 Via UART have a proplem
 Connect with ATOM LITE ESP32 Via UART have a proplem
 Connect with ATOM LITE ESP32 Via UART have a proplem
 Connect with ATOM LITE ESP32 Via UART have a proplem
 Connect with ATOM LITE ESP32 Via UART have a proplem
 Connect with ATOM LITE ESP32 Via UART have a proplem
 Connect with ATOM LITE ESP32 Via UART have a proplem
 Connect with ATOM LITE ESP32 Via UART have a proplem
 Connect with ATOM LITE ESP32 Via UART have a proplem
 Connect with ATOM LITE ESP32 Via UART have a proplem
 Connect with ATOM LITE ESP32 Via UART have a proplem
 Connect with ATOM LITE ESP32 Via UART have a proplem
 Connect with ATOM LITE ESP32 Via UART have a proplem
 Connect with ATOM LITE ESP32 Via UART have a proplem
 Connect with ATOM LITE ESP32 Via UART have a proplem
 Connect with ATOM LITE ESP32 Via UART have a proplem
 Connect with ATOM LITE ESP32 Via UART have a proplem
 Connect with ATOM LITE ESP32 Via UART have a proplem
 Connect with ATOM LITE ESP32 Via UART have a proplem
 Connect with ATOM LITE ESP32 Via UART have a proplem
 Connect with ATOM LITE ESP32 Via UART have a proplem
 Connect with ATOM LITE ESP32 Via UART have a proplem
 Connect with ATOM LITE ESP32 Via UART have a proplem
 Connect with ATOM LITE ESP32 Via UART have a proplem
 Connect with ATOM LITE ESP32 Via UART have a proplem
 Connect with ATOM LITE ESP32 Via UART have a proplem
 Connect with ATOM LITE ESP32 Via UART have a proplem
 Connect with ATOM LITE ESP32 Via UART have a proplem
 Connect with ATOM LITE ESP32 Via UART have a proplem
 Connect with ATOM LITE ESP32 Via UART have a proplem
 Connect with ATOM LITE ESP32 Via UART have a proplem
 Connect with ATOM LITE ESP32 Via UART have a proplem
 Connect with ATOM LITE ESP32 Via UART have a proplem
 Connect with ATOM LITE ESP32 Via UART have a proplem
 Connect with ATOM LITE ESP32 Via UART have a proplem
 Connect with ATOM LITE ESP32 Via UART have a proplem
 Connect with ATOM LITE ESP32 Via UART have a proplem
 Connect with ATOM LITE ESP32 Via UART have a proplem
 Connect with ATOM LITE ESP32 Via UART have a proplem
 Connect with ATOM LITE ESP32 Via UART have a proplem
 Connect with ATOM LITE ESP32 Via UART have a proplem
 Connect with ATOM LITE ESP32 Via UART have a proplem
 Connect with ATOM LITE ESP32 Via UART have a proplem
 Connect with ATOM LITE ESP32 Via UART have a proplem
 Connect with ATOM LITE ESP32 Via UART have a proplem
 Connect with ATOM LITE ESP32 Via UART have a proplem
 Connect with ATOM LITE ESP32 Via UART have a proplem
 Connect with ATOM LITE ESP32 Via UART have a proplem
 Connect with ATOM LITE ESP32 Via UART have a proplem
 Connect with ATOM LITE ESP32 Via UART have a proplem
 Connect with ATOM LITE ESP32 Via UART have a proplem
 Connect with ATOM LITE ESP32 Via UART have a proplem
 Connect with ATOM LITE ESP32 Via UART have a proplem
 Connect with ATOM LITE ESP32 Via UART have a proplem
 Connect with ATOM LITE ESP32 Via UART have a proplem
 Connect with ATOM LITE ESP32 Via UART have a proplem
 Connect with ATOM LITE ESP32 Via UART have a proplem
 Connect with ATOM LITE ESP32 Via UART have a proplem
 Connect with ATOM LITE ESP32 Via UART have a proplem
 Connect with ATOM LITE ESP32 Via UART have a proplem
 Connect with ATOM LITE ESP32 Via UART have a proplem
 Connect with ATOM LITE ESP32 Via UART have a proplem
 Connect with ATOM LITE ESP32 Via UART have a proplem
 Connect with ATOM LITE ESP32 Via UART have a proplem
 Connect with ATOM LITE ESP32 Via UART have a proplem
 Connect with ATOM LITE ESP32 Via UART have a proplem
 Connect with ATOM LITE ESP32 Via UART have a proplem
 Connect with ATOM LITE ESP32 Via UART have a proplem
 Connect with ATOM LITE ESP32 Via UART have a proplem
 Connect with ATOM LITE ESP32 Via UART have a proplem
 Connect with ATOM LITE ESP32 Via UART have a proplem
 Connect with ATOM LITE ESP32 Via UART have a proplem
 Connect with ATOM LITE ESP32 Via UART have a proplem
 Connect with ATOM LITE ESP32 Via UART have a proplem
 Connect with ATOM LITE ESP32 Via UART have a proplem
 Connect with ATOM LITE ESP32 Via UART have a proplem
 Connect with ATOM LITE ESP32 Via UART have a proplem
 Connect with ATOM LITE ESP32 Via UART have a proplem
 Connect with ATOM LITE ESP32 Via UART have a proplem
 Connect with ATOM LITE ESP32 Via UART have a proplem
 Connect with ATOM LITE ESP32 Via UART have a proplem
 Connect with ATOM LITE ESP32 Via UART have a proplem
 Connect with ATOM LITE ESP32 Via UART have a proplem
 Connect with ATOM LITE ESP32 Via UART have a proplem
 Connect with ATOM LITE ESP32 Via UART have a proplem
 Connect with ATOM LITE ESP32 Via UART have a proplem
 Connect with ATOM LITE ESP32 Via UART have a proplem
 Connect with ATOM LITE ESP32 Via UART have a proplem
 Connect with ATOM LITE ESP32 Via UART have a proplem
 Connect with ATOM LITE ESP32 Via UART have a proplem
 Connect with ATOM LITE ESP32 Via UART have a proplem
 Connect with ATOM LITE ESP32 Via UART have a proplem
 Connect with ATOM LITE ESP32 Via UART have a proplem
 Connect with ATOM LITE ESP32 Via UART have a proplem
 Connect with ATOM LITE ESP32 Via UART have a proplem
 Connect with ATOM LITE ESP32 Via UART have a proplem
 Connect with ATOM LITE ESP32 Via UART have a proplem
 Connect with ATOM LITE ESP32 Via UART have a proplem
 Connect with ATOM LITE ESP32 Via UART have a proplem
 Connect with ATOM LITE ESP32 Via UART have a proplem
 Connect with ATOM LITE ESP32 Via UART have a proplem
 Connect with ATOM LITE ESP32 Via UART have a proplem
 Connect with ATOM LITE ESP32 Via UART have a proplem
 Connect with ATOM LITE ESP32 Via UART have a proplem
 Connect with ATOM LITE ESP32 Via UART have a proplem
 Connect with ATOM LITE ESP32 Via UART have a proplem
 Connect with ATOM LITE ESP32 Via UART have a proplem
 Connect with ATOM LITE ESP32 Via UART have a proplem
 Connect with ATOM LITE ESP32 Via UART have a proplem
 Connect with ATOM LITE ESP32 Via UART have a proplem
 Connect with ATOM LITE ESP32 Via UART have a proplem
 Connect with ATOM LITE ESP32 Via UART have a proplem
 Connect with ATOM LITE ESP32 Via UART have a proplem
 Connect with ATOM LITE ESP32 Via UART have a proplem
 Connect with ATOM LITE ESP32 Via UART have a proplem
 Connect with ATOM LITE ESP32 Via UART have a proplem
 Connect with ATOM LITE ESP32 Via UART have a proplem
 Connect with ATOM LITE ESP32 Via UART have a proplem
 Connect with ATOM LITE ESP32 Via UART have a proplem
 Connect with ATOM LITE ESP32 Via UART have a proplem
 Connect with ATOM LITE ESP32 Via UART have a proplem
 Connect with ATOM LITE ESP32 Via UART have a proplem
 Connect with ATOM LITE ESP32 Via UART have a proplem
 Connect with ATOM LITE ESP32 Via UART have a proplem
 Connect with ATOM LITE ESP32 Via UART have a proplem
 Connect with ATOM LITE ESP32 Via UART have a proplem
 Connect with ATOM LITE ESP32 Via UART have a proplem
 Connect with ATOM LITE ESP32 Via UART have a proplem
 Connect with ATOM LITE ESP32 Via UART have a proplem
 Connect with ATOM LITE ESP32 Via UART have a proplem
 Connect with ATOM LITE ESP32 Via UART have a proplem
 Connect with ATOM LITE ESP32 Via UART have a proplem
 Connect with ATOM LITE ESP32 Via UART have a proplem
 Connect with ATOM LITE ESP32 Via UART have a proplem
 Connect with ATOM LITE ESP32 Via UART have a proplem
 Connect with ATOM LITE ESP32 Via UART have a proplem
 Connect with ATOM LITE ESP32 Via UART have a proplem
 Connect with ATOM LITE ESP32 Via UART have a proplem
 Connect with ATOM LITE ESP32 Via UART have a proplem
 Connect with ATOM LITE ESP32 Via UART have a proplem
 Connect with ATOM LITE ESP32 Via UART have a proplem
 Connect with ATOM LITE ESP32 Via UART have a proplem
 Connect with ATOM LITE ESP32 Via UART have a proplem
 Connect with ATOM LITE ESP32 Via UART have a proplem
 Connect with ATOM LITE ESP32 Via UART have a proplem
 Connect with ATOM LITE ESP32 Via UART have a proplem
 Connect with ATOM LITE ESP32 Via UART have a proplem
 Connect with ATOM LITE ESP32 Via UART have a proplem
 Connect with ATOM LITE ESP32 Via UART have a proplem
 Connect with ATOM LITE ESP32 Via UART have a proplem
 Connect with ATOM LITE ESP32 Via UART have a proplem
 Connect with ATOM LITE ESP32 Via UART have a proplem
 Connect with ATOM LITE ESP32 Via UART have a proplem
 Connect with ATOM LITE ESP32 Via UART have a proplem
 Connect with ATOM LITE ESP32 Via UART have a proplem
 Connect with ATOM LITE ESP32 Via UART have a proplem
 Connect with ATOM LITE ESP32 Via UART have a proplem
 Connect with ATOM LITE ESP32 Via UART have a proplem
 Connect with ATOM LITE ESP32 Via UART have a proplem
 Connect with ATOM LITE ESP32 Via UART have a proplem
 Connect with ATOM LITE ESP32 Via UART have a proplem
 Connect with ATOM LITE ESP32 Via UART have a proplem
 Connect with ATOM LITE ESP32 Via UART have a proplem
 Connect with ATOM LITE ESP32 Via UART have a proplem
 Connect with ATOM LITE ESP32 Via UART have a proplem
 Connect with ATOM LITE ESP32 Via UART have a proplem
 Connect with ATOM LITE ESP32 Via UART have a proplem
 Connect with ATOM LITE ESP32 Via UART have a proplem
 Connect with ATOM LITE ESP32 Via UART have a proplem
 Connect with ATOM LITE ESP32 Via UART have a proplem
 Connect with ATOM LITE ESP32 Via UART have a proplem
 Connect with ATOM LITE ESP32 Via UART have a proplem
 Connect with ATOM LITE ESP32 Via UART have a proplem
 Connect with ATOM LITE ESP32 Via UART have a proplem
 Connect with ATOM LITE ESP32 Via UART have a proplem
 Connect with ATOM LITE ESP32 Via UART have a proplem
 Connect with ATOM LITE ESP32 Via UART have a proplem
 Connect with ATOM LITE ESP32 Via UART have a proplem
 Connect with ATOM LITE ESP32 Via UART have a proplem
 Connect with ATOM LITE ESP32 Via UART have a proplem
 Connect with ATOM LITE ESP32 Via UART have a proplem
 Connect with ATOM LITE ESP32 Via UART have a proplem
 Connect with ATOM LITE ESP32 Via UART have a proplem
 Connect with ATOM LITE ESP32 Via UART have a proplem
 Connect with ATOM LITE ESP32 Via UART have a proplem
 Connect with ATOM LITE ESP32 Via UART have a proplem
 Connect with ATOM LITE ESP32 Via UART have a proplem
 Connect with ATOM LITE ESP32 Via UART have a proplem
 Connect with ATOM LITE ESP32 Via UART have a proplem
 Connect with ATOM LITE ESP32 Via UART have a proplem
 Connect with ATOM LITE ESP32 Via UART have a proplem
 Connect with ATOM LITE ESP32 Via UART have a proplem
 Connect with ATOM LITE ESP32 Via UART have a proplem
 Connect with ATOM LITE ESP32 Via UART have a proplem
 Connect with ATOM LITE ESP32 Via UART have a proplem
 Connect with ATOM LITE ESP32 Via UART have a proplem
 Connect with ATOM LITE ESP32 Via UART have a proplem
 Connect with ATOM LITE ESP32 Via UART have a proplem
 Connect with ATOM LITE ESP32 Via UART have a proplem
 Connect with ATOM LITE ESP32 Via UART have a proplem
 Connect with ATOM LITE ESP32 Via UART have a proplem
 Connect with ATOM LITE ESP32 Via UART have a proplem
 Connect with ATOM LITE ESP32 Via UART have a proplem
 Connect with ATOM LITE ESP32 Via UART have a proplem
 Connect with ATOM LITE ESP32 Via UART have a proplem
 Connect with ATOM LITE ESP32 Via UART have a proplem
 Connect with ATOM LITE ESP32 Via UART have a proplem
 Connect with ATOM LITE ESP32 Via UART have a proplem
 Connect with ATOM LITE ESP32 Via UART have a proplem
 Connect with ATOM LITE ESP32 Via UART have a proplem
 Connect with ATOM LITE ESP32 Via UART have a proplem
 Connect with ATOM LITE ESP32 Via UART have a proplem
 Connect with ATOM LITE ESP32 Via UART have a proplem
 Connect with ATOM LITE ESP32 Via UART have a proplem
 Connect with ATOM LITE ESP32 Via UART have a proplem
 Connect with ATOM LITE ESP32 Via UART have a proplem
 Connect with ATOM LITE ESP32 Via UART have a proplem
 Connect with ATOM LITE ESP32 Via UART have a proplem
 Connect with ATOM LITE ESP32 Via UART have a proplem
 Connect with ATOM LITE ESP32 Via UART have a proplem
 Connect with ATOM LITE ESP32 Via UART have a proplem
 Connect with ATOM LITE ESP32 Via UART have a proplem
 Connect with ATOM LITE ESP32 Via UART have a proplem
 Connect with ATOM LITE ESP32 Via UART have a proplem
 Connect with ATOM LITE ESP32 Via UART have a proplem
 Connect with ATOM LITE ESP32 Via UART have a proplem
 Connect with ATOM LITE ESP32 Via UART have a proplem
 Connect with ATOM LITE ESP32 Via UART have a proplem
 Connect with ATOM LITE ESP32 Via UART have a proplem
 Connect with ATOM LITE ESP32 Via UART have a proplem
 Connect with ATOM LITE ESP32 Via UART have a proplem
 Connect with ATOM LITE ESP32 Via UART have a proplem
 Connect with ATOM LITE ESP32 Via UART have a proplem
 Connect with ATOM LITE ESP32 Via UART have a proplem
 Connect with ATOM LITE ESP32 Via UART have a proplem
 Connect with ATOM LITE ESP32 Via UART have a proplem
 Connect with ATOM LITE ESP32 Via UART have a proplem
 Connect with ATOM LITE ESP32 Via UART have a proplem
 Connect with ATOM LITE ESP32 Via UART have a proplem
 Connect with ATOM LITE ESP32 Via UART have a proplem
 Connect with ATOM LITE ESP32 Via UART have a proplem
 Connect with ATOM LITE ESP32 Via UART have a proplem
 Connect with ATOM LITE ESP32 Via UART have a proplem
 Connect with ATOM LITE ESP32 Via UART have a proplem
 Connect with ATOM LITE ESP32 Via UART have a proplem
 Connect with ATOM LITE ESP32 Via UART have a proplem
 Connect with ATOM LITE ESP32 Via UART have a proplem
 Connect with ATOM LITE ESP32 Via UART have a proplem
 Connect with ATOM LITE ESP32 Via UART have a proplem
 Connect with ATOM LITE ESP32 Via UART have a proplem
 Connect with ATOM LITE ESP32 Via UART have a proplem
 Connect with ATOM LITE ESP32 Via UART have a proplem
 Connect with ATOM LITE ESP32 Via UART have a proplem
 Connect with ATOM LITE ESP32 Via UART have a proplem
 Connect with ATOM LITE ESP32 Via UART have a proplem
 Connect with ATOM LITE ESP32 Via UART have a proplem
 Connect with ATOM LITE ESP32 Via UART have a proplem
 Connect with ATOM LITE ESP32 Via UART have a proplem
 Connect with ATOM LITE ESP32 Via UART have a proplem
 Connect with ATOM LITE ESP32 Via UART have a proplem
 Connect with ATOM LITE ESP32 Via UART have a proplem
 Connect with ATOM LITE ESP32 Via UART have a proplem
 Connect with ATOM LITE ESP32 Via UART have a proplem
 Connect with ATOM LITE ESP32 Via UART have a proplem
 Connect with ATOM LITE ESP32 Via UART have a proplem
 Connect with ATOM LITE ESP32 Via UART have a proplem
 Connect with ATOM LITE ESP32 Via UART have a proplem
 Connect with ATOM LITE ESP32 Via UART have a proplem
 Connect with ATOM LITE ESP32 Via UART have a proplem
 Connect with ATOM LITE ESP32 Via UART have a proplem
 Connect with ATOM LITE ESP32 Via UART have a proplem
 Connect with ATOM LITE ESP32 Via UART have a proplem
 Connect with ATOM LITE ESP32 Via UART have a proplem
 Connect with ATOM LITE ESP32 Via UART have a proplem
 Connect with ATOM LITE ESP32 Via UART have a proplem
 Connect with ATOM LITE ESP32 Via UART have a proplem
 Connect with ATOM LITE ESP32 Via UART have a proplem
 Connect with ATOM LITE ESP32 Via UART have a proplem
 Connect with ATOM LITE ESP32 Via UART have a proplem
 Connect with ATOM LITE ESP32 Via UART have a proplem
 Connect with ATOM LITE ESP32 Via UART have a proplem
 Connect with ATOM LITE ESP32 Via UART have a proplem
 Connect with ATOM LITE ESP32 Via UART have a proplem
 Connect with ATOM LITE ESP32 Via UART have a proplem
 Connect with ATOM LITE ESP32 Via UART have a proplem
 Connect with ATOM LITE ESP32 Via UART have a proplem
 Connect with ATOM LITE ESP32 Via UART have a proplem
 Connect with ATOM LITE ESP32 Via UART have a proplem
 Connect with ATOM LITE ESP32 Via UART have a proplem
 Connect with ATOM LITE ESP32 Via UART have a proplem
 Connect with ATOM LITE ESP32 Via UART have a proplem
 Connect with ATOM LITE ESP32 Via UART have a proplem
 Connect with ATOM LITE ESP32 Via UART have a proplem
 Connect with ATOM LITE ESP32 Via UART have a proplem
 Connect with ATOM LITE ESP32 Via UART have a proplem
 Connect with ATOM LITE ESP32 Via UART have a proplem
 Connect with ATOM LITE ESP32 Via UART have a proplem
 Connect with ATOM LITE ESP32 Via UART have a proplem
 Connect with ATOM LITE ESP32 Via UART have a proplem
 Connect with ATOM LITE ESP32 Via UART have a proplem
 Connect with ATOM LITE ESP32 Via UART have a proplem
 Connect with ATOM LITE ESP32 Via UART have a proplem
 Connect with ATOM LITE ESP32 Via UART have a proplem
 Connect with ATOM LITE ESP32 Via UART have a proplem
 Connect with ATOM LITE ESP32 Via UART have a proplem
 Connect with ATOM LITE ESP32 Via UART have a proplem
 Connect with ATOM LITE ESP32 Via UART have a proplem
 Connect with ATOM LITE ESP32 Via UART have a proplem
 Connect with ATOM LITE ESP32 Via UART have a proplem
 Connect with ATOM LITE ESP32 Via UART have a proplem
 Connect with ATOM LITE ESP32 Via UART have a proplem
 Connect with ATOM LITE ESP32 Via UART have a proplem
 Connect with ATOM LITE ESP32 Via UART have a proplem
 Connect with ATOM LITE ESP32 Via UART have a proplem
 Connect with ATOM LITE ESP32 Via UART have a proplem
 Connect with ATOM LITE ESP32 Via UART have a proplem
 Connect with ATOM LITE ESP32 Via UART have a proplem
 Connect with ATOM LITE ESP32 Via UART have a proplem
 Connect with ATOM LITE ESP32 Via UART have a proplem
 Connect with ATOM LITE ESP32 Via UART have a proplem
 Connect with ATOM LITE ESP32 Via UART have a proplem
 Connect with ATOM LITE ESP32 Via UART have a proplem
 Connect with ATOM LITE ESP32 Via UART have a proplem
 Connect with ATOM LITE ESP32 Via UART have a proplem
 Connect with ATOM LITE ESP32 Via UART have a proplem
 Connect with ATOM LITE ESP32 Via UART have a proplem
 Connect with ATOM LITE ESP32 Via UART have a proplem
 Connect with ATOM LITE ESP32 Via UART have a proplem
 Connect with ATOM LITE ESP32 Via UART have a proplem
 Connect with ATOM LITE ESP32 Via UART have a proplem
 Connect with ATOM LITE ESP32 Via UART have a proplem
 Connect with ATOM LITE ESP32 Via UART have a proplem
 Connect with ATOM LITE ESP32 Via UART have a proplem
 Connect with ATOM LITE ESP32 Via UART have a proplem
 Connect with ATOM LITE ESP32 Via UART have a proplem
 Connect with ATOM LITE ESP32 Via UART have a proplem
 Connect with ATOM LITE ESP32 Via UART have a proplem
 Connect with ATOM LITE ESP32 Via UART have a proplem
 Connect with ATOM LITE ESP32 Via UART have a proplem
 Connect with ATOM LITE ESP32 Via UART have a proplem
 Connect with ATOM LITE ESP32 Via UART have a proplem
 Connect with ATOM LITE ESP32 Via UART have a proplem
 Connect with ATOM LITE ESP32 Via UART have a proplem
 Connect with ATOM LITE ESP32 Via UART have a proplem
 Connect with ATOM LITE ESP32 Via UART have a proplem
 Connect with ATOM LITE ESP32 Via UART have a proplem
 Connect with ATOM LITE ESP32 Via UART have a proplem
 Connect with ATOM LITE ESP32 Via UART have a proplem
 Connect with ATOM LITE ESP32 Via UART have a proplem
 Connect with ATOM LITE ESP32 Via UART have a proplem
 Connect with ATOM LITE ESP32 Via UART have a proplem
 Connect with ATOM LITE ESP32 Via UART have a proplem
 Connect with ATOM LITE ESP32 Via UART have a proplem
 Connect with ATOM LITE ESP32 Via UART have a proplem
 Connect with ATOM LITE ESP32 Via UART have a proplem
 Connect with ATOM LITE ESP32 Via UART have a proplem
 Connect with ATOM LITE ESP32 Via UART have a proplem
 Connect with ATOM LITE ESP32 Via UART have a proplem
 Connect with ATOM LITE ESP32 Via UART have a proplem
 Connect with ATOM LITE ESP32 Via UART have a proplem
 Connect with ATOM LITE ESP32 Via UART have a proplem
 Connect with ATOM LITE ESP32 Via UART have a proplem
 Connect with ATOM LITE ESP32 Via UART have a proplem
 Connect with ATOM LITE ESP32 Via UART have a proplem
 Connect with ATOM LITE ESP32 Via UART have a proplem
 Connect with ATOM LITE ESP32 Via UART have a proplem
 Connect with ATOM LITE ESP32 Via UART have a proplem
 Connect with ATOM LITE ESP32 Via UART have a proplem
 Connect with ATOM LITE ESP32 Via UART have a proplem
 Connect with ATOM LITE ESP32 Via UART have a proplem
 Connect with ATOM LITE ESP32 Via UART have a proplem
 Connect with ATOM LITE ESP32 Via UART have a proplem
 Connect with ATOM LITE ESP32 Via UART have a proplem
 Connect with ATOM LITE ESP32 Via UART have a proplem
 Connect with ATOM LITE ESP32 Via UART have a proplem
 Connect with ATOM LITE ESP32 Via UART have a proplem
 Connect with ATOM LITE ESP32 Via UART have a proplem
 Connect with ATOM LITE ESP32 Via UART have a proplem
 Connect with ATOM LITE ESP32 Via UART have a proplem
 Connect with ATOM LITE ESP32 Via UART have a proplem
 Connect with ATOM LITE ESP32 Via UART have a proplem
 Connect with ATOM LITE ESP32 Via UART have a proplem
 Connect with ATOM LITE ESP32 Via UART have a proplem
 Connect with ATOM LITE ESP32 Via UART have a proplem
 Connect with ATOM LITE ESP32 Via UART have a proplem
 Connect with ATOM LITE ESP32 Via UART have a proplem
 Connect with ATOM LITE ESP32 Via UART have a proplem
 Connect with ATOM LITE ESP32 Via UART have a proplem
 Connect with ATOM LITE ESP32 Via UART have a proplem
 Connect with ATOM LITE ESP32 Via UART have a proplem
 Connect with ATOM LITE ESP32 Via UART have a proplem
 Connect with ATOM LITE ESP32 Via UART have a proplem
 Connect with ATOM LITE ESP32 Via UART have a proplem
 Connect with ATOM LITE ESP32 Via UART have a proplem
 Connect with ATOM LITE ESP32 Via UART have a proplem
 Connect with ATOM LITE ESP32 Via UART have a proplem
 Connect with ATOM LITE ESP32 Via UART have a proplem
 Connect with ATOM LITE ESP32 Via UART have a proplem
 Connect with ATOM LITE ESP32 Via UART have a proplem
 Connect with ATOM LITE ESP32 Via UART have a proplem
 Connect with ATOM LITE ESP32 Via UART have a proplem
 Connect with ATOM LITE ESP32 Via UART have a proplem
 Connect with ATOM LITE ESP32 Via UART have a proplem
 Connect with ATOM LITE ESP32 Via UART have a proplem
 Connect with ATOM LITE ESP32 Via UART have a proplem
 Connect with ATOM LITE ESP32 Via UART have a proplem
 Connect with ATOM LITE ESP32 Via UART have a proplem
 Connect with ATOM LITE ESP32 Via UART have a proplem
 Connect with ATOM LITE ESP32 Via UART have a proplem
 Connect with ATOM LITE ESP32 Via UART have a proplem
 Connect with ATOM LITE ESP32 Via UART have a proplem
 Connect with ATOM LITE ESP32 Via UART have a proplem
 Connect with ATOM LITE ESP32 Via UART have a proplem
 Connect with ATOM LITE ESP32 Via UART have a proplem
 Connect with ATOM LITE ESP32 Via UART have a proplem
 Connect with ATOM LITE ESP32 Via UART have a proplem
 Connect with ATOM LITE ESP32 Via UART have a proplem
 Connect with ATOM LITE ESP32 Via UART have a proplem
 Connect with ATOM LITE ESP32 Via UART have a proplem
 Connect with ATOM LITE ESP32 Via UART have a proplemError: NetworkManager is not running.
Error: NetworkManager is not running.
Error: NetworkManager is not running.
Error: NetworkManager is not running.

 Connect with ATOM LITE ESP32 Via UART have a proplem
 Connect with ATOM LITE ESP32 Via UART have a proplem
 Connect with ATOM LITE ESP32 Via UART have a proplem
 Connect with ATOM LITE ESP32 Via UART have a proplem
 Connect with ATOM LITE ESP32 Via UART have a proplem
 Connect with ATOM LITE ESP32 Via UART have a proplem
 Connect with ATOM LITE ESP32 Via UART have a proplem
 Connect with ATOM LITE ESP32 Via UART have a proplem
 Connect with ATOM LITE ESP32 Via UART have a proplem
 Connect with ATOM LITE ESP32 Via UART have a proplem
 Connect with ATOM LITE ESP32 Via UART have a proplem
 Connect with ATOM LITE ESP32 Via UART have a proplem
 Connect with ATOM LITE ESP32 Via UART have a proplem
 Connect with ATOM LITE ESP32 Via UART have a proplem
 Connect with ATOM LITE ESP32 Via UART have a proplem
 Connect with ATOM LITE ESP32 Via UART have a proplem
 Connect with ATOM LITE ESP32 Via UART have a proplem
 Connect with ATOM LITE ESP32 Via UART have a proplem
 Connect with ATOM LITE ESP32 Via UART have a proplem
 Connect with ATOM LITE ESP32 Via UART have a proplem
 Connect with ATOM LITE ESP32 Via UART have a proplem
 Connect with ATOM LITE ESP32 Via UART have a proplem
 Connect with ATOM LITE ESP32 Via UART have a proplem
 Connect with ATOM LITE ESP32 Via UART have a proplem
 Connect with ATOM LITE ESP32 Via UART have a proplem
 Connect with ATOM LITE ESP32 Via UART have a proplem
 Connect with ATOM LITE ESP32 Via UART have a proplem
 Connect with ATOM LITE ESP32 Via UART have a proplem
 Connect with ATOM LITE ESP32 Via UART have a proplem
 Connect with ATOM LITE ESP32 Via UART have a proplem
 Connect with ATOM LITE ESP32 Via UART have a proplem
 Connect with ATOM LITE ESP32 Via UART have a proplem
 Connect with ATOM LITE ESP32 Via UART have a proplem
 Connect with ATOM LITE ESP32 Via UART have a proplem
 Connect with ATOM LITE ESP32 Via UART have a proplem
 Connect with ATOM LITE ESP32 Via UART have a proplem
 Connect with ATOM LITE ESP32 Via UART have a proplem
 Connect with ATOM LITE ESP32 Via UART have a proplem
 Connect with ATOM LITE ESP32 Via UART have a proplem
 Connect with ATOM LITE ESP32 Via UART have a proplem
 Connect with ATOM LITE ESP32 Via UART have a proplem
 Connect with ATOM LITE ESP32 Via UART have a proplem
 Connect with ATOM LITE ESP32 Via UART have a proplem
 Connect with ATOM LITE ESP32 Via UART have a proplem
 Connect with ATOM LITE ESP32 Via UART have a proplem
 Connect with ATOM LITE ESP32 Via UART have a proplem
 Connect with ATOM LITE ESP32 Via UART have a proplem
 Connect with ATOM LITE ESP32 Via UART have a proplem
 Connect with ATOM LITE ESP32 Via UART have a proplem
 Connect with ATOM LITE ESP32 Via UART have a proplem
 Connect with ATOM LITE ESP32 Via UART have a proplem
 Connect with ATOM LITE ESP32 Via UART have a proplem
 Connect with ATOM LITE ESP32 Via UART have a proplem
 Connect with ATOM LITE ESP32 Via UART have a proplem
 Connect with ATOM LITE ESP32 Via UART have a proplem
 Connect with ATOM LITE ESP32 Via UART have a proplem
 Connect with ATOM LITE ESP32 Via UART have a proplem
 Connect with ATOM LITE ESP32 Via UART have a proplem
 Connect with ATOM LITE ESP32 Via UART have a proplem
 Connect with ATOM LITE ESP32 Via UART have a proplem
data >>>> LocalDatabase
data >>>> LocalDatabase
data >>>> LocalDatabase
data >>>> LocalDatabase
data >>>> LocalDatabase
data >>>> LocalDatabase
data >>>> LocalDatabase
data >>>> LocalDatabase
data >>>> LocalDatabase
data >>>> LocalDatabase
data >>>> LocalDatabase
data >>>> LocalDatabase
data >>>> LocalDatabase
data >>>> LocalDatabase
data >>>> LocalDatabase
data >>>> LocalDatabase
data >>>> LocalDatabase
data >>>> LocalDatabase
data >>>> LocalDatabase
 Connect with ATOM LITE ESP32 Via UART have a proplem
data >>>> LocalDatabase
 Connect with ATOM LITE ESP32 Via UART have a proplem
data >>>> LocalDatabase
data >>>> LocalDatabase
data >>>> LocalDatabase
data >>>> LocalDatabase
data >>>> LocalDatabase
data >>>> LocalDatabase
data >>>> LocalDatabase
data >>>> LocalDatabase
data >>>> LocalDatabase
data >>>> LocalDatabase
data >>>> LocalDatabase
data >>>> LocalDatabase
data >>>> LocalDatabase
data >>>> LocalDatabase
data >>>> LocalDatabase
data >>>> LocalDatabase
data >>>> LocalDatabase
data >>>> LocalDatabase
data >>>> LocalDatabase
data >>>> LocalDatabase
data >>>> LocalDatabase
data >>>> LocalDatabase
data >>>> LocalDatabase
data >>>> LocalDatabase
data >>>> LocalDatabase
data >>>> LocalDatabase
data >>>> LocalDatabase
data >>>> LocalDatabase
data >>>> LocalDatabase
data >>>> LocalDatabase
data >>>> LocalDatabase
data >>>> LocalDatabase
data >>>> LocalDatabase
data >>>> LocalDatabase
data >>>> LocalDatabase
data >>>> LocalDatabase
data >>>> LocalDatabase
data >>>> LocalDatabase
data >>>> LocalDatabase
data >>>> LocalDatabase
 Connect with ATOM LITE ESP32 Via UART have a proplem
data >>>> LocalDatabase
data >>>> LocalDatabase
data >>>> LocalDatabase
data >>>> LocalDatabase
data >>>> LocalDatabase
data >>>> LocalDatabase
data >>>> LocalDatabase
data >>>> LocalDatabase
data >>>> LocalDatabase
data >>>> LocalDatabase
data >>>> LocalDatabase
data >>>> LocalDatabase
data >>>> LocalDatabase
data >>>> LocalDatabase
data >>>> LocalDatabase
data >>>> LocalDatabase
data >>>> LocalDatabase
data >>>> LocalDatabase
data >>>> LocalDatabase
data >>>> LocalDatabase
data >>>> LocalDatabase
data >>>> LocalDatabase
data >>>> LocalDatabase
data >>>> LocalDatabase
data >>>> LocalDatabase
data >>>> LocalDatabase
data >>>> LocalDatabase
data >>>> LocalDatabase
data >>>> LocalDatabase
data >>>> LocalDatabase
data >>>> LocalDatabase
data >>>> LocalDatabase
data >>>> LocalDatabase
data >>>> LocalDatabase
 Connect with ATOM LITE ESP32 Via UART have a proplem
data >>>> LocalDatabase
data >>>> LocalDatabase
data >>>> LocalDatabase
 Connect with ATOM LITE ESP32 Via UART have a proplem
data >>>> LocalDatabase
data >>>> LocalDatabase
data >>>> LocalDatabase
data >>>> LocalDatabase
data >>>> LocalDatabase
data >>>> LocalDatabase
 Connect with ATOM LITE ESP32 Via UART have a proplem
data >>>> LocalDatabase
data >>>> LocalDatabase
data >>>> LocalDatabase
data >>>> LocalDatabase
data >>>> LocalDatabase
 Connect with ATOM LITE ESP32 Via UART have a proplem
data >>>> LocalDatabase
data >>>> LocalDatabase
data >>>> LocalDatabase
data >>>> LocalDatabase
data >>>> LocalDatabase
data >>>> LocalDatabase
data >>>> LocalDatabase
 Connect with ATOM LITE ESP32 Via UART have a proplem
data >>>> LocalDatabase
data >>>> LocalDatabase
data >>>> LocalDatabase
data >>>> LocalDatabase
data >>>> LocalDatabase
 Connect with ATOM LITE ESP32 Via UART have a proplem
data >>>> LocalDatabase
data >>>> LocalDatabase
data >>>> LocalDatabase
data >>>> LocalDatabase
 Connect with ATOM LITE ESP32 Via UART have a proplem
data >>>> LocalDatabase
data >>>> LocalDatabase
data >>>> LocalDatabase
data >>>> LocalDatabase
data >>>> LocalDatabase
data >>>> LocalDatabase
data >>>> LocalDatabase
data >>>> LocalDatabase
data >>>> LocalDatabase
data >>>> LocalDatabase
data >>>> LocalDatabase
data >>>> LocalDatabase
data >>>> LocalDatabase
data >>>> LocalDatabase
 Connect with ATOM LITE ESP32 Via UART have a proplem
data >>>> LocalDatabase
data >>>> LocalDatabase
data >>>> LocalDatabase
data >>>> LocalDatabase
data >>>> LocalDatabase
data >>>> LocalDatabase
data >>>> LocalDatabase
data >>>> LocalDatabase
data >>>> LocalDatabase
data >>>> LocalDatabase
data >>>> LocalDatabase
data >>>> LocalDatabase
data >>>> LocalDatabase
Data decoding error: 'utf-8' codec can't decode byte 0xfe in position 517: invalid start byte
 Connect with ATOM LITE ESP32 Via UART have a proplem
 Connect with ATOM LITE ESP32 Via UART have a proplem
 Connect with ATOM LITE ESP32 Via UART have a proplem
 Connect with ATOM LITE ESP32 Via UART have a proplem
 Connect with ATOM LITE ESP32 Via UART have a proplem
 Connect with ATOM LITE ESP32 Via UART have a proplem
 Connect with ATOM LITE ESP32 Via UART have a proplem
 Connect with ATOM LITE ESP32 Via UART have a proplem
 Connect with ATOM LITE ESP32 Via UART have a proplem
 Connect with ATOM LITE ESP32 Via UART have a proplem
 Connect with ATOM LITE ESP32 Via UART have a proplem
 Connect with ATOM LITE ESP32 Via UART have a proplemError: NetworkManager is not running.
Error: NetworkManager is not running.
Error: NetworkManager is not running.

 Connect with ATOM LITE ESP32 Via UART have a proplem
 Connect with ATOM LITE ESP32 Via UART have a proplem
 Connect with ATOM LITE ESP32 Via UART have a proplem
 Connect with ATOM LITE ESP32 Via UART have a proplem
 Connect with ATOM LITE ESP32 Via UART have a proplem
 Connect with ATOM LITE ESP32 Via UART have a proplem
 Connect with ATOM LITE ESP32 Via UART have a proplem
 Connect with ATOM LITE ESP32 Via UART have a proplem
 Connect with ATOM LITE ESP32 Via UART have a proplem
 Connect with ATOM LITE ESP32 Via UART have a proplem
 Connect with ATOM LITE ESP32 Via UART have a proplem
 Connect with ATOM LITE ESP32 Via UART have a proplem
 Connect with ATOM LITE ESP32 Via UART have a proplem
 Connect with ATOM LITE ESP32 Via UART have a proplem
 Connect with ATOM LITE ESP32 Via UART have a proplem
 Connect with ATOM LITE ESP32 Via UART have a proplem
 Connect with ATOM LITE ESP32 Via UART have a proplem
 Connect with ATOM LITE ESP32 Via UART have a proplem
 Connect with ATOM LITE ESP32 Via UART have a proplem
 Connect with ATOM LITE ESP32 Via UART have a proplem
 Connect with ATOM LITE ESP32 Via UART have a proplem
 Connect with ATOM LITE ESP32 Via UART have a proplem
 Connect with ATOM LITE ESP32 Via UART have a proplem
 Connect with ATOM LITE ESP32 Via UART have a proplem
 Connect with ATOM LITE ESP32 Via UART have a proplem
 Connect with ATOM LITE ESP32 Via UART have a proplem
 Connect with ATOM LITE ESP32 Via UART have a proplem
 Connect with ATOM LITE ESP32 Via UART have a proplem
 Connect with ATOM LITE ESP32 Via UART have a proplem
 Connect with ATOM LITE ESP32 Via UART have a proplem
 Connect with ATOM LITE ESP32 Via UART have a proplem
 Connect with ATOM LITE ESP32 Via UART have a proplem
 Connect with ATOM LITE ESP32 Via UART have a proplem
 Connect with ATOM LITE ESP32 Via UART have a proplem
 Connect with ATOM LITE ESP32 Via UART have a proplem
 Connect with ATOM LITE ESP32 Via UART have a proplem
 Connect with ATOM LITE ESP32 Via UART have a proplem
 Connect with ATOM LITE ESP32 Via UART have a proplem
 Connect with ATOM LITE ESP32 Via UART have a proplem
 Connect with ATOM LITE ESP32 Via UART have a proplem
 Connect with ATOM LITE ESP32 Via UART have a proplem
 Connect with ATOM LITE ESP32 Via UART have a proplem
 Connect with ATOM LITE ESP32 Via UART have a proplem
 Connect with ATOM LITE ESP32 Via UART have a proplem
 Connect with ATOM LITE ESP32 Via UART have a proplem
 Connect with ATOM LITE ESP32 Via UART have a proplem
 Connect with ATOM LITE ESP32 Via UART have a proplem
 Connect with ATOM LITE ESP32 Via UART have a proplem
 Connect with ATOM LITE ESP32 Via UART have a proplem
 Connect with ATOM LITE ESP32 Via UART have a proplem
 Connect with ATOM LITE ESP32 Via UART have a proplem
 Connect with ATOM LITE ESP32 Via UART have a proplem
 Connect with ATOM LITE ESP32 Via UART have a proplem
 Connect with ATOM LITE ESP32 Via UART have a proplem
 Connect with ATOM LITE ESP32 Via UART have a proplem
 Connect with ATOM LITE ESP32 Via UART have a proplem
 Connect with ATOM LITE ESP32 Via UART have a proplem
 Connect with ATOM LITE ESP32 Via UART have a proplem
 Connect with ATOM LITE ESP32 Via UART have a proplem
 Connect with ATOM LITE ESP32 Via UART have a proplem
 Connect with ATOM LITE ESP32 Via UART have a proplem
 Connect with ATOM LITE ESP32 Via UART have a proplem
 Connect with ATOM LITE ESP32 Via UART have a proplem
 Connect with ATOM LITE ESP32 Via UART have a proplem
 Connect with ATOM LITE ESP32 Via UART have a proplem
 Connect with ATOM LITE ESP32 Via UART have a proplem
 Connect with ATOM LITE ESP32 Via UART have a proplem
 Connect with ATOM LITE ESP32 Via UART have a proplem
 Connect with ATOM LITE ESP32 Via UART have a proplem
 Connect with ATOM LITE ESP32 Via UART have a proplem
 Connect with ATOM LITE ESP32 Via UART have a proplem
 Connect with ATOM LITE ESP32 Via UART have a proplem
 Connect with ATOM LITE ESP32 Via UART have a proplem
 Connect with ATOM LITE ESP32 Via UART have a proplem
 Connect with ATOM LITE ESP32 Via UART have a proplem
 Connect with ATOM LITE ESP32 Via UART have a proplem
 Connect with ATOM LITE ESP32 Via UART have a proplem
 Connect with ATOM LITE ESP32 Via UART have a proplem
 Connect with ATOM LITE ESP32 Via UART have a proplem
 Connect with ATOM LITE ESP32 Via UART have a proplem
 Connect with ATOM LITE ESP32 Via UART have a proplem
 Connect with ATOM LITE ESP32 Via UART have a proplem
 Connect with ATOM LITE ESP32 Via UART have a proplem
 Connect with ATOM LITE ESP32 Via UART have a proplem
 Connect with ATOM LITE ESP32 Via UART have a proplem
 Connect with ATOM LITE ESP32 Via UART have a proplem
 Connect with ATOM LITE ESP32 Via UART have a proplem
 Connect with ATOM LITE ESP32 Via UART have a proplem
 Connect with ATOM LITE ESP32 Via UART have a proplem
 Connect with ATOM LITE ESP32 Via UART have a proplem
 Connect with ATOM LITE ESP32 Via UART have a proplem
 Connect with ATOM LITE ESP32 Via UART have a proplem
 Connect with ATOM LITE ESP32 Via UART have a proplem
 Connect with ATOM LITE ESP32 Via UART have a proplem
 Connect with ATOM LITE ESP32 Via UART have a proplem
 Connect with ATOM LITE ESP32 Via UART have a proplem
 Connect with ATOM LITE ESP32 Via UART have a proplem
 Connect with ATOM LITE ESP32 Via UART have a proplem
 Connect with ATOM LITE ESP32 Via UART have a proplem
 Connect with ATOM LITE ESP32 Via UART have a proplem
 Connect with ATOM LITE ESP32 Via UART have a proplem
 Connect with ATOM LITE ESP32 Via UART have a proplem
 Connect with ATOM LITE ESP32 Via UART have a proplem
 Connect with ATOM LITE ESP32 Via UART have a proplem
 Connect with ATOM LITE ESP32 Via UART have a proplem
 Connect with ATOM LITE ESP32 Via UART have a proplem
 Connect with ATOM LITE ESP32 Via UART have a proplem
 Connect with ATOM LITE ESP32 Via UART have a proplem
 Connect with ATOM LITE ESP32 Via UART have a proplem
 Connect with ATOM LITE ESP32 Via UART have a proplem
 Connect with ATOM LITE ESP32 Via UART have a proplem
 Connect with ATOM LITE ESP32 Via UART have a proplem
 Connect with ATOM LITE ESP32 Via UART have a proplem
 Connect with ATOM LITE ESP32 Via UART have a proplem
 Connect with ATOM LITE ESP32 Via UART have a proplem
 Connect with ATOM LITE ESP32 Via UART have a proplem
 Connect with ATOM LITE ESP32 Via UART have a proplem
 Connect with ATOM LITE ESP32 Via UART have a proplem
 Connect with ATOM LITE ESP32 Via UART have a proplem
 Connect with ATOM LITE ESP32 Via UART have a proplem
 Connect with ATOM LITE ESP32 Via UART have a proplem
 Connect with ATOM LITE ESP32 Via UART have a proplem
 Connect with ATOM LITE ESP32 Via UART have a proplem
 Connect with ATOM LITE ESP32 Via UART have a proplem
 Connect with ATOM LITE ESP32 Via UART have a proplem
 Connect with ATOM LITE ESP32 Via UART have a proplem
 Connect with ATOM LITE ESP32 Via UART have a proplem
 Connect with ATOM LITE ESP32 Via UART have a proplem
 Connect with ATOM LITE ESP32 Via UART have a proplem
 Connect with ATOM LITE ESP32 Via UART have a proplem
 Connect with ATOM LITE ESP32 Via UART have a proplem
 Connect with ATOM LITE ESP32 Via UART have a proplem
 Connect with ATOM LITE ESP32 Via UART have a proplem
 Connect with ATOM LITE ESP32 Via UART have a proplem
 Connect with ATOM LITE ESP32 Via UART have a proplem
 Connect with ATOM LITE ESP32 Via UART have a proplem
 Connect with ATOM LITE ESP32 Via UART have a proplem
 Connect with ATOM LITE ESP32 Via UART have a proplem
 Connect with ATOM LITE ESP32 Via UART have a proplem
 Connect with ATOM LITE ESP32 Via UART have a proplem
 Connect with ATOM LITE ESP32 Via UART have a proplem
 Connect with ATOM LITE ESP32 Via UART have a proplem
 Connect with ATOM LITE ESP32 Via UART have a proplem
 Connect with ATOM LITE ESP32 Via UART have a proplem
 Connect with ATOM LITE ESP32 Via UART have a proplem
 Connect with ATOM LITE ESP32 Via UART have a proplem
 Connect with ATOM LITE ESP32 Via UART have a proplem
 Connect with ATOM LITE ESP32 Via UART have a proplem
 Connect with ATOM LITE ESP32 Via UART have a proplem
 Connect with ATOM LITE ESP32 Via UART have a proplem
 Connect with ATOM LITE ESP32 Via UART have a proplem
 Connect with ATOM LITE ESP32 Via UART have a proplemError: NetworkManager is not running.
Error: NetworkManager is not running.
                                      Error: NetworkManager is not running.
Error: NetworkManager is not running.
Error: NetworkManager is not running.
Error: NetworkManager is not running.
Error: NetworkManager is not running.
Error: NetworkManager is not running.
Error: NetworkManager is not running.
Waiting for Wi-Fi to be available...
Wi-Fi connection established
Waiting for Wi-Fi to be available...
Wi-Fi connection established
Waiting for Wi-Fi to be available...
Wi-Fi connection established
Table on remote Database already exists, no action taken.
Error: NetworkManager is not running.
Error: NetworkManager is not running.
Error: NetworkManager is not running.
Error: NetworkManager is not running.
Error: NetworkManager is not running.
Error: NetworkManager is not running.
Error: NetworkManager is not running.
Error: NetworkManager is not running.
Error: NetworkManager is not running.
Error: NetworkManager is not running.
Error: NetworkManager is not running.
Error: NetworkManager is not running.
Error: NetworkManager is not running.
Error: NetworkManager is not running.
Error: NetworkManager is not running.
Error: NetworkManager is not running.
Error: NetworkManager is not running.
Error: NetworkManager is not running.
Error: NetworkManager is not running.
Error: NetworkManager is not running.
Error: NetworkManager is not running.
Error: NetworkManager is not running.
Error: NetworkManager is not running.
Error: NetworkManager is not running.
Error: NetworkManager is not running.
Error: NetworkManager is not running.
Error: NetworkManager is not running.
Error: NetworkManager is not running.
Error: NetworkManager is not running.
Error: NetworkManager is not running.
Error: NetworkManager is not running.
Error: NetworkManager is not running.
Error: NetworkManager is not running.
Error: NetworkManager is not running.
Error: NetworkManager is not running.
Error: NetworkManager is not running.
Error: NetworkManager is not running.
Error: NetworkManager is not running.
Error: NetworkManager is not running.
Error: NetworkManager is not running.
Error: NetworkManager is not running.
Error: NetworkManager is not running.
Error: NetworkManager is not running.
Error: NetworkManager is not running.
Error: NetworkManager is not running.
Error: NetworkManager is not running.
Error: NetworkManager is not running.
Error: NetworkManager is not running.
Error: NetworkManager is not running.
Error: NetworkManager is not running.
Error: NetworkManager is not running.
Error: NetworkManager is not running.
Error: NetworkManager is not running.
Error: NetworkManager is not running.
Error: NetworkManager is not running.
Error: NetworkManager is not running.
Error: NetworkManager is not running.
Error: NetworkManager is not running.
Error: NetworkManager is not running.
Error: NetworkManager is not running.
Error: NetworkManager is not running.
Error: NetworkManager is not running.
Error: NetworkManager is not running.
Error: NetworkManager is not running.
Error: NetworkManager is not running.
Error: NetworkManager is not running.
Error: NetworkManager is not running.
Error: NetworkManager is not running.
Error: NetworkManager is not running.
Error: NetworkManager is not running.
Error: NetworkManager is not running.
Error: NetworkManager is not running.
Error: NetworkManager is not running.
Error: NetworkManager is not running.
Error: NetworkManager is not running.
Error: NetworkManager is not running.
Error: NetworkManager is not running.
Error: NetworkManager is not running.
Error: NetworkManager is not running.
Error: NetworkManager is not running.
Error: NetworkManager is not running.
Error: NetworkManager is not running.
Error: NetworkManager is not running.
Error: NetworkManager is not running.
Error: NetworkManager is not running.
Error: NetworkManager is not running.
Error: NetworkManager is not running.
Error: NetworkManager is not running.
Error: NetworkManager is not running.
Error: NetworkManager is not running.
Error: NetworkManager is not running.
Error: NetworkManager is not running.
Error: NetworkManager is not running.
Error: NetworkManager is not running.
Error: NetworkManager is not running.
Error: NetworkManager is not running.
Error: NetworkManager is not running.
Error: NetworkManager is not running.
Error: NetworkManager is not running.
Error: NetworkManager is not running.
Error: NetworkManager is not running.
Error: NetworkManager is not running.
Error: NetworkManager is not running.
 Connect with ATOM LITE ESP32 Via UART have a proplem
data >>>> LocalDatabase
data >>>> LocalDatabase
data >>>> LocalDatabase
data >>>> LocalDatabase
data >>>> LocalDatabase
data >>>> LocalDatabase
data >>>> LocalDatabase
data >>>> LocalDatabase
data >>>> LocalDatabase
data >>>> LocalDatabase
data >>>> LocalDatabase
data >>>> LocalDatabase
data >>>> LocalDatabase
data >>>> LocalDatabase
data >>>> LocalDatabase
data >>>> LocalDatabase
data >>>> LocalDatabase
data >>>> LocalDatabase
data >>>> LocalDatabase
data >>>> LocalDatabase
data >>>> LocalDatabase
data >>>> LocalDatabase
data >>>> LocalDatabase
data >>>> LocalDatabase
data >>>> LocalDatabase
data >>>> LocalDatabase
data >>>> LocalDatabase
 Connect with ATOM LITE ESP32 Via UART have a proplem
data >>>> LocalDatabase
data >>>> LocalDatabase
data >>>> LocalDatabase
data >>>> LocalDatabase
data >>>> LocalDatabase
data >>>> LocalDatabase
data >>>> LocalDatabase
data >>>> LocalDatabase
data >>>> LocalDatabase
data >>>> LocalDatabase
data >>>> LocalDatabase
data >>>> LocalDatabase
data >>>> LocalDatabase
data >>>> LocalDatabase
data >>>> LocalDatabase
data >>>> LocalDatabase
data >>>> LocalDatabase
data >>>> LocalDatabase
data >>>> LocalDatabase
data >>>> LocalDatabase
data >>>> LocalDatabase
data >>>> LocalDatabase
data >>>> LocalDatabase
data >>>> LocalDatabase
data >>>> LocalDatabase
data >>>> LocalDatabase
data >>>> LocalDatabase
data >>>> LocalDatabase
data >>>> LocalDatabase
data >>>> LocalDatabase
data >>>> LocalDatabase
data >>>> LocalDatabase
data >>>> LocalDatabase
data >>>> LocalDatabase
data >>>> LocalDatabase
data >>>> LocalDatabase
data >>>> LocalDatabase
data >>>> LocalDatabase
data >>>> LocalDatabase
data >>>> LocalDatabase
data >>>> LocalDatabase
data >>>> LocalDatabase
data >>>> LocalDatabase
data >>>> LocalDatabase
data >>>> LocalDatabase
data >>>> LocalDatabase
data >>>> LocalDatabase
data >>>> LocalDatabase
data >>>> LocalDatabase
data >>>> LocalDatabase
data >>>> LocalDatabase
data >>>> LocalDatabase
data >>>> LocalDatabase
data >>>> LocalDatabase
data >>>> LocalDatabase
data >>>> LocalDatabase
data >>>> LocalDatabase
data >>>> LocalDatabase
data >>>> LocalDatabase
data >>>> LocalDatabase
data >>>> LocalDatabase
data >>>> LocalDatabase
data >>>> LocalDatabase
data >>>> LocalDatabase
data >>>> LocalDatabase
data >>>> LocalDatabase
data >>>> LocalDatabase
data >>>> LocalDatabase
data >>>> LocalDatabase
data >>>> LocalDatabase
data >>>> LocalDatabase
data >>>> LocalDatabase
data >>>> LocalDatabase
data >>>> LocalDatabase
data >>>> LocalDatabase
data >>>> LocalDatabase
data >>>> LocalDatabase
data >>>> LocalDatabase
data >>>> LocalDatabase
data >>>> LocalDatabase
data >>>> LocalDatabase
data >>>> LocalDatabase
data >>>> LocalDatabase
data >>>> LocalDatabase
data >>>> LocalDatabase
data >>>> LocalDatabase
data >>>> LocalDatabase
data >>>> LocalDatabase
data >>>> LocalDatabase
data >>>> LocalDatabase
data >>>> LocalDatabase
data >>>> LocalDatabase
data >>>> LocalDatabase
data >>>> LocalDatabase
data >>>> LocalDatabase
data >>>> LocalDatabase
data >>>> LocalDatabase
data >>>> LocalDatabase
data >>>> LocalDatabase
data >>>> LocalDatabase
data >>>> LocalDatabase
data >>>> LocalDatabase
data >>>> LocalDatabase
data >>>> LocalDatabase
data >>>> LocalDatabase
data >>>> LocalDatabase
data >>>> LocalDatabase
data >>>> LocalDatabase
data >>>> LocalDatabase
data >>>> LocalDatabase
data >>>> LocalDatabase
data >>>> LocalDatabase
data >>>> LocalDatabase
data >>>> LocalDatabase
data >>>> LocalDatabase
data >>>> LocalDatabase
data >>>> LocalDatabase
data >>>> LocalDatabase
data >>>> LocalDatabase
data >>>> LocalDatabase
data >>>> LocalDatabase
data >>>> LocalDatabase
data >>>> LocalDatabase
data >>>> LocalDatabase
data >>>> LocalDatabase
data >>>> LocalDatabase
data >>>> LocalDatabase
data >>>> LocalDatabase
data >>>> LocalDatabase
data >>>> LocalDatabase
data >>>> LocalDatabase
data >>>> LocalDatabase
data >>>> LocalDatabase
data >>>> LocalDatabase
data >>>> LocalDatabase
data >>>> LocalDatabase
data >>>> LocalDatabase
data >>>> LocalDatabase
data >>>> LocalDatabase
data >>>> LocalDatabase
data >>>> LocalDatabase
data >>>> LocalDatabase
data >>>> LocalDatabase
data >>>> LocalDatabase
data >>>> LocalDatabase
data >>>> LocalDatabase
data >>>> LocalDatabase
data >>>> LocalDatabase
data >>>> LocalDatabase
data >>>> LocalDatabase
data >>>> LocalDatabase
data >>>> LocalDatabase
data >>>> LocalDatabase
data >>>> LocalDatabase
data >>>> LocalDatabase
data >>>> LocalDatabase
data >>>> LocalDatabase
data >>>> LocalDatabase
data >>>> LocalDatabase
data >>>> LocalDatabase
data >>>> LocalDatabase
data >>>> LocalDatabase
 Connect with ATOM LITE ESP32 Via UART have a proplem
data >>>> LocalDatabase
data >>>> LocalDatabase
data >>>> LocalDatabase
data >>>> LocalDatabase
data >>>> LocalDatabase
data >>>> LocalDatabase
data >>>> LocalDatabase
data >>>> LocalDatabase
data >>>> LocalDatabase
data >>>> LocalDatabase
data >>>> LocalDatabase
data >>>> LocalDatabase
data >>>> LocalDatabase
data >>>> LocalDatabase
data >>>> LocalDatabase
data >>>> LocalDatabase
data >>>> LocalDatabase
data >>>> LocalDatabase
data >>>> LocalDatabase
data >>>> LocalDatabase
data >>>> LocalDatabase
data >>>> LocalDatabase
data >>>> LocalDatabase
data >>>> LocalDatabase
data >>>> LocalDatabase
data >>>> LocalDatabase
data >>>> LocalDatabase
data >>>> LocalDatabase
data >>>> LocalDatabase
data >>>> LocalDatabase
data >>>> LocalDatabase
data >>>> LocalDatabase
data >>>> LocalDatabase
data >>>> LocalDatabase
data >>>> LocalDatabase
data >>>> LocalDatabase
data >>>> LocalDatabase
data >>>> LocalDatabase
data >>>> LocalDatabase
data >>>> LocalDatabase
data >>>> LocalDatabase
data >>>> LocalDatabase
data >>>> LocalDatabase
data >>>> LocalDatabase
data >>>> LocalDatabase
data >>>> LocalDatabase
data >>>> LocalDatabase
data >>>> LocalDatabase
data >>>> LocalDatabase
data >>>> LocalDatabase
data >>>> LocalDatabase
data >>>> LocalDatabase
data >>>> LocalDatabase
data >>>> LocalDatabase
data >>>> LocalDatabase
data >>>> LocalDatabase
data >>>> LocalDatabase
data >>>> LocalDatabase
data >>>> LocalDatabase
data >>>> LocalDatabase
data >>>> LocalDatabase
data >>>> LocalDatabase
data >>>> LocalDatabase
data >>>> LocalDatabase
data >>>> LocalDatabase
data >>>> LocalDatabase
data >>>> LocalDatabase
data >>>> LocalDatabase
data >>>> LocalDatabase
data >>>> LocalDatabase
data >>>> LocalDatabase
data >>>> LocalDatabase
 Connect with ATOM LITE ESP32 Via UART have a proplem
data >>>> LocalDatabase
data >>>> LocalDatabase
data >>>> LocalDatabase
data >>>> LocalDatabase
data >>>> LocalDatabase
data >>>> LocalDatabase
data >>>> LocalDatabase
data >>>> LocalDatabase
data >>>> LocalDatabase
data >>>> LocalDatabase
data >>>> LocalDatabase
data >>>> LocalDatabase
data >>>> LocalDatabase
data >>>> LocalDatabase
data >>>> LocalDatabase
data >>>> LocalDatabase
data >>>> LocalDatabase
data >>>> LocalDatabase
data >>>> LocalDatabase
data >>>> LocalDatabase
 Connect with ATOM LITE ESP32 Via UART have a proplem
data >>>> LocalDatabase
data >>>> LocalDatabase
data >>>> LocalDatabase
data >>>> LocalDatabase
 Connect with ATOM LITE ESP32 Via UART have a proplem
data >>>> LocalDatabase
data >>>> LocalDatabase
data >>>> LocalDatabase
data >>>> LocalDatabase
data >>>> LocalDatabase
data >>>> LocalDatabase
data >>>> LocalDatabase
data >>>> LocalDatabase
data >>>> LocalDatabase
data >>>> LocalDatabase
data >>>> LocalDatabase
data >>>> LocalDatabase
data >>>> LocalDatabase
data >>>> LocalDatabase
data >>>> LocalDatabase
data >>>> LocalDatabase
data >>>> LocalDatabase
data >>>> LocalDatabase
data >>>> LocalDatabase
data >>>> LocalDatabase
data >>>> LocalDatabase
data >>>> LocalDatabase
data >>>> LocalDatabase
data >>>> LocalDatabase
data >>>> LocalDatabase
data >>>> LocalDatabase
data >>>> LocalDatabase
data >>>> LocalDatabase
data >>>> LocalDatabase
data >>>> LocalDatabase
data >>>> LocalDatabase
data >>>> LocalDatabase
data >>>> LocalDatabase
data >>>> LocalDatabase
data >>>> LocalDatabase
data >>>> LocalDatabase
data >>>> LocalDatabase
data >>>> LocalDatabase
data >>>> LocalDatabase
data >>>> LocalDatabase
data >>>> LocalDatabase
data >>>> LocalDatabase
data >>>> LocalDatabaseError: NetworkManager is not running.
Error: NetworkManager is not running.
Error: NetworkManager is not running.
Error: NetworkManager is not running.
Error: NetworkManager is not running.
Error: NetworkManager is not running.
Error: NetworkManager is not running.
Error: NetworkManager is not running.
Error: NetworkManager is not running.
Error: NetworkManager is not running.
Waiting for Wi-Fi to be available...
Wi-Fi connection established
Waiting for Wi-Fi to be available...
Wi-Fi connection established
Waiting for Wi-Fi to be available...
Wi-Fi connection established
Waiting for Wi-Fi to be available...
Wi-Fi connection established
Table on remote Database already exists, no action taken.
Error: NetworkManager is not running.
Error: NetworkManager is not running.
Error: NetworkManager is not running.
Error: NetworkManager is not running.
Error: NetworkManager is not running.
Error: NetworkManager is not running.
Error: NetworkManager is not running.
Error: NetworkManager is not running.
Error: NetworkManager is not running.
Error: NetworkManager is not running.
Error: NetworkManager is not running.
Error: NetworkManager is not running.
Waiting for Wi-Fi to be available...
Wi-Fi connection established
Waiting for Wi-Fi to be available...
Wi-Fi connection established
Waiting for Wi-Fi to be available...
Wi-Fi connection established
Waiting for Wi-Fi to be available...
Wi-Fi connection established
Table on remote Database already exists, no action taken.
Error: NetworkManager is not running.
Error: NetworkManager is not running.
Error: NetworkManager is not running.
Error: NetworkManager is not running.
Error: NetworkManager is not running.
Error: NetworkManager is not running.
Error: NetworkManager is not running.
Error: NetworkManager is not running.
Error: NetworkManager is not running.
Error: NetworkManager is not running.
Error: NetworkManager is not running.
Error: NetworkManager is not running.
Error: NetworkManager is not running.
Error: NetworkManager is not running.
Error: NetworkManager is not running.
Error: NetworkManager is not running.
Error: NetworkManager is not running.
Error: NetworkManager is not running.
Error: NetworkManager is not running.
Error: NetworkManager is not running.
Error: NetworkManager is not running.
Error: NetworkManager is not running.
Error: NetworkManager is not running.
Error: NetworkManager is not running.
Error: NetworkManager is not running.
 Connect with ATOM LITE ESP32 Via UART have a proplem
data >>>> LocalDatabase
data >>>> LocalDatabase
data >>>> LocalDatabase
data >>>> LocalDatabase
data >>>> LocalDatabase
data >>>> LocalDatabase
data >>>> LocalDatabase
data >>>> LocalDatabase
data >>>> LocalDatabase
data >>>> LocalDatabase
data >>>> LocalDatabase
data >>>> LocalDatabase
data >>>> LocalDatabase
data >>>> LocalDatabase
data >>>> LocalDatabase
data >>>> LocalDatabase
data >>>> LocalDatabase
data >>>> LocalDatabase
data >>>> LocalDatabase
data >>>> LocalDatabase
data >>>> LocalDatabase
 Connect with ATOM LITE ESP32 Via UART have a proplem
data >>>> LocalDatabase
data >>>> LocalDatabase
data >>>> LocalDatabase
data >>>> LocalDatabase
data >>>> LocalDatabase
data >>>> LocalDatabase
data >>>> LocalDatabase
data >>>> LocalDatabase
data >>>> LocalDatabase
data >>>> LocalDatabase
data >>>> LocalDatabase
data >>>> LocalDatabase
data >>>> LocalDatabase
data >>>> LocalDatabase
data >>>> LocalDatabase
data >>>> LocalDatabase
data >>>> LocalDatabase
 Connect with ATOM LITE ESP32 Via UART have a proplem
data >>>> LocalDatabase
 Connect with ATOM LITE ESP32 Via UART have a proplem
data >>>> LocalDatabase
data >>>> LocalDatabase
data >>>> LocalDatabase
data >>>> LocalDatabase
data >>>> LocalDatabase
data >>>> LocalDatabase
data >>>> LocalDatabase
data >>>> LocalDatabase
 Connect with ATOM LITE ESP32 Via UART have a proplem
data >>>> LocalDatabase
data >>>> LocalDatabase
 Connect with ATOM LITE ESP32 Via UART have a proplem
data >>>> LocalDatabase
 Connect with ATOM LITE ESP32 Via UART have a proplem
data >>>> LocalDatabase
data >>>> LocalDatabase
data >>>> LocalDatabase
data >>>> LocalDatabase
data >>>> LocalDatabase
data >>>> LocalDatabase
data >>>> LocalDatabase
data >>>> LocalDatabase
data >>>> LocalDatabase
data >>>> LocalDatabase
 Connect with ATOM LITE ESP32 Via UART have a proplem
data >>>> LocalDatabase
data >>>> LocalDatabase
data >>>> LocalDatabase
data >>>> LocalDatabase
data >>>> LocalDatabase
data >>>> LocalDatabase
data >>>> LocalDatabase
data >>>> LocalDatabase
data >>>> LocalDatabase
data >>>> LocalDatabase
data >>>> LocalDatabase
data >>>> LocalDatabase
data >>>> LocalDatabase
data >>>> LocalDatabase
data >>>> LocalDatabase
data >>>> LocalDatabase
data >>>> LocalDatabase
data >>>> LocalDatabase
data >>>> LocalDatabase
data >>>> LocalDatabase
data >>>> LocalDatabase
data >>>> LocalDatabase
data >>>> LocalDatabase
data >>>> LocalDatabase
data >>>> LocalDatabase
data >>>> LocalDatabase
data >>>> LocalDatabase
data >>>> LocalDatabase
data >>>> LocalDatabase
data >>>> LocalDatabase
data >>>> LocalDatabase
data >>>> LocalDatabase
data >>>> LocalDatabase
data >>>> LocalDatabase
data >>>> LocalDatabase
data >>>> LocalDatabase
data >>>> LocalDatabase
data >>>> LocalDatabase
data >>>> LocalDatabase
data >>>> LocalDatabase
data >>>> LocalDatabase
data >>>> LocalDatabase
data >>>> LocalDatabase
data >>>> LocalDatabase
data >>>> LocalDatabase
data >>>> LocalDatabase
data >>>> LocalDatabase
data >>>> LocalDatabase
data >>>> LocalDatabase
data >>>> LocalDatabase
data >>>> LocalDatabase
data >>>> LocalDatabase
data >>>> LocalDatabase
data >>>> LocalDatabase
data >>>> LocalDatabase
data >>>> LocalDatabase
data >>>> LocalDatabase
data >>>> LocalDatabase
data >>>> LocalDatabase
data >>>> LocalDatabase
data >>>> LocalDatabase
data >>>> LocalDatabase
data >>>> LocalDatabase
data >>>> LocalDatabase
data >>>> LocalDatabase
data >>>> LocalDatabase
data >>>> LocalDatabase
data >>>> LocalDatabase
data >>>> LocalDatabase
data >>>> LocalDatabase
data >>>> LocalDatabase
data >>>> LocalDatabase
data >>>> LocalDatabase
data >>>> LocalDatabase
data >>>> LocalDatabase
 Connect with ATOM LITE ESP32 Via UART have a proplem
 Connect with ATOM LITE ESP32 Via UART have a proplem
 Connect with ATOM LITE ESP32 Via UART have a proplem
 Connect with ATOM LITE ESP32 Via UART have a proplem
 Connect with ATOM LITE ESP32 Via UART have a proplem
 Connect with ATOM LITE ESP32 Via UART have a proplem
 Connect with ATOM LITE ESP32 Via UART have a proplem
 Connect with ATOM LITE ESP32 Via UART have a proplem
 Connect with ATOM LITE ESP32 Via UART have a proplem
 Connect with ATOM LITE ESP32 Via UART have a proplem
 Connect with ATOM LITE ESP32 Via UART have a proplem
 Connect with ATOM LITE ESP32 Via UART have a proplem
 Connect with ATOM LITE ESP32 Via UART have a proplem
 Connect with ATOM LITE ESP32 Via UART have a proplem
 Connect with ATOM LITE ESP32 Via UART have a proplem
 Connect with ATOM LITE ESP32 Via UART have a proplem
 Connect with ATOM LITE ESP32 Via UART have a proplem
 Connect with ATOM LITE ESP32 Via UART have a proplem
 Connect with ATOM LITE ESP32 Via UART have a proplem
 Connect with ATOM LITE ESP32 Via UART have a proplem
 Connect with ATOM LITE ESP32 Via UART have a proplem
 Connect with ATOM LITE ESP32 Via UART have a proplem
 Connect with ATOM LITE ESP32 Via UART have a proplem
 Connect with ATOM LITE ESP32 Via UART have a proplem
 Connect with ATOM LITE ESP32 Via UART have a proplem
 Connect with ATOM LITE ESP32 Via UART have a proplem
 Connect with ATOM LITE ESP32 Via UART have a proplem
 Connect with ATOM LITE ESP32 Via UART have a proplem
 Connect with ATOM LITE ESP32 Via UART have a proplem
 Connect with ATOM LITE ESP32 Via UART have a proplem
 Connect with ATOM LITE ESP32 Via UART have a proplem
 Connect with ATOM LITE ESP32 Via UART have a proplem
 Connect with ATOM LITE ESP32 Via UART have a proplem
data >>>> LocalDatabase
data >>>> LocalDatabase
data >>>> LocalDatabase
data >>>> LocalDatabase
data >>>> LocalDatabase
data >>>> LocalDatabase
data >>>> LocalDatabase
data >>>> LocalDatabase
data >>>> LocalDatabase
 Connect with ATOM LITE ESP32 Via UART have a proplem
data >>>> LocalDatabase
data >>>> LocalDatabase
data >>>> LocalDatabase
data >>>> LocalDatabase
data >>>> LocalDatabase
data >>>> LocalDatabase
data >>>> LocalDatabase
data >>>> LocalDatabase
data >>>> LocalDatabase
data >>>> LocalDatabase
data >>>> LocalDatabase
data >>>> LocalDatabase
data >>>> LocalDatabase
data >>>> LocalDatabase
data >>>> LocalDatabase
data >>>> LocalDatabase
data >>>> LocalDatabase
data >>>> LocalDatabase
data >>>> LocalDatabase
data >>>> LocalDatabase
data >>>> LocalDatabase
data >>>> LocalDatabase
data >>>> LocalDatabase
data >>>> LocalDatabase
data >>>> LocalDatabase
data >>>> LocalDatabase
data >>>> LocalDatabase
data >>>> LocalDatabase
data >>>> LocalDatabase
data >>>> LocalDatabase
data >>>> LocalDatabase
data >>>> LocalDatabase
data >>>> LocalDatabase
data >>>> LocalDatabase
data >>>> LocalDatabase
data >>>> LocalDatabase
data >>>> LocalDatabase
data >>>> LocalDatabase
data >>>> LocalDatabase
data >>>> LocalDatabase
data >>>> LocalDatabase
data >>>> LocalDatabase
data >>>> LocalDatabase
data >>>> LocalDatabase
data >>>> LocalDatabase
data >>>> LocalDatabase
data >>>> LocalDatabase
data >>>> LocalDatabase
data >>>> LocalDatabase
data >>>> LocalDatabase
data >>>> LocalDatabase
data >>>> LocalDatabase
data >>>> LocalDatabase
data >>>> LocalDatabase
data >>>> LocalDatabase
data >>>> LocalDatabase
data >>>> LocalDatabase
data >>>> LocalDatabase
data >>>> LocalDatabase
data >>>> LocalDatabase
data >>>> LocalDatabase
data >>>> LocalDatabase
data >>>> LocalDatabase
data >>>> LocalDatabase
data >>>> LocalDatabase
data >>>> LocalDatabase
data >>>> LocalDatabase
data >>>> LocalDatabase
data >>>> LocalDatabase
data >>>> LocalDatabase
data >>>> LocalDatabase
data >>>> LocalDatabase
data >>>> LocalDatabase
data >>>> LocalDatabase
data >>>> LocalDatabase
data >>>> LocalDatabase
data >>>> LocalDatabase
data >>>> LocalDatabase
data >>>> LocalDatabase
data >>>> LocalDatabase
data >>>> LocalDatabase
data >>>> LocalDatabase
data >>>> LocalDatabase
data >>>> LocalDatabase
data >>>> LocalDatabase
data >>>> LocalDatabase
data >>>> LocalDatabase
data >>>> LocalDatabase
data >>>> LocalDatabase
data >>>> LocalDatabase
data >>>> LocalDatabase
data >>>> LocalDatabase
data >>>> LocalDatabase
data >>>> LocalDatabase
data >>>> LocalDatabase
data >>>> LocalDatabase
data >>>> LocalDatabase
data >>>> LocalDatabase
data >>>> LocalDatabase
data >>>> LocalDatabase
data >>>> LocalDatabase
data >>>> LocalDatabase
data >>>> LocalDatabaseError: NetworkManager is not running.
Error: NetworkManager is not running.
Error: NetworkManager is not running.
Error: NetworkManager is not running.
Error: NetworkManager is not running.
Error: NetworkManager is not running.
Error: NetworkManager is not running.
Error: NetworkManager is not running.
Error: NetworkManager is not running.
Error: NetworkManager is not running.
Error: NetworkManager is not running.
Error: NetworkManager is not running.
Error: NetworkManager is not running.
Error: NetworkManager is not running.
Error: NetworkManager is not running.
Error: NetworkManager is not running.
Error: NetworkManager is not running.
Error: NetworkManager is not running.
Error: NetworkManager is not running.
Error: NetworkManager is not running.
Error: NetworkManager is not running.
Error: NetworkManager is not running.
Error: NetworkManager is not running.
Error: NetworkManager is not running.
Error: NetworkManager is not running.
Error: NetworkManager is not running.
Error: NetworkManager is not running.
Error: NetworkManager is not running.
Error: NetworkManager is not running.
Error: NetworkManager is not running.
Error: NetworkManager is not running.
Error: NetworkManager is not running.
Error: NetworkManager is not running.
Error: NetworkManager is not running.
Error: NetworkManager is not running.
Error: NetworkManager is not running.
Error: NetworkManager is not running.
Error: NetworkManager is not running.
Error: NetworkManager is not running.
Error: NetworkManager is not running.
Error: NetworkManager is not running.
Error: NetworkManager is not running.
Error: NetworkManager is not running.
Error: NetworkManager is not running.
Error: NetworkManager is not running.
Error: NetworkManager is not running.
Error: NetworkManager is not running.
Error: NetworkManager is not running.
Error: NetworkManager is not running.
Error: NetworkManager is not running.
Error: NetworkManager is not running.
Error: NetworkManager is not running.
Error: NetworkManager is not running.
Error: NetworkManager is not running.
Error: NetworkManager is not running.
Error: NetworkManager is not running.
Error: NetworkManager is not running.
Error: NetworkManager is not running.
Error: NetworkManager is not running.
Error: NetworkManager is not running.
Error: NetworkManager is not running.
Error: NetworkManager is not running.
Error: NetworkManager is not running.
Error: NetworkManager is not running.
Error: NetworkManager is not running.
Waiting for Wi-Fi to be available...
Wi-Fi connection established
Waiting for Wi-Fi to be available...
Wi-Fi connection established
Waiting for Wi-Fi to be available...
Wi-Fi connection established
Waiting for Wi-Fi to be available...
Wi-Fi connection established
Waiting for Wi-Fi to be available...
Wi-Fi connection established
Waiting for Wi-Fi to be available...
Wi-Fi connection established
Waiting for Wi-Fi to be available...
Wi-Fi connection established
Waiting for Wi-Fi to be available...
Wi-Fi connection established
Waiting for Wi-Fi to be available...
Wi-Fi connection established
Waiting for Wi-Fi to be available...
Wi-Fi connection established
Waiting for Wi-Fi to be available...
Wi-Fi connection established
Waiting for Wi-Fi to be available...
Wi-Fi connection established
Waiting for Wi-Fi to be available...
Wi-Fi connection established
Waiting for Wi-Fi to be available...
Wi-Fi connection established
Waiting for Wi-Fi to be available...
Wi-Fi connection established
Waiting for Wi-Fi to be available...
Wi-Fi connection established
Waiting for Wi-Fi to be available...
Wi-Fi connection established
Waiting for Wi-Fi to be available...
Wi-Fi connection established
Waiting for Wi-Fi to be available...
Wi-Fi connection established
Waiting for Wi-Fi to be available...
Wi-Fi connection established
Waiting for Wi-Fi to be available...
Wi-Fi connection established
Waiting for Wi-Fi to be available...
Wi-Fi connection established
Waiting for Wi-Fi to be available...
Wi-Fi connection established
Waiting for Wi-Fi to be available...
Wi-Fi connection established
Waiting for Wi-Fi to be available...
Wi-Fi connection established
Waiting for Wi-Fi to be available...
Wi-Fi connection established
Waiting for Wi-Fi to be available...
Wi-Fi connection established
Waiting for Wi-Fi to be available...
Wi-Fi connection established
Waiting for Wi-Fi to be available...
Wi-Fi connection established
Waiting for Wi-Fi to be available...
Wi-Fi connection established
Waiting for Wi-Fi to be available...
Wi-Fi connection established
Waiting for Wi-Fi to be available...
Wi-Fi connection established
Waiting for Wi-Fi to be available...
Wi-Fi connection established
Waiting for Wi-Fi to be available...
Wi-Fi connection established
Waiting for Wi-Fi to be available...
Wi-Fi connection established
Waiting for Wi-Fi to be available...
Wi-Fi connection established
Waiting for Wi-Fi to be available...
Wi-Fi connection established
Waiting for Wi-Fi to be available...
Wi-Fi connection established
Waiting for Wi-Fi to be available...
Wi-Fi connection established
Waiting for Wi-Fi to be available...
Wi-Fi connection established
Waiting for Wi-Fi to be available...
Wi-Fi connection established
Waiting for Wi-Fi to be available...
Wi-Fi connection established
Waiting for Wi-Fi to be available...
Wi-Fi connection established
Waiting for Wi-Fi to be available...
Wi-Fi connection established
Waiting for Wi-Fi to be available...
Wi-Fi connection established
Waiting for Wi-Fi to be available...
Wi-Fi connection established
Waiting for Wi-Fi to be available...
Wi-Fi connection established
Waiting for Wi-Fi to be available...
Wi-Fi connection established
Waiting for Wi-Fi to be available...
Wi-Fi connection established
Waiting for Wi-Fi to be available...
Wi-Fi connection established
Waiting for Wi-Fi to be available...
Wi-Fi connection established
Waiting for Wi-Fi to be available...
Wi-Fi connection established
Waiting for Wi-Fi to be available...
Wi-Fi connection established
Waiting for Wi-Fi to be available...
Wi-Fi connection established
Waiting for Wi-Fi to be available...
Wi-Fi connection established
Waiting for Wi-Fi to be available...
Wi-Fi connection established
Waiting for Wi-Fi to be available...
Wi-Fi connection established
Waiting for Wi-Fi to be available...
Wi-Fi connection established
Waiting for Wi-Fi to be available...
Wi-Fi connection established
Waiting for Wi-Fi to be available...
Wi-Fi connection established
Waiting for Wi-Fi to be available...
Wi-Fi connection established
Waiting for Wi-Fi to be available...
Wi-Fi connection established
Waiting for Wi-Fi to be available...
Wi-Fi connection established
Waiting for Wi-Fi to be available...
Wi-Fi connection established
Waiting for Wi-Fi to be available...
Wi-Fi connection established
Waiting for Wi-Fi to be available...
Wi-Fi connection established
Waiting for Wi-Fi to be available...
Wi-Fi connection established
Waiting for Wi-Fi to be available...
Wi-Fi connection established
Waiting for Wi-Fi to be available...
Wi-Fi connection established
Waiting for Wi-Fi to be available...
Wi-Fi connection established
Waiting for Wi-Fi to be available...
Wi-Fi connection established
Waiting for Wi-Fi to be available...
Wi-Fi connection established
Waiting for Wi-Fi to be available...
Wi-Fi connection established
Waiting for Wi-Fi to be available...
Wi-Fi connection established
Waiting for Wi-Fi to be available...
Wi-Fi connection established
Waiting for Wi-Fi to be available...
Wi-Fi connection established
Waiting for Wi-Fi to be available...
Wi-Fi connection established
Waiting for Wi-Fi to be available...
Wi-Fi connection established
Waiting for Wi-Fi to be available...
Wi-Fi connection established
Waiting for Wi-Fi to be available...
Wi-Fi connection established
Waiting for Wi-Fi to be available...
Wi-Fi connection established
Waiting for Wi-Fi to be available...
Wi-Fi connection established
Waiting for Wi-Fi to be available...
Wi-Fi connection established
Waiting for Wi-Fi to be available...
Wi-Fi connection established
Waiting for Wi-Fi to be available...
Wi-Fi connection established
Waiting for Wi-Fi to be available...
Wi-Fi connection established
Waiting for Wi-Fi to be available...
Wi-Fi connection established
Waiting for Wi-Fi to be available...
Wi-Fi connection established
Waiting for Wi-Fi to be available...
Wi-Fi connection established
Waiting for Wi-Fi to be available...
Wi-Fi connection established
Waiting for Wi-Fi to be available...
Wi-Fi connection established
Waiting for Wi-Fi to be available...
Wi-Fi connection established
Waiting for Wi-Fi to be available...
Wi-Fi connection established
Waiting for Wi-Fi to be available...
Wi-Fi connection established
Traceback (most recent call last):
  File "/home/pi/namtyk/pushToremoteDatabase.py", line 90, in <module>
    insert_and_delete_records()
  File "/home/pi/namtyk/pushToremoteDatabase.py", line 34, in insert_and_delete_records
    remote_conn = psycopg2.connect(
  File "/usr/local/lib/python3.9/dist-packages/psycopg2/__init__.py", line 122, in connect
    conn = _connect(dsn, connection_factory=connection_factory, **kwasync)
psycopg2.OperationalError: could not connect to server: Network is unreachable
	Is the server running on host "192.168.161.127" and accepting
	TCP/IP connections on port 5432?

Error: NetworkManager is not running.
Error: NetworkManager is not running.
Error: NetworkManager is not running.
Error: NetworkManager is not running.
Error: NetworkManager is not running.
Error: NetworkManager is not running.
Error: NetworkManager is not running.
Error: NetworkManager is not running.
Waiting for Wi-Fi to be available...
Wi-Fi connection established
Waiting for Wi-Fi to be available...
Wi-Fi connection established
Waiting for Wi-Fi to be available...
Wi-Fi connection established
Waiting for Wi-Fi to be available...
Wi-Fi connection established
Table on remote Database already exists, no action taken.
Error: NetworkManager is not running.
Error: NetworkManager is not running.
Error: NetworkManager is not running.
Error: NetworkManager is not running.
Error: NetworkManager is not running.
Error: NetworkManager is not running.
 Connect with ATOM LITE ESP32 Via UART have a proplem
data >>>> LocalDatabase
data >>>> LocalDatabase
data >>>> LocalDatabase
data >>>> LocalDatabase
data >>>> LocalDatabase
data >>>> LocalDatabase
data >>>> LocalDatabase
data >>>> LocalDatabase
data >>>> LocalDatabase
data >>>> LocalDatabase
data >>>> LocalDatabase
data >>>> LocalDatabase
data >>>> LocalDatabase
data >>>> LocalDatabase
data >>>> LocalDatabase
data >>>> LocalDatabase
data >>>> LocalDatabase
data >>>> LocalDatabase
data >>>> LocalDatabase
data >>>> LocalDatabase
 Connect with ATOM LITE ESP32 Via UART have a proplem
data >>>> LocalDatabase
 Connect with ATOM LITE ESP32 Via UART have a proplem
data >>>> LocalDatabase
 Connect with ATOM LITE ESP32 Via UART have a proplem
data >>>> LocalDatabase
data >>>> LocalDatabase
data >>>> LocalDatabase
data >>>> LocalDatabase
data >>>> LocalDatabase
data >>>> LocalDatabase
data >>>> LocalDatabase
data >>>> LocalDatabase
data >>>> LocalDatabase
data >>>> LocalDatabase
data >>>> LocalDatabase
data >>>> LocalDatabase
data >>>> LocalDatabase
data >>>> LocalDatabase
data >>>> LocalDatabase
data >>>> LocalDatabase
data >>>> LocalDatabase
data >>>> LocalDatabase
data >>>> LocalDatabase
data >>>> LocalDatabase
data >>>> LocalDatabase
data >>>> LocalDatabase
data >>>> LocalDatabase
data >>>> LocalDatabase
data >>>> LocalDatabase
data >>>> LocalDatabase
data >>>> LocalDatabase
data >>>> LocalDatabase
data >>>> LocalDatabase
data >>>> LocalDatabase
data >>>> LocalDatabase
data >>>> LocalDatabase
data >>>> LocalDatabase
data >>>> LocalDatabase
data >>>> LocalDatabase
data >>>> LocalDatabase
data >>>> LocalDatabase
data >>>> LocalDatabase
data >>>> LocalDatabase
data >>>> LocalDatabase
data >>>> LocalDatabase
data >>>> LocalDatabase
data >>>> LocalDatabase
data >>>> LocalDatabase
data >>>> LocalDatabase
data >>>> LocalDatabase
data >>>> LocalDatabase
data >>>> LocalDatabase
data >>>> LocalDatabase
data >>>> LocalDatabase
data >>>> LocalDatabase
data >>>> LocalDatabase
data >>>> LocalDatabase
data >>>> LocalDatabase
data >>>> LocalDatabase
data >>>> LocalDatabase
data >>>> LocalDatabase
data >>>> LocalDatabase
data >>>> LocalDatabase
data >>>> LocalDatabase
data >>>> LocalDatabase
data >>>> LocalDatabase
data >>>> LocalDatabase
data >>>> LocalDatabase
data >>>> LocalDatabase
data >>>> LocalDatabase
data >>>> LocalDatabase
 Connect with ATOM LITE ESP32 Via UART have a proplem
data >>>> LocalDatabase
data >>>> LocalDatabase
data >>>> LocalDatabase
data >>>> LocalDatabase
data >>>> LocalDatabase
data >>>> LocalDatabase
data >>>> LocalDatabase
data >>>> LocalDatabase
data >>>> LocalDatabase
data >>>> LocalDatabase
data >>>> LocalDatabase
data >>>> LocalDatabase
data >>>> LocalDatabase
data >>>> LocalDatabase
data >>>> LocalDatabase
data >>>> LocalDatabase
data >>>> LocalDatabase
data >>>> LocalDatabase
data >>>> LocalDatabase
data >>>> LocalDatabase
data >>>> LocalDatabase
data >>>> LocalDatabase
data >>>> LocalDatabase
data >>>> LocalDatabase
data >>>> LocalDatabase
data >>>> LocalDatabase
data >>>> LocalDatabase
data >>>> LocalDatabase
data >>>> LocalDatabase
data >>>> LocalDatabase
data >>>> LocalDatabase
 Connect with ATOM LITE ESP32 Via UART have a proplem
data >>>> LocalDatabase
data >>>> LocalDatabase
data >>>> LocalDatabase
data >>>> LocalDatabase
data >>>> LocalDatabase
data >>>> LocalDatabase
data >>>> LocalDatabase
data >>>> LocalDatabase
data >>>> LocalDatabase
data >>>> LocalDatabase
data >>>> LocalDatabase
data >>>> LocalDatabase
data >>>> LocalDatabase
 Connect with ATOM LITE ESP32 Via UART have a proplem
data >>>> LocalDatabase
data >>>> LocalDatabase
data >>>> LocalDatabase
data >>>> LocalDatabase
data >>>> LocalDatabase
data >>>> LocalDatabase
data >>>> LocalDatabase
data >>>> LocalDatabase
data >>>> LocalDatabase
data >>>> LocalDatabase
data >>>> LocalDatabase
data >>>> LocalDatabase
data >>>> LocalDatabase
data >>>> LocalDatabase
data >>>> LocalDatabase
data >>>> LocalDatabase
data >>>> LocalDatabase
data >>>> LocalDatabase
data >>>> LocalDatabase
data >>>> LocalDatabase
data >>>> LocalDatabase
data >>>> LocalDatabase
data >>>> LocalDatabase
data >>>> LocalDatabase
data >>>> LocalDatabase
data >>>> LocalDatabase
data >>>> LocalDatabase
data >>>> LocalDatabase
data >>>> LocalDatabase
data >>>> LocalDatabase
data >>>> LocalDatabase
data >>>> LocalDatabase
data >>>> LocalDatabase
data >>>> LocalDatabase
 Connect with ATOM LITE ESP32 Via UART have a proplem
data >>>> LocalDatabase
data >>>> LocalDatabase
data >>>> LocalDatabase
data >>>> LocalDatabase
data >>>> LocalDatabase
data >>>> LocalDatabase
data >>>> LocalDatabase
data >>>> LocalDatabase
data >>>> LocalDatabase
data >>>> LocalDatabase
data >>>> LocalDatabase
data >>>> LocalDatabase
data >>>> LocalDatabase
data >>>> LocalDatabase
data >>>> LocalDatabase
data >>>> LocalDatabase
data >>>> LocalDatabase
data >>>> LocalDatabase
data >>>> LocalDatabase
data >>>> LocalDatabase
 Connect with ATOM LITE ESP32 Via UART have a proplem
data >>>> LocalDatabase
data >>>> LocalDatabase
 Connect with ATOM LITE ESP32 Via UART have a proplem
data >>>> LocalDatabase
data >>>> LocalDatabase
data >>>> LocalDatabase
data >>>> LocalDatabase
data >>>> LocalDatabase
data >>>> LocalDatabase
data >>>> LocalDatabase
data >>>> LocalDatabase
data >>>> LocalDatabase
data >>>> LocalDatabase
data >>>> LocalDatabase
data >>>> LocalDatabase
data >>>> LocalDatabase
data >>>> LocalDatabase
data >>>> LocalDatabase
data >>>> LocalDatabase
data >>>> LocalDatabase
data >>>> LocalDatabase
data >>>> LocalDatabase
data >>>> LocalDatabase
data >>>> LocalDatabase
data >>>> LocalDatabase
data >>>> LocalDatabase
data >>>> LocalDatabase
data >>>> LocalDatabase
data >>>> LocalDatabase
data >>>> LocalDatabase
data >>>> LocalDatabase
data >>>> LocalDatabase
data >>>> LocalDatabase
data >>>> LocalDatabase
data >>>> LocalDatabase
data >>>> LocalDatabase
data >>>> LocalDatabase
data >>>> LocalDatabase
data >>>> LocalDatabase
data >>>> LocalDatabase
data >>>> LocalDatabase
data >>>> LocalDatabase
data >>>> LocalDatabase
data >>>> LocalDatabase
data >>>> LocalDatabase
data >>>> LocalDatabase
data >>>> LocalDatabase
data >>>> LocalDatabase
data >>>> LocalDatabase
data >>>> LocalDatabase
data >>>> LocalDatabase
data >>>> LocalDatabase
data >>>> LocalDatabase
data >>>> LocalDatabase
data >>>> LocalDatabase
data >>>> LocalDatabase
data >>>> LocalDatabase
data >>>> LocalDatabase
data >>>> LocalDatabase
data >>>> LocalDatabase
data >>>> LocalDatabase
data >>>> LocalDatabase
data >>>> LocalDatabase
data >>>> LocalDatabase
data >>>> LocalDatabase
data >>>> LocalDatabase
data >>>> LocalDatabase
data >>>> LocalDatabase
data >>>> LocalDatabase
data >>>> LocalDatabase
data >>>> LocalDatabase
data >>>> LocalDatabase
data >>>> LocalDatabase
data >>>> LocalDatabase
data >>>> LocalDatabase
data >>>> LocalDatabase
data >>>> LocalDatabase
data >>>> LocalDatabase
data >>>> LocalDatabase
data >>>> LocalDatabase
data >>>> LocalDatabase
data >>>> LocalDatabase
data >>>> LocalDatabase
data >>>> LocalDatabase
data >>>> LocalDatabase
data >>>> LocalDatabase
data >>>> LocalDatabase
data >>>> LocalDatabase
data >>>> LocalDatabase
data >>>> LocalDatabase
data >>>> LocalDatabase
data >>>> LocalDatabase
data >>>> LocalDatabase
data >>>> LocalDatabase
data >>>> LocalDatabase
data >>>> LocalDatabase
data >>>> LocalDatabase
data >>>> LocalDatabase
data >>>> LocalDatabase
data >>>> LocalDatabase
data >>>> LocalDatabase
data >>>> LocalDatabase
 Connect with ATOM LITE ESP32 Via UART have a proplem
data >>>> LocalDatabase
data >>>> LocalDatabase
data >>>> LocalDatabase
 Connect with ATOM LITE ESP32 Via UART have a proplem
data >>>> LocalDatabase
data >>>> LocalDatabase
data >>>> LocalDatabase
data >>>> LocalDatabase
data >>>> LocalDatabase
data >>>> LocalDatabase
data >>>> LocalDatabase
data >>>> LocalDatabase
data >>>> LocalDatabase
data >>>> LocalDatabase
data >>>> LocalDatabase
data >>>> LocalDatabase
data >>>> LocalDatabase
data >>>> LocalDatabase
data >>>> LocalDatabase
 Connect with ATOM LITE ESP32 Via UART have a proplem
data >>>> LocalDatabase
data >>>> LocalDatabase
data >>>> LocalDatabase
data >>>> LocalDatabase
data >>>> LocalDatabase
data >>>> LocalDatabase
data >>>> LocalDatabaseWaiting for Wi-Fi to be available...
Wi-Fi connection established
Waiting for Wi-Fi to be available...
Wi-Fi connection established
Waiting for Wi-Fi to be available...
Wi-Fi connection established
Waiting for Wi-Fi to be available...
Wi-Fi connection established
Waiting for Wi-Fi to be available...
Wi-Fi connection established
Waiting for Wi-Fi to be available...
Wi-Fi connection established
Waiting for Wi-Fi to be available...
Wi-Fi connection established
Waiting for Wi-Fi to be available...
Wi-Fi connection established
Waiting for Wi-Fi to be available...
Wi-Fi connection established
Waiting for Wi-Fi to be available...
Wi-Fi connection established
Traceback (most recent call last):
  File "/home/pi/namtyk/pushToremoteDatabase.py", line 90, in <module>
    insert_and_delete_records()
  File "/home/pi/namtyk/pushToremoteDatabase.py", line 34, in insert_and_delete_records
    remote_conn = psycopg2.connect(
  File "/usr/local/lib/python3.9/dist-packages/psycopg2/__init__.py", line 122, in connect
    conn = _connect(dsn, connection_factory=connection_factory, **kwasync)
psycopg2.OperationalError: could not connect to server: Network is unreachable
	Is the server running on host "192.168.161.127" and accepting
	TCP/IP connections on port 5432?


data >>>> LocalDatabase
data >>>> LocalDatabase
data >>>> LocalDatabase
data >>>> LocalDatabase
data >>>> LocalDatabase
data >>>> LocalDatabase
data >>>> LocalDatabase
data >>>> LocalDatabase
data >>>> LocalDatabase
data >>>> LocalDatabase
data >>>> LocalDatabase
data >>>> LocalDatabase
data >>>> LocalDatabase
data >>>> LocalDatabase
data >>>> LocalDatabase
data >>>> LocalDatabase
data >>>> LocalDatabase
data >>>> LocalDatabase
data >>>> LocalDatabase
data >>>> LocalDatabase
data >>>> LocalDatabase
data >>>> LocalDatabase
data >>>> LocalDatabase
data >>>> LocalDatabase
data >>>> LocalDatabase
data >>>> LocalDatabase
data >>>> LocalDatabase
data >>>> LocalDatabase
data >>>> LocalDatabase
data >>>> LocalDatabase
data >>>> LocalDatabase
data >>>> LocalDatabase
data >>>> LocalDatabase
data >>>> LocalDatabase
An unexpected error occurred: database is locked
data >>>> LocalDatabase
 Connect with ATOM LITE ESP32 Via UART have a proplem
data >>>> LocalDatabase
data >>>> LocalDatabase
data >>>> LocalDatabase
data >>>> LocalDatabase
data >>>> LocalDatabase
data >>>> LocalDatabase
data >>>> LocalDatabase
data >>>> LocalDatabase
data >>>> LocalDatabase
data >>>> LocalDatabase
 Connect with ATOM LITE ESP32 Via UART have a proplem
data >>>> LocalDatabase
 Connect with ATOM LITE ESP32 Via UART have a proplem
data >>>> LocalDatabase
data >>>> LocalDatabase
data >>>> LocalDatabase
data >>>> LocalDatabase
data >>>> LocalDatabase
data >>>> LocalDatabase
data >>>> LocalDatabase
data >>>> LocalDatabase
data >>>> LocalDatabase
data >>>> LocalDatabase
data >>>> LocalDatabase
data >>>> LocalDatabase
data >>>> LocalDatabase
data >>>> LocalDatabase
data >>>> LocalDatabase
data >>>> LocalDatabase
data >>>> LocalDatabase
data >>>> LocalDatabase
data >>>> LocalDatabase
data >>>> LocalDatabase
data >>>> LocalDatabase
data >>>> LocalDatabase
data >>>> LocalDatabase
data >>>> LocalDatabase
data >>>> LocalDatabase
data >>>> LocalDatabase
data >>>> LocalDatabase
data >>>> LocalDatabase
data >>>> LocalDatabase
data >>>> LocalDatabase
data >>>> LocalDatabase
data >>>> LocalDatabase
data >>>> LocalDatabase
data >>>> LocalDatabase
data >>>> LocalDatabase
data >>>> LocalDatabase
data >>>> LocalDatabase
data >>>> LocalDatabase
data >>>> LocalDatabase
data >>>> LocalDatabase
data >>>> LocalDatabase
data >>>> LocalDatabase
data >>>> LocalDatabase
data >>>> LocalDatabase
data >>>> LocalDatabase
data >>>> LocalDatabase
data >>>> LocalDatabase
data >>>> LocalDatabase
data >>>> LocalDatabase
data >>>> LocalDatabase
data >>>> LocalDatabase
data >>>> LocalDatabase
data >>>> LocalDatabase
data >>>> LocalDatabase
data >>>> LocalDatabase
data >>>> LocalDatabase
data >>>> LocalDatabase
data >>>> LocalDatabase
data >>>> LocalDatabase
 Connect with ATOM LITE ESP32 Via UART have a proplem
data >>>> LocalDatabase
 Connect with ATOM LITE ESP32 Via UART have a proplem
data >>>> LocalDatabase
data >>>> LocalDatabase
data >>>> LocalDatabase
data >>>> LocalDatabase
data >>>> LocalDatabase
data >>>> LocalDatabase
data >>>> LocalDatabase
data >>>> LocalDatabase
data >>>> LocalDatabase
data >>>> LocalDatabase
data >>>> LocalDatabase
data >>>> LocalDatabase
data >>>> LocalDatabase
data >>>> LocalDatabase
data >>>> LocalDatabase
data >>>> LocalDatabase
data >>>> LocalDatabase
data >>>> LocalDatabase
 Connect with ATOM LITE ESP32 Via UART have a proplem
data >>>> LocalDatabase
data >>>> LocalDatabase
data >>>> LocalDatabase
data >>>> LocalDatabase
data >>>> LocalDatabase
data >>>> LocalDatabase
data >>>> LocalDatabase
data >>>> LocalDatabase
data >>>> LocalDatabase
data >>>> LocalDatabase
data >>>> LocalDatabase
data >>>> LocalDatabase
data >>>> LocalDatabase
data >>>> LocalDatabase
data >>>> LocalDatabase
data >>>> LocalDatabase
data >>>> LocalDatabase
data >>>> LocalDatabase
data >>>> LocalDatabase
data >>>> LocalDatabase
data >>>> LocalDatabase
data >>>> LocalDatabase
data >>>> LocalDatabase
data >>>> LocalDatabase
data >>>> LocalDatabase
data >>>> LocalDatabase
data >>>> LocalDatabase
data >>>> LocalDatabase
data >>>> LocalDatabase
data >>>> LocalDatabase
data >>>> LocalDatabase
data >>>> LocalDatabase
data >>>> LocalDatabase
data >>>> LocalDatabase
data >>>> LocalDatabase
data >>>> LocalDatabase
data >>>> LocalDatabase
data >>>> LocalDatabase
 Connect with ATOM LITE ESP32 Via UART have a proplem
data >>>> LocalDatabase
data >>>> LocalDatabase
data >>>> LocalDatabase
data >>>> LocalDatabase
data >>>> LocalDatabase
data >>>> LocalDatabase
data >>>> LocalDatabase
data >>>> LocalDatabase
data >>>> LocalDatabase
data >>>> LocalDatabase
data >>>> LocalDatabase
data >>>> LocalDatabase
data >>>> LocalDatabase
data >>>> LocalDatabase
data >>>> LocalDatabase
data >>>> LocalDatabase
data >>>> LocalDatabase
data >>>> LocalDatabase
data >>>> LocalDatabase
data >>>> LocalDatabase
data >>>> LocalDatabase
data >>>> LocalDatabase
data >>>> LocalDatabase
data >>>> LocalDatabase
data >>>> LocalDatabase
data >>>> LocalDatabase
data >>>> LocalDatabase
data >>>> LocalDatabase
data >>>> LocalDatabase
data >>>> LocalDatabase
data >>>> LocalDatabase
data >>>> LocalDatabase
data >>>> LocalDatabase
data >>>> LocalDatabase
data >>>> LocalDatabase
data >>>> LocalDatabase
data >>>> LocalDatabase
data >>>> LocalDatabase
data >>>> LocalDatabase
data >>>> LocalDatabase
data >>>> LocalDatabase
data >>>> LocalDatabase
data >>>> LocalDatabase
data >>>> LocalDatabase
data >>>> LocalDatabase
data >>>> LocalDatabase
data >>>> LocalDatabase
data >>>> LocalDatabase
data >>>> LocalDatabase
data >>>> LocalDatabase
data >>>> LocalDatabase
data >>>> LocalDatabase
data >>>> LocalDatabase
data >>>> LocalDatabase
data >>>> LocalDatabase
data >>>> LocalDatabase
data >>>> LocalDatabase
data >>>> LocalDatabase
data >>>> LocalDatabase
data >>>> LocalDatabase
data >>>> LocalDatabase
data >>>> LocalDatabase
data >>>> LocalDatabase
data >>>> LocalDatabase
data >>>> LocalDatabase
data >>>> LocalDatabase
data >>>> LocalDatabase
data >>>> LocalDatabase
data >>>> LocalDatabase
data >>>> LocalDatabase
data >>>> LocalDatabase
data >>>> LocalDatabase
data >>>> LocalDatabase
data >>>> LocalDatabase
data >>>> LocalDatabase
data >>>> LocalDatabase
data >>>> LocalDatabase
data >>>> LocalDatabase
data >>>> LocalDatabase
data >>>> LocalDatabase
data >>>> LocalDatabase
data >>>> LocalDatabase
data >>>> LocalDatabase
data >>>> LocalDatabase
data >>>> LocalDatabase
data >>>> LocalDatabase
data >>>> LocalDatabase
data >>>> LocalDatabase
data >>>> LocalDatabase
data >>>> LocalDatabase
data >>>> LocalDatabase
data >>>> LocalDatabase
data >>>> LocalDatabase
data >>>> LocalDatabase
data >>>> LocalDatabase
data >>>> LocalDatabase
data >>>> LocalDatabase
data >>>> LocalDatabase
data >>>> LocalDatabase
data >>>> LocalDatabase
data >>>> LocalDatabase
 Connect with ATOM LITE ESP32 Via UART have a proplem
data >>>> LocalDatabase
data >>>> LocalDatabase
data >>>> LocalDatabase
data >>>> LocalDatabase
data >>>> LocalDatabase
data >>>> LocalDatabase
data >>>> LocalDatabase
data >>>> LocalDatabase
data >>>> LocalDatabase
data >>>> LocalDatabase
data >>>> LocalDatabase
 Connect with ATOM LITE ESP32 Via UART have a proplem
data >>>> LocalDatabase
data >>>> LocalDatabase
data >>>> LocalDatabase
data >>>> LocalDatabase
data >>>> LocalDatabase
data >>>> LocalDatabase
data >>>> LocalDatabase
data >>>> LocalDatabase
data >>>> LocalDatabase
data >>>> LocalDatabase
data >>>> LocalDatabase
data >>>> LocalDatabase
data >>>> LocalDatabase
data >>>> LocalDatabase
data >>>> LocalDatabase
data >>>> LocalDatabase
data >>>> LocalDatabase
data >>>> LocalDatabase
data >>>> LocalDatabase
data >>>> LocalDatabase
data >>>> LocalDatabase
data >>>> LocalDatabase
data >>>> LocalDatabase
data >>>> LocalDatabase
data >>>> LocalDatabase
data >>>> LocalDatabase
data >>>> LocalDatabase
data >>>> LocalDatabase
data >>>> LocalDatabase
data >>>> LocalDatabase
data >>>> LocalDatabase
data >>>> LocalDatabase
data >>>> LocalDatabase
data >>>> LocalDatabase
data >>>> LocalDatabase
data >>>> LocalDatabase
data >>>> LocalDatabase
data >>>> LocalDatabase
data >>>> LocalDatabase
data >>>> LocalDatabase
 Connect with ATOM LITE ESP32 Via UART have a proplem
data >>>> LocalDatabase
data >>>> LocalDatabase
data >>>> LocalDatabase
data >>>> LocalDatabase
data >>>> LocalDatabase
data >>>> LocalDatabase
data >>>> LocalDatabase
data >>>> LocalDatabase
 Connect with ATOM LITE ESP32 Via UART have a proplem
data >>>> LocalDatabase
 Connect with ATOM LITE ESP32 Via UART have a proplem
data >>>> LocalDatabase
data >>>> LocalDatabase
data >>>> LocalDatabase
data >>>> LocalDatabase
data >>>> LocalDatabase
data >>>> LocalDatabase
data >>>> LocalDatabase
data >>>> LocalDatabase
data >>>> LocalDatabase
data >>>> LocalDatabase
data >>>> LocalDatabase
data >>>> LocalDatabase
data >>>> LocalDatabase
data >>>> LocalDatabase
data >>>> LocalDatabase
data >>>> LocalDatabase
data >>>> LocalDatabase
data >>>> LocalDatabase
data >>>> LocalDatabase
 Connect with ATOM LITE ESP32 Via UART have a proplem
data >>>> LocalDatabase
 Connect with ATOM LITE ESP32 Via UART have a proplem
data >>>> LocalDatabase
data >>>> LocalDatabase
data >>>> LocalDatabase
data >>>> LocalDatabase
data >>>> LocalDatabase
data >>>> LocalDatabase
data >>>> LocalDatabase
data >>>> LocalDatabase
data >>>> LocalDatabase
data >>>> LocalDatabase
data >>>> LocalDatabase
data >>>> LocalDatabase
data >>>> LocalDatabase
data >>>> LocalDatabase
data >>>> LocalDatabase
data >>>> LocalDatabase
data >>>> LocalDatabase
data >>>> LocalDatabase
data >>>> LocalDatabase
data >>>> LocalDatabase
data >>>> LocalDatabase
data >>>> LocalDatabase
data >>>> LocalDatabase
data >>>> LocalDatabase
data >>>> LocalDatabase
data >>>> LocalDatabase
data >>>> LocalDatabase
data >>>> LocalDatabase
data >>>> LocalDatabase
data >>>> LocalDatabase
data >>>> LocalDatabase
data >>>> LocalDatabase
data >>>> LocalDatabase
data >>>> LocalDatabase
data >>>> LocalDatabase
data >>>> LocalDatabase
data >>>> LocalDatabase
data >>>> LocalDatabase
data >>>> LocalDatabase
data >>>> LocalDatabase
data >>>> LocalDatabase
data >>>> LocalDatabase
data >>>> LocalDatabase
data >>>> LocalDatabase
 Connect with ATOM LITE ESP32 Via UART have a proplem
data >>>> LocalDatabase
data >>>> LocalDatabase
data >>>> LocalDatabase
data >>>> LocalDatabase
data >>>> LocalDatabase
data >>>> LocalDatabase
data >>>> LocalDatabase
data >>>> LocalDatabase
data >>>> LocalDatabase
data >>>> LocalDatabase
data >>>> LocalDatabase
data >>>> LocalDatabase
data >>>> LocalDatabase
data >>>> LocalDatabase
data >>>> LocalDatabase
data >>>> LocalDatabase
data >>>> LocalDatabase
data >>>> LocalDatabase
data >>>> LocalDatabase
data >>>> LocalDatabase
data >>>> LocalDatabase
data >>>> LocalDatabase
data >>>> LocalDatabase
data >>>> LocalDatabase
data >>>> LocalDatabase
data >>>> LocalDatabase
data >>>> LocalDatabase
data >>>> LocalDatabase
data >>>> LocalDatabase
data >>>> LocalDatabase
data >>>> LocalDatabase
data >>>> LocalDatabase
data >>>> LocalDatabase
data >>>> LocalDatabase
data >>>> LocalDatabase
data >>>> LocalDatabase
data >>>> LocalDatabase
data >>>> LocalDatabase
data >>>> LocalDatabase
data >>>> LocalDatabase
data >>>> LocalDatabase
data >>>> LocalDatabase
data >>>> LocalDatabase
data >>>> LocalDatabase
data >>>> LocalDatabase
data >>>> LocalDatabase
data >>>> LocalDatabase
data >>>> LocalDatabase
data >>>> LocalDatabase
data >>>> LocalDatabase
data >>>> LocalDatabase
data >>>> LocalDatabase
data >>>> LocalDatabase
data >>>> LocalDatabase
data >>>> LocalDatabase
data >>>> LocalDatabase
data >>>> LocalDatabase
data >>>> LocalDatabase
data >>>> LocalDatabase
data >>>> LocalDatabase
data >>>> LocalDatabase
data >>>> LocalDatabase
data >>>> LocalDatabase
data >>>> LocalDatabase
data >>>> LocalDatabase
data >>>> LocalDatabase
data >>>> LocalDatabase
data >>>> LocalDatabase
data >>>> LocalDatabase
data >>>> LocalDatabase
data >>>> LocalDatabase
data >>>> LocalDatabase
data >>>> LocalDatabase
data >>>> LocalDatabase
data >>>> LocalDatabase
data >>>> LocalDatabase
data >>>> LocalDatabase
data >>>> LocalDatabase
data >>>> LocalDatabase
data >>>> LocalDatabase
data >>>> LocalDatabase
data >>>> LocalDatabase
data >>>> LocalDatabase
data >>>> LocalDatabase
data >>>> LocalDatabase
data >>>> LocalDatabase
data >>>> LocalDatabase
data >>>> LocalDatabase
data >>>> LocalDatabase
data >>>> LocalDatabase
data >>>> LocalDatabase
data >>>> LocalDatabase
data >>>> LocalDatabase
data >>>> LocalDatabase
data >>>> LocalDatabase
data >>>> LocalDatabase
data >>>> LocalDatabase
data >>>> LocalDatabase
data >>>> LocalDatabase
data >>>> LocalDatabase
data >>>> LocalDatabase
 Connect with ATOM LITE ESP32 Via UART have a proplem
data >>>> LocalDatabase
data >>>> LocalDatabase
data >>>> LocalDatabase
data >>>> LocalDatabase
data >>>> LocalDatabase
data >>>> LocalDatabase
data >>>> LocalDatabase
data >>>> LocalDatabase
 Connect with ATOM LITE ESP32 Via UART have a proplem
data >>>> LocalDatabase
data >>>> LocalDatabase
data >>>> LocalDatabase
data >>>> LocalDatabase
data >>>> LocalDatabase
data >>>> LocalDatabase
data >>>> LocalDatabase
data >>>> LocalDatabase
data >>>> LocalDatabase
data >>>> LocalDatabase
data >>>> LocalDatabase
data >>>> LocalDatabase
data >>>> LocalDatabase
data >>>> LocalDatabase
data >>>> LocalDatabase
data >>>> LocalDatabase
data >>>> LocalDatabase
data >>>> LocalDatabase
data >>>> LocalDatabase
data >>>> LocalDatabase
data >>>> LocalDatabase
data >>>> LocalDatabase
data >>>> LocalDatabase
data >>>> LocalDatabase
data >>>> LocalDatabase
data >>>> LocalDatabase
data >>>> LocalDatabase
data >>>> LocalDatabase
data >>>> LocalDatabase
 Connect with ATOM LITE ESP32 Via UART have a proplem
data >>>> LocalDatabase
 Connect with ATOM LITE ESP32 Via UART have a proplem
data >>>> LocalDatabase
data >>>> LocalDatabase
data >>>> LocalDatabase
data >>>> LocalDatabase
data >>>> LocalDatabase
data >>>> LocalDatabase
data >>>> LocalDatabase
data >>>> LocalDatabase
data >>>> LocalDatabase
data >>>> LocalDatabase
data >>>> LocalDatabase
data >>>> LocalDatabase
data >>>> LocalDatabase
data >>>> LocalDatabase
 Connect with ATOM LITE ESP32 Via UART have a proplem
data >>>> LocalDatabase
data >>>> LocalDatabase
data >>>> LocalDatabase
data >>>> LocalDatabase
data >>>> LocalDatabase
data >>>> LocalDatabase
data >>>> LocalDatabase
data >>>> LocalDatabase
data >>>> LocalDatabase
data >>>> LocalDatabase
data >>>> LocalDatabase
 Connect with ATOM LITE ESP32 Via UART have a proplem
data >>>> LocalDatabase
data >>>> LocalDatabase
data >>>> LocalDatabase
data >>>> LocalDatabase
data >>>> LocalDatabase
data >>>> LocalDatabase
data >>>> LocalDatabase
data >>>> LocalDatabase
data >>>> LocalDatabase
data >>>> LocalDatabase
data >>>> LocalDatabase
data >>>> LocalDatabase
data >>>> LocalDatabase
data >>>> LocalDatabase
data >>>> LocalDatabase
data >>>> LocalDatabase
data >>>> LocalDatabase
 Connect with ATOM LITE ESP32 Via UART have a proplem
data >>>> LocalDatabase
data >>>> LocalDatabase
data >>>> LocalDatabase
 Connect with ATOM LITE ESP32 Via UART have a proplem
data >>>> LocalDatabase
data >>>> LocalDatabase
data >>>> LocalDatabase
data >>>> LocalDatabase
data >>>> LocalDatabase
data >>>> LocalDatabase
data >>>> LocalDatabase
data >>>> LocalDatabase
data >>>> LocalDatabase
data >>>> LocalDatabase
data >>>> LocalDatabase
data >>>> LocalDatabase
data >>>> LocalDatabase
data >>>> LocalDatabase
data >>>> LocalDatabase
data >>>> LocalDatabase
data >>>> LocalDatabase
data >>>> LocalDatabase
data >>>> LocalDatabase
data >>>> LocalDatabase
data >>>> LocalDatabase
data >>>> LocalDatabase
data >>>> LocalDatabase
data >>>> LocalDatabase
data >>>> LocalDatabase
data >>>> LocalDatabase
data >>>> LocalDatabase
data >>>> LocalDatabase
data >>>> LocalDatabase
data >>>> LocalDatabase
data >>>> LocalDatabase
data >>>> LocalDatabase
data >>>> LocalDatabase
data >>>> LocalDatabase
data >>>> LocalDatabase
data >>>> LocalDatabase
data >>>> LocalDatabase
data >>>> LocalDatabase
data >>>> LocalDatabase
data >>>> LocalDatabase
data >>>> LocalDatabase
data >>>> LocalDatabase
data >>>> LocalDatabase
data >>>> LocalDatabase
data >>>> LocalDatabase
data >>>> LocalDatabase
data >>>> LocalDatabase
data >>>> LocalDatabase
data >>>> LocalDatabase
data >>>> LocalDatabase
data >>>> LocalDatabase
data >>>> LocalDatabase
data >>>> LocalDatabase
data >>>> LocalDatabase
data >>>> LocalDatabase
data >>>> LocalDatabase
data >>>> LocalDatabase
data >>>> LocalDatabase
data >>>> LocalDatabase
data >>>> LocalDatabase
data >>>> LocalDatabase
data >>>> LocalDatabase
data >>>> LocalDatabase
data >>>> LocalDatabase
data >>>> LocalDatabase
data >>>> LocalDatabase
data >>>> LocalDatabase
data >>>> LocalDatabase
data >>>> LocalDatabase
data >>>> LocalDatabase
data >>>> LocalDatabase
data >>>> LocalDatabase
data >>>> LocalDatabase
data >>>> LocalDatabase
data >>>> LocalDatabase
data >>>> LocalDatabase
data >>>> LocalDatabase
data >>>> LocalDatabase
data >>>> LocalDatabase
data >>>> LocalDatabase
data >>>> LocalDatabase
data >>>> LocalDatabase
data >>>> LocalDatabase
data >>>> LocalDatabase
data >>>> LocalDatabase
data >>>> LocalDatabase
data >>>> LocalDatabase
data >>>> LocalDatabase
data >>>> LocalDatabase
data >>>> LocalDatabase
data >>>> LocalDatabase
data >>>> LocalDatabase
data >>>> LocalDatabase
data >>>> LocalDatabase
data >>>> LocalDatabase
data >>>> LocalDatabase
data >>>> LocalDatabase
data >>>> LocalDatabase
data >>>> LocalDatabase
data >>>> LocalDatabase
data >>>> LocalDatabase
data >>>> LocalDatabase
data >>>> LocalDatabase
data >>>> LocalDatabase
data >>>> LocalDatabase
data >>>> LocalDatabase
 Connect with ATOM LITE ESP32 Via UART have a proplem
data >>>> LocalDatabase
data >>>> LocalDatabase
data >>>> LocalDatabase
data >>>> LocalDatabase
data >>>> LocalDatabase
data >>>> LocalDatabase
data >>>> LocalDatabase
data >>>> LocalDatabase
data >>>> LocalDatabase
data >>>> LocalDatabase
data >>>> LocalDatabase
data >>>> LocalDatabase
data >>>> LocalDatabase
data >>>> LocalDatabase
data >>>> LocalDatabase
data >>>> LocalDatabase
data >>>> LocalDatabase
data >>>> LocalDatabase
data >>>> LocalDatabase
data >>>> LocalDatabase
data >>>> LocalDatabase
data >>>> LocalDatabase
data >>>> LocalDatabase
data >>>> LocalDatabase
data >>>> LocalDatabase
data >>>> LocalDatabase
data >>>> LocalDatabase
data >>>> LocalDatabase
data >>>> LocalDatabase
data >>>> LocalDatabase
data >>>> LocalDatabase
data >>>> LocalDatabase
 Connect with ATOM LITE ESP32 Via UART have a proplem
data >>>> LocalDatabase
data >>>> LocalDatabase
data >>>> LocalDatabase
data >>>> LocalDatabase
data >>>> LocalDatabase
data >>>> LocalDatabase
data >>>> LocalDatabase
data >>>> LocalDatabase
data >>>> LocalDatabase
data >>>> LocalDatabase
data >>>> LocalDatabase
data >>>> LocalDatabase
data >>>> LocalDatabase
data >>>> LocalDatabase
data >>>> LocalDatabase
data >>>> LocalDatabase
data >>>> LocalDatabase
data >>>> LocalDatabase
data >>>> LocalDatabase
data >>>> LocalDatabase
data >>>> LocalDatabase
data >>>> LocalDatabase
data >>>> LocalDatabase
data >>>> LocalDatabase
data >>>> LocalDatabase
data >>>> LocalDatabase
data >>>> LocalDatabase
data >>>> LocalDatabase
data >>>> LocalDatabase
data >>>> LocalDatabase
data >>>> LocalDatabase
data >>>> LocalDatabase
data >>>> LocalDatabase
data >>>> LocalDatabase
data >>>> LocalDatabase
data >>>> LocalDatabase
data >>>> LocalDatabase
data >>>> LocalDatabase
data >>>> LocalDatabase
data >>>> LocalDatabase
data >>>> LocalDatabase
data >>>> LocalDatabase
data >>>> LocalDatabase
data >>>> LocalDatabase
data >>>> LocalDatabase
data >>>> LocalDatabase
data >>>> LocalDatabase
data >>>> LocalDatabase
data >>>> LocalDatabase
data >>>> LocalDatabase
data >>>> LocalDatabase
data >>>> LocalDatabase
data >>>> LocalDatabase
data >>>> LocalDatabase
data >>>> LocalDatabase
data >>>> LocalDatabase
data >>>> LocalDatabase
data >>>> LocalDatabase
data >>>> LocalDatabase
data >>>> LocalDatabase
data >>>> LocalDatabase
data >>>> LocalDatabase
data >>>> LocalDatabase
data >>>> LocalDatabase
data >>>> LocalDatabase
data >>>> LocalDatabase
data >>>> LocalDatabase
data >>>> LocalDatabase
data >>>> LocalDatabase
data >>>> LocalDatabase
data >>>> LocalDatabase
data >>>> LocalDatabase
data >>>> LocalDatabase
data >>>> LocalDatabase
data >>>> LocalDatabase
data >>>> LocalDatabase
data >>>> LocalDatabase
data >>>> LocalDatabase
data >>>> LocalDatabase
data >>>> LocalDatabase
data >>>> LocalDatabase
data >>>> LocalDatabase
data >>>> LocalDatabase
data >>>> LocalDatabase
data >>>> LocalDatabase
data >>>> LocalDatabase
 Connect with ATOM LITE ESP32 Via UART have a proplem
data >>>> LocalDatabase
data >>>> LocalDatabase
data >>>> LocalDatabase
data >>>> LocalDatabase
data >>>> LocalDatabase
data >>>> LocalDatabase
data >>>> LocalDatabase
data >>>> LocalDatabase
data >>>> LocalDatabase
data >>>> LocalDatabase
data >>>> LocalDatabase
data >>>> LocalDatabase
data >>>> LocalDatabase
data >>>> LocalDatabase
data >>>> LocalDatabase
data >>>> LocalDatabase
data >>>> LocalDatabase
data >>>> LocalDatabase
data >>>> LocalDatabase
data >>>> LocalDatabase
data >>>> LocalDatabase
data >>>> LocalDatabase
data >>>> LocalDatabase
data >>>> LocalDatabase
data >>>> LocalDatabase
data >>>> LocalDatabase
data >>>> LocalDatabase
data >>>> LocalDatabase
data >>>> LocalDatabase
data >>>> LocalDatabase
data >>>> LocalDatabase
data >>>> LocalDatabase
data >>>> LocalDatabase
 Connect with ATOM LITE ESP32 Via UART have a proplem
data >>>> LocalDatabase
data >>>> LocalDatabase
data >>>> LocalDatabase
data >>>> LocalDatabase
data >>>> LocalDatabase
data >>>> LocalDatabase
data >>>> LocalDatabase
data >>>> LocalDatabase
data >>>> LocalDatabase
data >>>> LocalDatabase
data >>>> LocalDatabase
data >>>> LocalDatabase
data >>>> LocalDatabase
data >>>> LocalDatabase
data >>>> LocalDatabase
data >>>> LocalDatabase
data >>>> LocalDatabase
data >>>> LocalDatabase
data >>>> LocalDatabase
data >>>> LocalDatabase
data >>>> LocalDatabase
data >>>> LocalDatabase
data >>>> LocalDatabase
data >>>> LocalDatabase
data >>>> LocalDatabase
data >>>> LocalDatabase
data >>>> LocalDatabase
data >>>> LocalDatabase
data >>>> LocalDatabase
data >>>> LocalDatabase
data >>>> LocalDatabase
data >>>> LocalDatabase
data >>>> LocalDatabase
data >>>> LocalDatabase
data >>>> LocalDatabase
data >>>> LocalDatabase
data >>>> LocalDatabase
data >>>> LocalDatabase
data >>>> LocalDatabase
data >>>> LocalDatabase
data >>>> LocalDatabase
data >>>> LocalDatabase
data >>>> LocalDatabase
data >>>> LocalDatabase
data >>>> LocalDatabase
data >>>> LocalDatabase
data >>>> LocalDatabase
data >>>> LocalDatabase
data >>>> LocalDatabase
data >>>> LocalDatabase
data >>>> LocalDatabase
data >>>> LocalDatabase
data >>>> LocalDatabase
data >>>> LocalDatabase
data >>>> LocalDatabase
data >>>> LocalDatabase
data >>>> LocalDatabase
data >>>> LocalDatabase
 Connect with ATOM LITE ESP32 Via UART have a proplem
data >>>> LocalDatabase
data >>>> LocalDatabase
data >>>> LocalDatabase
data >>>> LocalDatabase
data >>>> LocalDatabase
data >>>> LocalDatabase
data >>>> LocalDatabase
data >>>> LocalDatabase
 Connect with ATOM LITE ESP32 Via UART have a proplem
data >>>> LocalDatabase
data >>>> LocalDatabase
data >>>> LocalDatabase
data >>>> LocalDatabase
data >>>> LocalDatabase
data >>>> LocalDatabase
data >>>> LocalDatabase
data >>>> LocalDatabase
data >>>> LocalDatabase
data >>>> LocalDatabase
data >>>> LocalDatabase
data >>>> LocalDatabase
data >>>> LocalDatabase
data >>>> LocalDatabase
data >>>> LocalDatabase
data >>>> LocalDatabase
data >>>> LocalDatabase
data >>>> LocalDatabase
data >>>> LocalDatabase
data >>>> LocalDatabase
data >>>> LocalDatabase
data >>>> LocalDatabase
data >>>> LocalDatabase
data >>>> LocalDatabase
data >>>> LocalDatabase
data >>>> LocalDatabase
data >>>> LocalDatabase
data >>>> LocalDatabase
data >>>> LocalDatabase
data >>>> LocalDatabase
data >>>> LocalDatabase
data >>>> LocalDatabase
data >>>> LocalDatabase
data >>>> LocalDatabase
data >>>> LocalDatabase
data >>>> LocalDatabase
data >>>> LocalDatabase
data >>>> LocalDatabase
data >>>> LocalDatabase
data >>>> LocalDatabase
data >>>> LocalDatabase
data >>>> LocalDatabase
data >>>> LocalDatabase
data >>>> LocalDatabase
data >>>> LocalDatabase
data >>>> LocalDatabase
data >>>> LocalDatabase
data >>>> LocalDatabase
data >>>> LocalDatabase
data >>>> LocalDatabase
data >>>> LocalDatabase
data >>>> LocalDatabase
data >>>> LocalDatabase
data >>>> LocalDatabase
data >>>> LocalDatabase
data >>>> LocalDatabase
data >>>> LocalDatabase
data >>>> LocalDatabase
data >>>> LocalDatabase
data >>>> LocalDatabase
data >>>> LocalDatabase
data >>>> LocalDatabase
data >>>> LocalDatabase
data >>>> LocalDatabase
data >>>> LocalDatabase
data >>>> LocalDatabase
data >>>> LocalDatabase
data >>>> LocalDatabase
data >>>> LocalDatabase
data >>>> LocalDatabase
data >>>> LocalDatabase
data >>>> LocalDatabase
data >>>> LocalDatabase
data >>>> LocalDatabase
data >>>> LocalDatabase
data >>>> LocalDatabase
data >>>> LocalDatabase
data >>>> LocalDatabase
data >>>> LocalDatabase
data >>>> LocalDatabase
data >>>> LocalDatabase
data >>>> LocalDatabase
data >>>> LocalDatabase
data >>>> LocalDatabase
data >>>> LocalDatabase
data >>>> LocalDatabase
data >>>> LocalDatabase
data >>>> LocalDatabase
data >>>> LocalDatabase
data >>>> LocalDatabase
data >>>> LocalDatabase
data >>>> LocalDatabase
data >>>> LocalDatabase
data >>>> LocalDatabase
data >>>> LocalDatabase
data >>>> LocalDatabase
data >>>> LocalDatabase
data >>>> LocalDatabase
data >>>> LocalDatabase
data >>>> LocalDatabase
data >>>> LocalDatabase
data >>>> LocalDatabase
data >>>> LocalDatabase
data >>>> LocalDatabase
data >>>> LocalDatabase
data >>>> LocalDatabase
data >>>> LocalDatabase
data >>>> LocalDatabase
data >>>> LocalDatabase
data >>>> LocalDatabase
data >>>> LocalDatabase
data >>>> LocalDatabase
data >>>> LocalDatabase
data >>>> LocalDatabase
data >>>> LocalDatabase
data >>>> LocalDatabase
data >>>> LocalDatabase
data >>>> LocalDatabase
data >>>> LocalDatabase
data >>>> LocalDatabase
data >>>> LocalDatabase
data >>>> LocalDatabase
data >>>> LocalDatabase
data >>>> LocalDatabase
data >>>> LocalDatabase
data >>>> LocalDatabase
data >>>> LocalDatabase
data >>>> LocalDatabase
data >>>> LocalDatabase
data >>>> LocalDatabase
data >>>> LocalDatabase
data >>>> LocalDatabase
data >>>> LocalDatabase
data >>>> LocalDatabase
data >>>> LocalDatabase
data >>>> LocalDatabase
data >>>> LocalDatabase
data >>>> LocalDatabase
data >>>> LocalDatabase
data >>>> LocalDatabase
data >>>> LocalDatabase
data >>>> LocalDatabase
data >>>> LocalDatabase
data >>>> LocalDatabase
data >>>> LocalDatabase
data >>>> LocalDatabase
data >>>> LocalDatabase
data >>>> LocalDatabase
data >>>> LocalDatabase
data >>>> LocalDatabase
data >>>> LocalDatabase
data >>>> LocalDatabase
data >>>> LocalDatabase
data >>>> LocalDatabase
data >>>> LocalDatabase
data >>>> LocalDatabase
data >>>> LocalDatabase
data >>>> LocalDatabase
data >>>> LocalDatabase
data >>>> LocalDatabase
data >>>> LocalDatabase
data >>>> LocalDatabase
data >>>> LocalDatabase
data >>>> LocalDatabase
data >>>> LocalDatabase
data >>>> LocalDatabase
data >>>> LocalDatabase
data >>>> LocalDatabase
data >>>> LocalDatabase
data >>>> LocalDatabase
data >>>> LocalDatabase
data >>>> LocalDatabase
data >>>> LocalDatabase
data >>>> LocalDatabase
data >>>> LocalDatabase
data >>>> LocalDatabase
data >>>> LocalDatabase
data >>>> LocalDatabase
data >>>> LocalDatabase
data >>>> LocalDatabase
data >>>> LocalDatabase
data >>>> LocalDatabase
data >>>> LocalDatabase
data >>>> LocalDatabase
data >>>> LocalDatabase
data >>>> LocalDatabase
 Connect with ATOM LITE ESP32 Via UART have a proplem
data >>>> LocalDatabase
data >>>> LocalDatabase
data >>>> LocalDatabase
data >>>> LocalDatabase
data >>>> LocalDatabase
data >>>> LocalDatabase
data >>>> LocalDatabase
data >>>> LocalDatabase
data >>>> LocalDatabase
data >>>> LocalDatabase
data >>>> LocalDatabase
 Connect with ATOM LITE ESP32 Via UART have a proplem
data >>>> LocalDatabase
data >>>> LocalDatabase
data >>>> LocalDatabase
 Connect with ATOM LITE ESP32 Via UART have a proplem
data >>>> LocalDatabase
data >>>> LocalDatabase
data >>>> LocalDatabase
data >>>> LocalDatabase
data >>>> LocalDatabase
data >>>> LocalDatabase
data >>>> LocalDatabase
data >>>> LocalDatabase
data >>>> LocalDatabase
data >>>> LocalDatabase
data >>>> LocalDatabase
data >>>> LocalDatabase
data >>>> LocalDatabase
data >>>> LocalDatabase
data >>>> LocalDatabase
data >>>> LocalDatabase
data >>>> LocalDatabase
 Connect with ATOM LITE ESP32 Via UART have a proplem
data >>>> LocalDatabase
data >>>> LocalDatabase
data >>>> LocalDatabase
data >>>> LocalDatabase
data >>>> LocalDatabase
data >>>> LocalDatabase
data >>>> LocalDatabase
data >>>> LocalDatabase
data >>>> LocalDatabase
data >>>> LocalDatabase
data >>>> LocalDatabase
data >>>> LocalDatabase
data >>>> LocalDatabase
data >>>> LocalDatabase
data >>>> LocalDatabase
data >>>> LocalDatabase
data >>>> LocalDatabase
data >>>> LocalDatabase
data >>>> LocalDatabase
data >>>> LocalDatabase
data >>>> LocalDatabase
data >>>> LocalDatabase
data >>>> LocalDatabase
data >>>> LocalDatabase
data >>>> LocalDatabase
data >>>> LocalDatabase
data >>>> LocalDatabase
data >>>> LocalDatabase
data >>>> LocalDatabase
data >>>> LocalDatabase
data >>>> LocalDatabase
data >>>> LocalDatabase
data >>>> LocalDatabase
data >>>> LocalDatabase
data >>>> LocalDatabase
data >>>> LocalDatabase
data >>>> LocalDatabase
data >>>> LocalDatabase
data >>>> LocalDatabase
data >>>> LocalDatabase
data >>>> LocalDatabase
data >>>> LocalDatabase
data >>>> LocalDatabase
data >>>> LocalDatabase
data >>>> LocalDatabase
data >>>> LocalDatabase
data >>>> LocalDatabase
data >>>> LocalDatabase
data >>>> LocalDatabase
data >>>> LocalDatabase
data >>>> LocalDatabase
data >>>> LocalDatabase
data >>>> LocalDatabase
data >>>> LocalDatabase
data >>>> LocalDatabase
data >>>> LocalDatabase
data >>>> LocalDatabase
data >>>> LocalDatabase
data >>>> LocalDatabase
data >>>> LocalDatabase
data >>>> LocalDatabase
data >>>> LocalDatabase
data >>>> LocalDatabase
data >>>> LocalDatabase
data >>>> LocalDatabase
data >>>> LocalDatabase
data >>>> LocalDatabase
data >>>> LocalDatabase
data >>>> LocalDatabase
data >>>> LocalDatabase
data >>>> LocalDatabase
data >>>> LocalDatabase
data >>>> LocalDatabase
data >>>> LocalDatabase
data >>>> LocalDatabase
data >>>> LocalDatabase
data >>>> LocalDatabase
data >>>> LocalDatabase
data >>>> LocalDatabase
data >>>> LocalDatabase
data >>>> LocalDatabase
data >>>> LocalDatabase
data >>>> LocalDatabase
data >>>> LocalDatabase
data >>>> LocalDatabase
data >>>> LocalDatabase
data >>>> LocalDatabase
data >>>> LocalDatabase
data >>>> LocalDatabase
data >>>> LocalDatabase
data >>>> LocalDatabase
data >>>> LocalDatabase
data >>>> LocalDatabase
data >>>> LocalDatabase
data >>>> LocalDatabase
data >>>> LocalDatabase
data >>>> LocalDatabase
data >>>> LocalDatabase
data >>>> LocalDatabase
data >>>> LocalDatabase
data >>>> LocalDatabase
data >>>> LocalDatabase
data >>>> LocalDatabase
data >>>> LocalDatabase
data >>>> LocalDatabase
data >>>> LocalDatabase
data >>>> LocalDatabase
data >>>> LocalDatabase
data >>>> LocalDatabase
data >>>> LocalDatabase
data >>>> LocalDatabase
data >>>> LocalDatabase
data >>>> LocalDatabase
data >>>> LocalDatabase
data >>>> LocalDatabase
data >>>> LocalDatabase
data >>>> LocalDatabase
data >>>> LocalDatabase
data >>>> LocalDatabase
data >>>> LocalDatabase
data >>>> LocalDatabase
data >>>> LocalDatabase
data >>>> LocalDatabase
data >>>> LocalDatabase
data >>>> LocalDatabase
data >>>> LocalDatabase
data >>>> LocalDatabase
data >>>> LocalDatabase
data >>>> LocalDatabase
data >>>> LocalDatabase
data >>>> LocalDatabase
 Connect with ATOM LITE ESP32 Via UART have a proplem
data >>>> LocalDatabase
data >>>> LocalDatabase
data >>>> LocalDatabase
data >>>> LocalDatabase
data >>>> LocalDatabase
data >>>> LocalDatabase
data >>>> LocalDatabase
data >>>> LocalDatabase
data >>>> LocalDatabase
data >>>> LocalDatabase
data >>>> LocalDatabase
data >>>> LocalDatabase
data >>>> LocalDatabase
data >>>> LocalDatabase
data >>>> LocalDatabase
data >>>> LocalDatabase
data >>>> LocalDatabase
data >>>> LocalDatabase
data >>>> LocalDatabase
 Connect with ATOM LITE ESP32 Via UART have a proplem
data >>>> LocalDatabase
 Connect with ATOM LITE ESP32 Via UART have a proplem
data >>>> LocalDatabase
data >>>> LocalDatabase
data >>>> LocalDatabase
data >>>> LocalDatabase
data >>>> LocalDatabase
data >>>> LocalDatabase
data >>>> LocalDatabase
data >>>> LocalDatabase
 Connect with ATOM LITE ESP32 Via UART have a proplem
data >>>> LocalDatabase
 Connect with ATOM LITE ESP32 Via UART have a proplem
data >>>> LocalDatabase
data >>>> LocalDatabase
data >>>> LocalDatabase
data >>>> LocalDatabase
data >>>> LocalDatabase
data >>>> LocalDatabase
data >>>> LocalDatabase
data >>>> LocalDatabase
data >>>> LocalDatabase
data >>>> LocalDatabase
data >>>> LocalDatabase
data >>>> LocalDatabase
data >>>> LocalDatabase
data >>>> LocalDatabase
data >>>> LocalDatabase
data >>>> LocalDatabase
data >>>> LocalDatabase
data >>>> LocalDatabase
data >>>> LocalDatabase
data >>>> LocalDatabase
data >>>> LocalDatabase
data >>>> LocalDatabase
data >>>> LocalDatabase
data >>>> LocalDatabase
data >>>> LocalDatabase
data >>>> LocalDatabase
data >>>> LocalDatabase
data >>>> LocalDatabase
data >>>> LocalDatabase
data >>>> LocalDatabase
data >>>> LocalDatabase
data >>>> LocalDatabase
data >>>> LocalDatabase
data >>>> LocalDatabase
data >>>> LocalDatabase
data >>>> LocalDatabase
data >>>> LocalDatabase
data >>>> LocalDatabase
data >>>> LocalDatabase
data >>>> LocalDatabase
data >>>> LocalDatabase
data >>>> LocalDatabase
data >>>> LocalDatabase
data >>>> LocalDatabase
data >>>> LocalDatabase
data >>>> LocalDatabase
data >>>> LocalDatabase
data >>>> LocalDatabase
data >>>> LocalDatabase
data >>>> LocalDatabase
data >>>> LocalDatabase
data >>>> LocalDatabase
data >>>> LocalDatabase
data >>>> LocalDatabase
data >>>> LocalDatabase
data >>>> LocalDatabase
data >>>> LocalDatabase
data >>>> LocalDatabase
data >>>> LocalDatabase
data >>>> LocalDatabase
data >>>> LocalDatabase
data >>>> LocalDatabase
data >>>> LocalDatabase
data >>>> LocalDatabase
data >>>> LocalDatabase
data >>>> LocalDatabase
data >>>> LocalDatabase
data >>>> LocalDatabase
data >>>> LocalDatabase
data >>>> LocalDatabase
data >>>> LocalDatabase
data >>>> LocalDatabase
data >>>> LocalDatabase
data >>>> LocalDatabase
data >>>> LocalDatabase
data >>>> LocalDatabase
data >>>> LocalDatabase
data >>>> LocalDatabase
data >>>> LocalDatabase
data >>>> LocalDatabase
data >>>> LocalDatabase
data >>>> LocalDatabase
data >>>> LocalDatabase
data >>>> LocalDatabase
data >>>> LocalDatabase
data >>>> LocalDatabase
data >>>> LocalDatabase
data >>>> LocalDatabase
data >>>> LocalDatabase
data >>>> LocalDatabase
data >>>> LocalDatabase
data >>>> LocalDatabase
data >>>> LocalDatabase
data >>>> LocalDatabase
data >>>> LocalDatabase
data >>>> LocalDatabase
data >>>> LocalDatabase
data >>>> LocalDatabase
data >>>> LocalDatabase
data >>>> LocalDatabase
data >>>> LocalDatabase
data >>>> LocalDatabase
data >>>> LocalDatabase
data >>>> LocalDatabase
data >>>> LocalDatabase
data >>>> LocalDatabase
data >>>> LocalDatabase
data >>>> LocalDatabase
data >>>> LocalDatabase
data >>>> LocalDatabase
data >>>> LocalDatabase
data >>>> LocalDatabase
data >>>> LocalDatabase
data >>>> LocalDatabase
data >>>> LocalDatabase
data >>>> LocalDatabase
data >>>> LocalDatabase
data >>>> LocalDatabase
data >>>> LocalDatabase
data >>>> LocalDatabase
data >>>> LocalDatabase
data >>>> LocalDatabase
data >>>> LocalDatabase
data >>>> LocalDatabase
data >>>> LocalDatabase
data >>>> LocalDatabase
data >>>> LocalDatabase
data >>>> LocalDatabase
data >>>> LocalDatabase
data >>>> LocalDatabase
data >>>> LocalDatabase
data >>>> LocalDatabase
data >>>> LocalDatabase
data >>>> LocalDatabase
data >>>> LocalDatabase
data >>>> LocalDatabase
data >>>> LocalDatabase
data >>>> LocalDatabase
data >>>> LocalDatabase
data >>>> LocalDatabase
data >>>> LocalDatabase
data >>>> LocalDatabase
data >>>> LocalDatabase
data >>>> LocalDatabase
data >>>> LocalDatabase
data >>>> LocalDatabase
data >>>> LocalDatabase
data >>>> LocalDatabase
data >>>> LocalDatabase
data >>>> LocalDatabase
data >>>> LocalDatabase
data >>>> LocalDatabase
data >>>> LocalDatabase
data >>>> LocalDatabase
 Connect with ATOM LITE ESP32 Via UART have a proplem
data >>>> LocalDatabase
data >>>> LocalDatabase
data >>>> LocalDatabase
data >>>> LocalDatabase
data >>>> LocalDatabase
data >>>> LocalDatabase
data >>>> LocalDatabase
data >>>> LocalDatabase
data >>>> LocalDatabase
data >>>> LocalDatabase
data >>>> LocalDatabase
data >>>> LocalDatabase
data >>>> LocalDatabase
data >>>> LocalDatabase
data >>>> LocalDatabase
data >>>> LocalDatabase
data >>>> LocalDatabase
data >>>> LocalDatabase
data >>>> LocalDatabase
data >>>> LocalDatabase
data >>>> LocalDatabase
data >>>> LocalDatabase
data >>>> LocalDatabase
data >>>> LocalDatabase
data >>>> LocalDatabase
data >>>> LocalDatabase
data >>>> LocalDatabase
data >>>> LocalDatabase
data >>>> LocalDatabase
data >>>> LocalDatabase
data >>>> LocalDatabase
data >>>> LocalDatabase
data >>>> LocalDatabase
data >>>> LocalDatabase
data >>>> LocalDatabase
data >>>> LocalDatabase
data >>>> LocalDatabase
data >>>> LocalDatabase
data >>>> LocalDatabase
data >>>> LocalDatabase
data >>>> LocalDatabase
data >>>> LocalDatabase
data >>>> LocalDatabase
 Connect with ATOM LITE ESP32 Via UART have a proplem
data >>>> LocalDatabase
data >>>> LocalDatabase
data >>>> LocalDatabase
data >>>> LocalDatabase
data >>>> LocalDatabase
data >>>> LocalDatabase
data >>>> LocalDatabase
data >>>> LocalDatabase
 Connect with ATOM LITE ESP32 Via UART have a proplem
data >>>> LocalDatabase
data >>>> LocalDatabase
data >>>> LocalDatabase
data >>>> LocalDatabase
data >>>> LocalDatabase
data >>>> LocalDatabase
data >>>> LocalDatabase
data >>>> LocalDatabase
data >>>> LocalDatabase
data >>>> LocalDatabase
data >>>> LocalDatabase
data >>>> LocalDatabase
data >>>> LocalDatabase
data >>>> LocalDatabase
data >>>> LocalDatabase
data >>>> LocalDatabase
data >>>> LocalDatabase
data >>>> LocalDatabase
data >>>> LocalDatabase
data >>>> LocalDatabase
data >>>> LocalDatabase
data >>>> LocalDatabase
data >>>> LocalDatabase
data >>>> LocalDatabase
data >>>> LocalDatabase
data >>>> LocalDatabase
data >>>> LocalDatabase
data >>>> LocalDatabase
data >>>> LocalDatabase
data >>>> LocalDatabase
data >>>> LocalDatabase
data >>>> LocalDatabase
data >>>> LocalDatabase
data >>>> LocalDatabase
data >>>> LocalDatabase
data >>>> LocalDatabase
data >>>> LocalDatabase
data >>>> LocalDatabase
data >>>> LocalDatabase
 Connect with ATOM LITE ESP32 Via UART have a proplem
data >>>> LocalDatabase
data >>>> LocalDatabase
data >>>> LocalDatabase
data >>>> LocalDatabase
data >>>> LocalDatabase
data >>>> LocalDatabase
data >>>> LocalDatabase
data >>>> LocalDatabase
data >>>> LocalDatabase
data >>>> LocalDatabase
data >>>> LocalDatabase
data >>>> LocalDatabase
data >>>> LocalDatabase
data >>>> LocalDatabase
data >>>> LocalDatabase
data >>>> LocalDatabase
data >>>> LocalDatabase
data >>>> LocalDatabase
data >>>> LocalDatabase
data >>>> LocalDatabase
data >>>> LocalDatabase
data >>>> LocalDatabase
data >>>> LocalDatabase
data >>>> LocalDatabase
data >>>> LocalDatabase
data >>>> LocalDatabase
data >>>> LocalDatabase
data >>>> LocalDatabase
data >>>> LocalDatabase
data >>>> LocalDatabase
data >>>> LocalDatabase
data >>>> LocalDatabase
data >>>> LocalDatabase
 Connect with ATOM LITE ESP32 Via UART have a proplem
data >>>> LocalDatabase
data >>>> LocalDatabase
data >>>> LocalDatabase
data >>>> LocalDatabase
data >>>> LocalDatabase
data >>>> LocalDatabase
data >>>> LocalDatabase
data >>>> LocalDatabase
data >>>> LocalDatabase
data >>>> LocalDatabase
data >>>> LocalDatabase
data >>>> LocalDatabase
data >>>> LocalDatabase
data >>>> LocalDatabase
data >>>> LocalDatabase
data >>>> LocalDatabase
data >>>> LocalDatabase
data >>>> LocalDatabase
data >>>> LocalDatabase
data >>>> LocalDatabase
data >>>> LocalDatabase
data >>>> LocalDatabase
data >>>> LocalDatabase
data >>>> LocalDatabase
data >>>> LocalDatabase
data >>>> LocalDatabase
data >>>> LocalDatabase
data >>>> LocalDatabase
data >>>> LocalDatabase
data >>>> LocalDatabase
data >>>> LocalDatabase
data >>>> LocalDatabase
data >>>> LocalDatabase
data >>>> LocalDatabase
data >>>> LocalDatabase
data >>>> LocalDatabase
data >>>> LocalDatabase
data >>>> LocalDatabase
data >>>> LocalDatabase
data >>>> LocalDatabase
data >>>> LocalDatabase
data >>>> LocalDatabase
data >>>> LocalDatabase
data >>>> LocalDatabase
data >>>> LocalDatabase
 Connect with ATOM LITE ESP32 Via UART have a proplem
data >>>> LocalDatabase
data >>>> LocalDatabase
data >>>> LocalDatabase
data >>>> LocalDatabase
data >>>> LocalDatabase
data >>>> LocalDatabase
data >>>> LocalDatabase
data >>>> LocalDatabase
data >>>> LocalDatabase
data >>>> LocalDatabase
data >>>> LocalDatabase
data >>>> LocalDatabase
data >>>> LocalDatabase
data >>>> LocalDatabase
data >>>> LocalDatabase
data >>>> LocalDatabase
data >>>> LocalDatabase
 Connect with ATOM LITE ESP32 Via UART have a proplem
data >>>> LocalDatabase
data >>>> LocalDatabase
data >>>> LocalDatabase
data >>>> LocalDatabase
data >>>> LocalDatabase
data >>>> LocalDatabase
data >>>> LocalDatabase
 Connect with ATOM LITE ESP32 Via UART have a proplem
data >>>> LocalDatabase
data >>>> LocalDatabase
data >>>> LocalDatabase
data >>>> LocalDatabase
data >>>> LocalDatabase
data >>>> LocalDatabase
data >>>> LocalDatabase
data >>>> LocalDatabase
data >>>> LocalDatabase
data >>>> LocalDatabase
data >>>> LocalDatabase
data >>>> LocalDatabase
data >>>> LocalDatabase
data >>>> LocalDatabase
data >>>> LocalDatabase
data >>>> LocalDatabase
data >>>> LocalDatabase
data >>>> LocalDatabase
data >>>> LocalDatabase
data >>>> LocalDatabase
data >>>> LocalDatabase
data >>>> LocalDatabase
data >>>> LocalDatabase
data >>>> LocalDatabase
data >>>> LocalDatabase
data >>>> LocalDatabase
data >>>> LocalDatabase
data >>>> LocalDatabase
 Connect with ATOM LITE ESP32 Via UART have a proplem
data >>>> LocalDatabase
data >>>> LocalDatabase
data >>>> LocalDatabase
data >>>> LocalDatabase
data >>>> LocalDatabase
data >>>> LocalDatabase
data >>>> LocalDatabase
data >>>> LocalDatabase
data >>>> LocalDatabase
data >>>> LocalDatabase
data >>>> LocalDatabase
data >>>> LocalDatabase
data >>>> LocalDatabase
data >>>> LocalDatabase
data >>>> LocalDatabase
data >>>> LocalDatabase
data >>>> LocalDatabase
data >>>> LocalDatabase
data >>>> LocalDatabase
data >>>> LocalDatabase
data >>>> LocalDatabase
data >>>> LocalDatabase
data >>>> LocalDatabase
data >>>> LocalDatabase
 Connect with ATOM LITE ESP32 Via UART have a proplem
data >>>> LocalDatabase
 Connect with ATOM LITE ESP32 Via UART have a proplem
data >>>> LocalDatabase
data >>>> LocalDatabase
data >>>> LocalDatabase
data >>>> LocalDatabase
data >>>> LocalDatabase
data >>>> LocalDatabase
data >>>> LocalDatabase
data >>>> LocalDatabase
data >>>> LocalDatabase
data >>>> LocalDatabase
data >>>> LocalDatabase
data >>>> LocalDatabase
data >>>> LocalDatabase
data >>>> LocalDatabase
data >>>> LocalDatabase
data >>>> LocalDatabase
data >>>> LocalDatabase
data >>>> LocalDatabase
data >>>> LocalDatabase
data >>>> LocalDatabase
data >>>> LocalDatabase
data >>>> LocalDatabase
data >>>> LocalDatabase
data >>>> LocalDatabase
data >>>> LocalDatabase
data >>>> LocalDatabase
data >>>> LocalDatabase
data >>>> LocalDatabase
data >>>> LocalDatabase
data >>>> LocalDatabase
data >>>> LocalDatabase
data >>>> LocalDatabase
 Connect with ATOM LITE ESP32 Via UART have a proplem
data >>>> LocalDatabase
data >>>> LocalDatabase
data >>>> LocalDatabase
data >>>> LocalDatabase
data >>>> LocalDatabase
data >>>> LocalDatabase
data >>>> LocalDatabase
data >>>> LocalDatabase
data >>>> LocalDatabase
data >>>> LocalDatabase
data >>>> LocalDatabase
data >>>> LocalDatabase
data >>>> LocalDatabase
data >>>> LocalDatabase
data >>>> LocalDatabase
data >>>> LocalDatabase
data >>>> LocalDatabase
data >>>> LocalDatabase
data >>>> LocalDatabase
data >>>> LocalDatabase
data >>>> LocalDatabase
data >>>> LocalDatabase
data >>>> LocalDatabase
data >>>> LocalDatabase
data >>>> LocalDatabase
data >>>> LocalDatabase
data >>>> LocalDatabase
data >>>> LocalDatabase
data >>>> LocalDatabase
data >>>> LocalDatabase
data >>>> LocalDatabase
data >>>> LocalDatabase
data >>>> LocalDatabase
data >>>> LocalDatabase
data >>>> LocalDatabase
data >>>> LocalDatabase
data >>>> LocalDatabase
data >>>> LocalDatabase
data >>>> LocalDatabase
data >>>> LocalDatabase
data >>>> LocalDatabase
data >>>> LocalDatabase
data >>>> LocalDatabase
data >>>> LocalDatabase
data >>>> LocalDatabase
data >>>> LocalDatabase
data >>>> LocalDatabase
data >>>> LocalDatabase
data >>>> LocalDatabase
data >>>> LocalDatabase
data >>>> LocalDatabase
data >>>> LocalDatabase
data >>>> LocalDatabase
data >>>> LocalDatabase
data >>>> LocalDatabase
data >>>> LocalDatabase
data >>>> LocalDatabase
data >>>> LocalDatabase
data >>>> LocalDatabase
data >>>> LocalDatabase
data >>>> LocalDatabase
data >>>> LocalDatabase
data >>>> LocalDatabase
data >>>> LocalDatabase
data >>>> LocalDatabase
data >>>> LocalDatabase
data >>>> LocalDatabase
data >>>> LocalDatabase
data >>>> LocalDatabase
data >>>> LocalDatabase
data >>>> LocalDatabase
data >>>> LocalDatabase
data >>>> LocalDatabase
data >>>> LocalDatabase
data >>>> LocalDatabase
data >>>> LocalDatabase
data >>>> LocalDatabase
data >>>> LocalDatabase
data >>>> LocalDatabase
data >>>> LocalDatabase
data >>>> LocalDatabase
data >>>> LocalDatabase
data >>>> LocalDatabase
data >>>> LocalDatabase
data >>>> LocalDatabase
data >>>> LocalDatabase
data >>>> LocalDatabase
data >>>> LocalDatabase
data >>>> LocalDatabase
data >>>> LocalDatabase
data >>>> LocalDatabase
 Connect with ATOM LITE ESP32 Via UART have a proplem
data >>>> LocalDatabase
data >>>> LocalDatabase
data >>>> LocalDatabase
data >>>> LocalDatabase
data >>>> LocalDatabase
data >>>> LocalDatabase
data >>>> LocalDatabase
data >>>> LocalDatabase
data >>>> LocalDatabase
data >>>> LocalDatabase
data >>>> LocalDatabase
data >>>> LocalDatabase
data >>>> LocalDatabase
data >>>> LocalDatabase
data >>>> LocalDatabase
data >>>> LocalDatabase
data >>>> LocalDatabase
data >>>> LocalDatabase
data >>>> LocalDatabase
data >>>> LocalDatabase
data >>>> LocalDatabase
data >>>> LocalDatabase
data >>>> LocalDatabase
data >>>> LocalDatabase
data >>>> LocalDatabase
data >>>> LocalDatabase
data >>>> LocalDatabase
data >>>> LocalDatabase
data >>>> LocalDatabase
data >>>> LocalDatabase
data >>>> LocalDatabase
data >>>> LocalDatabase
data >>>> LocalDatabase
data >>>> LocalDatabase
data >>>> LocalDatabase
data >>>> LocalDatabase
data >>>> LocalDatabase
data >>>> LocalDatabase
data >>>> LocalDatabase
data >>>> LocalDatabase
data >>>> LocalDatabase
data >>>> LocalDatabase
data >>>> LocalDatabase
data >>>> LocalDatabase
data >>>> LocalDatabase
data >>>> LocalDatabase
data >>>> LocalDatabase
data >>>> LocalDatabase
data >>>> LocalDatabase
data >>>> LocalDatabase
 Connect with ATOM LITE ESP32 Via UART have a proplem
data >>>> LocalDatabase
data >>>> LocalDatabase
data >>>> LocalDatabase
data >>>> LocalDatabase
data >>>> LocalDatabase
data >>>> LocalDatabase
data >>>> LocalDatabase
data >>>> LocalDatabase
data >>>> LocalDatabase
data >>>> LocalDatabase
data >>>> LocalDatabase
data >>>> LocalDatabase
data >>>> LocalDatabase
data >>>> LocalDatabase
data >>>> LocalDatabase
data >>>> LocalDatabase
data >>>> LocalDatabase
data >>>> LocalDatabase
data >>>> LocalDatabase
data >>>> LocalDatabase
data >>>> LocalDatabase
data >>>> LocalDatabase
data >>>> LocalDatabase
data >>>> LocalDatabase
data >>>> LocalDatabase
data >>>> LocalDatabase
data >>>> LocalDatabase
data >>>> LocalDatabase
data >>>> LocalDatabase
data >>>> LocalDatabase
data >>>> LocalDatabase
data >>>> LocalDatabase
data >>>> LocalDatabase
data >>>> LocalDatabase
data >>>> LocalDatabase
data >>>> LocalDatabase
data >>>> LocalDatabase
data >>>> LocalDatabase
data >>>> LocalDatabase
data >>>> LocalDatabase
data >>>> LocalDatabase
data >>>> LocalDatabase
data >>>> LocalDatabase
data >>>> LocalDatabase
data >>>> LocalDatabase
data >>>> LocalDatabase
data >>>> LocalDatabase
data >>>> LocalDatabase
data >>>> LocalDatabase
data >>>> LocalDatabase
data >>>> LocalDatabase
data >>>> LocalDatabase
data >>>> LocalDatabase
data >>>> LocalDatabase
data >>>> LocalDatabase
data >>>> LocalDatabase
data >>>> LocalDatabase
data >>>> LocalDatabase
data >>>> LocalDatabase
data >>>> LocalDatabase
data >>>> LocalDatabase
data >>>> LocalDatabase
data >>>> LocalDatabase
data >>>> LocalDatabase
data >>>> LocalDatabase
data >>>> LocalDatabase
data >>>> LocalDatabase
data >>>> LocalDatabase
data >>>> LocalDatabase
data >>>> LocalDatabase
data >>>> LocalDatabase
data >>>> LocalDatabase
data >>>> LocalDatabase
data >>>> LocalDatabase
data >>>> LocalDatabase
data >>>> LocalDatabase
data >>>> LocalDatabase
data >>>> LocalDatabase
data >>>> LocalDatabase
data >>>> LocalDatabase
data >>>> LocalDatabase
 Connect with ATOM LITE ESP32 Via UART have a proplem
data >>>> LocalDatabase
 Connect with ATOM LITE ESP32 Via UART have a proplem
data >>>> LocalDatabase
data >>>> LocalDatabase
data >>>> LocalDatabase
data >>>> LocalDatabase
data >>>> LocalDatabase
data >>>> LocalDatabase
data >>>> LocalDatabase
data >>>> LocalDatabase
data >>>> LocalDatabase
data >>>> LocalDatabase
 Connect with ATOM LITE ESP32 Via UART have a proplem
data >>>> LocalDatabase
data >>>> LocalDatabase
data >>>> LocalDatabase
data >>>> LocalDatabase
data >>>> LocalDatabase
data >>>> LocalDatabase
data >>>> LocalDatabase
data >>>> LocalDatabase
data >>>> LocalDatabase
data >>>> LocalDatabase
data >>>> LocalDatabase
data >>>> LocalDatabase
data >>>> LocalDatabase
data >>>> LocalDatabase
data >>>> LocalDatabase
data >>>> LocalDatabase
data >>>> LocalDatabase
data >>>> LocalDatabase
data >>>> LocalDatabase
data >>>> LocalDatabase
data >>>> LocalDatabase
data >>>> LocalDatabase
data >>>> LocalDatabase
data >>>> LocalDatabase
data >>>> LocalDatabase
data >>>> LocalDatabase
data >>>> LocalDatabase
data >>>> LocalDatabase
data >>>> LocalDatabase
data >>>> LocalDatabase
data >>>> LocalDatabase
data >>>> LocalDatabase
data >>>> LocalDatabase
data >>>> LocalDatabase
data >>>> LocalDatabase
data >>>> LocalDatabase
data >>>> LocalDatabase
data >>>> LocalDatabase
data >>>> LocalDatabase
data >>>> LocalDatabase
data >>>> LocalDatabase
data >>>> LocalDatabase
data >>>> LocalDatabase
 Connect with ATOM LITE ESP32 Via UART have a proplem
data >>>> LocalDatabase
data >>>> LocalDatabase
data >>>> LocalDatabase
data >>>> LocalDatabase
data >>>> LocalDatabase
data >>>> LocalDatabase
data >>>> LocalDatabase
 Connect with ATOM LITE ESP32 Via UART have a proplem
data >>>> LocalDatabase
data >>>> LocalDatabase
data >>>> LocalDatabase
data >>>> LocalDatabase
data >>>> LocalDatabase
data >>>> LocalDatabase
data >>>> LocalDatabase
data >>>> LocalDatabase
data >>>> LocalDatabase
data >>>> LocalDatabase
data >>>> LocalDatabase
 Connect with ATOM LITE ESP32 Via UART have a proplem
data >>>> LocalDatabase
 Connect with ATOM LITE ESP32 Via UART have a proplem
data >>>> LocalDatabase
data >>>> LocalDatabase
data >>>> LocalDatabase
data >>>> LocalDatabase
data >>>> LocalDatabase
data >>>> LocalDatabase
data >>>> LocalDatabase
data >>>> LocalDatabase
data >>>> LocalDatabase
data >>>> LocalDatabase
data >>>> LocalDatabase
 Connect with ATOM LITE ESP32 Via UART have a proplem
data >>>> LocalDatabase
data >>>> LocalDatabase
data >>>> LocalDatabase
data >>>> LocalDatabase
data >>>> LocalDatabase
data >>>> LocalDatabase
data >>>> LocalDatabase
data >>>> LocalDatabase
data >>>> LocalDatabase
data >>>> LocalDatabase
 Connect with ATOM LITE ESP32 Via UART have a proplem
data >>>> LocalDatabase
data >>>> LocalDatabase
data >>>> LocalDatabase
 Connect with ATOM LITE ESP32 Via UART have a proplem
data >>>> LocalDatabase
data >>>> LocalDatabase
 Connect with ATOM LITE ESP32 Via UART have a proplem
data >>>> LocalDatabase
data >>>> LocalDatabase
data >>>> LocalDatabase
data >>>> LocalDatabase
data >>>> LocalDatabase
data >>>> LocalDatabase
data >>>> LocalDatabase
data >>>> LocalDatabase
data >>>> LocalDatabase
data >>>> LocalDatabase
data >>>> LocalDatabase
data >>>> LocalDatabase
data >>>> LocalDatabase
data >>>> LocalDatabase
data >>>> LocalDatabase
data >>>> LocalDatabase
data >>>> LocalDatabase
data >>>> LocalDatabase
data >>>> LocalDatabase
data >>>> LocalDatabase
data >>>> LocalDatabase
data >>>> LocalDatabase
data >>>> LocalDatabase
data >>>> LocalDatabase
data >>>> LocalDatabase
data >>>> LocalDatabase
data >>>> LocalDatabase
data >>>> LocalDatabase
data >>>> LocalDatabase
data >>>> LocalDatabase
data >>>> LocalDatabase
data >>>> LocalDatabase
data >>>> LocalDatabase
data >>>> LocalDatabase
data >>>> LocalDatabase
data >>>> LocalDatabase
data >>>> LocalDatabase
data >>>> LocalDatabase
data >>>> LocalDatabase
data >>>> LocalDatabase
data >>>> LocalDatabase
data >>>> LocalDatabase
data >>>> LocalDatabase
data >>>> LocalDatabase
data >>>> LocalDatabase
data >>>> LocalDatabase
data >>>> LocalDatabase
data >>>> LocalDatabase
data >>>> LocalDatabase
data >>>> LocalDatabase
data >>>> LocalDatabase
data >>>> LocalDatabase
data >>>> LocalDatabase
data >>>> LocalDatabase
data >>>> LocalDatabase
data >>>> LocalDatabase
data >>>> LocalDatabase
data >>>> LocalDatabase
data >>>> LocalDatabase
data >>>> LocalDatabase
data >>>> LocalDatabase
data >>>> LocalDatabase
data >>>> LocalDatabase
data >>>> LocalDatabase
data >>>> LocalDatabase
data >>>> LocalDatabase
data >>>> LocalDatabase
data >>>> LocalDatabase
data >>>> LocalDatabase
data >>>> LocalDatabase
data >>>> LocalDatabase
data >>>> LocalDatabase
data >>>> LocalDatabase
data >>>> LocalDatabase
data >>>> LocalDatabase
data >>>> LocalDatabase
data >>>> LocalDatabase
data >>>> LocalDatabase
data >>>> LocalDatabase
data >>>> LocalDatabase
data >>>> LocalDatabase
data >>>> LocalDatabase
data >>>> LocalDatabase
data >>>> LocalDatabase
data >>>> LocalDatabase
data >>>> LocalDatabase
data >>>> LocalDatabase
data >>>> LocalDatabase
data >>>> LocalDatabase
data >>>> LocalDatabase
data >>>> LocalDatabase
data >>>> LocalDatabase
data >>>> LocalDatabase
data >>>> LocalDatabase
data >>>> LocalDatabase
data >>>> LocalDatabase
data >>>> LocalDatabase
data >>>> LocalDatabase
data >>>> LocalDatabase
data >>>> LocalDatabase
data >>>> LocalDatabase
data >>>> LocalDatabase
data >>>> LocalDatabase
data >>>> LocalDatabase
data >>>> LocalDatabase
data >>>> LocalDatabase
data >>>> LocalDatabase
data >>>> LocalDatabase
data >>>> LocalDatabase
data >>>> LocalDatabase
data >>>> LocalDatabase
data >>>> LocalDatabase
 Connect with ATOM LITE ESP32 Via UART have a proplem
data >>>> LocalDatabase
 Connect with ATOM LITE ESP32 Via UART have a proplem
data >>>> LocalDatabase
 Connect with ATOM LITE ESP32 Via UART have a proplem
data >>>> LocalDatabase
 Connect with ATOM LITE ESP32 Via UART have a proplem
data >>>> LocalDatabase
data >>>> LocalDatabase
data >>>> LocalDatabase
data >>>> LocalDatabase
data >>>> LocalDatabase
data >>>> LocalDatabase
data >>>> LocalDatabase
data >>>> LocalDatabase
data >>>> LocalDatabase
data >>>> LocalDatabase
data >>>> LocalDatabase
data >>>> LocalDatabase
data >>>> LocalDatabase
data >>>> LocalDatabase
data >>>> LocalDatabase
data >>>> LocalDatabase
data >>>> LocalDatabase
data >>>> LocalDatabase
 Connect with ATOM LITE ESP32 Via UART have a proplem
data >>>> LocalDatabase
 Connect with ATOM LITE ESP32 Via UART have a proplem
data >>>> LocalDatabase
data >>>> LocalDatabase
data >>>> LocalDatabase
data >>>> LocalDatabase
data >>>> LocalDatabase
data >>>> LocalDatabase
data >>>> LocalDatabase
data >>>> LocalDatabase
data >>>> LocalDatabase
data >>>> LocalDatabase
data >>>> LocalDatabase
data >>>> LocalDatabase
data >>>> LocalDatabase
data >>>> LocalDatabase
data >>>> LocalDatabase
data >>>> LocalDatabase
data >>>> LocalDatabase
data >>>> LocalDatabase
data >>>> LocalDatabase
data >>>> LocalDatabase
data >>>> LocalDatabase
data >>>> LocalDatabase
data >>>> LocalDatabase
data >>>> LocalDatabase
data >>>> LocalDatabase
data >>>> LocalDatabase
data >>>> LocalDatabase
data >>>> LocalDatabase
data >>>> LocalDatabase
data >>>> LocalDatabase
data >>>> LocalDatabase
data >>>> LocalDatabase
data >>>> LocalDatabase
data >>>> LocalDatabase
data >>>> LocalDatabase
data >>>> LocalDatabase
data >>>> LocalDatabase
data >>>> LocalDatabase
 Connect with ATOM LITE ESP32 Via UART have a proplem
data >>>> LocalDatabase
data >>>> LocalDatabase
data >>>> LocalDatabase
data >>>> LocalDatabase
data >>>> LocalDatabase
data >>>> LocalDatabase
data >>>> LocalDatabase
data >>>> LocalDatabase
data >>>> LocalDatabase
data >>>> LocalDatabase
data >>>> LocalDatabase
data >>>> LocalDatabase
data >>>> LocalDatabase
data >>>> LocalDatabase
data >>>> LocalDatabase
data >>>> LocalDatabase
data >>>> LocalDatabase
data >>>> LocalDatabase
data >>>> LocalDatabase
data >>>> LocalDatabase
data >>>> LocalDatabase
 Connect with ATOM LITE ESP32 Via UART have a proplem
data >>>> LocalDatabase
data >>>> LocalDatabase
data >>>> LocalDatabase
data >>>> LocalDatabase
data >>>> LocalDatabase
data >>>> LocalDatabase
data >>>> LocalDatabase
data >>>> LocalDatabase
data >>>> LocalDatabase
data >>>> LocalDatabase
data >>>> LocalDatabase
data >>>> LocalDatabase
data >>>> LocalDatabase
data >>>> LocalDatabase
data >>>> LocalDatabase